2026-09-20T21:03:04 remz-autorefill-20260920 BOOT exe=C:/Users/miche/Desktop/Developement/RemZ/builds/windows/RemZ.exe
2026-09-20T21:03:04 remz-autorefill-20260920 NETWORK_INITIALIZED
2026-09-20T21:03:56 remz-autorefill-20260920 MAP_READY
2026-09-20T21:03:56 remz-autorefill-20260920 JOIN_BEGIN address=127.0.0.1 port=24731
2026-09-20T21:03:56 remz-autorefill-20260920 JOIN_SOCKET result=0
2026-09-20T21:03:57 remz-autorefill-20260920 TRANSPORT_CONNECTED sending_hello
2026-09-20T21:03:57 remz-autorefill-20260920 PEER_CONNECTED id=1
2026-09-20T21:03:57 remz-autorefill-20260920 WELCOME
2026-09-20T21:03:57 remz-autorefill-20260920 INITIAL_RECEIVE parts=4
2026-09-20T21:03:57 remz-autorefill-20260920 INITIAL_APPLY_BEGIN
2026-09-20T21:03:57 remz-autorefill-20260920 STATE_STAGE structures
2026-09-20T21:03:57 remz-autorefill-20260920 STATE_STAGE players
2026-09-20T21:03:57 remz-autorefill-20260920 STATE_STAGE enemies
2026-09-20T21:03:57 remz-autorefill-20260920 STATE_STAGE items
2026-09-20T21:03:57 remz-autorefill-20260920 STATE_STAGE barricades
2026-09-20T21:03:57 remz-autorefill-20260920 INITIAL_APPLY_DONE
2026-09-20T21:03:57 remz-autorefill-20260920 STATE_STAGE structures
2026-09-20T21:03:57 remz-autorefill-20260920 STATE_STAGE players
2026-09-20T21:03:57 remz-autorefill-20260920 STATE_STAGE enemies
2026-09-20T21:03:57 remz-autorefill-20260920 STATE_STAGE items
2026-09-20T21:03:57 remz-autorefill-20260920 STATE_STAGE barricades
