2026-09-22T19:04:45 remz-dev-20260921-horde-performance BOOT exe=C:/Users/miche/Desktop/Godot.exe
2026-09-22T19:04:45 remz-dev-20260921-horde-performance NETWORK_INITIALIZED
2026-09-22T19:05:07 remz-dev-20260921-horde-performance MAP_READY
2026-09-22T19:05:07 remz-dev-20260921-horde-performance JOIN_BEGIN address=127.0.0.1 port=24687
2026-09-22T19:05:07 remz-dev-20260921-horde-performance JOIN_SOCKET result=0
2026-09-22T19:05:07 remz-dev-20260921-horde-performance TRANSPORT_CONNECTED sending_hello
2026-09-22T19:05:07 remz-dev-20260921-horde-performance PEER_CONNECTED id=1
2026-09-22T19:05:07 remz-dev-20260921-horde-performance PEER_CONNECTED id=1308617942
2026-09-22T19:05:07 remz-dev-20260921-horde-performance WELCOME
2026-09-22T19:05:07 remz-dev-20260921-horde-performance INITIAL_RECEIVE parts=5
2026-09-22T19:05:07 remz-dev-20260921-horde-performance INITIAL_APPLY_BEGIN
2026-09-22T19:05:07 remz-dev-20260921-horde-performance STATE_STAGE structures
2026-09-22T19:05:07 remz-dev-20260921-horde-performance STATE_STAGE players
2026-09-22T19:05:07 remz-dev-20260921-horde-performance STATE_STAGE enemies
2026-09-22T19:05:07 remz-dev-20260921-horde-performance STATE_STAGE items
2026-09-22T19:05:07 remz-dev-20260921-horde-performance STATE_STAGE barricades
2026-09-22T19:05:07 remz-dev-20260921-horde-performance INITIAL_APPLY_DONE
2026-09-22T19:05:07 remz-dev-20260921-horde-performance PEER_CONNECTED id=1481386578
2026-09-22T19:05:07 remz-dev-20260921-horde-performance STATE_RECEIVE parts=5
2026-09-22T19:05:07 remz-dev-20260921-horde-performance STATE_STAGE structures
2026-09-22T19:05:07 remz-dev-20260921-horde-performance STATE_STAGE players
2026-09-22T19:05:07 remz-dev-20260921-horde-performance STATE_STAGE enemies
2026-09-22T19:05:07 remz-dev-20260921-horde-performance STATE_STAGE items
2026-09-22T19:05:07 remz-dev-20260921-horde-performance STATE_STAGE barricades
2026-09-22T19:05:07 remz-dev-20260921-horde-performance STATE_APPLY_DONE sequence=4
2026-09-22T19:05:07 remz-dev-20260921-horde-performance ROUND_BEGIN intro=false
2026-09-22T19:05:07 remz-dev-20260921-horde-performance ROUND_RUNNING players=4
2026-09-22T19:05:25 remz-dev-20260921-horde-performance STATE_STAGE structures
2026-09-22T19:05:25 remz-dev-20260921-horde-performance STATE_STAGE players
2026-09-22T19:05:25 remz-dev-20260921-horde-performance STATE_STAGE enemies
2026-09-22T19:05:25 remz-dev-20260921-horde-performance STATE_STAGE items
2026-09-22T19:05:25 remz-dev-20260921-horde-performance STATE_STAGE barricades
2026-09-22T19:05:35 remz-dev-20260921-horde-performance STATE_STAGE structures
2026-09-22T19:05:35 remz-dev-20260921-horde-performance STATE_STAGE players
2026-09-22T19:05:35 remz-dev-20260921-horde-performance STATE_STAGE enemies
2026-09-22T19:05:35 remz-dev-20260921-horde-performance STATE_STAGE items
2026-09-22T19:05:35 remz-dev-20260921-horde-performance STATE_STAGE barricades
2026-09-22T19:05:38 remz-dev-20260921-horde-performance STATE_STAGE structures
2026-09-22T19:05:38 remz-dev-20260921-horde-performance STATE_STAGE players
2026-09-22T19:05:38 remz-dev-20260921-horde-performance STATE_STAGE enemies
2026-09-22T19:05:38 remz-dev-20260921-horde-performance STATE_STAGE items
2026-09-22T19:05:38 remz-dev-20260921-horde-performance STATE_STAGE barricades
2026-09-22T19:05:39 remz-dev-20260921-horde-performance STATE_STAGE structures
2026-09-22T19:05:39 remz-dev-20260921-horde-performance STATE_STAGE players
2026-09-22T19:05:39 remz-dev-20260921-horde-performance STATE_STAGE enemies
2026-09-22T19:05:39 remz-dev-20260921-horde-performance STATE_STAGE items
2026-09-22T19:05:39 remz-dev-20260921-horde-performance STATE_STAGE barricades
2026-09-22T19:05:53 remz-dev-20260921-horde-performance STATE_STAGE structures
2026-09-22T19:05:53 remz-dev-20260921-horde-performance STATE_STAGE players
2026-09-22T19:05:53 remz-dev-20260921-horde-performance STATE_STAGE enemies
2026-09-22T19:05:53 remz-dev-20260921-horde-performance STATE_STAGE items
2026-09-22T19:05:53 remz-dev-20260921-horde-performance STATE_STAGE barricades
2026-09-22T19:05:55 remz-dev-20260921-horde-performance STATE_STAGE structures
2026-09-22T19:05:55 remz-dev-20260921-horde-performance STATE_STAGE players
2026-09-22T19:05:55 remz-dev-20260921-horde-performance STATE_STAGE enemies
2026-09-22T19:05:55 remz-dev-20260921-horde-performance STATE_STAGE items
2026-09-22T19:05:55 remz-dev-20260921-horde-performance STATE_STAGE barricades
2026-09-22T19:06:00 remz-dev-20260921-horde-performance STATE_STAGE structures
2026-09-22T19:06:00 remz-dev-20260921-horde-performance STATE_STAGE players
2026-09-22T19:06:00 remz-dev-20260921-horde-performance STATE_STAGE enemies
2026-09-22T19:06:00 remz-dev-20260921-horde-performance STATE_STAGE items
2026-09-22T19:06:00 remz-dev-20260921-horde-performance STATE_STAGE barricades
2026-09-22T19:06:01 remz-dev-20260921-horde-performance STATE_STAGE structures
2026-09-22T19:06:01 remz-dev-20260921-horde-performance STATE_STAGE players
2026-09-22T19:06:01 remz-dev-20260921-horde-performance STATE_STAGE enemies
2026-09-22T19:06:01 remz-dev-20260921-horde-performance STATE_STAGE items
2026-09-22T19:06:01 remz-dev-20260921-horde-performance STATE_STAGE barricades
2026-09-22T19:06:05 remz-dev-20260921-horde-performance STATE_STAGE structures
2026-09-22T19:06:05 remz-dev-20260921-horde-performance STATE_STAGE players
2026-09-22T19:06:05 remz-dev-20260921-horde-performance STATE_STAGE enemies
2026-09-22T19:06:05 remz-dev-20260921-horde-performance STATE_STAGE items
2026-09-22T19:06:05 remz-dev-20260921-horde-performance STATE_STAGE barricades
2026-09-22T19:06:14 remz-dev-20260921-horde-performance PEER_DISCONNECTED id=1481386578
2026-09-22T19:06:29 remz-dev-20260921-horde-performance PEER_CONNECTED id=1850681030
2026-09-22T19:06:30 remz-dev-20260921-horde-performance STATE_STAGE structures
2026-09-22T19:06:30 remz-dev-20260921-horde-performance STATE_STAGE players
2026-09-22T19:06:30 remz-dev-20260921-horde-performance STATE_STAGE enemies
2026-09-22T19:06:30 remz-dev-20260921-horde-performance STATE_STAGE items
2026-09-22T19:06:30 remz-dev-20260921-horde-performance STATE_STAGE barricades
2026-09-22T19:06:33 remz-dev-20260921-horde-performance STATE_STAGE structures
2026-09-22T19:06:33 remz-dev-20260921-horde-performance STATE_STAGE players
2026-09-22T19:06:33 remz-dev-20260921-horde-performance STATE_STAGE enemies
2026-09-22T19:06:33 remz-dev-20260921-horde-performance STATE_STAGE items
2026-09-22T19:06:33 remz-dev-20260921-horde-performance STATE_STAGE barricades
2026-09-22T19:06:35 remz-dev-20260921-horde-performance STATE_STAGE structures
2026-09-22T19:06:35 remz-dev-20260921-horde-performance STATE_STAGE players
2026-09-22T19:06:35 remz-dev-20260921-horde-performance STATE_STAGE enemies
2026-09-22T19:06:35 remz-dev-20260921-horde-performance STATE_STAGE items
2026-09-22T19:06:35 remz-dev-20260921-horde-performance STATE_STAGE barricades
2026-09-22T19:06:38 remz-dev-20260921-horde-performance STATE_STAGE structures
2026-09-22T19:06:38 remz-dev-20260921-horde-performance STATE_STAGE players
2026-09-22T19:06:38 remz-dev-20260921-horde-performance STATE_STAGE enemies
2026-09-22T19:06:38 remz-dev-20260921-horde-performance STATE_STAGE items
2026-09-22T19:06:38 remz-dev-20260921-horde-performance STATE_STAGE barricades
2026-09-22T19:06:41 remz-dev-20260921-horde-performance STATE_STAGE structures
2026-09-22T19:06:41 remz-dev-20260921-horde-performance STATE_STAGE players
2026-09-22T19:06:41 remz-dev-20260921-horde-performance STATE_STAGE enemies
2026-09-22T19:06:41 remz-dev-20260921-horde-performance STATE_STAGE items
2026-09-22T19:06:41 remz-dev-20260921-horde-performance STATE_STAGE barricades
2026-09-22T19:06:55 remz-dev-20260921-horde-performance STATE_RECEIVE parts=8
2026-09-22T19:06:55 remz-dev-20260921-horde-performance STATE_APPLY_DONE sequence=1048
2026-09-22T19:07:15 remz-dev-20260921-horde-performance MAP_READY
2026-09-22T19:07:16 remz-dev-20260921-horde-performance INITIAL_RECEIVE parts=5
2026-09-22T19:07:16 remz-dev-20260921-horde-performance INITIAL_APPLY_BEGIN
2026-09-22T19:07:16 remz-dev-20260921-horde-performance STATE_STAGE structures
2026-09-22T19:07:16 remz-dev-20260921-horde-performance STATE_STAGE players
2026-09-22T19:07:16 remz-dev-20260921-horde-performance STATE_STAGE enemies
2026-09-22T19:07:16 remz-dev-20260921-horde-performance STATE_STAGE items
2026-09-22T19:07:16 remz-dev-20260921-horde-performance STATE_STAGE barricades
2026-09-22T19:07:16 remz-dev-20260921-horde-performance INITIAL_APPLY_DONE
2026-09-22T19:07:16 remz-dev-20260921-horde-performance STATE_RECEIVE parts=5
2026-09-22T19:07:17 remz-dev-20260921-horde-performance STATE_STAGE structures
2026-09-22T19:07:17 remz-dev-20260921-horde-performance STATE_STAGE players
2026-09-22T19:07:17 remz-dev-20260921-horde-performance STATE_STAGE enemies
2026-09-22T19:07:17 remz-dev-20260921-horde-performance STATE_STAGE items
2026-09-22T19:07:17 remz-dev-20260921-horde-performance STATE_STAGE barricades
2026-09-22T19:07:17 remz-dev-20260921-horde-performance STATE_APPLY_DONE sequence=1052
2026-09-22T19:07:17 remz-dev-20260921-horde-performance ROUND_BEGIN intro=false
2026-09-22T19:07:17 remz-dev-20260921-horde-performance ROUND_RUNNING players=4
2026-09-22T19:07:19 remz-dev-20260921-horde-performance PEER_DISCONNECTED id=1850681030
2026-09-22T19:07:19 remz-dev-20260921-horde-performance PEER_DISCONNECTED id=1
2026-09-22T19:07:19 remz-dev-20260921-horde-performance LEAVE_BEGIN phase=running reason=Der Host hat die Verbindung beendet.
2026-09-22T19:07:19 remz-dev-20260921-horde-performance LEAVE_PEER_DETACHED
2026-09-22T19:07:19 remz-dev-20260921-horde-performance LEAVE_PEER_CLOSED
2026-09-22T19:07:19 remz-dev-20260921-horde-performance LEAVE_RELOAD
2026-09-22T19:07:39 remz-dev-20260921-horde-performance MAP_READY
