2026-09-27T15:18:34 remz-dev-20260925-online BOOT exe=C:/Users/miche/Desktop/Godot.exe
2026-09-27T15:18:34 remz-dev-20260925-online NETWORK_INITIALIZED
2026-09-27T15:19:21 remz-dev-20260925-online MAP_READY
2026-09-27T15:19:21 remz-dev-20260925-online HOST_CREATE port=24739
2026-09-27T15:19:21 remz-dev-20260925-online HOST_READY
2026-09-27T15:19:22 remz-dev-20260925-online PEER_CONNECTED id=199109483
2026-09-27T15:19:22 remz-dev-20260925-online INITIAL_SEND peer=199109483 raw=28608 bytes=5137 parts=6
2026-09-27T15:19:22 remz-dev-20260925-online CLIENT_READY peer=199109483
2026-09-27T15:19:22 remz-dev-20260925-online ROUND_START_SEND players=2
2026-09-27T15:19:22 remz-dev-20260925-online STATE_SEND peer=199109483 raw=28608 bytes=5137 parts=6
2026-09-27T15:19:22 remz-dev-20260925-online ROUND_BEGIN intro=false
2026-09-27T15:19:22 remz-dev-20260925-online ROUND_RUNNING players=2
2026-09-27T15:19:28 remz-dev-20260925-online PEER_CONNECTED id=1493354951
2026-09-27T15:19:28 remz-dev-20260925-online INITIAL_SEND peer=1493354951 raw=34012 bytes=6125 parts=7
2026-09-27T15:19:29 remz-dev-20260925-online CLIENT_READY peer=1493354951
2026-09-27T15:19:31 remz-dev-20260925-online PEER_DISCONNECTED id=199109483
2026-09-27T15:19:31 remz-dev-20260925-online PEER_DISCONNECTED id=1493354951
2026-09-27T15:19:32 remz-dev-20260925-online LEAVE_BEGIN phase=running reason=Left the session.
2026-09-27T15:19:32 remz-dev-20260925-online LEAVE_PEER_DETACHED
2026-09-27T15:19:32 remz-dev-20260925-online LEAVE_PEER_CLOSED
