2026-09-21T18:02:58 remz-coop-startfix-20260920 BOOT exe=C:/Users/miche/Desktop/Godot.exe
2026-09-21T18:02:58 remz-coop-startfix-20260920 NETWORK_INITIALIZED
2026-09-21T18:03:17 remz-coop-startfix-20260920 MAP_READY
2026-09-21T18:03:17 remz-coop-startfix-20260920 HOST_CREATE port=24739
2026-09-21T18:03:17 remz-coop-startfix-20260920 HOST_READY
2026-09-21T18:03:17 remz-coop-startfix-20260920 PEER_CONNECTED id=1859579754
2026-09-21T18:03:18 remz-coop-startfix-20260920 PEER_CONNECTED id=108023344
2026-09-21T18:03:18 remz-coop-startfix-20260920 INITIAL_SEND peer=1859579754 raw=17132 bytes=2827 parts=4
2026-09-21T18:03:18 remz-coop-startfix-20260920 PEER_CONNECTED id=1357641721
2026-09-21T18:03:18 remz-coop-startfix-20260920 INITIAL_SEND peer=108023344 raw=19236 bytes=2878 parts=4
2026-09-21T18:03:18 remz-coop-startfix-20260920 INITIAL_SEND peer=1357641721 raw=19236 bytes=2878 parts=4
2026-09-21T18:03:18 remz-coop-startfix-20260920 CLIENT_READY peer=1859579754
2026-09-21T18:03:18 remz-coop-startfix-20260920 CLIENT_READY peer=1357641721
2026-09-21T18:03:18 remz-coop-startfix-20260920 CLIENT_READY peer=108023344
2026-09-21T18:03:18 remz-coop-startfix-20260920 ROUND_START_SEND players=4
2026-09-21T18:03:18 remz-coop-startfix-20260920 STATE_SEND peer=1859579754 raw=19236 bytes=2880 parts=4
2026-09-21T18:03:18 remz-coop-startfix-20260920 STATE_SEND peer=108023344 raw=19236 bytes=2880 parts=4
2026-09-21T18:03:18 remz-coop-startfix-20260920 STATE_SEND peer=1357641721 raw=19236 bytes=2880 parts=4
2026-09-21T18:03:18 remz-coop-startfix-20260920 ROUND_BEGIN intro=false
2026-09-21T18:03:18 remz-coop-startfix-20260920 ROUND_RUNNING players=4
2026-09-21T18:04:08 remz-coop-startfix-20260920 PEER_DISCONNECTED id=108023344
2026-09-21T18:04:25 remz-coop-startfix-20260920 PEER_CONNECTED id=121796374
2026-09-21T18:04:25 remz-coop-startfix-20260920 INITIAL_SEND peer=121796374 raw=20744 bytes=3542 parts=4
2026-09-21T18:04:25 remz-coop-startfix-20260920 CLIENT_READY peer=121796374
2026-09-21T18:04:51 remz-coop-startfix-20260920 STATE_SEND peer=1859579754 raw=33992 bytes=5299 parts=6
2026-09-21T18:04:51 remz-coop-startfix-20260920 STATE_SEND peer=1357641721 raw=33992 bytes=5299 parts=6
2026-09-21T18:04:51 remz-coop-startfix-20260920 STATE_SEND peer=121796374 raw=33992 bytes=5299 parts=6
2026-09-21T18:05:12 remz-coop-startfix-20260920 MAP_READY
2026-09-21T18:05:12 remz-coop-startfix-20260920 INITIAL_SEND peer=1859579754 raw=19108 bytes=2806 parts=4
2026-09-21T18:05:12 remz-coop-startfix-20260920 CLIENT_READY peer=1859579754
2026-09-21T18:05:12 remz-coop-startfix-20260920 INITIAL_SEND peer=1357641721 raw=19108 bytes=2806 parts=4
2026-09-21T18:05:12 remz-coop-startfix-20260920 INITIAL_SEND peer=121796374 raw=19108 bytes=2806 parts=4
2026-09-21T18:05:12 remz-coop-startfix-20260920 CLIENT_READY peer=1357641721
2026-09-21T18:05:13 remz-coop-startfix-20260920 CLIENT_READY peer=121796374
2026-09-21T18:05:13 remz-coop-startfix-20260920 ROUND_START_SEND players=4
2026-09-21T18:05:13 remz-coop-startfix-20260920 STATE_SEND peer=1859579754 raw=19108 bytes=2808 parts=4
2026-09-21T18:05:13 remz-coop-startfix-20260920 STATE_SEND peer=1357641721 raw=19108 bytes=2808 parts=4
2026-09-21T18:05:13 remz-coop-startfix-20260920 STATE_SEND peer=121796374 raw=19108 bytes=2808 parts=4
2026-09-21T18:05:13 remz-coop-startfix-20260920 ROUND_BEGIN intro=false
2026-09-21T18:05:13 remz-coop-startfix-20260920 ROUND_RUNNING players=4
2026-09-21T18:05:14 remz-coop-startfix-20260920 PEER_DISCONNECTED id=121796374
2026-09-21T18:05:15 remz-coop-startfix-20260920 LEAVE_BEGIN phase=running reason=Integration test finished
2026-09-21T18:05:15 remz-coop-startfix-20260920 LEAVE_PEER_DETACHED
2026-09-21T18:05:15 remz-coop-startfix-20260920 LEAVE_PEER_CLOSED
2026-09-21T18:05:15 remz-coop-startfix-20260920 LEAVE_RELOAD
2026-09-21T18:05:34 remz-coop-startfix-20260920 MAP_READY
