2026-09-22T22:07:34 remz-dev-20260921-horde-performance BOOT exe=C:/Users/miche/Desktop/Godot.exe
2026-09-22T22:07:34 remz-dev-20260921-horde-performance NETWORK_INITIALIZED
2026-09-22T22:07:49 remz-dev-20260921-horde-performance MAP_READY
2026-09-22T22:07:49 remz-dev-20260921-horde-performance JOIN_BEGIN address=127.0.0.1 port=24695
2026-09-22T22:07:49 remz-dev-20260921-horde-performance JOIN_SOCKET result=0
2026-09-22T22:07:49 remz-dev-20260921-horde-performance TRANSPORT_CONNECTED sending_hello
2026-09-22T22:07:49 remz-dev-20260921-horde-performance PEER_CONNECTED id=1
2026-09-22T22:07:49 remz-dev-20260921-horde-performance WELCOME
2026-09-22T22:07:49 remz-dev-20260921-horde-performance PEER_CONNECTED id=1661541050
2026-09-22T22:07:49 remz-dev-20260921-horde-performance INITIAL_RECEIVE parts=5
2026-09-22T22:07:49 remz-dev-20260921-horde-performance INITIAL_APPLY_BEGIN
2026-09-22T22:07:49 remz-dev-20260921-horde-performance STATE_STAGE structures
2026-09-22T22:07:49 remz-dev-20260921-horde-performance STATE_STAGE players
2026-09-22T22:07:49 remz-dev-20260921-horde-performance STATE_STAGE enemies
2026-09-22T22:07:49 remz-dev-20260921-horde-performance STATE_STAGE items
2026-09-22T22:07:49 remz-dev-20260921-horde-performance STATE_STAGE barricades
2026-09-22T22:07:49 remz-dev-20260921-horde-performance INITIAL_APPLY_DONE
2026-09-22T22:07:49 remz-dev-20260921-horde-performance STATE_RECEIVE parts=5
2026-09-22T22:07:49 remz-dev-20260921-horde-performance STATE_STAGE structures
2026-09-22T22:07:49 remz-dev-20260921-horde-performance STATE_STAGE players
2026-09-22T22:07:49 remz-dev-20260921-horde-performance STATE_STAGE enemies
2026-09-22T22:07:49 remz-dev-20260921-horde-performance STATE_STAGE items
2026-09-22T22:07:49 remz-dev-20260921-horde-performance STATE_STAGE barricades
2026-09-22T22:07:49 remz-dev-20260921-horde-performance STATE_APPLY_DONE sequence=3
2026-09-22T22:07:49 remz-dev-20260921-horde-performance ROUND_BEGIN intro=true
2026-09-22T22:07:49 remz-dev-20260921-horde-performance ROUND_RUNNING players=3
