2026-09-25T12:04:49 remz-dev-20260925-online BOOT exe=C:/Users/miche/Desktop/Godot.exe
2026-09-25T12:04:49 remz-dev-20260925-online NETWORK_INITIALIZED
2026-09-25T12:05:10 remz-dev-20260925-online MAP_READY
2026-09-25T12:05:10 remz-dev-20260925-online HOST_CREATE port=24687
2026-09-25T12:05:10 remz-dev-20260925-online HOST_READY
2026-09-25T12:05:10 remz-dev-20260925-online PEER_CONNECTED id=1992162595
2026-09-25T12:05:10 remz-dev-20260925-online PEER_CONNECTED id=1861755259
2026-09-25T12:05:10 remz-dev-20260925-online INITIAL_SEND peer=1992162595 raw=25836 bytes=4336 parts=5
2026-09-25T12:05:10 remz-dev-20260925-online PEER_CONNECTED id=98034295
2026-09-25T12:05:10 remz-dev-20260925-online INITIAL_SEND peer=1861755259 raw=28936 bytes=4414 parts=5
2026-09-25T12:05:10 remz-dev-20260925-online CLIENT_READY peer=1992162595
2026-09-25T12:05:10 remz-dev-20260925-online CLIENT_READY peer=1861755259
2026-09-25T12:05:10 remz-dev-20260925-online INITIAL_SEND peer=98034295 raw=28936 bytes=4412 parts=5
2026-09-25T12:05:10 remz-dev-20260925-online CLIENT_READY peer=98034295
2026-09-25T12:05:10 remz-dev-20260925-online ROUND_START_SEND players=4
2026-09-25T12:05:10 remz-dev-20260925-online STATE_SEND peer=1992162595 raw=28936 bytes=4413 parts=5
2026-09-25T12:05:10 remz-dev-20260925-online STATE_SEND peer=1861755259 raw=28936 bytes=4413 parts=5
2026-09-25T12:05:10 remz-dev-20260925-online STATE_SEND peer=98034295 raw=28936 bytes=4413 parts=5
2026-09-25T12:05:10 remz-dev-20260925-online ROUND_BEGIN intro=false
2026-09-25T12:05:10 remz-dev-20260925-online ROUND_RUNNING players=4
2026-09-25T12:06:19 remz-dev-20260925-online PEER_DISCONNECTED id=98034295
2026-09-25T12:06:31 remz-dev-20260925-online PEER_CONNECTED id=966068622
2026-09-25T12:06:31 remz-dev-20260925-online INITIAL_SEND peer=966068622 raw=31120 bytes=5399 parts=6
2026-09-25T12:06:31 remz-dev-20260925-online CLIENT_READY peer=966068622
2026-09-25T12:06:58 remz-dev-20260925-online STATE_SEND peer=1992162595 raw=45016 bytes=7259 parts=9
2026-09-25T12:06:58 remz-dev-20260925-online STATE_SEND peer=1861755259 raw=45016 bytes=7259 parts=9
2026-09-25T12:06:58 remz-dev-20260925-online STATE_SEND peer=966068622 raw=45016 bytes=7259 parts=9
2026-09-25T12:07:11 remz-dev-20260925-online MAP_READY
2026-09-25T12:07:11 remz-dev-20260925-online INITIAL_SEND peer=1861755259 raw=28808 bytes=4340 parts=5
2026-09-25T12:07:11 remz-dev-20260925-online CLIENT_READY peer=1861755259
2026-09-25T12:07:11 remz-dev-20260925-online INITIAL_SEND peer=1992162595 raw=28808 bytes=4337 parts=5
2026-09-25T12:07:11 remz-dev-20260925-online CLIENT_READY peer=1992162595
2026-09-25T12:07:11 remz-dev-20260925-online INITIAL_SEND peer=966068622 raw=28808 bytes=4337 parts=5
2026-09-25T12:07:11 remz-dev-20260925-online CLIENT_READY peer=966068622
2026-09-25T12:07:11 remz-dev-20260925-online ROUND_START_SEND players=4
2026-09-25T12:07:11 remz-dev-20260925-online STATE_SEND peer=1992162595 raw=28808 bytes=4339 parts=5
2026-09-25T12:07:11 remz-dev-20260925-online STATE_SEND peer=1861755259 raw=28808 bytes=4339 parts=5
2026-09-25T12:07:11 remz-dev-20260925-online STATE_SEND peer=966068622 raw=28808 bytes=4339 parts=5
2026-09-25T12:07:11 remz-dev-20260925-online ROUND_BEGIN intro=false
2026-09-25T12:07:12 remz-dev-20260925-online ROUND_RUNNING players=4
2026-09-25T12:07:13 remz-dev-20260925-online PEER_DISCONNECTED id=966068622
2026-09-25T12:07:14 remz-dev-20260925-online LEAVE_BEGIN phase=running reason=Integration test finished
2026-09-25T12:07:14 remz-dev-20260925-online LEAVE_PEER_DETACHED
2026-09-25T12:07:14 remz-dev-20260925-online LEAVE_PEER_CLOSED
2026-09-25T12:07:14 remz-dev-20260925-online LEAVE_RELOAD
2026-09-25T12:07:26 remz-dev-20260925-online MAP_READY
