2026-09-20T21:04:57 remz-coop-startfix-20260920 BOOT exe=C:/Users/miche/Desktop/Godot.exe
2026-09-20T21:04:57 remz-coop-startfix-20260920 NETWORK_INITIALIZED
2026-09-20T21:05:19 remz-coop-startfix-20260920 MAP_READY
2026-09-20T21:05:19 remz-coop-startfix-20260920 JOIN_BEGIN address=127.0.0.1 port=24733
2026-09-20T21:05:19 remz-coop-startfix-20260920 JOIN_SOCKET result=0
2026-09-20T21:05:19 remz-coop-startfix-20260920 TRANSPORT_CONNECTED sending_hello
2026-09-20T21:05:19 remz-coop-startfix-20260920 PEER_CONNECTED id=1
2026-09-20T21:05:19 remz-coop-startfix-20260920 PEER_CONNECTED id=2046766922
2026-09-20T21:05:19 remz-coop-startfix-20260920 PEER_CONNECTED id=495986641
2026-09-20T21:05:19 remz-coop-startfix-20260920 WELCOME
2026-09-20T21:05:19 remz-coop-startfix-20260920 INITIAL_RECEIVE parts=4
2026-09-20T21:05:19 remz-coop-startfix-20260920 INITIAL_APPLY_BEGIN
2026-09-20T21:05:19 remz-coop-startfix-20260920 STATE_STAGE structures
2026-09-20T21:05:19 remz-coop-startfix-20260920 STATE_STAGE players
2026-09-20T21:05:19 remz-coop-startfix-20260920 STATE_STAGE enemies
2026-09-20T21:05:19 remz-coop-startfix-20260920 STATE_STAGE items
2026-09-20T21:05:19 remz-coop-startfix-20260920 STATE_STAGE barricades
2026-09-20T21:05:19 remz-coop-startfix-20260920 INITIAL_APPLY_DONE
2026-09-20T21:05:19 remz-coop-startfix-20260920 STATE_RECEIVE parts=4
2026-09-20T21:05:19 remz-coop-startfix-20260920 STATE_STAGE structures
2026-09-20T21:05:19 remz-coop-startfix-20260920 STATE_STAGE players
2026-09-20T21:05:19 remz-coop-startfix-20260920 STATE_STAGE enemies
2026-09-20T21:05:19 remz-coop-startfix-20260920 STATE_STAGE items
2026-09-20T21:05:19 remz-coop-startfix-20260920 STATE_STAGE barricades
2026-09-20T21:05:19 remz-coop-startfix-20260920 STATE_APPLY_DONE sequence=6
2026-09-20T21:05:19 remz-coop-startfix-20260920 ROUND_BEGIN intro=true
2026-09-20T21:05:19 remz-coop-startfix-20260920 ROUND_RUNNING players=4
2026-09-20T21:05:32 remz-coop-startfix-20260920 STATE_STAGE structures
2026-09-20T21:05:32 remz-coop-startfix-20260920 STATE_STAGE players
2026-09-20T21:05:32 remz-coop-startfix-20260920 STATE_STAGE enemies
2026-09-20T21:05:32 remz-coop-startfix-20260920 STATE_STAGE items
2026-09-20T21:05:32 remz-coop-startfix-20260920 STATE_STAGE barricades
2026-09-20T21:05:34 remz-coop-startfix-20260920 STATE_STAGE structures
2026-09-20T21:05:34 remz-coop-startfix-20260920 STATE_STAGE players
2026-09-20T21:05:34 remz-coop-startfix-20260920 STATE_STAGE enemies
2026-09-20T21:05:34 remz-coop-startfix-20260920 STATE_STAGE items
2026-09-20T21:05:34 remz-coop-startfix-20260920 STATE_STAGE barricades
2026-09-20T21:05:45 remz-coop-startfix-20260920 STATE_STAGE structures
2026-09-20T21:05:45 remz-coop-startfix-20260920 STATE_STAGE players
2026-09-20T21:05:45 remz-coop-startfix-20260920 STATE_STAGE enemies
2026-09-20T21:05:45 remz-coop-startfix-20260920 STATE_STAGE items
2026-09-20T21:05:45 remz-coop-startfix-20260920 STATE_STAGE barricades
2026-09-20T21:05:51 remz-coop-startfix-20260920 STATE_STAGE structures
2026-09-20T21:05:51 remz-coop-startfix-20260920 STATE_STAGE players
2026-09-20T21:05:51 remz-coop-startfix-20260920 STATE_STAGE enemies
2026-09-20T21:05:51 remz-coop-startfix-20260920 STATE_STAGE items
2026-09-20T21:05:51 remz-coop-startfix-20260920 STATE_STAGE barricades
2026-09-20T21:05:56 remz-coop-startfix-20260920 STATE_STAGE structures
2026-09-20T21:05:56 remz-coop-startfix-20260920 STATE_STAGE players
2026-09-20T21:05:56 remz-coop-startfix-20260920 STATE_STAGE enemies
2026-09-20T21:05:56 remz-coop-startfix-20260920 STATE_STAGE items
2026-09-20T21:05:56 remz-coop-startfix-20260920 STATE_STAGE barricades
2026-09-20T21:06:00 remz-coop-startfix-20260920 STATE_STAGE structures
2026-09-20T21:06:00 remz-coop-startfix-20260920 STATE_STAGE players
2026-09-20T21:06:00 remz-coop-startfix-20260920 STATE_STAGE enemies
2026-09-20T21:06:00 remz-coop-startfix-20260920 STATE_STAGE items
2026-09-20T21:06:00 remz-coop-startfix-20260920 STATE_STAGE barricades
2026-09-20T21:06:01 remz-coop-startfix-20260920 STATE_STAGE structures
2026-09-20T21:06:01 remz-coop-startfix-20260920 STATE_STAGE players
2026-09-20T21:06:01 remz-coop-startfix-20260920 STATE_STAGE enemies
2026-09-20T21:06:01 remz-coop-startfix-20260920 STATE_STAGE items
2026-09-20T21:06:01 remz-coop-startfix-20260920 STATE_STAGE barricades
2026-09-20T21:06:17 remz-coop-startfix-20260920 PEER_DISCONNECTED id=2046766922
2026-09-20T21:06:36 remz-coop-startfix-20260920 PEER_CONNECTED id=1544199520
2026-09-20T21:06:52 remz-coop-startfix-20260920 STATE_RECEIVE parts=6
2026-09-20T21:06:52 remz-coop-startfix-20260920 STATE_APPLY_DONE sequence=895
2026-09-20T21:07:20 remz-coop-startfix-20260920 MAP_READY
2026-09-20T21:07:20 remz-coop-startfix-20260920 INITIAL_RECEIVE parts=4
2026-09-20T21:07:20 remz-coop-startfix-20260920 INITIAL_APPLY_BEGIN
2026-09-20T21:07:20 remz-coop-startfix-20260920 STATE_STAGE structures
2026-09-20T21:07:20 remz-coop-startfix-20260920 STATE_STAGE players
2026-09-20T21:07:20 remz-coop-startfix-20260920 STATE_STAGE enemies
2026-09-20T21:07:20 remz-coop-startfix-20260920 STATE_STAGE items
2026-09-20T21:07:20 remz-coop-startfix-20260920 STATE_STAGE barricades
2026-09-20T21:07:20 remz-coop-startfix-20260920 INITIAL_APPLY_DONE
2026-09-20T21:07:20 remz-coop-startfix-20260920 STATE_RECEIVE parts=4
2026-09-20T21:07:20 remz-coop-startfix-20260920 STATE_STAGE structures
2026-09-20T21:07:20 remz-coop-startfix-20260920 STATE_STAGE players
2026-09-20T21:07:20 remz-coop-startfix-20260920 STATE_STAGE enemies
2026-09-20T21:07:21 remz-coop-startfix-20260920 STATE_STAGE items
2026-09-20T21:07:21 remz-coop-startfix-20260920 STATE_STAGE barricades
2026-09-20T21:07:21 remz-coop-startfix-20260920 STATE_APPLY_DONE sequence=901
2026-09-20T21:07:21 remz-coop-startfix-20260920 ROUND_BEGIN intro=false
2026-09-20T21:07:21 remz-coop-startfix-20260920 ROUND_RUNNING players=4
2026-09-20T21:07:24 remz-coop-startfix-20260920 PEER_DISCONNECTED id=1544199520
2026-09-20T21:07:24 remz-coop-startfix-20260920 PEER_DISCONNECTED id=1
2026-09-20T21:07:24 remz-coop-startfix-20260920 LEAVE_BEGIN phase=running reason=Der Host hat die Verbindung beendet.
2026-09-20T21:07:24 remz-coop-startfix-20260920 LEAVE_PEER_DETACHED
2026-09-20T21:07:24 remz-coop-startfix-20260920 LEAVE_PEER_CLOSED
2026-09-20T21:07:24 remz-coop-startfix-20260920 LEAVE_RELOAD
2026-09-20T21:07:43 remz-coop-startfix-20260920 MAP_READY
