2026-09-24T08:44:44 remz-dev-20260923-komplett BOOT exe=C:/Users/miche/Desktop/Godot.exe
2026-09-24T08:44:44 remz-dev-20260923-komplett NETWORK_INITIALIZED
2026-09-24T08:45:02 remz-dev-20260923-komplett MAP_READY
2026-09-24T08:45:17 remz-dev-20260923-komplett JOIN_BEGIN address=127.0.0.1 port=24729
2026-09-24T08:45:17 remz-dev-20260923-komplett JOIN_SOCKET result=0
2026-09-24T08:45:17 remz-dev-20260923-komplett TRANSPORT_CONNECTED sending_hello
2026-09-24T08:45:17 remz-dev-20260923-komplett PEER_CONNECTED id=1
2026-09-24T08:45:17 remz-dev-20260923-komplett PEER_CONNECTED id=676431193
2026-09-24T08:45:17 remz-dev-20260923-komplett WELCOME
2026-09-24T08:45:17 remz-dev-20260923-komplett INITIAL_RECEIVE parts=5
2026-09-24T08:45:17 remz-dev-20260923-komplett INITIAL_APPLY_BEGIN
2026-09-24T08:45:17 remz-dev-20260923-komplett STATE_STAGE structures
2026-09-24T08:45:17 remz-dev-20260923-komplett STATE_STAGE players
2026-09-24T08:45:17 remz-dev-20260923-komplett STATE_STAGE enemies
2026-09-24T08:45:17 remz-dev-20260923-komplett STATE_STAGE items
2026-09-24T08:45:17 remz-dev-20260923-komplett STATE_STAGE barricades
2026-09-24T08:45:17 remz-dev-20260923-komplett INITIAL_APPLY_DONE
2026-09-24T08:45:17 remz-dev-20260923-komplett ROUND_BEGIN intro=false
2026-09-24T08:45:17 remz-dev-20260923-komplett ROUND_RUNNING players=3
2026-09-24T08:45:21 remz-dev-20260923-komplett PEER_DISCONNECTED id=676431193
