2026-09-26T10:48:54 remz-dev-20260925-online BOOT exe=C:/Users/miche/Desktop/Godot.exe
2026-09-26T10:48:54 remz-dev-20260925-online NETWORK_INITIALIZED
2026-09-26T10:49:21 remz-dev-20260925-online MAP_READY
2026-09-26T10:49:22 remz-dev-20260925-online JOIN_BEGIN address=127.0.0.1 port=24687
2026-09-26T10:49:23 remz-dev-20260925-online JOIN_SOCKET result=0
2026-09-26T10:49:23 remz-dev-20260925-online TRANSPORT_CONNECTED sending_hello
2026-09-26T10:49:23 remz-dev-20260925-online PEER_CONNECTED id=1
2026-09-26T10:49:23 remz-dev-20260925-online PEER_CONNECTED id=988290281
2026-09-26T10:49:23 remz-dev-20260925-online WELCOME
2026-09-26T10:49:23 remz-dev-20260925-online INITIAL_RECEIVE parts=5
2026-09-26T10:49:23 remz-dev-20260925-online INITIAL_APPLY_BEGIN
2026-09-26T10:49:23 remz-dev-20260925-online STATE_STAGE structures
2026-09-26T10:49:23 remz-dev-20260925-online STATE_STAGE players
2026-09-26T10:49:23 remz-dev-20260925-online STATE_STAGE enemies
2026-09-26T10:49:23 remz-dev-20260925-online STATE_STAGE items
2026-09-26T10:49:23 remz-dev-20260925-online STATE_STAGE barricades
2026-09-26T10:49:23 remz-dev-20260925-online INITIAL_APPLY_DONE
2026-09-26T10:49:31 remz-dev-20260925-online PEER_CONNECTED id=1138146961
2026-09-26T10:49:31 remz-dev-20260925-online STATE_RECEIVE parts=6
2026-09-26T10:49:31 remz-dev-20260925-online STATE_STAGE structures
2026-09-26T10:49:31 remz-dev-20260925-online STATE_STAGE players
2026-09-26T10:49:31 remz-dev-20260925-online STATE_STAGE enemies
2026-09-26T10:49:31 remz-dev-20260925-online STATE_STAGE items
2026-09-26T10:49:31 remz-dev-20260925-online STATE_STAGE barricades
2026-09-26T10:49:31 remz-dev-20260925-online STATE_APPLY_DONE sequence=4
2026-09-26T10:49:31 remz-dev-20260925-online ROUND_BEGIN intro=false
2026-09-26T10:49:31 remz-dev-20260925-online ROUND_RUNNING players=4
2026-09-26T10:49:42 remz-dev-20260925-online STATE_STAGE structures
2026-09-26T10:49:42 remz-dev-20260925-online STATE_STAGE players
2026-09-26T10:49:42 remz-dev-20260925-online STATE_STAGE enemies
2026-09-26T10:49:42 remz-dev-20260925-online STATE_STAGE items
2026-09-26T10:49:42 remz-dev-20260925-online STATE_STAGE barricades
2026-09-26T10:49:49 remz-dev-20260925-online STATE_STAGE structures
2026-09-26T10:49:49 remz-dev-20260925-online STATE_STAGE players
2026-09-26T10:49:49 remz-dev-20260925-online STATE_STAGE enemies
2026-09-26T10:49:49 remz-dev-20260925-online STATE_STAGE items
2026-09-26T10:49:49 remz-dev-20260925-online STATE_STAGE barricades
2026-09-26T10:49:56 remz-dev-20260925-online STATE_STAGE structures
2026-09-26T10:49:56 remz-dev-20260925-online STATE_STAGE players
2026-09-26T10:49:56 remz-dev-20260925-online STATE_STAGE enemies
2026-09-26T10:49:56 remz-dev-20260925-online STATE_STAGE items
2026-09-26T10:49:56 remz-dev-20260925-online STATE_STAGE barricades
2026-09-26T10:49:57 remz-dev-20260925-online STATE_STAGE structures
2026-09-26T10:49:57 remz-dev-20260925-online STATE_STAGE players
2026-09-26T10:49:57 remz-dev-20260925-online STATE_STAGE enemies
2026-09-26T10:49:57 remz-dev-20260925-online STATE_STAGE items
2026-09-26T10:49:57 remz-dev-20260925-online STATE_STAGE barricades
2026-09-26T10:49:59 remz-dev-20260925-online STATE_STAGE structures
2026-09-26T10:49:59 remz-dev-20260925-online STATE_STAGE players
2026-09-26T10:49:59 remz-dev-20260925-online STATE_STAGE enemies
2026-09-26T10:49:59 remz-dev-20260925-online STATE_STAGE items
2026-09-26T10:49:59 remz-dev-20260925-online STATE_STAGE barricades
2026-09-26T10:50:00 remz-dev-20260925-online STATE_STAGE structures
2026-09-26T10:50:00 remz-dev-20260925-online STATE_STAGE players
2026-09-26T10:50:00 remz-dev-20260925-online STATE_STAGE enemies
2026-09-26T10:50:00 remz-dev-20260925-online STATE_STAGE items
2026-09-26T10:50:00 remz-dev-20260925-online STATE_STAGE barricades
2026-09-26T10:50:10 remz-dev-20260925-online STATE_STAGE structures
2026-09-26T10:50:10 remz-dev-20260925-online STATE_STAGE players
2026-09-26T10:50:10 remz-dev-20260925-online STATE_STAGE enemies
2026-09-26T10:50:10 remz-dev-20260925-online STATE_STAGE items
2026-09-26T10:50:10 remz-dev-20260925-online STATE_STAGE barricades
2026-09-26T10:50:11 remz-dev-20260925-online STATE_STAGE structures
2026-09-26T10:50:11 remz-dev-20260925-online STATE_STAGE players
2026-09-26T10:50:11 remz-dev-20260925-online STATE_STAGE enemies
2026-09-26T10:50:11 remz-dev-20260925-online STATE_STAGE items
2026-09-26T10:50:11 remz-dev-20260925-online STATE_STAGE barricades
2026-09-26T10:50:17 remz-dev-20260925-online STATE_STAGE structures
2026-09-26T10:50:17 remz-dev-20260925-online STATE_STAGE players
2026-09-26T10:50:17 remz-dev-20260925-online STATE_STAGE enemies
2026-09-26T10:50:17 remz-dev-20260925-online STATE_STAGE items
2026-09-26T10:50:17 remz-dev-20260925-online STATE_STAGE barricades
2026-09-26T10:50:35 remz-dev-20260925-online PEER_DISCONNECTED id=988290281
2026-09-26T10:50:46 remz-dev-20260925-online PEER_CONNECTED id=310369460
2026-09-26T10:51:19 remz-dev-20260925-online STATE_RECEIVE parts=9
2026-09-26T10:51:19 remz-dev-20260925-online STATE_APPLY_DONE sequence=1048
2026-09-26T10:51:34 remz-dev-20260925-online MAP_READY
2026-09-26T10:51:35 remz-dev-20260925-online INITIAL_RECEIVE parts=6
2026-09-26T10:51:35 remz-dev-20260925-online INITIAL_APPLY_BEGIN
2026-09-26T10:51:35 remz-dev-20260925-online STATE_STAGE structures
2026-09-26T10:51:35 remz-dev-20260925-online STATE_STAGE players
2026-09-26T10:51:35 remz-dev-20260925-online STATE_STAGE enemies
2026-09-26T10:51:35 remz-dev-20260925-online STATE_STAGE items
2026-09-26T10:51:35 remz-dev-20260925-online STATE_STAGE barricades
2026-09-26T10:51:35 remz-dev-20260925-online INITIAL_APPLY_DONE
2026-09-26T10:51:35 remz-dev-20260925-online STATE_RECEIVE parts=6
2026-09-26T10:51:35 remz-dev-20260925-online STATE_STAGE structures
2026-09-26T10:51:35 remz-dev-20260925-online STATE_STAGE players
2026-09-26T10:51:35 remz-dev-20260925-online STATE_STAGE enemies
2026-09-26T10:51:35 remz-dev-20260925-online STATE_STAGE items
2026-09-26T10:51:35 remz-dev-20260925-online STATE_STAGE barricades
2026-09-26T10:51:35 remz-dev-20260925-online STATE_APPLY_DONE sequence=1052
2026-09-26T10:51:35 remz-dev-20260925-online ROUND_BEGIN intro=false
2026-09-26T10:51:35 remz-dev-20260925-online ROUND_RUNNING players=4
2026-09-26T10:51:38 remz-dev-20260925-online PEER_DISCONNECTED id=310369460
2026-09-26T10:51:38 remz-dev-20260925-online PEER_DISCONNECTED id=1
2026-09-26T10:51:38 remz-dev-20260925-online LEAVE_BEGIN phase=running reason=The host ended the connection.
2026-09-26T10:51:38 remz-dev-20260925-online LEAVE_PEER_DETACHED
2026-09-26T10:51:38 remz-dev-20260925-online LEAVE_PEER_CLOSED
2026-09-26T10:51:38 remz-dev-20260925-online LEAVE_RELOAD
2026-09-26T10:51:51 remz-dev-20260925-online MAP_READY
