2026-09-22T19:04:45 remz-dev-20260921-horde-performance BOOT exe=C:/Users/miche/Desktop/Godot.exe
2026-09-22T19:04:45 remz-dev-20260921-horde-performance NETWORK_INITIALIZED
2026-09-22T19:05:06 remz-dev-20260921-horde-performance MAP_READY
2026-09-22T19:05:06 remz-dev-20260921-horde-performance HOST_CREATE port=24687
2026-09-22T19:05:06 remz-dev-20260921-horde-performance HOST_READY
2026-09-22T19:05:06 remz-dev-20260921-horde-performance PEER_CONNECTED id=1308617942
2026-09-22T19:05:07 remz-dev-20260921-horde-performance PEER_CONNECTED id=387863896
2026-09-22T19:05:07 remz-dev-20260921-horde-performance INITIAL_SEND peer=1308617942 raw=23216 bytes=3896 parts=5
2026-09-22T19:05:07 remz-dev-20260921-horde-performance INITIAL_SEND peer=387863896 raw=23216 bytes=3895 parts=5
2026-09-22T19:05:07 remz-dev-20260921-horde-performance CLIENT_READY peer=1308617942
2026-09-22T19:05:07 remz-dev-20260921-horde-performance CLIENT_READY peer=387863896
2026-09-22T19:05:07 remz-dev-20260921-horde-performance PEER_CONNECTED id=1481386578
2026-09-22T19:05:07 remz-dev-20260921-horde-performance INITIAL_SEND peer=1481386578 raw=25616 bytes=3961 parts=5
2026-09-22T19:05:07 remz-dev-20260921-horde-performance CLIENT_READY peer=1481386578
2026-09-22T19:05:07 remz-dev-20260921-horde-performance ROUND_START_SEND players=4
2026-09-22T19:05:07 remz-dev-20260921-horde-performance STATE_SEND peer=1308617942 raw=25616 bytes=3964 parts=5
2026-09-22T19:05:07 remz-dev-20260921-horde-performance STATE_SEND peer=387863896 raw=25616 bytes=3964 parts=5
2026-09-22T19:05:07 remz-dev-20260921-horde-performance STATE_SEND peer=1481386578 raw=25616 bytes=3964 parts=5
2026-09-22T19:05:07 remz-dev-20260921-horde-performance ROUND_BEGIN intro=false
2026-09-22T19:05:07 remz-dev-20260921-horde-performance ROUND_RUNNING players=4
2026-09-22T19:06:14 remz-dev-20260921-horde-performance PEER_DISCONNECTED id=1481386578
2026-09-22T19:06:29 remz-dev-20260921-horde-performance PEER_CONNECTED id=1850681030
2026-09-22T19:06:29 remz-dev-20260921-horde-performance INITIAL_SEND peer=1850681030 raw=27752 bytes=4988 parts=6
2026-09-22T19:06:29 remz-dev-20260921-horde-performance CLIENT_READY peer=1850681030
2026-09-22T19:06:55 remz-dev-20260921-horde-performance STATE_SEND peer=1308617942 raw=40984 bytes=6740 parts=8
2026-09-22T19:06:55 remz-dev-20260921-horde-performance STATE_SEND peer=387863896 raw=40984 bytes=6740 parts=8
2026-09-22T19:06:55 remz-dev-20260921-horde-performance STATE_SEND peer=1850681030 raw=40984 bytes=6740 parts=8
2026-09-22T19:07:16 remz-dev-20260921-horde-performance MAP_READY
2026-09-22T19:07:16 remz-dev-20260921-horde-performance INITIAL_SEND peer=1850681030 raw=25552 bytes=3932 parts=5
2026-09-22T19:07:16 remz-dev-20260921-horde-performance INITIAL_SEND peer=1308617942 raw=25552 bytes=3932 parts=5
2026-09-22T19:07:16 remz-dev-20260921-horde-performance INITIAL_SEND peer=387863896 raw=25552 bytes=3932 parts=5
2026-09-22T19:07:16 remz-dev-20260921-horde-performance CLIENT_READY peer=387863896
2026-09-22T19:07:16 remz-dev-20260921-horde-performance CLIENT_READY peer=1850681030
2026-09-22T19:07:16 remz-dev-20260921-horde-performance CLIENT_READY peer=1308617942
2026-09-22T19:07:16 remz-dev-20260921-horde-performance ROUND_START_SEND players=4
2026-09-22T19:07:16 remz-dev-20260921-horde-performance STATE_SEND peer=1308617942 raw=25552 bytes=3935 parts=5
2026-09-22T19:07:16 remz-dev-20260921-horde-performance STATE_SEND peer=387863896 raw=25552 bytes=3935 parts=5
2026-09-22T19:07:17 remz-dev-20260921-horde-performance STATE_SEND peer=1850681030 raw=25552 bytes=3935 parts=5
2026-09-22T19:07:17 remz-dev-20260921-horde-performance ROUND_BEGIN intro=false
2026-09-22T19:07:17 remz-dev-20260921-horde-performance ROUND_RUNNING players=4
2026-09-22T19:07:19 remz-dev-20260921-horde-performance PEER_DISCONNECTED id=1850681030
2026-09-22T19:07:19 remz-dev-20260921-horde-performance LEAVE_BEGIN phase=running reason=Integration test finished
2026-09-22T19:07:19 remz-dev-20260921-horde-performance LEAVE_PEER_DETACHED
2026-09-22T19:07:19 remz-dev-20260921-horde-performance LEAVE_PEER_CLOSED
2026-09-22T19:07:19 remz-dev-20260921-horde-performance LEAVE_RELOAD
2026-09-22T19:07:39 remz-dev-20260921-horde-performance MAP_READY
