2026-09-23T19:17:17 remz-dev-20260923-komplett BOOT exe=C:/Users/miche/Desktop/Godot.exe
2026-09-23T19:17:17 remz-dev-20260923-komplett NETWORK_INITIALIZED
2026-09-23T19:17:33 remz-dev-20260923-komplett MAP_READY
2026-09-23T19:17:33 remz-dev-20260923-komplett HOST_CREATE port=24736
2026-09-23T19:17:33 remz-dev-20260923-komplett HOST_READY
2026-09-23T19:17:33 remz-dev-20260923-komplett PEER_CONNECTED id=1670772376
2026-09-23T19:17:33 remz-dev-20260923-komplett INITIAL_SEND peer=1670772376 raw=22004 bytes=3991 parts=5
2026-09-23T19:17:33 remz-dev-20260923-komplett CLIENT_READY peer=1670772376
2026-09-23T19:17:33 remz-dev-20260923-komplett ROUND_START_SEND players=2
2026-09-23T19:17:33 remz-dev-20260923-komplett STATE_SEND peer=1670772376 raw=22004 bytes=3992 parts=5
2026-09-23T19:17:33 remz-dev-20260923-komplett ROUND_BEGIN intro=false
2026-09-23T19:17:33 remz-dev-20260923-komplett ROUND_RUNNING players=2
2026-09-23T19:17:38 remz-dev-20260923-komplett PEER_CONNECTED id=853605642
2026-09-23T19:17:38 remz-dev-20260923-komplett INITIAL_SEND peer=853605642 raw=25500 bytes=4316 parts=5
2026-09-23T19:17:38 remz-dev-20260923-komplett CLIENT_READY peer=853605642
2026-09-23T19:17:39 remz-dev-20260923-komplett PEER_DISCONNECTED id=853605642
2026-09-23T19:17:39 remz-dev-20260923-komplett PEER_DISCONNECTED id=1670772376
2026-09-23T19:17:40 remz-dev-20260923-komplett LEAVE_BEGIN phase=running reason=Left the session.
2026-09-23T19:17:40 remz-dev-20260923-komplett LEAVE_PEER_DETACHED
2026-09-23T19:17:40 remz-dev-20260923-komplett LEAVE_PEER_CLOSED
