2026-09-20T14:49:19 remz-coop-connect-cancel-20260920 BOOT exe=C:/Users/miche/Desktop/Godot.exe
2026-09-20T14:49:19 remz-coop-connect-cancel-20260920 NETWORK_INITIALIZED
2026-09-20T14:49:32 remz-coop-connect-cancel-20260920 MAP_READY
2026-09-20T14:49:32 remz-coop-connect-cancel-20260920 JOIN_BEGIN address=127.0.0.1 port=24692
2026-09-20T14:49:32 remz-coop-connect-cancel-20260920 JOIN_SOCKET result=0
2026-09-20T14:49:32 remz-coop-connect-cancel-20260920 TRANSPORT_CONNECTED sending_hello
2026-09-20T14:49:32 remz-coop-connect-cancel-20260920 PEER_CONNECTED id=1
2026-09-20T14:49:32 remz-coop-connect-cancel-20260920 PEER_CONNECTED id=660038898
2026-09-20T14:49:32 remz-coop-connect-cancel-20260920 PEER_CONNECTED id=88391989
2026-09-20T14:49:32 remz-coop-connect-cancel-20260920 WELCOME
2026-09-20T14:49:32 remz-coop-connect-cancel-20260920 INITIAL_RECEIVE parts=2
2026-09-20T14:49:32 remz-coop-connect-cancel-20260920 INITIAL_APPLY_BEGIN
2026-09-20T14:49:32 remz-coop-connect-cancel-20260920 STATE_STAGE structures
2026-09-20T14:49:32 remz-coop-connect-cancel-20260920 STATE_STAGE players
2026-09-20T14:49:32 remz-coop-connect-cancel-20260920 STATE_STAGE enemies
2026-09-20T14:49:32 remz-coop-connect-cancel-20260920 STATE_STAGE items
2026-09-20T14:49:32 remz-coop-connect-cancel-20260920 STATE_STAGE barricades
2026-09-20T14:49:32 remz-coop-connect-cancel-20260920 INITIAL_APPLY_DONE
2026-09-20T14:49:32 remz-coop-connect-cancel-20260920 STATE_STAGE structures
2026-09-20T14:49:32 remz-coop-connect-cancel-20260920 STATE_STAGE players
2026-09-20T14:49:32 remz-coop-connect-cancel-20260920 STATE_STAGE enemies
2026-09-20T14:49:32 remz-coop-connect-cancel-20260920 STATE_STAGE items
2026-09-20T14:49:32 remz-coop-connect-cancel-20260920 STATE_STAGE barricades
