2026-09-24T08:49:56 remz-dev-20260923-komplett BOOT exe=C:/Users/miche/Desktop/Godot.exe
2026-09-24T08:49:56 remz-dev-20260923-komplett NETWORK_INITIALIZED
2026-09-24T08:50:16 remz-dev-20260923-komplett MAP_READY
2026-09-24T08:50:16 remz-dev-20260923-komplett HOST_CREATE port=24687
2026-09-24T08:50:16 remz-dev-20260923-komplett HOST_READY
2026-09-24T08:50:16 remz-dev-20260923-komplett PEER_CONNECTED id=333714500
2026-09-24T08:50:16 remz-dev-20260923-komplett PEER_CONNECTED id=1275616558
2026-09-24T08:50:16 remz-dev-20260923-komplett INITIAL_SEND peer=333714500 raw=25316 bytes=4140 parts=5
2026-09-24T08:50:16 remz-dev-20260923-komplett INITIAL_SEND peer=1275616558 raw=25316 bytes=4140 parts=5
2026-09-24T08:50:16 remz-dev-20260923-komplett CLIENT_READY peer=333714500
2026-09-24T08:50:16 remz-dev-20260923-komplett CLIENT_READY peer=1275616558
2026-09-24T08:50:17 remz-dev-20260923-komplett PEER_CONNECTED id=960595129
2026-09-24T08:50:17 remz-dev-20260923-komplett INITIAL_SEND peer=960595129 raw=28388 bytes=4215 parts=5
2026-09-24T08:50:17 remz-dev-20260923-komplett CLIENT_READY peer=960595129
2026-09-24T08:50:17 remz-dev-20260923-komplett ROUND_START_SEND players=4
2026-09-24T08:50:17 remz-dev-20260923-komplett STATE_SEND peer=333714500 raw=28388 bytes=4218 parts=5
2026-09-24T08:50:17 remz-dev-20260923-komplett STATE_SEND peer=1275616558 raw=28388 bytes=4218 parts=5
2026-09-24T08:50:17 remz-dev-20260923-komplett STATE_SEND peer=960595129 raw=28388 bytes=4218 parts=5
2026-09-24T08:50:17 remz-dev-20260923-komplett ROUND_BEGIN intro=false
2026-09-24T08:50:17 remz-dev-20260923-komplett ROUND_RUNNING players=4
2026-09-24T08:51:26 remz-dev-20260923-komplett PEER_DISCONNECTED id=333714500
2026-09-24T08:51:38 remz-dev-20260923-komplett PEER_CONNECTED id=1088766148
2026-09-24T08:51:38 remz-dev-20260923-komplett INITIAL_SEND peer=1088766148 raw=30540 bytes=5235 parts=6
2026-09-24T08:51:38 remz-dev-20260923-komplett CLIENT_READY peer=1088766148
2026-09-24T08:52:05 remz-dev-20260923-komplett STATE_SEND peer=1275616558 raw=43776 bytes=7001 parts=8
2026-09-24T08:52:05 remz-dev-20260923-komplett STATE_SEND peer=960595129 raw=43776 bytes=7001 parts=8
2026-09-24T08:52:05 remz-dev-20260923-komplett STATE_SEND peer=1088766148 raw=43776 bytes=7001 parts=8
2026-09-24T08:52:20 remz-dev-20260923-komplett MAP_READY
2026-09-24T08:52:20 remz-dev-20260923-komplett INITIAL_SEND peer=1088766148 raw=28212 bytes=4120 parts=5
2026-09-24T08:52:20 remz-dev-20260923-komplett INITIAL_SEND peer=1275616558 raw=28212 bytes=4120 parts=5
2026-09-24T08:52:20 remz-dev-20260923-komplett INITIAL_SEND peer=960595129 raw=28212 bytes=4120 parts=5
2026-09-24T08:52:20 remz-dev-20260923-komplett CLIENT_READY peer=1275616558
2026-09-24T08:52:20 remz-dev-20260923-komplett CLIENT_READY peer=1088766148
2026-09-24T08:52:20 remz-dev-20260923-komplett CLIENT_READY peer=960595129
2026-09-24T08:52:20 remz-dev-20260923-komplett ROUND_START_SEND players=4
2026-09-24T08:52:20 remz-dev-20260923-komplett STATE_SEND peer=1275616558 raw=28212 bytes=4127 parts=5
2026-09-24T08:52:20 remz-dev-20260923-komplett STATE_SEND peer=960595129 raw=28212 bytes=4127 parts=5
2026-09-24T08:52:20 remz-dev-20260923-komplett STATE_SEND peer=1088766148 raw=28212 bytes=4127 parts=5
2026-09-24T08:52:20 remz-dev-20260923-komplett ROUND_BEGIN intro=false
2026-09-24T08:52:20 remz-dev-20260923-komplett ROUND_RUNNING players=4
2026-09-24T08:52:22 remz-dev-20260923-komplett PEER_DISCONNECTED id=1088766148
2026-09-24T08:52:23 remz-dev-20260923-komplett LEAVE_BEGIN phase=running reason=Integration test finished
2026-09-24T08:52:23 remz-dev-20260923-komplett LEAVE_PEER_DETACHED
2026-09-24T08:52:23 remz-dev-20260923-komplett LEAVE_PEER_CLOSED
2026-09-24T08:52:23 remz-dev-20260923-komplett LEAVE_RELOAD
2026-09-24T08:52:35 remz-dev-20260923-komplett MAP_READY
