2026-09-20T21:11:43 remz-coop-startfix-20260920 BOOT exe=C:/Users/miche/Desktop/Godot.exe
2026-09-20T21:11:43 remz-coop-startfix-20260920 NETWORK_INITIALIZED
2026-09-20T21:12:05 remz-coop-startfix-20260920 MAP_READY
2026-09-20T21:12:05 remz-coop-startfix-20260920 HOST_CREATE port=24733
2026-09-20T21:12:05 remz-coop-startfix-20260920 HOST_READY
2026-09-20T21:12:05 remz-coop-startfix-20260920 PEER_CONNECTED id=1814656992
2026-09-20T21:12:05 remz-coop-startfix-20260920 PEER_CONNECTED id=1574146835
2026-09-20T21:12:05 remz-coop-startfix-20260920 PEER_CONNECTED id=1302926532
2026-09-20T21:12:05 remz-coop-startfix-20260920 INITIAL_SEND peer=1814656992 raw=19140 bytes=2866 parts=4
2026-09-20T21:12:05 remz-coop-startfix-20260920 INITIAL_SEND peer=1574146835 raw=19140 bytes=2866 parts=4
2026-09-20T21:12:05 remz-coop-startfix-20260920 INITIAL_SEND peer=1302926532 raw=19140 bytes=2866 parts=4
2026-09-20T21:12:05 remz-coop-startfix-20260920 CLIENT_READY peer=1814656992
2026-09-20T21:12:05 remz-coop-startfix-20260920 CLIENT_READY peer=1574146835
2026-09-20T21:12:05 remz-coop-startfix-20260920 CLIENT_READY peer=1302926532
2026-09-20T21:12:05 remz-coop-startfix-20260920 ROUND_START_SEND players=4
2026-09-20T21:12:05 remz-coop-startfix-20260920 STATE_SEND peer=1814656992 raw=19144 bytes=2832 parts=4
2026-09-20T21:12:05 remz-coop-startfix-20260920 STATE_SEND peer=1574146835 raw=19144 bytes=2832 parts=4
2026-09-20T21:12:05 remz-coop-startfix-20260920 STATE_SEND peer=1302926532 raw=19144 bytes=2832 parts=4
2026-09-20T21:12:05 remz-coop-startfix-20260920 ROUND_BEGIN intro=true
2026-09-20T21:12:05 remz-coop-startfix-20260920 ROUND_RUNNING players=4
2026-09-20T21:13:04 remz-coop-startfix-20260920 PEER_DISCONNECTED id=1302926532
2026-09-20T21:13:21 remz-coop-startfix-20260920 PEER_CONNECTED id=109617355
2026-09-20T21:13:21 remz-coop-startfix-20260920 INITIAL_SEND peer=109617355 raw=20652 bytes=3532 parts=4
2026-09-20T21:13:21 remz-coop-startfix-20260920 CLIENT_READY peer=109617355
2026-09-20T21:13:42 remz-coop-startfix-20260920 STATE_SEND peer=1814656992 raw=34016 bytes=5305 parts=6
2026-09-20T21:13:42 remz-coop-startfix-20260920 STATE_SEND peer=1574146835 raw=34016 bytes=5305 parts=6
2026-09-20T21:13:42 remz-coop-startfix-20260920 STATE_SEND peer=109617355 raw=34016 bytes=5305 parts=6
