2026-09-27T12:55:59 remz-dev-20260925-online BOOT exe=C:/Users/miche/Desktop/Godot.exe
2026-09-27T12:55:59 remz-dev-20260925-online NETWORK_INITIALIZED
2026-09-27T12:56:37 remz-dev-20260925-online MAP_READY
2026-09-27T12:56:37 remz-dev-20260925-online HOST_CREATE port=24687
2026-09-27T12:56:37 remz-dev-20260925-online HOST_READY
2026-09-27T12:56:37 remz-dev-20260925-online PEER_CONNECTED id=768237761
2026-09-27T12:56:37 remz-dev-20260925-online PEER_CONNECTED id=387813448
2026-09-27T12:56:37 remz-dev-20260925-online PEER_CONNECTED id=1804474821
2026-09-27T12:56:38 remz-dev-20260925-online INITIAL_SEND peer=1804474821 raw=34016 bytes=5314 parts=6
2026-09-27T12:56:38 remz-dev-20260925-online INITIAL_SEND peer=768237761 raw=34016 bytes=5313 parts=6
2026-09-27T12:56:38 remz-dev-20260925-online INITIAL_SEND peer=387813448 raw=34016 bytes=5313 parts=6
2026-09-27T12:56:38 remz-dev-20260925-online CLIENT_READY peer=387813448
2026-09-27T12:56:38 remz-dev-20260925-online CLIENT_READY peer=768237761
2026-09-27T12:56:38 remz-dev-20260925-online CLIENT_READY peer=1804474821
2026-09-27T12:56:38 remz-dev-20260925-online ROUND_START_SEND players=4
2026-09-27T12:56:38 remz-dev-20260925-online STATE_SEND peer=768237761 raw=34016 bytes=5315 parts=6
2026-09-27T12:56:38 remz-dev-20260925-online STATE_SEND peer=387813448 raw=34016 bytes=5315 parts=6
2026-09-27T12:56:38 remz-dev-20260925-online STATE_SEND peer=1804474821 raw=34016 bytes=5315 parts=6
2026-09-27T12:56:38 remz-dev-20260925-online ROUND_BEGIN intro=false
2026-09-27T12:56:38 remz-dev-20260925-online ROUND_RUNNING players=4
2026-09-27T12:57:54 remz-dev-20260925-online PEER_DISCONNECTED id=1804474821
2026-09-27T12:58:09 remz-dev-20260925-online PEER_CONNECTED id=1095657459
2026-09-27T12:58:09 remz-dev-20260925-online INITIAL_SEND peer=1095657459 raw=36612 bytes=6493 parts=8
2026-09-27T12:58:09 remz-dev-20260925-online CLIENT_READY peer=1095657459
2026-09-27T12:58:41 remz-dev-20260925-online STATE_SEND peer=768237761 raw=52776 bytes=8328 parts=10
2026-09-27T12:58:41 remz-dev-20260925-online STATE_SEND peer=387813448 raw=52776 bytes=8328 parts=10
2026-09-27T12:58:41 remz-dev-20260925-online STATE_SEND peer=1095657459 raw=52776 bytes=8328 parts=10
2026-09-27T12:59:06 remz-dev-20260925-online MAP_READY
2026-09-27T12:59:06 remz-dev-20260925-online INITIAL_SEND peer=387813448 raw=33888 bytes=5238 parts=6
2026-09-27T12:59:06 remz-dev-20260925-online INITIAL_SEND peer=768237761 raw=33888 bytes=5238 parts=6
2026-09-27T12:59:06 remz-dev-20260925-online INITIAL_SEND peer=1095657459 raw=33888 bytes=5238 parts=6
2026-09-27T12:59:06 remz-dev-20260925-online CLIENT_READY peer=387813448
2026-09-27T12:59:06 remz-dev-20260925-online CLIENT_READY peer=1095657459
2026-09-27T12:59:06 remz-dev-20260925-online CLIENT_READY peer=768237761
2026-09-27T12:59:06 remz-dev-20260925-online ROUND_START_SEND players=4
2026-09-27T12:59:07 remz-dev-20260925-online STATE_SEND peer=768237761 raw=33888 bytes=5240 parts=6
2026-09-27T12:59:07 remz-dev-20260925-online STATE_SEND peer=387813448 raw=33888 bytes=5240 parts=6
2026-09-27T12:59:07 remz-dev-20260925-online STATE_SEND peer=1095657459 raw=33888 bytes=5240 parts=6
2026-09-27T12:59:07 remz-dev-20260925-online ROUND_BEGIN intro=false
2026-09-27T12:59:07 remz-dev-20260925-online ROUND_RUNNING players=4
2026-09-27T12:59:09 remz-dev-20260925-online PEER_DISCONNECTED id=1095657459
2026-09-27T12:59:09 remz-dev-20260925-online LEAVE_BEGIN phase=running reason=Integration test finished
2026-09-27T12:59:09 remz-dev-20260925-online LEAVE_PEER_DETACHED
2026-09-27T12:59:09 remz-dev-20260925-online LEAVE_PEER_CLOSED
2026-09-27T12:59:09 remz-dev-20260925-online LEAVE_RELOAD
2026-09-27T12:59:27 remz-dev-20260925-online MAP_READY
