2026-09-20T21:21:55 remz-coop-startfix-20260920 BOOT exe=C:/Users/miche/Desktop/Godot.exe
2026-09-20T21:21:55 remz-coop-startfix-20260920 NETWORK_INITIALIZED
2026-09-20T21:22:19 remz-coop-startfix-20260920 MAP_READY
2026-09-20T21:22:19 remz-coop-startfix-20260920 HOST_CREATE port=24738
2026-09-20T21:22:19 remz-coop-startfix-20260920 HOST_READY
2026-09-20T21:22:19 remz-coop-startfix-20260920 PEER_CONNECTED id=1526287443
2026-09-20T21:22:19 remz-coop-startfix-20260920 PEER_CONNECTED id=1905712812
2026-09-20T21:22:19 remz-coop-startfix-20260920 PEER_CONNECTED id=389579755
2026-09-20T21:22:20 remz-coop-startfix-20260920 INITIAL_SEND peer=1526287443 raw=19140 bytes=2869 parts=4
2026-09-20T21:22:20 remz-coop-startfix-20260920 INITIAL_SEND peer=1905712812 raw=19140 bytes=2869 parts=4
2026-09-20T21:22:20 remz-coop-startfix-20260920 INITIAL_SEND peer=389579755 raw=19140 bytes=2869 parts=4
2026-09-20T21:22:20 remz-coop-startfix-20260920 CLIENT_READY peer=1526287443
2026-09-20T21:22:20 remz-coop-startfix-20260920 CLIENT_READY peer=1905712812
2026-09-20T21:22:20 remz-coop-startfix-20260920 CLIENT_READY peer=389579755
2026-09-20T21:22:20 remz-coop-startfix-20260920 ROUND_START_SEND players=4
2026-09-20T21:22:20 remz-coop-startfix-20260920 STATE_SEND peer=1526287443 raw=19144 bytes=2831 parts=4
2026-09-20T21:22:20 remz-coop-startfix-20260920 STATE_SEND peer=1905712812 raw=19144 bytes=2831 parts=4
2026-09-20T21:22:20 remz-coop-startfix-20260920 STATE_SEND peer=389579755 raw=19144 bytes=2831 parts=4
2026-09-20T21:22:20 remz-coop-startfix-20260920 ROUND_BEGIN intro=true
2026-09-20T21:22:20 remz-coop-startfix-20260920 ROUND_RUNNING players=4
2026-09-20T21:23:13 remz-coop-startfix-20260920 PEER_DISCONNECTED id=389579755
2026-09-20T21:23:33 remz-coop-startfix-20260920 PEER_CONNECTED id=1781195385
2026-09-20T21:23:33 remz-coop-startfix-20260920 INITIAL_SEND peer=1781195385 raw=20636 bytes=3487 parts=4
2026-09-20T21:23:33 remz-coop-startfix-20260920 CLIENT_READY peer=1781195385
2026-09-20T21:23:49 remz-coop-startfix-20260920 STATE_SEND peer=1526287443 raw=34120 bytes=5357 parts=6
2026-09-20T21:23:49 remz-coop-startfix-20260920 STATE_SEND peer=1905712812 raw=34120 bytes=5357 parts=6
2026-09-20T21:23:49 remz-coop-startfix-20260920 STATE_SEND peer=1781195385 raw=34120 bytes=5357 parts=6
2026-09-20T21:24:11 remz-coop-startfix-20260920 MAP_READY
2026-09-20T21:24:11 remz-coop-startfix-20260920 INITIAL_SEND peer=1905712812 raw=19076 bytes=2837 parts=4
2026-09-20T21:24:11 remz-coop-startfix-20260920 CLIENT_READY peer=1905712812
2026-09-20T21:24:12 remz-coop-startfix-20260920 INITIAL_SEND peer=1781195385 raw=19076 bytes=2837 parts=4
2026-09-20T21:24:12 remz-coop-startfix-20260920 INITIAL_SEND peer=1526287443 raw=19076 bytes=2837 parts=4
2026-09-20T21:24:12 remz-coop-startfix-20260920 CLIENT_READY peer=1781195385
2026-09-20T21:24:12 remz-coop-startfix-20260920 CLIENT_READY peer=1526287443
2026-09-20T21:24:12 remz-coop-startfix-20260920 ROUND_START_SEND players=4
2026-09-20T21:24:12 remz-coop-startfix-20260920 STATE_SEND peer=1526287443 raw=19076 bytes=2839 parts=4
2026-09-20T21:24:12 remz-coop-startfix-20260920 STATE_SEND peer=1905712812 raw=19076 bytes=2839 parts=4
2026-09-20T21:24:12 remz-coop-startfix-20260920 STATE_SEND peer=1781195385 raw=19076 bytes=2839 parts=4
2026-09-20T21:24:12 remz-coop-startfix-20260920 ROUND_BEGIN intro=false
2026-09-20T21:24:12 remz-coop-startfix-20260920 ROUND_RUNNING players=4
2026-09-20T21:24:13 remz-coop-startfix-20260920 PEER_DISCONNECTED id=1781195385
2026-09-20T21:24:14 remz-coop-startfix-20260920 LEAVE_BEGIN phase=running reason=Integration test finished
2026-09-20T21:24:14 remz-coop-startfix-20260920 LEAVE_PEER_DETACHED
2026-09-20T21:24:14 remz-coop-startfix-20260920 LEAVE_PEER_CLOSED
2026-09-20T21:24:14 remz-coop-startfix-20260920 LEAVE_RELOAD
2026-09-20T21:24:33 remz-coop-startfix-20260920 MAP_READY
