2026-09-21T20:28:25 remz-dev-20260921-hunting BOOT exe=C:/Users/miche/Desktop/Godot.exe
2026-09-21T20:28:25 remz-dev-20260921-hunting NETWORK_INITIALIZED
2026-09-21T20:28:45 remz-dev-20260921-hunting MAP_READY
2026-09-21T20:28:45 remz-dev-20260921-hunting JOIN_BEGIN address=127.0.0.1 port=24687
2026-09-21T20:28:45 remz-dev-20260921-hunting JOIN_SOCKET result=0
2026-09-21T20:28:45 remz-dev-20260921-hunting TRANSPORT_CONNECTED sending_hello
2026-09-21T20:28:45 remz-dev-20260921-hunting PEER_CONNECTED id=1
2026-09-21T20:28:45 remz-dev-20260921-hunting PEER_CONNECTED id=1952291593
2026-09-21T20:28:45 remz-dev-20260921-hunting WELCOME
2026-09-21T20:28:45 remz-dev-20260921-hunting PEER_CONNECTED id=802018287
2026-09-21T20:28:45 remz-dev-20260921-hunting INITIAL_RECEIVE parts=5
2026-09-21T20:28:45 remz-dev-20260921-hunting INITIAL_APPLY_BEGIN
2026-09-21T20:28:45 remz-dev-20260921-hunting STATE_STAGE structures
2026-09-21T20:28:45 remz-dev-20260921-hunting STATE_STAGE players
2026-09-21T20:28:45 remz-dev-20260921-hunting STATE_STAGE enemies
2026-09-21T20:28:45 remz-dev-20260921-hunting STATE_STAGE items
2026-09-21T20:28:45 remz-dev-20260921-hunting STATE_STAGE barricades
2026-09-21T20:28:45 remz-dev-20260921-hunting INITIAL_APPLY_DONE
2026-09-21T20:28:45 remz-dev-20260921-hunting STATE_RECEIVE parts=5
2026-09-21T20:28:45 remz-dev-20260921-hunting STATE_STAGE structures
2026-09-21T20:28:45 remz-dev-20260921-hunting STATE_STAGE players
2026-09-21T20:28:45 remz-dev-20260921-hunting STATE_STAGE enemies
2026-09-21T20:28:45 remz-dev-20260921-hunting STATE_STAGE items
2026-09-21T20:28:45 remz-dev-20260921-hunting STATE_STAGE barricades
2026-09-21T20:28:45 remz-dev-20260921-hunting STATE_APPLY_DONE sequence=4
2026-09-21T20:28:45 remz-dev-20260921-hunting ROUND_BEGIN intro=false
2026-09-21T20:28:45 remz-dev-20260921-hunting ROUND_RUNNING players=4
2026-09-21T20:29:01 remz-dev-20260921-hunting STATE_STAGE structures
2026-09-21T20:29:01 remz-dev-20260921-hunting STATE_STAGE players
2026-09-21T20:29:01 remz-dev-20260921-hunting STATE_STAGE enemies
2026-09-21T20:29:01 remz-dev-20260921-hunting STATE_STAGE items
2026-09-21T20:29:01 remz-dev-20260921-hunting STATE_STAGE barricades
2026-09-21T20:29:07 remz-dev-20260921-hunting STATE_STAGE structures
2026-09-21T20:29:07 remz-dev-20260921-hunting STATE_STAGE players
2026-09-21T20:29:07 remz-dev-20260921-hunting STATE_STAGE enemies
2026-09-21T20:29:07 remz-dev-20260921-hunting STATE_STAGE items
2026-09-21T20:29:07 remz-dev-20260921-hunting STATE_STAGE barricades
2026-09-21T20:29:13 remz-dev-20260921-hunting STATE_STAGE structures
2026-09-21T20:29:13 remz-dev-20260921-hunting STATE_STAGE players
2026-09-21T20:29:13 remz-dev-20260921-hunting STATE_STAGE enemies
2026-09-21T20:29:13 remz-dev-20260921-hunting STATE_STAGE items
2026-09-21T20:29:13 remz-dev-20260921-hunting STATE_STAGE barricades
2026-09-21T20:29:14 remz-dev-20260921-hunting STATE_STAGE structures
2026-09-21T20:29:14 remz-dev-20260921-hunting STATE_STAGE players
2026-09-21T20:29:15 remz-dev-20260921-hunting STATE_STAGE enemies
2026-09-21T20:29:15 remz-dev-20260921-hunting STATE_STAGE items
2026-09-21T20:29:15 remz-dev-20260921-hunting STATE_STAGE barricades
2026-09-21T20:29:16 remz-dev-20260921-hunting STATE_STAGE structures
2026-09-21T20:29:16 remz-dev-20260921-hunting STATE_STAGE players
2026-09-21T20:29:16 remz-dev-20260921-hunting STATE_STAGE enemies
2026-09-21T20:29:16 remz-dev-20260921-hunting STATE_STAGE items
2026-09-21T20:29:16 remz-dev-20260921-hunting STATE_STAGE barricades
2026-09-21T20:29:17 remz-dev-20260921-hunting STATE_STAGE structures
2026-09-21T20:29:17 remz-dev-20260921-hunting STATE_STAGE players
2026-09-21T20:29:17 remz-dev-20260921-hunting STATE_STAGE enemies
2026-09-21T20:29:17 remz-dev-20260921-hunting STATE_STAGE items
2026-09-21T20:29:17 remz-dev-20260921-hunting STATE_STAGE barricades
2026-09-21T20:29:27 remz-dev-20260921-hunting STATE_STAGE structures
2026-09-21T20:29:27 remz-dev-20260921-hunting STATE_STAGE players
2026-09-21T20:29:27 remz-dev-20260921-hunting STATE_STAGE enemies
2026-09-21T20:29:27 remz-dev-20260921-hunting STATE_STAGE items
2026-09-21T20:29:27 remz-dev-20260921-hunting STATE_STAGE barricades
2026-09-21T20:29:28 remz-dev-20260921-hunting STATE_STAGE structures
2026-09-21T20:29:28 remz-dev-20260921-hunting STATE_STAGE players
2026-09-21T20:29:28 remz-dev-20260921-hunting STATE_STAGE enemies
2026-09-21T20:29:28 remz-dev-20260921-hunting STATE_STAGE items
2026-09-21T20:29:28 remz-dev-20260921-hunting STATE_STAGE barricades
2026-09-21T20:29:34 remz-dev-20260921-hunting STATE_STAGE structures
2026-09-21T20:29:34 remz-dev-20260921-hunting STATE_STAGE players
2026-09-21T20:29:34 remz-dev-20260921-hunting STATE_STAGE enemies
2026-09-21T20:29:34 remz-dev-20260921-hunting STATE_STAGE items
2026-09-21T20:29:34 remz-dev-20260921-hunting STATE_STAGE barricades
2026-09-21T20:29:53 remz-dev-20260921-hunting PEER_DISCONNECTED id=802018287
2026-09-21T20:30:10 remz-dev-20260921-hunting PEER_CONNECTED id=1891327241
2026-09-21T20:30:37 remz-dev-20260921-hunting STATE_RECEIVE parts=8
2026-09-21T20:30:37 remz-dev-20260921-hunting STATE_APPLY_DONE sequence=1071
2026-09-21T20:30:59 remz-dev-20260921-hunting MAP_READY
2026-09-21T20:30:59 remz-dev-20260921-hunting INITIAL_RECEIVE parts=5
2026-09-21T20:30:59 remz-dev-20260921-hunting INITIAL_APPLY_BEGIN
2026-09-21T20:30:59 remz-dev-20260921-hunting STATE_STAGE structures
2026-09-21T20:30:59 remz-dev-20260921-hunting STATE_STAGE players
2026-09-21T20:30:59 remz-dev-20260921-hunting STATE_STAGE enemies
2026-09-21T20:30:59 remz-dev-20260921-hunting STATE_STAGE items
2026-09-21T20:30:59 remz-dev-20260921-hunting STATE_STAGE barricades
2026-09-21T20:30:59 remz-dev-20260921-hunting INITIAL_APPLY_DONE
2026-09-21T20:30:59 remz-dev-20260921-hunting STATE_RECEIVE parts=5
2026-09-21T20:30:59 remz-dev-20260921-hunting STATE_STAGE structures
2026-09-21T20:30:59 remz-dev-20260921-hunting STATE_STAGE players
2026-09-21T20:30:59 remz-dev-20260921-hunting STATE_STAGE enemies
2026-09-21T20:30:59 remz-dev-20260921-hunting STATE_STAGE items
2026-09-21T20:30:59 remz-dev-20260921-hunting STATE_STAGE barricades
2026-09-21T20:30:59 remz-dev-20260921-hunting STATE_APPLY_DONE sequence=1075
2026-09-21T20:31:00 remz-dev-20260921-hunting ROUND_BEGIN intro=false
2026-09-21T20:31:00 remz-dev-20260921-hunting ROUND_RUNNING players=4
2026-09-21T20:31:01 remz-dev-20260921-hunting PEER_DISCONNECTED id=1891327241
2026-09-21T20:31:02 remz-dev-20260921-hunting PEER_DISCONNECTED id=1
2026-09-21T20:31:02 remz-dev-20260921-hunting LEAVE_BEGIN phase=running reason=Der Host hat die Verbindung beendet.
2026-09-21T20:31:02 remz-dev-20260921-hunting LEAVE_PEER_DETACHED
2026-09-21T20:31:02 remz-dev-20260921-hunting LEAVE_PEER_CLOSED
2026-09-21T20:31:02 remz-dev-20260921-hunting LEAVE_RELOAD
2026-09-21T20:31:20 remz-dev-20260921-hunting MAP_READY
