2026-09-24T08:49:56 remz-dev-20260923-komplett BOOT exe=C:/Users/miche/Desktop/Godot.exe
2026-09-24T08:49:56 remz-dev-20260923-komplett NETWORK_INITIALIZED
2026-09-24T08:50:15 remz-dev-20260923-komplett MAP_READY
2026-09-24T08:50:16 remz-dev-20260923-komplett JOIN_BEGIN address=127.0.0.1 port=24687
2026-09-24T08:50:16 remz-dev-20260923-komplett JOIN_SOCKET result=0
2026-09-24T08:50:16 remz-dev-20260923-komplett TRANSPORT_CONNECTED sending_hello
2026-09-24T08:50:16 remz-dev-20260923-komplett PEER_CONNECTED id=1
2026-09-24T08:50:16 remz-dev-20260923-komplett PEER_CONNECTED id=333714500
2026-09-24T08:50:16 remz-dev-20260923-komplett WELCOME
2026-09-24T08:50:16 remz-dev-20260923-komplett INITIAL_RECEIVE parts=5
2026-09-24T08:50:16 remz-dev-20260923-komplett INITIAL_APPLY_BEGIN
2026-09-24T08:50:16 remz-dev-20260923-komplett STATE_STAGE structures
2026-09-24T08:50:16 remz-dev-20260923-komplett STATE_STAGE players
2026-09-24T08:50:16 remz-dev-20260923-komplett STATE_STAGE enemies
2026-09-24T08:50:16 remz-dev-20260923-komplett STATE_STAGE items
2026-09-24T08:50:16 remz-dev-20260923-komplett STATE_STAGE barricades
2026-09-24T08:50:16 remz-dev-20260923-komplett INITIAL_APPLY_DONE
2026-09-24T08:50:17 remz-dev-20260923-komplett PEER_CONNECTED id=960595129
2026-09-24T08:50:17 remz-dev-20260923-komplett STATE_RECEIVE parts=5
2026-09-24T08:50:17 remz-dev-20260923-komplett STATE_STAGE structures
2026-09-24T08:50:17 remz-dev-20260923-komplett STATE_STAGE players
2026-09-24T08:50:17 remz-dev-20260923-komplett STATE_STAGE enemies
2026-09-24T08:50:17 remz-dev-20260923-komplett STATE_STAGE items
2026-09-24T08:50:17 remz-dev-20260923-komplett STATE_STAGE barricades
2026-09-24T08:50:17 remz-dev-20260923-komplett STATE_APPLY_DONE sequence=4
2026-09-24T08:50:17 remz-dev-20260923-komplett ROUND_BEGIN intro=false
2026-09-24T08:50:17 remz-dev-20260923-komplett ROUND_RUNNING players=4
2026-09-24T08:50:33 remz-dev-20260923-komplett STATE_STAGE structures
2026-09-24T08:50:33 remz-dev-20260923-komplett STATE_STAGE players
2026-09-24T08:50:33 remz-dev-20260923-komplett STATE_STAGE enemies
2026-09-24T08:50:33 remz-dev-20260923-komplett STATE_STAGE items
2026-09-24T08:50:33 remz-dev-20260923-komplett STATE_STAGE barricades
2026-09-24T08:50:40 remz-dev-20260923-komplett STATE_STAGE structures
2026-09-24T08:50:40 remz-dev-20260923-komplett STATE_STAGE players
2026-09-24T08:50:40 remz-dev-20260923-komplett STATE_STAGE enemies
2026-09-24T08:50:40 remz-dev-20260923-komplett STATE_STAGE items
2026-09-24T08:50:40 remz-dev-20260923-komplett STATE_STAGE barricades
2026-09-24T08:50:47 remz-dev-20260923-komplett STATE_STAGE structures
2026-09-24T08:50:47 remz-dev-20260923-komplett STATE_STAGE players
2026-09-24T08:50:47 remz-dev-20260923-komplett STATE_STAGE enemies
2026-09-24T08:50:47 remz-dev-20260923-komplett STATE_STAGE items
2026-09-24T08:50:47 remz-dev-20260923-komplett STATE_STAGE barricades
2026-09-24T08:50:48 remz-dev-20260923-komplett STATE_STAGE structures
2026-09-24T08:50:48 remz-dev-20260923-komplett STATE_STAGE players
2026-09-24T08:50:48 remz-dev-20260923-komplett STATE_STAGE enemies
2026-09-24T08:50:48 remz-dev-20260923-komplett STATE_STAGE items
2026-09-24T08:50:48 remz-dev-20260923-komplett STATE_STAGE barricades
2026-09-24T08:50:49 remz-dev-20260923-komplett STATE_STAGE structures
2026-09-24T08:50:50 remz-dev-20260923-komplett STATE_STAGE players
2026-09-24T08:50:50 remz-dev-20260923-komplett STATE_STAGE enemies
2026-09-24T08:50:50 remz-dev-20260923-komplett STATE_STAGE items
2026-09-24T08:50:50 remz-dev-20260923-komplett STATE_STAGE barricades
2026-09-24T08:50:51 remz-dev-20260923-komplett STATE_STAGE structures
2026-09-24T08:50:51 remz-dev-20260923-komplett STATE_STAGE players
2026-09-24T08:50:51 remz-dev-20260923-komplett STATE_STAGE enemies
2026-09-24T08:50:51 remz-dev-20260923-komplett STATE_STAGE items
2026-09-24T08:50:51 remz-dev-20260923-komplett STATE_STAGE barricades
2026-09-24T08:51:01 remz-dev-20260923-komplett STATE_STAGE structures
2026-09-24T08:51:01 remz-dev-20260923-komplett STATE_STAGE players
2026-09-24T08:51:01 remz-dev-20260923-komplett STATE_STAGE enemies
2026-09-24T08:51:01 remz-dev-20260923-komplett STATE_STAGE items
2026-09-24T08:51:01 remz-dev-20260923-komplett STATE_STAGE barricades
2026-09-24T08:51:02 remz-dev-20260923-komplett STATE_STAGE structures
2026-09-24T08:51:02 remz-dev-20260923-komplett STATE_STAGE players
2026-09-24T08:51:02 remz-dev-20260923-komplett STATE_STAGE enemies
2026-09-24T08:51:02 remz-dev-20260923-komplett STATE_STAGE items
2026-09-24T08:51:02 remz-dev-20260923-komplett STATE_STAGE barricades
2026-09-24T08:51:08 remz-dev-20260923-komplett STATE_STAGE structures
2026-09-24T08:51:08 remz-dev-20260923-komplett STATE_STAGE players
2026-09-24T08:51:08 remz-dev-20260923-komplett STATE_STAGE enemies
2026-09-24T08:51:08 remz-dev-20260923-komplett STATE_STAGE items
2026-09-24T08:51:08 remz-dev-20260923-komplett STATE_STAGE barricades
2026-09-24T08:51:26 remz-dev-20260923-komplett PEER_DISCONNECTED id=333714500
2026-09-24T08:51:38 remz-dev-20260923-komplett PEER_CONNECTED id=1088766148
2026-09-24T08:52:05 remz-dev-20260923-komplett STATE_RECEIVE parts=8
2026-09-24T08:52:05 remz-dev-20260923-komplett STATE_APPLY_DONE sequence=1046
2026-09-24T08:52:19 remz-dev-20260923-komplett MAP_READY
2026-09-24T08:52:20 remz-dev-20260923-komplett INITIAL_RECEIVE parts=5
2026-09-24T08:52:20 remz-dev-20260923-komplett INITIAL_APPLY_BEGIN
2026-09-24T08:52:20 remz-dev-20260923-komplett STATE_STAGE structures
2026-09-24T08:52:20 remz-dev-20260923-komplett STATE_STAGE players
2026-09-24T08:52:20 remz-dev-20260923-komplett STATE_STAGE enemies
2026-09-24T08:52:20 remz-dev-20260923-komplett STATE_STAGE items
2026-09-24T08:52:20 remz-dev-20260923-komplett STATE_STAGE barricades
2026-09-24T08:52:20 remz-dev-20260923-komplett INITIAL_APPLY_DONE
2026-09-24T08:52:20 remz-dev-20260923-komplett STATE_RECEIVE parts=5
2026-09-24T08:52:20 remz-dev-20260923-komplett STATE_STAGE structures
2026-09-24T08:52:20 remz-dev-20260923-komplett STATE_STAGE players
2026-09-24T08:52:20 remz-dev-20260923-komplett STATE_STAGE enemies
2026-09-24T08:52:20 remz-dev-20260923-komplett STATE_STAGE items
2026-09-24T08:52:20 remz-dev-20260923-komplett STATE_STAGE barricades
2026-09-24T08:52:20 remz-dev-20260923-komplett STATE_APPLY_DONE sequence=1050
2026-09-24T08:52:20 remz-dev-20260923-komplett ROUND_BEGIN intro=false
2026-09-24T08:52:20 remz-dev-20260923-komplett ROUND_RUNNING players=4
2026-09-24T08:52:22 remz-dev-20260923-komplett PEER_DISCONNECTED id=1088766148
2026-09-24T08:52:23 remz-dev-20260923-komplett PEER_DISCONNECTED id=1
2026-09-24T08:52:23 remz-dev-20260923-komplett LEAVE_BEGIN phase=running reason=The host ended the connection.
2026-09-24T08:52:23 remz-dev-20260923-komplett LEAVE_PEER_DETACHED
2026-09-24T08:52:23 remz-dev-20260923-komplett LEAVE_PEER_CLOSED
2026-09-24T08:52:23 remz-dev-20260923-komplett LEAVE_RELOAD
2026-09-24T08:52:36 remz-dev-20260923-komplett MAP_READY
