2026-09-23T09:34:27 remz-dev-20260923-titan-gate-fix BOOT exe=C:/Users/miche/Desktop/Godot.exe
2026-09-23T09:34:27 remz-dev-20260923-titan-gate-fix NETWORK_INITIALIZED
2026-09-23T09:34:43 remz-dev-20260923-titan-gate-fix MAP_READY
2026-09-23T09:34:43 remz-dev-20260923-titan-gate-fix HOST_CREATE port=24687
2026-09-23T09:34:43 remz-dev-20260923-titan-gate-fix HOST_READY
2026-09-23T09:34:43 remz-dev-20260923-titan-gate-fix PEER_CONNECTED id=716078563
2026-09-23T09:34:43 remz-dev-20260923-titan-gate-fix PEER_CONNECTED id=2045827882
2026-09-23T09:34:43 remz-dev-20260923-titan-gate-fix INITIAL_SEND peer=716078563 raw=25032 bytes=4091 parts=5
2026-09-23T09:34:43 remz-dev-20260923-titan-gate-fix INITIAL_SEND peer=2045827882 raw=25032 bytes=4091 parts=5
2026-09-23T09:34:43 remz-dev-20260923-titan-gate-fix CLIENT_READY peer=716078563
2026-09-23T09:34:44 remz-dev-20260923-titan-gate-fix CLIENT_READY peer=2045827882
2026-09-23T09:34:44 remz-dev-20260923-titan-gate-fix PEER_CONNECTED id=353506067
2026-09-23T09:34:44 remz-dev-20260923-titan-gate-fix INITIAL_SEND peer=353506067 raw=28080 bytes=4175 parts=5
2026-09-23T09:34:44 remz-dev-20260923-titan-gate-fix CLIENT_READY peer=353506067
2026-09-23T09:34:44 remz-dev-20260923-titan-gate-fix ROUND_START_SEND players=4
2026-09-23T09:34:44 remz-dev-20260923-titan-gate-fix STATE_SEND peer=716078563 raw=28080 bytes=4177 parts=5
2026-09-23T09:34:44 remz-dev-20260923-titan-gate-fix STATE_SEND peer=2045827882 raw=28080 bytes=4177 parts=5
2026-09-23T09:34:44 remz-dev-20260923-titan-gate-fix STATE_SEND peer=353506067 raw=28080 bytes=4177 parts=5
2026-09-23T09:34:44 remz-dev-20260923-titan-gate-fix ROUND_BEGIN intro=false
2026-09-23T09:34:44 remz-dev-20260923-titan-gate-fix ROUND_RUNNING players=4
2026-09-23T09:35:49 remz-dev-20260923-titan-gate-fix PEER_DISCONNECTED id=716078563
2026-09-23T09:36:03 remz-dev-20260923-titan-gate-fix PEER_CONNECTED id=1554479787
2026-09-23T09:36:03 remz-dev-20260923-titan-gate-fix INITIAL_SEND peer=1554479787 raw=30252 bytes=5151 parts=6
2026-09-23T09:36:03 remz-dev-20260923-titan-gate-fix CLIENT_READY peer=1554479787
2026-09-23T09:36:29 remz-dev-20260923-titan-gate-fix STATE_SEND peer=2045827882 raw=43544 bytes=7031 parts=8
2026-09-23T09:36:29 remz-dev-20260923-titan-gate-fix STATE_SEND peer=353506067 raw=43544 bytes=7031 parts=8
2026-09-23T09:36:29 remz-dev-20260923-titan-gate-fix STATE_SEND peer=1554479787 raw=43544 bytes=7031 parts=8
2026-09-23T09:36:46 remz-dev-20260923-titan-gate-fix MAP_READY
2026-09-23T09:36:46 remz-dev-20260923-titan-gate-fix INITIAL_SEND peer=2045827882 raw=28016 bytes=4145 parts=5
2026-09-23T09:36:46 remz-dev-20260923-titan-gate-fix INITIAL_SEND peer=353506067 raw=28016 bytes=4145 parts=5
2026-09-23T09:36:47 remz-dev-20260923-titan-gate-fix CLIENT_READY peer=2045827882
2026-09-23T09:36:47 remz-dev-20260923-titan-gate-fix CLIENT_READY peer=353506067
2026-09-23T09:36:47 remz-dev-20260923-titan-gate-fix INITIAL_SEND peer=1554479787 raw=28016 bytes=4148 parts=5
2026-09-23T09:36:47 remz-dev-20260923-titan-gate-fix CLIENT_READY peer=1554479787
2026-09-23T09:36:47 remz-dev-20260923-titan-gate-fix ROUND_START_SEND players=4
2026-09-23T09:36:47 remz-dev-20260923-titan-gate-fix STATE_SEND peer=2045827882 raw=28016 bytes=4151 parts=5
2026-09-23T09:36:47 remz-dev-20260923-titan-gate-fix STATE_SEND peer=353506067 raw=28016 bytes=4151 parts=5
2026-09-23T09:36:47 remz-dev-20260923-titan-gate-fix STATE_SEND peer=1554479787 raw=28016 bytes=4151 parts=5
2026-09-23T09:36:47 remz-dev-20260923-titan-gate-fix ROUND_BEGIN intro=false
2026-09-23T09:36:47 remz-dev-20260923-titan-gate-fix ROUND_RUNNING players=4
2026-09-23T09:36:49 remz-dev-20260923-titan-gate-fix PEER_DISCONNECTED id=1554479787
2026-09-23T09:36:50 remz-dev-20260923-titan-gate-fix LEAVE_BEGIN phase=running reason=Integration test finished
2026-09-23T09:36:50 remz-dev-20260923-titan-gate-fix LEAVE_PEER_DETACHED
2026-09-23T09:36:50 remz-dev-20260923-titan-gate-fix LEAVE_PEER_CLOSED
2026-09-23T09:36:50 remz-dev-20260923-titan-gate-fix LEAVE_RELOAD
2026-09-23T09:37:04 remz-dev-20260923-titan-gate-fix MAP_READY
