2026-09-20T21:14:07 remz-coop-startfix-20260920 BOOT exe=C:/Users/miche/Desktop/Godot.exe
2026-09-20T21:14:07 remz-coop-startfix-20260920 NETWORK_INITIALIZED
2026-09-20T21:14:26 remz-coop-startfix-20260920 MAP_READY
2026-09-20T21:14:26 remz-coop-startfix-20260920 HOST_CREATE port=24733
2026-09-20T21:14:26 remz-coop-startfix-20260920 HOST_READY
2026-09-20T21:14:26 remz-coop-startfix-20260920 PEER_CONNECTED id=1692996184
2026-09-20T21:14:26 remz-coop-startfix-20260920 INITIAL_SEND peer=1692996184 raw=14980 bytes=2756 parts=4
2026-09-20T21:14:26 remz-coop-startfix-20260920 CLIENT_READY peer=1692996184
2026-09-20T21:14:26 remz-coop-startfix-20260920 PEER_CONNECTED id=773277689
2026-09-20T21:14:26 remz-coop-startfix-20260920 PEER_CONNECTED id=668791098
2026-09-20T21:14:26 remz-coop-startfix-20260920 INITIAL_SEND peer=773277689 raw=19140 bytes=2864 parts=4
2026-09-20T21:14:26 remz-coop-startfix-20260920 INITIAL_SEND peer=668791098 raw=19140 bytes=2864 parts=4
2026-09-20T21:14:26 remz-coop-startfix-20260920 CLIENT_READY peer=773277689
2026-09-20T21:14:26 remz-coop-startfix-20260920 CLIENT_READY peer=668791098
2026-09-20T21:14:26 remz-coop-startfix-20260920 ROUND_START_SEND players=4
2026-09-20T21:14:26 remz-coop-startfix-20260920 STATE_SEND peer=1692996184 raw=19144 bytes=2832 parts=4
2026-09-20T21:14:26 remz-coop-startfix-20260920 STATE_SEND peer=773277689 raw=19144 bytes=2832 parts=4
2026-09-20T21:14:26 remz-coop-startfix-20260920 STATE_SEND peer=668791098 raw=19144 bytes=2832 parts=4
2026-09-20T21:14:26 remz-coop-startfix-20260920 ROUND_BEGIN intro=true
2026-09-20T21:14:26 remz-coop-startfix-20260920 ROUND_RUNNING players=4
2026-09-20T21:15:25 remz-coop-startfix-20260920 PEER_DISCONNECTED id=668791098
2026-09-20T21:15:40 remz-coop-startfix-20260920 PEER_CONNECTED id=250432947
2026-09-20T21:15:40 remz-coop-startfix-20260920 INITIAL_SEND peer=250432947 raw=20644 bytes=3535 parts=4
2026-09-20T21:15:40 remz-coop-startfix-20260920 CLIENT_READY peer=250432947
2026-09-20T21:15:58 remz-coop-startfix-20260920 STATE_SEND peer=1692996184 raw=34044 bytes=5315 parts=6
2026-09-20T21:15:58 remz-coop-startfix-20260920 STATE_SEND peer=773277689 raw=34044 bytes=5315 parts=6
2026-09-20T21:15:58 remz-coop-startfix-20260920 STATE_SEND peer=250432947 raw=34044 bytes=5315 parts=6
2026-09-20T21:16:18 remz-coop-startfix-20260920 MAP_READY
2026-09-20T21:16:18 remz-coop-startfix-20260920 INITIAL_SEND peer=250432947 raw=19012 bytes=2806 parts=4
2026-09-20T21:16:18 remz-coop-startfix-20260920 INITIAL_SEND peer=773277689 raw=19012 bytes=2806 parts=4
2026-09-20T21:16:18 remz-coop-startfix-20260920 CLIENT_READY peer=250432947
2026-09-20T21:16:18 remz-coop-startfix-20260920 CLIENT_READY peer=773277689
2026-09-20T21:16:18 remz-coop-startfix-20260920 INITIAL_SEND peer=1692996184 raw=19012 bytes=2806 parts=4
2026-09-20T21:16:18 remz-coop-startfix-20260920 CLIENT_READY peer=1692996184
2026-09-20T21:16:18 remz-coop-startfix-20260920 ROUND_START_SEND players=4
2026-09-20T21:16:19 remz-coop-startfix-20260920 STATE_SEND peer=1692996184 raw=19012 bytes=2808 parts=4
2026-09-20T21:16:19 remz-coop-startfix-20260920 STATE_SEND peer=773277689 raw=19012 bytes=2808 parts=4
2026-09-20T21:16:19 remz-coop-startfix-20260920 STATE_SEND peer=250432947 raw=19012 bytes=2808 parts=4
2026-09-20T21:16:19 remz-coop-startfix-20260920 ROUND_BEGIN intro=false
2026-09-20T21:16:19 remz-coop-startfix-20260920 ROUND_RUNNING players=4
2026-09-20T21:16:20 remz-coop-startfix-20260920 PEER_DISCONNECTED id=250432947
2026-09-20T21:16:21 remz-coop-startfix-20260920 LEAVE_BEGIN phase=running reason=Integration test finished
2026-09-20T21:16:21 remz-coop-startfix-20260920 LEAVE_PEER_DETACHED
2026-09-20T21:16:21 remz-coop-startfix-20260920 LEAVE_PEER_CLOSED
2026-09-20T21:16:21 remz-coop-startfix-20260920 LEAVE_RELOAD
2026-09-20T21:16:40 remz-coop-startfix-20260920 MAP_READY
