2026-09-21T20:28:25 remz-dev-20260921-hunting BOOT exe=C:/Users/miche/Desktop/Godot.exe
2026-09-21T20:28:25 remz-dev-20260921-hunting NETWORK_INITIALIZED
2026-09-21T20:28:45 remz-dev-20260921-hunting MAP_READY
2026-09-21T20:28:45 remz-dev-20260921-hunting HOST_CREATE port=24687
2026-09-21T20:28:45 remz-dev-20260921-hunting HOST_READY
2026-09-21T20:28:45 remz-dev-20260921-hunting PEER_CONNECTED id=2040192611
2026-09-21T20:28:45 remz-dev-20260921-hunting PEER_CONNECTED id=1952291593
2026-09-21T20:28:45 remz-dev-20260921-hunting PEER_CONNECTED id=802018287
2026-09-21T20:28:45 remz-dev-20260921-hunting INITIAL_SEND peer=2040192611 raw=25048 bytes=3835 parts=5
2026-09-21T20:28:45 remz-dev-20260921-hunting INITIAL_SEND peer=1952291593 raw=25048 bytes=3835 parts=5
2026-09-21T20:28:45 remz-dev-20260921-hunting INITIAL_SEND peer=802018287 raw=25048 bytes=3836 parts=5
2026-09-21T20:28:45 remz-dev-20260921-hunting CLIENT_READY peer=2040192611
2026-09-21T20:28:45 remz-dev-20260921-hunting CLIENT_READY peer=1952291593
2026-09-21T20:28:45 remz-dev-20260921-hunting CLIENT_READY peer=802018287
2026-09-21T20:28:45 remz-dev-20260921-hunting ROUND_START_SEND players=4
2026-09-21T20:28:45 remz-dev-20260921-hunting STATE_SEND peer=2040192611 raw=25048 bytes=3837 parts=5
2026-09-21T20:28:45 remz-dev-20260921-hunting STATE_SEND peer=1952291593 raw=25048 bytes=3837 parts=5
2026-09-21T20:28:45 remz-dev-20260921-hunting STATE_SEND peer=802018287 raw=25048 bytes=3837 parts=5
2026-09-21T20:28:45 remz-dev-20260921-hunting ROUND_BEGIN intro=false
2026-09-21T20:28:45 remz-dev-20260921-hunting ROUND_RUNNING players=4
2026-09-21T20:29:53 remz-dev-20260921-hunting PEER_DISCONNECTED id=802018287
2026-09-21T20:30:10 remz-dev-20260921-hunting PEER_CONNECTED id=1891327241
2026-09-21T20:30:10 remz-dev-20260921-hunting INITIAL_SEND peer=1891327241 raw=27228 bytes=4852 parts=6
2026-09-21T20:30:10 remz-dev-20260921-hunting CLIENT_READY peer=1891327241
2026-09-21T20:30:37 remz-dev-20260921-hunting STATE_SEND peer=2040192611 raw=40452 bytes=6630 parts=8
2026-09-21T20:30:37 remz-dev-20260921-hunting STATE_SEND peer=1952291593 raw=40452 bytes=6630 parts=8
2026-09-21T20:30:37 remz-dev-20260921-hunting STATE_SEND peer=1891327241 raw=40452 bytes=6630 parts=8
2026-09-21T20:30:59 remz-dev-20260921-hunting MAP_READY
2026-09-21T20:30:59 remz-dev-20260921-hunting INITIAL_SEND peer=2040192611 raw=24920 bytes=3766 parts=5
2026-09-21T20:30:59 remz-dev-20260921-hunting INITIAL_SEND peer=1952291593 raw=24920 bytes=3766 parts=5
2026-09-21T20:30:59 remz-dev-20260921-hunting CLIENT_READY peer=2040192611
2026-09-21T20:30:59 remz-dev-20260921-hunting CLIENT_READY peer=1952291593
2026-09-21T20:30:59 remz-dev-20260921-hunting INITIAL_SEND peer=1891327241 raw=24920 bytes=3763 parts=5
2026-09-21T20:30:59 remz-dev-20260921-hunting CLIENT_READY peer=1891327241
2026-09-21T20:30:59 remz-dev-20260921-hunting ROUND_START_SEND players=4
2026-09-21T20:30:59 remz-dev-20260921-hunting STATE_SEND peer=2040192611 raw=24920 bytes=3767 parts=5
2026-09-21T20:30:59 remz-dev-20260921-hunting STATE_SEND peer=1952291593 raw=24920 bytes=3767 parts=5
2026-09-21T20:30:59 remz-dev-20260921-hunting STATE_SEND peer=1891327241 raw=24920 bytes=3767 parts=5
2026-09-21T20:30:59 remz-dev-20260921-hunting ROUND_BEGIN intro=false
2026-09-21T20:30:59 remz-dev-20260921-hunting ROUND_RUNNING players=4
2026-09-21T20:31:01 remz-dev-20260921-hunting PEER_DISCONNECTED id=1891327241
2026-09-21T20:31:02 remz-dev-20260921-hunting LEAVE_BEGIN phase=running reason=Integration test finished
2026-09-21T20:31:02 remz-dev-20260921-hunting LEAVE_PEER_DETACHED
2026-09-21T20:31:02 remz-dev-20260921-hunting LEAVE_PEER_CLOSED
2026-09-21T20:31:02 remz-dev-20260921-hunting LEAVE_RELOAD
2026-09-21T20:31:20 remz-dev-20260921-hunting MAP_READY
