2026-09-23T19:14:38 remz-dev-20260923-komplett BOOT exe=C:/Users/miche/Desktop/Godot.exe
2026-09-23T19:14:38 remz-dev-20260923-komplett NETWORK_INITIALIZED
2026-09-23T19:14:56 remz-dev-20260923-komplett MAP_READY
2026-09-23T19:14:56 remz-dev-20260923-komplett HOST_CREATE port=24687
2026-09-23T19:14:56 remz-dev-20260923-komplett HOST_READY
2026-09-23T19:14:56 remz-dev-20260923-komplett PEER_CONNECTED id=406623464
2026-09-23T19:14:56 remz-dev-20260923-komplett PEER_CONNECTED id=149447630
2026-09-23T19:14:56 remz-dev-20260923-komplett INITIAL_SEND peer=406623464 raw=25104 bytes=4091 parts=5
2026-09-23T19:14:56 remz-dev-20260923-komplett INITIAL_SEND peer=149447630 raw=25104 bytes=4092 parts=5
2026-09-23T19:14:56 remz-dev-20260923-komplett PEER_CONNECTED id=1060195360
2026-09-23T19:14:56 remz-dev-20260923-komplett CLIENT_READY peer=406623464
2026-09-23T19:14:56 remz-dev-20260923-komplett CLIENT_READY peer=149447630
2026-09-23T19:14:56 remz-dev-20260923-komplett INITIAL_SEND peer=1060195360 raw=28152 bytes=4177 parts=5
2026-09-23T19:14:56 remz-dev-20260923-komplett CLIENT_READY peer=1060195360
2026-09-23T19:14:56 remz-dev-20260923-komplett ROUND_START_SEND players=4
2026-09-23T19:14:56 remz-dev-20260923-komplett STATE_SEND peer=406623464 raw=28152 bytes=4179 parts=5
2026-09-23T19:14:56 remz-dev-20260923-komplett STATE_SEND peer=149447630 raw=28152 bytes=4179 parts=5
2026-09-23T19:14:56 remz-dev-20260923-komplett STATE_SEND peer=1060195360 raw=28152 bytes=4179 parts=5
2026-09-23T19:14:56 remz-dev-20260923-komplett ROUND_BEGIN intro=false
2026-09-23T19:14:56 remz-dev-20260923-komplett ROUND_RUNNING players=4
2026-09-23T19:16:01 remz-dev-20260923-komplett PEER_DISCONNECTED id=406623464
2026-09-23T19:16:12 remz-dev-20260923-komplett PEER_CONNECTED id=795906057
2026-09-23T19:16:12 remz-dev-20260923-komplett INITIAL_SEND peer=795906057 raw=30340 bytes=5209 parts=6
2026-09-23T19:16:12 remz-dev-20260923-komplett CLIENT_READY peer=795906057
2026-09-23T19:16:39 remz-dev-20260923-komplett STATE_SEND peer=149447630 raw=43684 bytes=7083 parts=8
2026-09-23T19:16:39 remz-dev-20260923-komplett STATE_SEND peer=1060195360 raw=43684 bytes=7083 parts=8
2026-09-23T19:16:39 remz-dev-20260923-komplett STATE_SEND peer=795906057 raw=43684 bytes=7083 parts=8
2026-09-23T19:16:52 remz-dev-20260923-komplett MAP_READY
2026-09-23T19:16:52 remz-dev-20260923-komplett INITIAL_SEND peer=1060195360 raw=28024 bytes=4111 parts=5
2026-09-23T19:16:52 remz-dev-20260923-komplett INITIAL_SEND peer=149447630 raw=28024 bytes=4111 parts=5
2026-09-23T19:16:52 remz-dev-20260923-komplett INITIAL_SEND peer=795906057 raw=28024 bytes=4111 parts=5
2026-09-23T19:16:52 remz-dev-20260923-komplett CLIENT_READY peer=1060195360
2026-09-23T19:16:52 remz-dev-20260923-komplett CLIENT_READY peer=795906057
2026-09-23T19:16:52 remz-dev-20260923-komplett CLIENT_READY peer=149447630
2026-09-23T19:16:52 remz-dev-20260923-komplett ROUND_START_SEND players=4
2026-09-23T19:16:52 remz-dev-20260923-komplett STATE_SEND peer=149447630 raw=28024 bytes=4115 parts=5
2026-09-23T19:16:52 remz-dev-20260923-komplett STATE_SEND peer=1060195360 raw=28024 bytes=4115 parts=5
2026-09-23T19:16:52 remz-dev-20260923-komplett STATE_SEND peer=795906057 raw=28024 bytes=4115 parts=5
2026-09-23T19:16:52 remz-dev-20260923-komplett ROUND_BEGIN intro=false
2026-09-23T19:16:52 remz-dev-20260923-komplett ROUND_RUNNING players=4
2026-09-23T19:16:56 remz-dev-20260923-komplett PEER_DISCONNECTED id=795906057
2026-09-23T19:16:57 remz-dev-20260923-komplett LEAVE_BEGIN phase=running reason=Integration test finished
2026-09-23T19:16:57 remz-dev-20260923-komplett LEAVE_PEER_DETACHED
2026-09-23T19:16:57 remz-dev-20260923-komplett LEAVE_PEER_CLOSED
2026-09-23T19:16:57 remz-dev-20260923-komplett LEAVE_RELOAD
2026-09-23T19:17:08 remz-dev-20260923-komplett MAP_READY
