2026-09-24T08:46:32 remz-dev-20260923-komplett BOOT exe=C:/Users/miche/Desktop/Godot.exe
2026-09-24T08:46:32 remz-dev-20260923-komplett NETWORK_INITIALIZED
2026-09-24T08:46:51 remz-dev-20260923-komplett MAP_READY
2026-09-24T08:46:51 remz-dev-20260923-komplett HOST_CREATE port=24687
2026-09-24T08:46:51 remz-dev-20260923-komplett HOST_READY
2026-09-24T08:46:52 remz-dev-20260923-komplett PEER_CONNECTED id=2061610145
2026-09-24T08:46:52 remz-dev-20260923-komplett PEER_CONNECTED id=1071765339
2026-09-24T08:46:52 remz-dev-20260923-komplett INITIAL_SEND peer=2061610145 raw=25268 bytes=4117 parts=5
2026-09-24T08:46:52 remz-dev-20260923-komplett INITIAL_SEND peer=1071765339 raw=25268 bytes=4117 parts=5
2026-09-24T08:46:52 remz-dev-20260923-komplett CLIENT_READY peer=2061610145
2026-09-24T08:46:52 remz-dev-20260923-komplett PEER_CONNECTED id=1391608469
2026-09-24T08:46:52 remz-dev-20260923-komplett CLIENT_READY peer=1071765339
2026-09-24T08:46:52 remz-dev-20260923-komplett INITIAL_SEND peer=1391608469 raw=28340 bytes=4193 parts=5
2026-09-24T08:46:52 remz-dev-20260923-komplett CLIENT_READY peer=1391608469
2026-09-24T08:46:52 remz-dev-20260923-komplett ROUND_START_SEND players=4
2026-09-24T08:46:52 remz-dev-20260923-komplett STATE_SEND peer=2061610145 raw=28340 bytes=4195 parts=5
2026-09-24T08:46:52 remz-dev-20260923-komplett STATE_SEND peer=1071765339 raw=28340 bytes=4195 parts=5
2026-09-24T08:46:52 remz-dev-20260923-komplett STATE_SEND peer=1391608469 raw=28340 bytes=4195 parts=5
2026-09-24T08:46:52 remz-dev-20260923-komplett ROUND_BEGIN intro=false
2026-09-24T08:46:52 remz-dev-20260923-komplett ROUND_RUNNING players=4
2026-09-24T08:48:01 remz-dev-20260923-komplett PEER_DISCONNECTED id=1071765339
2026-09-24T08:48:14 remz-dev-20260923-komplett PEER_CONNECTED id=427704661
2026-09-24T08:48:14 remz-dev-20260923-komplett INITIAL_SEND peer=427704661 raw=30548 bytes=5226 parts=6
2026-09-24T08:48:14 remz-dev-20260923-komplett CLIENT_READY peer=427704661
2026-09-24T08:48:41 remz-dev-20260923-komplett STATE_SEND peer=2061610145 raw=43864 bytes=7035 parts=8
2026-09-24T08:48:41 remz-dev-20260923-komplett STATE_SEND peer=1391608469 raw=43864 bytes=7035 parts=8
2026-09-24T08:48:41 remz-dev-20260923-komplett STATE_SEND peer=427704661 raw=43864 bytes=7035 parts=8
2026-09-24T08:48:57 remz-dev-20260923-komplett MAP_READY
2026-09-24T08:48:57 remz-dev-20260923-komplett INITIAL_SEND peer=427704661 raw=28212 bytes=4120 parts=5
2026-09-24T08:48:57 remz-dev-20260923-komplett INITIAL_SEND peer=2061610145 raw=28212 bytes=4120 parts=5
2026-09-24T08:48:57 remz-dev-20260923-komplett INITIAL_SEND peer=1391608469 raw=28212 bytes=4120 parts=5
2026-09-24T08:48:57 remz-dev-20260923-komplett CLIENT_READY peer=1391608469
2026-09-24T08:48:57 remz-dev-20260923-komplett CLIENT_READY peer=427704661
2026-09-24T08:48:57 remz-dev-20260923-komplett CLIENT_READY peer=2061610145
2026-09-24T08:48:57 remz-dev-20260923-komplett ROUND_START_SEND players=4
2026-09-24T08:48:57 remz-dev-20260923-komplett STATE_SEND peer=2061610145 raw=28212 bytes=4121 parts=5
2026-09-24T08:48:57 remz-dev-20260923-komplett STATE_SEND peer=1391608469 raw=28212 bytes=4121 parts=5
2026-09-24T08:48:57 remz-dev-20260923-komplett STATE_SEND peer=427704661 raw=28212 bytes=4121 parts=5
2026-09-24T08:48:57 remz-dev-20260923-komplett ROUND_BEGIN intro=false
2026-09-24T08:48:57 remz-dev-20260923-komplett ROUND_RUNNING players=4
2026-09-24T08:48:59 remz-dev-20260923-komplett PEER_DISCONNECTED id=427704661
2026-09-24T08:48:59 remz-dev-20260923-komplett LEAVE_BEGIN phase=running reason=Integration test finished
2026-09-24T08:48:59 remz-dev-20260923-komplett LEAVE_PEER_DETACHED
2026-09-24T08:48:59 remz-dev-20260923-komplett LEAVE_PEER_CLOSED
2026-09-24T08:48:59 remz-dev-20260923-komplett LEAVE_RELOAD
2026-09-24T08:49:11 remz-dev-20260923-komplett MAP_READY
