2026-09-23T00:57:13 remz-dev-20260922-weapon-expansion BOOT exe=C:/Users/miche/Desktop/Godot.exe
2026-09-23T00:57:13 remz-dev-20260922-weapon-expansion NETWORK_INITIALIZED
2026-09-23T00:57:29 remz-dev-20260922-weapon-expansion MAP_READY
2026-09-23T00:57:29 remz-dev-20260922-weapon-expansion JOIN_BEGIN address=127.0.0.1 port=24687
2026-09-23T00:57:29 remz-dev-20260922-weapon-expansion JOIN_SOCKET result=0
2026-09-23T00:57:29 remz-dev-20260922-weapon-expansion TRANSPORT_CONNECTED sending_hello
2026-09-23T00:57:29 remz-dev-20260922-weapon-expansion PEER_CONNECTED id=1
2026-09-23T00:57:29 remz-dev-20260922-weapon-expansion WELCOME
2026-09-23T00:57:29 remz-dev-20260922-weapon-expansion INITIAL_RECEIVE parts=5
2026-09-23T00:57:29 remz-dev-20260922-weapon-expansion INITIAL_APPLY_BEGIN
2026-09-23T00:57:29 remz-dev-20260922-weapon-expansion STATE_STAGE structures
2026-09-23T00:57:29 remz-dev-20260922-weapon-expansion STATE_STAGE players
2026-09-23T00:57:29 remz-dev-20260922-weapon-expansion STATE_STAGE enemies
2026-09-23T00:57:29 remz-dev-20260922-weapon-expansion STATE_STAGE items
2026-09-23T00:57:29 remz-dev-20260922-weapon-expansion STATE_STAGE barricades
2026-09-23T00:57:29 remz-dev-20260922-weapon-expansion PEER_CONNECTED id=860818998
2026-09-23T00:57:29 remz-dev-20260922-weapon-expansion INITIAL_APPLY_DONE
2026-09-23T00:57:29 remz-dev-20260922-weapon-expansion PEER_CONNECTED id=1481116058
2026-09-23T00:57:29 remz-dev-20260922-weapon-expansion STATE_RECEIVE parts=5
2026-09-23T00:57:29 remz-dev-20260922-weapon-expansion STATE_STAGE structures
2026-09-23T00:57:29 remz-dev-20260922-weapon-expansion STATE_STAGE players
2026-09-23T00:57:29 remz-dev-20260922-weapon-expansion STATE_STAGE enemies
2026-09-23T00:57:29 remz-dev-20260922-weapon-expansion STATE_STAGE items
2026-09-23T00:57:29 remz-dev-20260922-weapon-expansion STATE_STAGE barricades
2026-09-23T00:57:29 remz-dev-20260922-weapon-expansion STATE_APPLY_DONE sequence=4
2026-09-23T00:57:29 remz-dev-20260922-weapon-expansion ROUND_BEGIN intro=false
2026-09-23T00:57:29 remz-dev-20260922-weapon-expansion ROUND_RUNNING players=4
2026-09-23T00:57:41 remz-dev-20260922-weapon-expansion STATE_STAGE structures
2026-09-23T00:57:41 remz-dev-20260922-weapon-expansion STATE_STAGE players
2026-09-23T00:57:41 remz-dev-20260922-weapon-expansion STATE_STAGE enemies
2026-09-23T00:57:41 remz-dev-20260922-weapon-expansion STATE_STAGE items
2026-09-23T00:57:41 remz-dev-20260922-weapon-expansion STATE_STAGE barricades
2026-09-23T00:57:48 remz-dev-20260922-weapon-expansion STATE_STAGE structures
2026-09-23T00:57:49 remz-dev-20260922-weapon-expansion STATE_STAGE players
2026-09-23T00:57:49 remz-dev-20260922-weapon-expansion STATE_STAGE enemies
2026-09-23T00:57:49 remz-dev-20260922-weapon-expansion STATE_STAGE items
2026-09-23T00:57:49 remz-dev-20260922-weapon-expansion STATE_STAGE barricades
2026-09-23T00:57:55 remz-dev-20260922-weapon-expansion STATE_STAGE structures
2026-09-23T00:57:55 remz-dev-20260922-weapon-expansion STATE_STAGE players
2026-09-23T00:57:55 remz-dev-20260922-weapon-expansion STATE_STAGE enemies
2026-09-23T00:57:55 remz-dev-20260922-weapon-expansion STATE_STAGE items
2026-09-23T00:57:55 remz-dev-20260922-weapon-expansion STATE_STAGE barricades
2026-09-23T00:57:56 remz-dev-20260922-weapon-expansion STATE_STAGE structures
2026-09-23T00:57:56 remz-dev-20260922-weapon-expansion STATE_STAGE players
2026-09-23T00:57:56 remz-dev-20260922-weapon-expansion STATE_STAGE enemies
2026-09-23T00:57:56 remz-dev-20260922-weapon-expansion STATE_STAGE items
2026-09-23T00:57:56 remz-dev-20260922-weapon-expansion STATE_STAGE barricades
2026-09-23T00:57:58 remz-dev-20260922-weapon-expansion STATE_STAGE structures
2026-09-23T00:57:58 remz-dev-20260922-weapon-expansion STATE_STAGE players
2026-09-23T00:57:58 remz-dev-20260922-weapon-expansion STATE_STAGE enemies
2026-09-23T00:57:58 remz-dev-20260922-weapon-expansion STATE_STAGE items
2026-09-23T00:57:58 remz-dev-20260922-weapon-expansion STATE_STAGE barricades
2026-09-23T00:57:59 remz-dev-20260922-weapon-expansion STATE_STAGE structures
2026-09-23T00:57:59 remz-dev-20260922-weapon-expansion STATE_STAGE players
2026-09-23T00:57:59 remz-dev-20260922-weapon-expansion STATE_STAGE enemies
2026-09-23T00:57:59 remz-dev-20260922-weapon-expansion STATE_STAGE items
2026-09-23T00:57:59 remz-dev-20260922-weapon-expansion STATE_STAGE barricades
2026-09-23T00:58:09 remz-dev-20260922-weapon-expansion STATE_STAGE structures
2026-09-23T00:58:09 remz-dev-20260922-weapon-expansion STATE_STAGE players
2026-09-23T00:58:09 remz-dev-20260922-weapon-expansion STATE_STAGE enemies
2026-09-23T00:58:09 remz-dev-20260922-weapon-expansion STATE_STAGE items
2026-09-23T00:58:09 remz-dev-20260922-weapon-expansion STATE_STAGE barricades
2026-09-23T00:58:10 remz-dev-20260922-weapon-expansion STATE_STAGE structures
2026-09-23T00:58:10 remz-dev-20260922-weapon-expansion STATE_STAGE players
2026-09-23T00:58:10 remz-dev-20260922-weapon-expansion STATE_STAGE enemies
2026-09-23T00:58:10 remz-dev-20260922-weapon-expansion STATE_STAGE items
2026-09-23T00:58:10 remz-dev-20260922-weapon-expansion STATE_STAGE barricades
2026-09-23T00:58:16 remz-dev-20260922-weapon-expansion STATE_STAGE structures
2026-09-23T00:58:16 remz-dev-20260922-weapon-expansion STATE_STAGE players
2026-09-23T00:58:16 remz-dev-20260922-weapon-expansion STATE_STAGE enemies
2026-09-23T00:58:16 remz-dev-20260922-weapon-expansion STATE_STAGE items
2026-09-23T00:58:16 remz-dev-20260922-weapon-expansion STATE_STAGE barricades
2026-09-23T00:58:34 remz-dev-20260922-weapon-expansion PEER_DISCONNECTED id=860818998
2026-09-23T00:58:48 remz-dev-20260922-weapon-expansion PEER_CONNECTED id=1121998084
2026-09-23T00:59:14 remz-dev-20260922-weapon-expansion STATE_RECEIVE parts=8
2026-09-23T00:59:14 remz-dev-20260922-weapon-expansion STATE_APPLY_DONE sequence=1024
2026-09-23T00:59:31 remz-dev-20260922-weapon-expansion MAP_READY
2026-09-23T00:59:32 remz-dev-20260922-weapon-expansion INITIAL_RECEIVE parts=5
2026-09-23T00:59:32 remz-dev-20260922-weapon-expansion INITIAL_APPLY_BEGIN
2026-09-23T00:59:32 remz-dev-20260922-weapon-expansion STATE_STAGE structures
2026-09-23T00:59:32 remz-dev-20260922-weapon-expansion STATE_STAGE players
2026-09-23T00:59:32 remz-dev-20260922-weapon-expansion STATE_STAGE enemies
2026-09-23T00:59:32 remz-dev-20260922-weapon-expansion STATE_STAGE items
2026-09-23T00:59:32 remz-dev-20260922-weapon-expansion STATE_STAGE barricades
2026-09-23T00:59:32 remz-dev-20260922-weapon-expansion INITIAL_APPLY_DONE
2026-09-23T00:59:32 remz-dev-20260922-weapon-expansion STATE_RECEIVE parts=5
2026-09-23T00:59:32 remz-dev-20260922-weapon-expansion STATE_STAGE structures
2026-09-23T00:59:32 remz-dev-20260922-weapon-expansion STATE_STAGE players
2026-09-23T00:59:32 remz-dev-20260922-weapon-expansion STATE_STAGE enemies
2026-09-23T00:59:32 remz-dev-20260922-weapon-expansion STATE_STAGE items
2026-09-23T00:59:32 remz-dev-20260922-weapon-expansion STATE_STAGE barricades
2026-09-23T00:59:32 remz-dev-20260922-weapon-expansion STATE_APPLY_DONE sequence=1028
2026-09-23T00:59:32 remz-dev-20260922-weapon-expansion ROUND_BEGIN intro=false
2026-09-23T00:59:32 remz-dev-20260922-weapon-expansion ROUND_RUNNING players=4
2026-09-23T00:59:36 remz-dev-20260922-weapon-expansion PEER_DISCONNECTED id=1121998084
2026-09-23T00:59:37 remz-dev-20260922-weapon-expansion PEER_DISCONNECTED id=1
2026-09-23T00:59:37 remz-dev-20260922-weapon-expansion LEAVE_BEGIN phase=running reason=Der Host hat die Verbindung beendet.
2026-09-23T00:59:37 remz-dev-20260922-weapon-expansion LEAVE_PEER_DETACHED
2026-09-23T00:59:37 remz-dev-20260922-weapon-expansion LEAVE_PEER_CLOSED
2026-09-23T00:59:37 remz-dev-20260922-weapon-expansion LEAVE_RELOAD
2026-09-23T00:59:51 remz-dev-20260922-weapon-expansion MAP_READY
