2026-09-26T10:48:54 remz-dev-20260925-online BOOT exe=C:/Users/miche/Desktop/Godot.exe
2026-09-26T10:48:54 remz-dev-20260925-online NETWORK_INITIALIZED
2026-09-26T10:49:22 remz-dev-20260925-online MAP_READY
2026-09-26T10:49:22 remz-dev-20260925-online HOST_CREATE port=24687
2026-09-26T10:49:22 remz-dev-20260925-online HOST_READY
2026-09-26T10:49:23 remz-dev-20260925-online PEER_CONNECTED id=832194189
2026-09-26T10:49:23 remz-dev-20260925-online PEER_CONNECTED id=988290281
2026-09-26T10:49:23 remz-dev-20260925-online INITIAL_SEND peer=832194189 raw=26788 bytes=4498 parts=5
2026-09-26T10:49:23 remz-dev-20260925-online INITIAL_SEND peer=988290281 raw=26788 bytes=4498 parts=5
2026-09-26T10:49:23 remz-dev-20260925-online CLIENT_READY peer=832194189
2026-09-26T10:49:23 remz-dev-20260925-online CLIENT_READY peer=988290281
2026-09-26T10:49:31 remz-dev-20260925-online PEER_CONNECTED id=1138146961
2026-09-26T10:49:31 remz-dev-20260925-online INITIAL_SEND peer=1138146961 raw=29948 bytes=4578 parts=6
2026-09-26T10:49:31 remz-dev-20260925-online CLIENT_READY peer=1138146961
2026-09-26T10:49:31 remz-dev-20260925-online ROUND_START_SEND players=4
2026-09-26T10:49:31 remz-dev-20260925-online STATE_SEND peer=832194189 raw=29948 bytes=4579 parts=6
2026-09-26T10:49:31 remz-dev-20260925-online STATE_SEND peer=988290281 raw=29948 bytes=4579 parts=6
2026-09-26T10:49:31 remz-dev-20260925-online STATE_SEND peer=1138146961 raw=29948 bytes=4579 parts=6
2026-09-26T10:49:31 remz-dev-20260925-online ROUND_BEGIN intro=false
2026-09-26T10:49:31 remz-dev-20260925-online ROUND_RUNNING players=4
2026-09-26T10:50:35 remz-dev-20260925-online PEER_DISCONNECTED id=988290281
2026-09-26T10:50:46 remz-dev-20260925-online PEER_CONNECTED id=310369460
2026-09-26T10:50:47 remz-dev-20260925-online INITIAL_SEND peer=310369460 raw=32268 bytes=5638 parts=7
2026-09-26T10:50:47 remz-dev-20260925-online CLIENT_READY peer=310369460
2026-09-26T10:51:19 remz-dev-20260925-online STATE_SEND peer=832194189 raw=48340 bytes=7502 parts=9
2026-09-26T10:51:19 remz-dev-20260925-online STATE_SEND peer=1138146961 raw=48340 bytes=7502 parts=9
2026-09-26T10:51:19 remz-dev-20260925-online STATE_SEND peer=310369460 raw=48340 bytes=7502 parts=9
2026-09-26T10:51:35 remz-dev-20260925-online MAP_READY
2026-09-26T10:51:35 remz-dev-20260925-online INITIAL_SEND peer=1138146961 raw=29820 bytes=4512 parts=6
2026-09-26T10:51:35 remz-dev-20260925-online INITIAL_SEND peer=832194189 raw=29820 bytes=4512 parts=6
2026-09-26T10:51:35 remz-dev-20260925-online INITIAL_SEND peer=310369460 raw=29820 bytes=4511 parts=6
2026-09-26T10:51:35 remz-dev-20260925-online CLIENT_READY peer=832194189
2026-09-26T10:51:35 remz-dev-20260925-online CLIENT_READY peer=1138146961
2026-09-26T10:51:35 remz-dev-20260925-online CLIENT_READY peer=310369460
2026-09-26T10:51:35 remz-dev-20260925-online ROUND_START_SEND players=4
2026-09-26T10:51:35 remz-dev-20260925-online STATE_SEND peer=832194189 raw=29820 bytes=4513 parts=6
2026-09-26T10:51:35 remz-dev-20260925-online STATE_SEND peer=1138146961 raw=29820 bytes=4513 parts=6
2026-09-26T10:51:35 remz-dev-20260925-online STATE_SEND peer=310369460 raw=29820 bytes=4513 parts=6
2026-09-26T10:51:35 remz-dev-20260925-online ROUND_BEGIN intro=false
2026-09-26T10:51:35 remz-dev-20260925-online ROUND_RUNNING players=4
2026-09-26T10:51:38 remz-dev-20260925-online PEER_DISCONNECTED id=310369460
2026-09-26T10:51:38 remz-dev-20260925-online LEAVE_BEGIN phase=running reason=Integration test finished
2026-09-26T10:51:38 remz-dev-20260925-online LEAVE_PEER_DETACHED
2026-09-26T10:51:38 remz-dev-20260925-online LEAVE_PEER_CLOSED
2026-09-26T10:51:38 remz-dev-20260925-online LEAVE_RELOAD
2026-09-26T10:51:52 remz-dev-20260925-online MAP_READY
