2026-09-24T16:32:37 remz-dev-20260923-komplett BOOT exe=C:/Users/miche/Desktop/Godot.exe
2026-09-24T16:32:37 remz-dev-20260923-komplett NETWORK_INITIALIZED
2026-09-24T16:33:07 remz-dev-20260923-komplett MAP_READY
2026-09-24T16:33:07 remz-dev-20260923-komplett JOIN_BEGIN address=127.0.0.1 port=24687
2026-09-24T16:33:07 remz-dev-20260923-komplett JOIN_SOCKET result=0
2026-09-24T16:33:07 remz-dev-20260923-komplett TRANSPORT_CONNECTED sending_hello
2026-09-24T16:33:07 remz-dev-20260923-komplett PEER_CONNECTED id=1
2026-09-24T16:33:07 remz-dev-20260923-komplett PEER_CONNECTED id=337360703
2026-09-24T16:33:07 remz-dev-20260923-komplett PEER_CONNECTED id=2097442773
2026-09-24T16:33:07 remz-dev-20260923-komplett WELCOME
2026-09-24T16:33:07 remz-dev-20260923-komplett INITIAL_RECEIVE parts=5
2026-09-24T16:33:07 remz-dev-20260923-komplett INITIAL_APPLY_BEGIN
2026-09-24T16:33:07 remz-dev-20260923-komplett STATE_STAGE structures
2026-09-24T16:33:07 remz-dev-20260923-komplett STATE_STAGE players
2026-09-24T16:33:07 remz-dev-20260923-komplett STATE_STAGE enemies
2026-09-24T16:33:07 remz-dev-20260923-komplett STATE_STAGE items
2026-09-24T16:33:07 remz-dev-20260923-komplett STATE_STAGE barricades
2026-09-24T16:33:07 remz-dev-20260923-komplett INITIAL_APPLY_DONE
2026-09-24T16:33:07 remz-dev-20260923-komplett STATE_RECEIVE parts=5
2026-09-24T16:33:07 remz-dev-20260923-komplett STATE_STAGE structures
2026-09-24T16:33:07 remz-dev-20260923-komplett STATE_STAGE players
2026-09-24T16:33:07 remz-dev-20260923-komplett STATE_STAGE enemies
2026-09-24T16:33:07 remz-dev-20260923-komplett STATE_STAGE items
2026-09-24T16:33:07 remz-dev-20260923-komplett STATE_STAGE barricades
2026-09-24T16:33:07 remz-dev-20260923-komplett STATE_APPLY_DONE sequence=4
2026-09-24T16:33:07 remz-dev-20260923-komplett ROUND_BEGIN intro=false
2026-09-24T16:33:07 remz-dev-20260923-komplett ROUND_RUNNING players=4
2026-09-24T16:33:22 remz-dev-20260923-komplett STATE_STAGE structures
2026-09-24T16:33:22 remz-dev-20260923-komplett STATE_STAGE players
2026-09-24T16:33:22 remz-dev-20260923-komplett STATE_STAGE enemies
2026-09-24T16:33:22 remz-dev-20260923-komplett STATE_STAGE items
2026-09-24T16:33:22 remz-dev-20260923-komplett STATE_STAGE barricades
2026-09-24T16:33:30 remz-dev-20260923-komplett STATE_STAGE structures
2026-09-24T16:33:30 remz-dev-20260923-komplett STATE_STAGE players
2026-09-24T16:33:30 remz-dev-20260923-komplett STATE_STAGE enemies
2026-09-24T16:33:30 remz-dev-20260923-komplett STATE_STAGE items
2026-09-24T16:33:30 remz-dev-20260923-komplett STATE_STAGE barricades
2026-09-24T16:33:36 remz-dev-20260923-komplett STATE_STAGE structures
2026-09-24T16:33:36 remz-dev-20260923-komplett STATE_STAGE players
2026-09-24T16:33:36 remz-dev-20260923-komplett STATE_STAGE enemies
2026-09-24T16:33:36 remz-dev-20260923-komplett STATE_STAGE items
2026-09-24T16:33:36 remz-dev-20260923-komplett STATE_STAGE barricades
2026-09-24T16:33:38 remz-dev-20260923-komplett STATE_STAGE structures
2026-09-24T16:33:38 remz-dev-20260923-komplett STATE_STAGE players
2026-09-24T16:33:38 remz-dev-20260923-komplett STATE_STAGE enemies
2026-09-24T16:33:38 remz-dev-20260923-komplett STATE_STAGE items
2026-09-24T16:33:38 remz-dev-20260923-komplett STATE_STAGE barricades
2026-09-24T16:33:39 remz-dev-20260923-komplett STATE_STAGE structures
2026-09-24T16:33:39 remz-dev-20260923-komplett STATE_STAGE players
2026-09-24T16:33:39 remz-dev-20260923-komplett STATE_STAGE enemies
2026-09-24T16:33:39 remz-dev-20260923-komplett STATE_STAGE items
2026-09-24T16:33:39 remz-dev-20260923-komplett STATE_STAGE barricades
2026-09-24T16:33:50 remz-dev-20260923-komplett STATE_STAGE structures
2026-09-24T16:33:50 remz-dev-20260923-komplett STATE_STAGE players
2026-09-24T16:33:50 remz-dev-20260923-komplett STATE_STAGE enemies
2026-09-24T16:33:50 remz-dev-20260923-komplett STATE_STAGE items
2026-09-24T16:33:51 remz-dev-20260923-komplett STATE_STAGE barricades
2026-09-24T16:33:52 remz-dev-20260923-komplett STATE_STAGE structures
2026-09-24T16:33:52 remz-dev-20260923-komplett STATE_STAGE players
2026-09-24T16:33:52 remz-dev-20260923-komplett STATE_STAGE enemies
2026-09-24T16:33:52 remz-dev-20260923-komplett STATE_STAGE items
2026-09-24T16:33:52 remz-dev-20260923-komplett STATE_STAGE barricades
2026-09-24T16:33:58 remz-dev-20260923-komplett STATE_STAGE structures
2026-09-24T16:33:58 remz-dev-20260923-komplett STATE_STAGE players
2026-09-24T16:33:58 remz-dev-20260923-komplett STATE_STAGE enemies
2026-09-24T16:33:58 remz-dev-20260923-komplett STATE_STAGE items
2026-09-24T16:33:58 remz-dev-20260923-komplett STATE_STAGE barricades
2026-09-24T16:34:16 remz-dev-20260923-komplett PEER_DISCONNECTED id=337360703
2026-09-24T16:34:30 remz-dev-20260923-komplett PEER_CONNECTED id=1149198923
2026-09-24T16:34:58 remz-dev-20260923-komplett STATE_RECEIVE parts=8
2026-09-24T16:34:58 remz-dev-20260923-komplett STATE_APPLY_DONE sequence=1080
2026-09-24T16:35:20 remz-dev-20260923-komplett MAP_READY
2026-09-24T16:35:21 remz-dev-20260923-komplett INITIAL_RECEIVE parts=5
2026-09-24T16:35:21 remz-dev-20260923-komplett INITIAL_APPLY_BEGIN
2026-09-24T16:35:21 remz-dev-20260923-komplett STATE_STAGE structures
2026-09-24T16:35:21 remz-dev-20260923-komplett STATE_STAGE players
2026-09-24T16:35:21 remz-dev-20260923-komplett STATE_STAGE enemies
2026-09-24T16:35:21 remz-dev-20260923-komplett STATE_STAGE items
2026-09-24T16:35:21 remz-dev-20260923-komplett STATE_STAGE barricades
2026-09-24T16:35:21 remz-dev-20260923-komplett INITIAL_APPLY_DONE
2026-09-24T16:35:21 remz-dev-20260923-komplett STATE_RECEIVE parts=5
2026-09-24T16:35:21 remz-dev-20260923-komplett STATE_STAGE structures
2026-09-24T16:35:21 remz-dev-20260923-komplett STATE_STAGE players
2026-09-24T16:35:21 remz-dev-20260923-komplett STATE_STAGE enemies
2026-09-24T16:35:21 remz-dev-20260923-komplett STATE_STAGE items
2026-09-24T16:35:21 remz-dev-20260923-komplett STATE_STAGE barricades
2026-09-24T16:35:21 remz-dev-20260923-komplett STATE_APPLY_DONE sequence=1084
2026-09-24T16:35:21 remz-dev-20260923-komplett ROUND_BEGIN intro=false
2026-09-24T16:35:21 remz-dev-20260923-komplett ROUND_RUNNING players=4
2026-09-24T16:35:23 remz-dev-20260923-komplett PEER_DISCONNECTED id=1149198923
2026-09-24T16:35:24 remz-dev-20260923-komplett PEER_DISCONNECTED id=1
2026-09-24T16:35:24 remz-dev-20260923-komplett LEAVE_BEGIN phase=running reason=The host ended the connection.
2026-09-24T16:35:24 remz-dev-20260923-komplett LEAVE_PEER_DETACHED
2026-09-24T16:35:24 remz-dev-20260923-komplett LEAVE_PEER_CLOSED
2026-09-24T16:35:24 remz-dev-20260923-komplett LEAVE_RELOAD
2026-09-24T16:35:41 remz-dev-20260923-komplett MAP_READY
