2026-09-27T12:04:36 remz-dev-20260925-online BOOT exe=C:/Users/miche/Desktop/Godot.exe
2026-09-27T12:04:36 remz-dev-20260925-online NETWORK_INITIALIZED
2026-09-27T12:05:49 remz-dev-20260925-online MAP_READY
2026-09-27T12:05:49 remz-dev-20260925-online HOST_CREATE port=24796
2026-09-27T12:05:49 remz-dev-20260925-online HOST_READY
2026-09-27T12:05:49 remz-dev-20260925-online PEER_CONNECTED id=288009711
2026-09-27T12:05:49 remz-dev-20260925-online INITIAL_SEND peer=288009711 raw=27696 bytes=5024 parts=6
2026-09-27T12:05:49 remz-dev-20260925-online PEER_CONNECTED id=622358537
2026-09-27T12:05:49 remz-dev-20260925-online PEER_CONNECTED id=526181318
2026-09-27T12:05:49 remz-dev-20260925-online INITIAL_SEND peer=622358537 raw=34016 bytes=5322 parts=6
2026-09-27T12:05:49 remz-dev-20260925-online CLIENT_READY peer=288009711
2026-09-27T12:05:49 remz-dev-20260925-online INITIAL_SEND peer=526181318 raw=34016 bytes=5322 parts=6
2026-09-27T12:05:49 remz-dev-20260925-online CLIENT_READY peer=622358537
2026-09-27T12:05:49 remz-dev-20260925-online CLIENT_READY peer=526181318
2026-09-27T12:05:49 remz-dev-20260925-online ROUND_START_SEND players=4
2026-09-27T12:05:49 remz-dev-20260925-online STATE_SEND peer=288009711 raw=34016 bytes=5322 parts=6
2026-09-27T12:05:49 remz-dev-20260925-online STATE_SEND peer=622358537 raw=34016 bytes=5322 parts=6
2026-09-27T12:05:49 remz-dev-20260925-online STATE_SEND peer=526181318 raw=34016 bytes=5322 parts=6
2026-09-27T12:05:49 remz-dev-20260925-online ROUND_BEGIN intro=false
2026-09-27T12:05:49 remz-dev-20260925-online ROUND_RUNNING players=4
2026-09-27T12:07:08 remz-dev-20260925-online PEER_DISCONNECTED id=288009711
2026-09-27T12:07:36 remz-dev-20260925-online PEER_CONNECTED id=616167626
2026-09-27T12:07:36 remz-dev-20260925-online INITIAL_SEND peer=616167626 raw=36588 bytes=6496 parts=8
2026-09-27T12:07:36 remz-dev-20260925-online CLIENT_READY peer=616167626
2026-09-27T12:08:09 remz-dev-20260925-online STATE_SEND peer=622358537 raw=52756 bytes=8412 parts=10
2026-09-27T12:08:10 remz-dev-20260925-online STATE_SEND peer=526181318 raw=52756 bytes=8412 parts=10
2026-09-27T12:08:10 remz-dev-20260925-online STATE_SEND peer=616167626 raw=52756 bytes=8412 parts=10
2026-09-27T12:08:45 remz-dev-20260925-online MAP_READY
2026-09-27T12:08:45 remz-dev-20260925-online INITIAL_SEND peer=622358537 raw=33888 bytes=5250 parts=6
2026-09-27T12:08:45 remz-dev-20260925-online INITIAL_SEND peer=526181318 raw=33888 bytes=5250 parts=6
2026-09-27T12:08:45 remz-dev-20260925-online INITIAL_SEND peer=616167626 raw=33888 bytes=5250 parts=6
2026-09-27T12:08:46 remz-dev-20260925-online CLIENT_READY peer=616167626
2026-09-27T12:08:46 remz-dev-20260925-online CLIENT_READY peer=526181318
2026-09-27T12:08:46 remz-dev-20260925-online CLIENT_READY peer=622358537
2026-09-27T12:08:46 remz-dev-20260925-online ROUND_START_SEND players=4
2026-09-27T12:08:46 remz-dev-20260925-online STATE_SEND peer=622358537 raw=33888 bytes=5252 parts=6
2026-09-27T12:08:46 remz-dev-20260925-online STATE_SEND peer=526181318 raw=33888 bytes=5252 parts=6
2026-09-27T12:08:46 remz-dev-20260925-online STATE_SEND peer=616167626 raw=33888 bytes=5252 parts=6
2026-09-27T12:08:46 remz-dev-20260925-online ROUND_BEGIN intro=false
2026-09-27T12:08:46 remz-dev-20260925-online ROUND_RUNNING players=4
2026-09-27T12:08:48 remz-dev-20260925-online PEER_DISCONNECTED id=616167626
2026-09-27T12:08:48 remz-dev-20260925-online LEAVE_BEGIN phase=running reason=Integration test finished
2026-09-27T12:08:48 remz-dev-20260925-online LEAVE_PEER_DETACHED
2026-09-27T12:08:48 remz-dev-20260925-online LEAVE_PEER_CLOSED
2026-09-27T12:08:48 remz-dev-20260925-online LEAVE_RELOAD
2026-09-27T12:09:14 remz-dev-20260925-online MAP_READY
