2026-09-23T07:40:18 remz-dev-20260922-weapon-expansion BOOT exe=C:/Users/miche/Desktop/Godot.exe
2026-09-23T07:40:18 remz-dev-20260922-weapon-expansion NETWORK_INITIALIZED
2026-09-23T07:40:45 remz-dev-20260922-weapon-expansion MAP_READY
2026-09-23T07:40:45 remz-dev-20260922-weapon-expansion JOIN_BEGIN address=127.0.0.1 port=24687
2026-09-23T07:40:45 remz-dev-20260922-weapon-expansion JOIN_SOCKET result=0
2026-09-23T07:40:45 remz-dev-20260922-weapon-expansion TRANSPORT_CONNECTED sending_hello
2026-09-23T07:40:45 remz-dev-20260922-weapon-expansion PEER_CONNECTED id=1
2026-09-23T07:40:45 remz-dev-20260922-weapon-expansion PEER_CONNECTED id=600488207
2026-09-23T07:40:45 remz-dev-20260922-weapon-expansion PEER_CONNECTED id=1925784039
2026-09-23T07:40:45 remz-dev-20260922-weapon-expansion WELCOME
2026-09-23T07:40:45 remz-dev-20260922-weapon-expansion INITIAL_RECEIVE parts=5
2026-09-23T07:40:45 remz-dev-20260922-weapon-expansion INITIAL_APPLY_BEGIN
2026-09-23T07:40:45 remz-dev-20260922-weapon-expansion STATE_STAGE structures
2026-09-23T07:40:45 remz-dev-20260922-weapon-expansion STATE_STAGE players
2026-09-23T07:40:45 remz-dev-20260922-weapon-expansion STATE_STAGE enemies
2026-09-23T07:40:45 remz-dev-20260922-weapon-expansion STATE_STAGE items
2026-09-23T07:40:45 remz-dev-20260922-weapon-expansion STATE_STAGE barricades
2026-09-23T07:40:45 remz-dev-20260922-weapon-expansion INITIAL_APPLY_DONE
2026-09-23T07:40:45 remz-dev-20260922-weapon-expansion STATE_RECEIVE parts=5
2026-09-23T07:40:45 remz-dev-20260922-weapon-expansion STATE_STAGE structures
2026-09-23T07:40:45 remz-dev-20260922-weapon-expansion STATE_STAGE players
2026-09-23T07:40:45 remz-dev-20260922-weapon-expansion STATE_STAGE enemies
2026-09-23T07:40:45 remz-dev-20260922-weapon-expansion STATE_STAGE items
2026-09-23T07:40:45 remz-dev-20260922-weapon-expansion STATE_STAGE barricades
2026-09-23T07:40:45 remz-dev-20260922-weapon-expansion STATE_APPLY_DONE sequence=4
2026-09-23T07:40:45 remz-dev-20260922-weapon-expansion ROUND_BEGIN intro=false
2026-09-23T07:40:45 remz-dev-20260922-weapon-expansion ROUND_RUNNING players=4
2026-09-23T07:41:00 remz-dev-20260922-weapon-expansion STATE_STAGE structures
2026-09-23T07:41:00 remz-dev-20260922-weapon-expansion STATE_STAGE players
2026-09-23T07:41:00 remz-dev-20260922-weapon-expansion STATE_STAGE enemies
2026-09-23T07:41:00 remz-dev-20260922-weapon-expansion STATE_STAGE items
2026-09-23T07:41:00 remz-dev-20260922-weapon-expansion STATE_STAGE barricades
2026-09-23T07:41:08 remz-dev-20260922-weapon-expansion STATE_STAGE structures
2026-09-23T07:41:08 remz-dev-20260922-weapon-expansion STATE_STAGE players
2026-09-23T07:41:08 remz-dev-20260922-weapon-expansion STATE_STAGE enemies
2026-09-23T07:41:08 remz-dev-20260922-weapon-expansion STATE_STAGE items
2026-09-23T07:41:08 remz-dev-20260922-weapon-expansion STATE_STAGE barricades
2026-09-23T07:41:14 remz-dev-20260922-weapon-expansion STATE_STAGE structures
2026-09-23T07:41:14 remz-dev-20260922-weapon-expansion STATE_STAGE players
2026-09-23T07:41:14 remz-dev-20260922-weapon-expansion STATE_STAGE enemies
2026-09-23T07:41:14 remz-dev-20260922-weapon-expansion STATE_STAGE items
2026-09-23T07:41:14 remz-dev-20260922-weapon-expansion STATE_STAGE barricades
2026-09-23T07:41:16 remz-dev-20260922-weapon-expansion STATE_STAGE structures
2026-09-23T07:41:16 remz-dev-20260922-weapon-expansion STATE_STAGE players
2026-09-23T07:41:16 remz-dev-20260922-weapon-expansion STATE_STAGE enemies
2026-09-23T07:41:16 remz-dev-20260922-weapon-expansion STATE_STAGE items
2026-09-23T07:41:16 remz-dev-20260922-weapon-expansion STATE_STAGE barricades
2026-09-23T07:41:17 remz-dev-20260922-weapon-expansion STATE_STAGE structures
2026-09-23T07:41:17 remz-dev-20260922-weapon-expansion STATE_STAGE players
2026-09-23T07:41:17 remz-dev-20260922-weapon-expansion STATE_STAGE enemies
2026-09-23T07:41:17 remz-dev-20260922-weapon-expansion STATE_STAGE items
2026-09-23T07:41:17 remz-dev-20260922-weapon-expansion STATE_STAGE barricades
2026-09-23T07:41:29 remz-dev-20260922-weapon-expansion STATE_STAGE structures
2026-09-23T07:41:29 remz-dev-20260922-weapon-expansion STATE_STAGE players
2026-09-23T07:41:29 remz-dev-20260922-weapon-expansion STATE_STAGE enemies
2026-09-23T07:41:29 remz-dev-20260922-weapon-expansion STATE_STAGE items
2026-09-23T07:41:29 remz-dev-20260922-weapon-expansion STATE_STAGE barricades
2026-09-23T07:41:30 remz-dev-20260922-weapon-expansion STATE_STAGE structures
2026-09-23T07:41:30 remz-dev-20260922-weapon-expansion STATE_STAGE players
2026-09-23T07:41:30 remz-dev-20260922-weapon-expansion STATE_STAGE enemies
2026-09-23T07:41:30 remz-dev-20260922-weapon-expansion STATE_STAGE items
2026-09-23T07:41:30 remz-dev-20260922-weapon-expansion STATE_STAGE barricades
2026-09-23T07:41:36 remz-dev-20260922-weapon-expansion STATE_STAGE structures
2026-09-23T07:41:36 remz-dev-20260922-weapon-expansion STATE_STAGE players
2026-09-23T07:41:36 remz-dev-20260922-weapon-expansion STATE_STAGE enemies
2026-09-23T07:41:36 remz-dev-20260922-weapon-expansion STATE_STAGE items
2026-09-23T07:41:36 remz-dev-20260922-weapon-expansion STATE_STAGE barricades
2026-09-23T07:41:54 remz-dev-20260922-weapon-expansion PEER_DISCONNECTED id=600488207
2026-09-23T07:42:08 remz-dev-20260922-weapon-expansion PEER_CONNECTED id=518613132
2026-09-23T07:42:34 remz-dev-20260922-weapon-expansion STATE_RECEIVE parts=8
2026-09-23T07:42:34 remz-dev-20260922-weapon-expansion STATE_APPLY_DONE sequence=1062
2026-09-23T07:42:51 remz-dev-20260922-weapon-expansion MAP_READY
2026-09-23T07:42:52 remz-dev-20260922-weapon-expansion INITIAL_RECEIVE parts=5
2026-09-23T07:42:52 remz-dev-20260922-weapon-expansion INITIAL_APPLY_BEGIN
2026-09-23T07:42:52 remz-dev-20260922-weapon-expansion STATE_STAGE structures
2026-09-23T07:42:52 remz-dev-20260922-weapon-expansion STATE_STAGE players
2026-09-23T07:42:52 remz-dev-20260922-weapon-expansion STATE_STAGE enemies
2026-09-23T07:42:52 remz-dev-20260922-weapon-expansion STATE_STAGE items
2026-09-23T07:42:52 remz-dev-20260922-weapon-expansion STATE_STAGE barricades
2026-09-23T07:42:52 remz-dev-20260922-weapon-expansion INITIAL_APPLY_DONE
2026-09-23T07:42:53 remz-dev-20260922-weapon-expansion STATE_RECEIVE parts=5
2026-09-23T07:42:53 remz-dev-20260922-weapon-expansion STATE_STAGE structures
2026-09-23T07:42:53 remz-dev-20260922-weapon-expansion STATE_STAGE players
2026-09-23T07:42:53 remz-dev-20260922-weapon-expansion STATE_STAGE enemies
2026-09-23T07:42:53 remz-dev-20260922-weapon-expansion STATE_STAGE items
2026-09-23T07:42:53 remz-dev-20260922-weapon-expansion STATE_STAGE barricades
2026-09-23T07:42:53 remz-dev-20260922-weapon-expansion STATE_APPLY_DONE sequence=1066
2026-09-23T07:42:53 remz-dev-20260922-weapon-expansion ROUND_BEGIN intro=false
2026-09-23T07:42:53 remz-dev-20260922-weapon-expansion ROUND_RUNNING players=4
2026-09-23T07:42:54 remz-dev-20260922-weapon-expansion PEER_DISCONNECTED id=518613132
2026-09-23T07:42:55 remz-dev-20260922-weapon-expansion PEER_DISCONNECTED id=1
2026-09-23T07:42:55 remz-dev-20260922-weapon-expansion LEAVE_BEGIN phase=running reason=Der Host hat die Verbindung beendet.
2026-09-23T07:42:55 remz-dev-20260922-weapon-expansion LEAVE_PEER_DETACHED
2026-09-23T07:42:55 remz-dev-20260922-weapon-expansion LEAVE_PEER_CLOSED
2026-09-23T07:42:55 remz-dev-20260922-weapon-expansion LEAVE_RELOAD
2026-09-23T07:43:10 remz-dev-20260922-weapon-expansion MAP_READY
