2026-09-21T17:56:31 remz-coop-startfix-20260920 BOOT exe=C:/Users/miche/Desktop/Godot.exe
2026-09-21T17:56:31 remz-coop-startfix-20260920 NETWORK_INITIALIZED
2026-09-21T17:56:55 remz-coop-startfix-20260920 MAP_READY
2026-09-21T17:56:55 remz-coop-startfix-20260920 JOIN_BEGIN address=127.0.0.1 port=24739
2026-09-21T17:56:55 remz-coop-startfix-20260920 JOIN_SOCKET result=0
2026-09-21T17:56:55 remz-coop-startfix-20260920 TRANSPORT_CONNECTED sending_hello
2026-09-21T17:56:55 remz-coop-startfix-20260920 PEER_CONNECTED id=1
2026-09-21T17:56:55 remz-coop-startfix-20260920 PEER_CONNECTED id=1975186242
2026-09-21T17:56:55 remz-coop-startfix-20260920 WELCOME
2026-09-21T17:56:55 remz-coop-startfix-20260920 PEER_CONNECTED id=328138439
2026-09-21T17:56:55 remz-coop-startfix-20260920 INITIAL_RECEIVE parts=4
2026-09-21T17:56:55 remz-coop-startfix-20260920 INITIAL_APPLY_BEGIN
2026-09-21T17:56:55 remz-coop-startfix-20260920 STATE_STAGE structures
2026-09-21T17:56:55 remz-coop-startfix-20260920 STATE_STAGE players
2026-09-21T17:56:55 remz-coop-startfix-20260920 STATE_STAGE enemies
2026-09-21T17:56:56 remz-coop-startfix-20260920 STATE_STAGE items
2026-09-21T17:56:56 remz-coop-startfix-20260920 STATE_STAGE barricades
2026-09-21T17:56:56 remz-coop-startfix-20260920 INITIAL_APPLY_DONE
2026-09-21T17:56:56 remz-coop-startfix-20260920 STATE_RECEIVE parts=4
2026-09-21T17:56:56 remz-coop-startfix-20260920 STATE_STAGE structures
2026-09-21T17:56:56 remz-coop-startfix-20260920 STATE_STAGE players
2026-09-21T17:56:56 remz-coop-startfix-20260920 STATE_STAGE enemies
2026-09-21T17:56:56 remz-coop-startfix-20260920 STATE_STAGE items
2026-09-21T17:56:56 remz-coop-startfix-20260920 STATE_STAGE barricades
2026-09-21T17:56:56 remz-coop-startfix-20260920 STATE_APPLY_DONE sequence=4
2026-09-21T17:56:56 remz-coop-startfix-20260920 ROUND_BEGIN intro=false
2026-09-21T17:56:56 remz-coop-startfix-20260920 ROUND_RUNNING players=4
2026-09-21T17:57:13 remz-coop-startfix-20260920 STATE_STAGE structures
2026-09-21T17:57:13 remz-coop-startfix-20260920 STATE_STAGE players
2026-09-21T17:57:13 remz-coop-startfix-20260920 STATE_STAGE enemies
2026-09-21T17:57:13 remz-coop-startfix-20260920 STATE_STAGE items
2026-09-21T17:57:13 remz-coop-startfix-20260920 STATE_STAGE barricades
2026-09-21T17:57:22 remz-coop-startfix-20260920 STATE_STAGE structures
2026-09-21T17:57:22 remz-coop-startfix-20260920 STATE_STAGE players
2026-09-21T17:57:22 remz-coop-startfix-20260920 STATE_STAGE enemies
2026-09-21T17:57:22 remz-coop-startfix-20260920 STATE_STAGE items
2026-09-21T17:57:22 remz-coop-startfix-20260920 STATE_STAGE barricades
2026-09-21T17:57:29 remz-coop-startfix-20260920 STATE_STAGE structures
2026-09-21T17:57:29 remz-coop-startfix-20260920 STATE_STAGE players
2026-09-21T17:57:29 remz-coop-startfix-20260920 STATE_STAGE enemies
2026-09-21T17:57:29 remz-coop-startfix-20260920 STATE_STAGE items
2026-09-21T17:57:29 remz-coop-startfix-20260920 STATE_STAGE barricades
2026-09-21T17:57:31 remz-coop-startfix-20260920 STATE_STAGE structures
2026-09-21T17:57:31 remz-coop-startfix-20260920 STATE_STAGE players
2026-09-21T17:57:31 remz-coop-startfix-20260920 STATE_STAGE enemies
2026-09-21T17:57:31 remz-coop-startfix-20260920 STATE_STAGE items
2026-09-21T17:57:31 remz-coop-startfix-20260920 STATE_STAGE barricades
2026-09-21T17:57:36 remz-coop-startfix-20260920 STATE_STAGE structures
2026-09-21T17:57:36 remz-coop-startfix-20260920 STATE_STAGE players
2026-09-21T17:57:36 remz-coop-startfix-20260920 STATE_STAGE enemies
2026-09-21T17:57:36 remz-coop-startfix-20260920 STATE_STAGE items
2026-09-21T17:57:36 remz-coop-startfix-20260920 STATE_STAGE barricades
2026-09-21T17:57:37 remz-coop-startfix-20260920 STATE_STAGE structures
2026-09-21T17:57:37 remz-coop-startfix-20260920 STATE_STAGE players
2026-09-21T17:57:37 remz-coop-startfix-20260920 STATE_STAGE enemies
2026-09-21T17:57:37 remz-coop-startfix-20260920 STATE_STAGE items
2026-09-21T17:57:37 remz-coop-startfix-20260920 STATE_STAGE barricades
2026-09-21T17:57:41 remz-coop-startfix-20260920 STATE_STAGE structures
2026-09-21T17:57:41 remz-coop-startfix-20260920 STATE_STAGE players
2026-09-21T17:57:41 remz-coop-startfix-20260920 STATE_STAGE enemies
2026-09-21T17:57:41 remz-coop-startfix-20260920 STATE_STAGE items
2026-09-21T17:57:41 remz-coop-startfix-20260920 STATE_STAGE barricades
2026-09-21T17:57:49 remz-coop-startfix-20260920 PEER_DISCONNECTED id=1975186242
2026-09-21T17:58:03 remz-coop-startfix-20260920 PEER_CONNECTED id=1346313740
2026-09-21T17:58:04 remz-coop-startfix-20260920 STATE_STAGE structures
2026-09-21T17:58:04 remz-coop-startfix-20260920 STATE_STAGE players
2026-09-21T17:58:04 remz-coop-startfix-20260920 STATE_STAGE enemies
2026-09-21T17:58:04 remz-coop-startfix-20260920 STATE_STAGE items
2026-09-21T17:58:04 remz-coop-startfix-20260920 STATE_STAGE barricades
2026-09-21T17:58:19 remz-coop-startfix-20260920 STATE_RECEIVE parts=6
2026-09-21T17:58:19 remz-coop-startfix-20260920 STATE_APPLY_DONE sequence=801
2026-09-21T17:58:37 remz-coop-startfix-20260920 MAP_READY
2026-09-21T17:58:38 remz-coop-startfix-20260920 INITIAL_RECEIVE parts=4
2026-09-21T17:58:38 remz-coop-startfix-20260920 INITIAL_APPLY_BEGIN
2026-09-21T17:58:38 remz-coop-startfix-20260920 STATE_STAGE structures
2026-09-21T17:58:38 remz-coop-startfix-20260920 STATE_STAGE players
2026-09-21T17:58:38 remz-coop-startfix-20260920 STATE_STAGE enemies
2026-09-21T17:58:38 remz-coop-startfix-20260920 STATE_STAGE items
2026-09-21T17:58:38 remz-coop-startfix-20260920 STATE_STAGE barricades
2026-09-21T17:58:38 remz-coop-startfix-20260920 INITIAL_APPLY_DONE
2026-09-21T17:58:38 remz-coop-startfix-20260920 STATE_RECEIVE parts=4
2026-09-21T17:58:38 remz-coop-startfix-20260920 STATE_STAGE structures
2026-09-21T17:58:38 remz-coop-startfix-20260920 STATE_STAGE players
2026-09-21T17:58:38 remz-coop-startfix-20260920 STATE_STAGE enemies
2026-09-21T17:58:38 remz-coop-startfix-20260920 STATE_STAGE items
2026-09-21T17:58:38 remz-coop-startfix-20260920 STATE_STAGE barricades
2026-09-21T17:58:38 remz-coop-startfix-20260920 STATE_APPLY_DONE sequence=805
2026-09-21T17:58:38 remz-coop-startfix-20260920 ROUND_BEGIN intro=false
2026-09-21T17:58:38 remz-coop-startfix-20260920 ROUND_RUNNING players=4
2026-09-21T17:58:40 remz-coop-startfix-20260920 PEER_DISCONNECTED id=1346313740
2026-09-21T17:58:41 remz-coop-startfix-20260920 PEER_DISCONNECTED id=1
2026-09-21T17:58:41 remz-coop-startfix-20260920 LEAVE_BEGIN phase=running reason=Der Host hat die Verbindung beendet.
2026-09-21T17:58:41 remz-coop-startfix-20260920 LEAVE_PEER_DETACHED
2026-09-21T17:58:41 remz-coop-startfix-20260920 LEAVE_PEER_CLOSED
2026-09-21T17:58:41 remz-coop-startfix-20260920 LEAVE_RELOAD
2026-09-21T17:58:55 remz-coop-startfix-20260920 MAP_READY
