2026-09-21T19:15:10 remz-coop-tower-aim-20260921 BOOT exe=C:/Users/miche/Desktop/Godot.exe
2026-09-21T19:15:10 remz-coop-tower-aim-20260921 NETWORK_INITIALIZED
2026-09-21T19:15:27 remz-coop-tower-aim-20260921 MAP_READY
2026-09-21T19:15:27 remz-coop-tower-aim-20260921 JOIN_BEGIN address=127.0.0.1 port=24687
2026-09-21T19:15:27 remz-coop-tower-aim-20260921 JOIN_SOCKET result=0
2026-09-21T19:15:27 remz-coop-tower-aim-20260921 TRANSPORT_CONNECTED sending_hello
2026-09-21T19:15:27 remz-coop-tower-aim-20260921 PEER_CONNECTED id=1
2026-09-21T19:15:27 remz-coop-tower-aim-20260921 PEER_CONNECTED id=137709917
2026-09-21T19:15:27 remz-coop-tower-aim-20260921 WELCOME
2026-09-21T19:15:27 remz-coop-tower-aim-20260921 PEER_CONNECTED id=168820688
2026-09-21T19:15:27 remz-coop-tower-aim-20260921 INITIAL_RECEIVE parts=4
2026-09-21T19:15:27 remz-coop-tower-aim-20260921 INITIAL_APPLY_BEGIN
2026-09-21T19:15:27 remz-coop-tower-aim-20260921 STATE_STAGE structures
2026-09-21T19:15:27 remz-coop-tower-aim-20260921 STATE_STAGE players
2026-09-21T19:15:27 remz-coop-tower-aim-20260921 STATE_STAGE enemies
2026-09-21T19:15:27 remz-coop-tower-aim-20260921 STATE_STAGE items
2026-09-21T19:15:27 remz-coop-tower-aim-20260921 STATE_STAGE barricades
2026-09-21T19:15:27 remz-coop-tower-aim-20260921 INITIAL_APPLY_DONE
2026-09-21T19:15:27 remz-coop-tower-aim-20260921 STATE_RECEIVE parts=4
2026-09-21T19:15:27 remz-coop-tower-aim-20260921 STATE_STAGE structures
2026-09-21T19:15:27 remz-coop-tower-aim-20260921 STATE_STAGE players
2026-09-21T19:15:27 remz-coop-tower-aim-20260921 STATE_STAGE enemies
2026-09-21T19:15:27 remz-coop-tower-aim-20260921 STATE_STAGE items
2026-09-21T19:15:27 remz-coop-tower-aim-20260921 STATE_STAGE barricades
2026-09-21T19:15:27 remz-coop-tower-aim-20260921 STATE_APPLY_DONE sequence=4
2026-09-21T19:15:27 remz-coop-tower-aim-20260921 ROUND_BEGIN intro=false
2026-09-21T19:15:27 remz-coop-tower-aim-20260921 ROUND_RUNNING players=4
2026-09-21T19:15:41 remz-coop-tower-aim-20260921 STATE_STAGE structures
2026-09-21T19:15:41 remz-coop-tower-aim-20260921 STATE_STAGE players
2026-09-21T19:15:41 remz-coop-tower-aim-20260921 STATE_STAGE enemies
2026-09-21T19:15:41 remz-coop-tower-aim-20260921 STATE_STAGE items
2026-09-21T19:15:41 remz-coop-tower-aim-20260921 STATE_STAGE barricades
2026-09-21T19:15:50 remz-coop-tower-aim-20260921 STATE_STAGE structures
2026-09-21T19:15:51 remz-coop-tower-aim-20260921 STATE_STAGE players
2026-09-21T19:15:51 remz-coop-tower-aim-20260921 STATE_STAGE enemies
2026-09-21T19:15:51 remz-coop-tower-aim-20260921 STATE_STAGE items
2026-09-21T19:15:51 remz-coop-tower-aim-20260921 STATE_STAGE barricades
2026-09-21T19:15:57 remz-coop-tower-aim-20260921 STATE_STAGE structures
2026-09-21T19:15:57 remz-coop-tower-aim-20260921 STATE_STAGE players
2026-09-21T19:15:57 remz-coop-tower-aim-20260921 STATE_STAGE enemies
2026-09-21T19:15:57 remz-coop-tower-aim-20260921 STATE_STAGE items
2026-09-21T19:15:57 remz-coop-tower-aim-20260921 STATE_STAGE barricades
2026-09-21T19:15:59 remz-coop-tower-aim-20260921 STATE_STAGE structures
2026-09-21T19:15:59 remz-coop-tower-aim-20260921 STATE_STAGE players
2026-09-21T19:15:59 remz-coop-tower-aim-20260921 STATE_STAGE enemies
2026-09-21T19:15:59 remz-coop-tower-aim-20260921 STATE_STAGE items
2026-09-21T19:15:59 remz-coop-tower-aim-20260921 STATE_STAGE barricades
2026-09-21T19:16:04 remz-coop-tower-aim-20260921 STATE_STAGE structures
2026-09-21T19:16:04 remz-coop-tower-aim-20260921 STATE_STAGE players
2026-09-21T19:16:04 remz-coop-tower-aim-20260921 STATE_STAGE enemies
2026-09-21T19:16:04 remz-coop-tower-aim-20260921 STATE_STAGE items
2026-09-21T19:16:04 remz-coop-tower-aim-20260921 STATE_STAGE barricades
2026-09-21T19:16:05 remz-coop-tower-aim-20260921 STATE_STAGE structures
2026-09-21T19:16:05 remz-coop-tower-aim-20260921 STATE_STAGE players
2026-09-21T19:16:05 remz-coop-tower-aim-20260921 STATE_STAGE enemies
2026-09-21T19:16:05 remz-coop-tower-aim-20260921 STATE_STAGE items
2026-09-21T19:16:05 remz-coop-tower-aim-20260921 STATE_STAGE barricades
2026-09-21T19:16:09 remz-coop-tower-aim-20260921 STATE_STAGE structures
2026-09-21T19:16:09 remz-coop-tower-aim-20260921 STATE_STAGE players
2026-09-21T19:16:09 remz-coop-tower-aim-20260921 STATE_STAGE enemies
2026-09-21T19:16:09 remz-coop-tower-aim-20260921 STATE_STAGE items
2026-09-21T19:16:09 remz-coop-tower-aim-20260921 STATE_STAGE barricades
2026-09-21T19:16:19 remz-coop-tower-aim-20260921 PEER_DISCONNECTED id=137709917
2026-09-21T19:16:30 remz-coop-tower-aim-20260921 PEER_CONNECTED id=1900813018
2026-09-21T19:16:32 remz-coop-tower-aim-20260921 STATE_STAGE structures
2026-09-21T19:16:32 remz-coop-tower-aim-20260921 STATE_STAGE players
2026-09-21T19:16:32 remz-coop-tower-aim-20260921 STATE_STAGE enemies
2026-09-21T19:16:32 remz-coop-tower-aim-20260921 STATE_STAGE items
2026-09-21T19:16:32 remz-coop-tower-aim-20260921 STATE_STAGE barricades
2026-09-21T19:16:34 remz-coop-tower-aim-20260921 STATE_STAGE structures
2026-09-21T19:16:34 remz-coop-tower-aim-20260921 STATE_STAGE players
2026-09-21T19:16:34 remz-coop-tower-aim-20260921 STATE_STAGE enemies
2026-09-21T19:16:34 remz-coop-tower-aim-20260921 STATE_STAGE items
2026-09-21T19:16:34 remz-coop-tower-aim-20260921 STATE_STAGE barricades
2026-09-21T19:16:37 remz-coop-tower-aim-20260921 STATE_STAGE structures
2026-09-21T19:16:37 remz-coop-tower-aim-20260921 STATE_STAGE players
2026-09-21T19:16:37 remz-coop-tower-aim-20260921 STATE_STAGE enemies
2026-09-21T19:16:37 remz-coop-tower-aim-20260921 STATE_STAGE items
2026-09-21T19:16:37 remz-coop-tower-aim-20260921 STATE_STAGE barricades
2026-09-21T19:16:40 remz-coop-tower-aim-20260921 STATE_STAGE structures
2026-09-21T19:16:40 remz-coop-tower-aim-20260921 STATE_STAGE players
2026-09-21T19:16:40 remz-coop-tower-aim-20260921 STATE_STAGE enemies
2026-09-21T19:16:40 remz-coop-tower-aim-20260921 STATE_STAGE items
2026-09-21T19:16:40 remz-coop-tower-aim-20260921 STATE_STAGE barricades
2026-09-21T19:16:43 remz-coop-tower-aim-20260921 STATE_STAGE structures
2026-09-21T19:16:43 remz-coop-tower-aim-20260921 STATE_STAGE players
2026-09-21T19:16:43 remz-coop-tower-aim-20260921 STATE_STAGE enemies
2026-09-21T19:16:43 remz-coop-tower-aim-20260921 STATE_STAGE items
2026-09-21T19:16:43 remz-coop-tower-aim-20260921 STATE_STAGE barricades
2026-09-21T19:16:57 remz-coop-tower-aim-20260921 STATE_RECEIVE parts=7
2026-09-21T19:16:57 remz-coop-tower-aim-20260921 STATE_APPLY_DONE sequence=867
2026-09-21T19:17:14 remz-coop-tower-aim-20260921 MAP_READY
2026-09-21T19:17:15 remz-coop-tower-aim-20260921 INITIAL_RECEIVE parts=4
2026-09-21T19:17:15 remz-coop-tower-aim-20260921 INITIAL_APPLY_BEGIN
2026-09-21T19:17:15 remz-coop-tower-aim-20260921 STATE_STAGE structures
2026-09-21T19:17:15 remz-coop-tower-aim-20260921 STATE_STAGE players
2026-09-21T19:17:15 remz-coop-tower-aim-20260921 STATE_STAGE enemies
2026-09-21T19:17:15 remz-coop-tower-aim-20260921 STATE_STAGE items
2026-09-21T19:17:15 remz-coop-tower-aim-20260921 STATE_STAGE barricades
2026-09-21T19:17:15 remz-coop-tower-aim-20260921 INITIAL_APPLY_DONE
2026-09-21T19:17:16 remz-coop-tower-aim-20260921 STATE_RECEIVE parts=4
2026-09-21T19:17:16 remz-coop-tower-aim-20260921 STATE_STAGE structures
2026-09-21T19:17:16 remz-coop-tower-aim-20260921 STATE_STAGE players
2026-09-21T19:17:16 remz-coop-tower-aim-20260921 STATE_STAGE enemies
2026-09-21T19:17:16 remz-coop-tower-aim-20260921 STATE_STAGE items
2026-09-21T19:17:16 remz-coop-tower-aim-20260921 STATE_STAGE barricades
2026-09-21T19:17:16 remz-coop-tower-aim-20260921 STATE_APPLY_DONE sequence=871
2026-09-21T19:17:16 remz-coop-tower-aim-20260921 ROUND_BEGIN intro=false
2026-09-21T19:17:16 remz-coop-tower-aim-20260921 ROUND_RUNNING players=4
2026-09-21T19:17:17 remz-coop-tower-aim-20260921 PEER_DISCONNECTED id=1900813018
2026-09-21T19:17:18 remz-coop-tower-aim-20260921 PEER_DISCONNECTED id=1
2026-09-21T19:17:18 remz-coop-tower-aim-20260921 LEAVE_BEGIN phase=running reason=Der Host hat die Verbindung beendet.
2026-09-21T19:17:18 remz-coop-tower-aim-20260921 LEAVE_PEER_DETACHED
2026-09-21T19:17:18 remz-coop-tower-aim-20260921 LEAVE_PEER_CLOSED
2026-09-21T19:17:18 remz-coop-tower-aim-20260921 LEAVE_RELOAD
2026-09-21T19:17:32 remz-coop-tower-aim-20260921 MAP_READY
