2026-09-25T11:28:46 remz-dev-20260923-komplett BOOT exe=C:/Users/miche/Desktop/Godot.exe
2026-09-25T11:28:46 remz-dev-20260923-komplett NETWORK_INITIALIZED
2026-09-25T11:28:59 remz-dev-20260923-komplett MAP_READY
2026-09-25T11:28:59 remz-dev-20260923-komplett EOS_PLATFORM_START
2026-09-25T11:28:59 remz-dev-20260923-komplett EOS_PLATFORM_READY
2026-09-25T11:29:00 remz-dev-20260923-komplett EOS_LOGIN_OK
2026-09-25T11:29:00 remz-dev-20260923-komplett ONLINE_HOST_BEGIN
2026-09-25T11:29:01 remz-dev-20260923-komplett EOS_LOBBY_CREATED code=XW6XQ5
2026-09-25T11:29:01 remz-dev-20260923-komplett ONLINE_HOST_READY
2026-09-25T11:29:04 remz-dev-20260923-komplett EOS_LOBBY_SEARCH_EMPTY code=XW6XQ5 results=0
2026-09-25T11:29:08 remz-dev-20260923-komplett EOS_LOBBY_SEARCH_EMPTY code=ZZZZZZ results=0
2026-09-25T11:29:08 remz-dev-20260923-komplett EOS_LOBBY_SEARCH_EMPTY code=XW6XQ5 results=1
2026-09-25T11:29:08 remz-dev-20260923-komplett LEAVE_BEGIN phase=lobby reason=Live test finished
2026-09-25T11:29:08 remz-dev-20260923-komplett LEAVE_PEER_DETACHED
2026-09-25T11:29:08 remz-dev-20260923-komplett LEAVE_PEER_CLOSED
2026-09-25T11:29:08 remz-dev-20260923-komplett EOS_LOBBY_DESTROY
2026-09-25T11:29:08 remz-dev-20260923-komplett LEAVE_DONE reused_loaded_map
2026-09-25T11:29:11 remz-dev-20260923-komplett EOS_LOBBY_SEARCH_EMPTY code=XW6XQ5 results=0
2026-09-25T11:29:11 remz-dev-20260923-komplett ONLINE_JOIN_BEGIN code=XW6XQ5
2026-09-25T11:29:12 remz-dev-20260923-komplett EOS_LOBBY_SEARCH_EMPTY code=XW6XQ5 results=0
2026-09-25T11:29:12 remz-dev-20260923-komplett ONLINE_FAILED reason=No open lobby with code XW6XQ5. Check the code - the host must still be in the lobby.
