2026-09-27T12:55:59 remz-dev-20260925-online BOOT exe=C:/Users/miche/Desktop/Godot.exe
2026-09-27T12:55:59 remz-dev-20260925-online NETWORK_INITIALIZED
2026-09-27T12:56:37 remz-dev-20260925-online MAP_READY
2026-09-27T12:56:37 remz-dev-20260925-online JOIN_BEGIN address=127.0.0.1 port=24687
2026-09-27T12:56:37 remz-dev-20260925-online JOIN_SOCKET result=0
2026-09-27T12:56:37 remz-dev-20260925-online TRANSPORT_CONNECTED sending_hello
2026-09-27T12:56:37 remz-dev-20260925-online PEER_CONNECTED id=1
2026-09-27T12:56:37 remz-dev-20260925-online WELCOME
2026-09-27T12:56:38 remz-dev-20260925-online PEER_CONNECTED id=387813448
2026-09-27T12:56:38 remz-dev-20260925-online PEER_CONNECTED id=1804474821
2026-09-27T12:56:38 remz-dev-20260925-online INITIAL_RECEIVE parts=6
2026-09-27T12:56:38 remz-dev-20260925-online INITIAL_APPLY_BEGIN
2026-09-27T12:56:38 remz-dev-20260925-online STATE_STAGE structures
2026-09-27T12:56:38 remz-dev-20260925-online STATE_STAGE players
2026-09-27T12:56:38 remz-dev-20260925-online STATE_STAGE enemies
2026-09-27T12:56:38 remz-dev-20260925-online STATE_STAGE items
2026-09-27T12:56:38 remz-dev-20260925-online STATE_STAGE barricades
2026-09-27T12:56:38 remz-dev-20260925-online INITIAL_APPLY_DONE
2026-09-27T12:56:38 remz-dev-20260925-online STATE_RECEIVE parts=6
2026-09-27T12:56:38 remz-dev-20260925-online STATE_STAGE structures
2026-09-27T12:56:38 remz-dev-20260925-online STATE_STAGE players
2026-09-27T12:56:38 remz-dev-20260925-online STATE_STAGE enemies
2026-09-27T12:56:38 remz-dev-20260925-online STATE_STAGE items
2026-09-27T12:56:38 remz-dev-20260925-online STATE_STAGE barricades
2026-09-27T12:56:38 remz-dev-20260925-online STATE_APPLY_DONE sequence=4
2026-09-27T12:56:38 remz-dev-20260925-online ROUND_BEGIN intro=false
2026-09-27T12:56:39 remz-dev-20260925-online ROUND_RUNNING players=4
2026-09-27T12:56:56 remz-dev-20260925-online STATE_STAGE structures
2026-09-27T12:56:56 remz-dev-20260925-online STATE_STAGE players
2026-09-27T12:56:56 remz-dev-20260925-online STATE_STAGE enemies
2026-09-27T12:56:56 remz-dev-20260925-online STATE_STAGE items
2026-09-27T12:56:56 remz-dev-20260925-online STATE_STAGE barricades
2026-09-27T12:57:07 remz-dev-20260925-online STATE_STAGE structures
2026-09-27T12:57:07 remz-dev-20260925-online STATE_STAGE players
2026-09-27T12:57:07 remz-dev-20260925-online STATE_STAGE enemies
2026-09-27T12:57:07 remz-dev-20260925-online STATE_STAGE items
2026-09-27T12:57:07 remz-dev-20260925-online STATE_STAGE barricades
2026-09-27T12:57:09 remz-dev-20260925-online STATE_STAGE structures
2026-09-27T12:57:09 remz-dev-20260925-online STATE_STAGE players
2026-09-27T12:57:09 remz-dev-20260925-online STATE_STAGE enemies
2026-09-27T12:57:09 remz-dev-20260925-online STATE_STAGE items
2026-09-27T12:57:09 remz-dev-20260925-online STATE_STAGE barricades
2026-09-27T12:57:18 remz-dev-20260925-online STATE_STAGE structures
2026-09-27T12:57:18 remz-dev-20260925-online STATE_STAGE players
2026-09-27T12:57:18 remz-dev-20260925-online STATE_STAGE enemies
2026-09-27T12:57:18 remz-dev-20260925-online STATE_STAGE items
2026-09-27T12:57:18 remz-dev-20260925-online STATE_STAGE barricades
2026-09-27T12:57:33 remz-dev-20260925-online STATE_STAGE structures
2026-09-27T12:57:33 remz-dev-20260925-online STATE_STAGE players
2026-09-27T12:57:33 remz-dev-20260925-online STATE_STAGE enemies
2026-09-27T12:57:33 remz-dev-20260925-online STATE_STAGE items
2026-09-27T12:57:33 remz-dev-20260925-online STATE_STAGE barricades
2026-09-27T12:57:35 remz-dev-20260925-online STATE_STAGE structures
2026-09-27T12:57:35 remz-dev-20260925-online STATE_STAGE players
2026-09-27T12:57:35 remz-dev-20260925-online STATE_STAGE enemies
2026-09-27T12:57:35 remz-dev-20260925-online STATE_STAGE items
2026-09-27T12:57:35 remz-dev-20260925-online STATE_STAGE barricades
2026-09-27T12:57:40 remz-dev-20260925-online STATE_STAGE structures
2026-09-27T12:57:40 remz-dev-20260925-online STATE_STAGE players
2026-09-27T12:57:40 remz-dev-20260925-online STATE_STAGE enemies
2026-09-27T12:57:40 remz-dev-20260925-online STATE_STAGE items
2026-09-27T12:57:40 remz-dev-20260925-online STATE_STAGE barricades
2026-09-27T12:57:41 remz-dev-20260925-online STATE_STAGE structures
2026-09-27T12:57:41 remz-dev-20260925-online STATE_STAGE players
2026-09-27T12:57:41 remz-dev-20260925-online STATE_STAGE enemies
2026-09-27T12:57:41 remz-dev-20260925-online STATE_STAGE items
2026-09-27T12:57:41 remz-dev-20260925-online STATE_STAGE barricades
2026-09-27T12:57:45 remz-dev-20260925-online STATE_STAGE structures
2026-09-27T12:57:45 remz-dev-20260925-online STATE_STAGE players
2026-09-27T12:57:45 remz-dev-20260925-online STATE_STAGE enemies
2026-09-27T12:57:45 remz-dev-20260925-online STATE_STAGE items
2026-09-27T12:57:45 remz-dev-20260925-online STATE_STAGE barricades
2026-09-27T12:57:54 remz-dev-20260925-online PEER_DISCONNECTED id=1804474821
2026-09-27T12:58:09 remz-dev-20260925-online PEER_CONNECTED id=1095657459
2026-09-27T12:58:10 remz-dev-20260925-online STATE_STAGE structures
2026-09-27T12:58:10 remz-dev-20260925-online STATE_STAGE players
2026-09-27T12:58:10 remz-dev-20260925-online STATE_STAGE enemies
2026-09-27T12:58:10 remz-dev-20260925-online STATE_STAGE items
2026-09-27T12:58:10 remz-dev-20260925-online STATE_STAGE barricades
2026-09-27T12:58:11 remz-dev-20260925-online STATE_STAGE structures
2026-09-27T12:58:11 remz-dev-20260925-online STATE_STAGE players
2026-09-27T12:58:11 remz-dev-20260925-online STATE_STAGE enemies
2026-09-27T12:58:11 remz-dev-20260925-online STATE_STAGE items
2026-09-27T12:58:11 remz-dev-20260925-online STATE_STAGE barricades
2026-09-27T12:58:14 remz-dev-20260925-online STATE_STAGE structures
2026-09-27T12:58:14 remz-dev-20260925-online STATE_STAGE players
2026-09-27T12:58:14 remz-dev-20260925-online STATE_STAGE enemies
2026-09-27T12:58:14 remz-dev-20260925-online STATE_STAGE items
2026-09-27T12:58:14 remz-dev-20260925-online STATE_STAGE barricades
2026-09-27T12:58:17 remz-dev-20260925-online STATE_STAGE structures
2026-09-27T12:58:17 remz-dev-20260925-online STATE_STAGE players
2026-09-27T12:58:17 remz-dev-20260925-online STATE_STAGE enemies
2026-09-27T12:58:17 remz-dev-20260925-online STATE_STAGE items
2026-09-27T12:58:17 remz-dev-20260925-online STATE_STAGE barricades
2026-09-27T12:58:19 remz-dev-20260925-online STATE_STAGE structures
2026-09-27T12:58:19 remz-dev-20260925-online STATE_STAGE players
2026-09-27T12:58:19 remz-dev-20260925-online STATE_STAGE enemies
2026-09-27T12:58:19 remz-dev-20260925-online STATE_STAGE items
2026-09-27T12:58:19 remz-dev-20260925-online STATE_STAGE barricades
2026-09-27T12:58:22 remz-dev-20260925-online STATE_STAGE structures
2026-09-27T12:58:22 remz-dev-20260925-online STATE_STAGE players
2026-09-27T12:58:22 remz-dev-20260925-online STATE_STAGE enemies
2026-09-27T12:58:22 remz-dev-20260925-online STATE_STAGE items
2026-09-27T12:58:22 remz-dev-20260925-online STATE_STAGE barricades
2026-09-27T12:58:41 remz-dev-20260925-online STATE_RECEIVE parts=10
2026-09-27T12:58:41 remz-dev-20260925-online STATE_APPLY_DONE sequence=1190
2026-09-27T12:59:05 remz-dev-20260925-online MAP_READY
2026-09-27T12:59:06 remz-dev-20260925-online INITIAL_RECEIVE parts=6
2026-09-27T12:59:06 remz-dev-20260925-online INITIAL_APPLY_BEGIN
2026-09-27T12:59:06 remz-dev-20260925-online STATE_STAGE structures
2026-09-27T12:59:06 remz-dev-20260925-online STATE_STAGE players
2026-09-27T12:59:06 remz-dev-20260925-online STATE_STAGE enemies
2026-09-27T12:59:06 remz-dev-20260925-online STATE_STAGE items
2026-09-27T12:59:06 remz-dev-20260925-online STATE_STAGE barricades
2026-09-27T12:59:06 remz-dev-20260925-online INITIAL_APPLY_DONE
2026-09-27T12:59:07 remz-dev-20260925-online STATE_RECEIVE parts=6
2026-09-27T12:59:07 remz-dev-20260925-online STATE_STAGE structures
2026-09-27T12:59:07 remz-dev-20260925-online STATE_STAGE players
2026-09-27T12:59:07 remz-dev-20260925-online STATE_STAGE enemies
2026-09-27T12:59:07 remz-dev-20260925-online STATE_STAGE items
2026-09-27T12:59:07 remz-dev-20260925-online STATE_STAGE barricades
2026-09-27T12:59:07 remz-dev-20260925-online STATE_APPLY_DONE sequence=1194
2026-09-27T12:59:07 remz-dev-20260925-online ROUND_BEGIN intro=false
2026-09-27T12:59:07 remz-dev-20260925-online ROUND_RUNNING players=4
2026-09-27T12:59:09 remz-dev-20260925-online PEER_DISCONNECTED id=1095657459
2026-09-27T12:59:09 remz-dev-20260925-online PEER_DISCONNECTED id=1
2026-09-27T12:59:09 remz-dev-20260925-online LEAVE_BEGIN phase=running reason=The host ended the connection.
2026-09-27T12:59:09 remz-dev-20260925-online LEAVE_PEER_DETACHED
2026-09-27T12:59:09 remz-dev-20260925-online LEAVE_PEER_CLOSED
2026-09-27T12:59:09 remz-dev-20260925-online LEAVE_RELOAD
2026-09-27T12:59:27 remz-dev-20260925-online MAP_READY
