2026-09-26T00:14:38 remz-dev-20260925-online BOOT exe=C:/Users/miche/Desktop/Godot.exe
2026-09-26T00:14:38 remz-dev-20260925-online NETWORK_INITIALIZED
2026-09-26T00:15:05 remz-dev-20260925-online MAP_READY
2026-09-26T00:15:05 remz-dev-20260925-online JOIN_BEGIN address=127.0.0.1 port=24687
2026-09-26T00:15:05 remz-dev-20260925-online JOIN_SOCKET result=0
2026-09-26T00:15:05 remz-dev-20260925-online TRANSPORT_CONNECTED sending_hello
2026-09-26T00:15:05 remz-dev-20260925-online PEER_CONNECTED id=1
2026-09-26T00:15:05 remz-dev-20260925-online PEER_CONNECTED id=405350630
2026-09-26T00:15:05 remz-dev-20260925-online PEER_CONNECTED id=1718832688
2026-09-26T00:15:05 remz-dev-20260925-online WELCOME
2026-09-26T00:15:05 remz-dev-20260925-online INITIAL_RECEIVE parts=6
2026-09-26T00:15:05 remz-dev-20260925-online INITIAL_APPLY_BEGIN
2026-09-26T00:15:05 remz-dev-20260925-online STATE_STAGE structures
2026-09-26T00:15:05 remz-dev-20260925-online STATE_STAGE players
2026-09-26T00:15:05 remz-dev-20260925-online STATE_STAGE enemies
2026-09-26T00:15:05 remz-dev-20260925-online STATE_STAGE items
2026-09-26T00:15:05 remz-dev-20260925-online STATE_STAGE barricades
2026-09-26T00:15:05 remz-dev-20260925-online INITIAL_APPLY_DONE
2026-09-26T00:15:05 remz-dev-20260925-online STATE_RECEIVE parts=6
2026-09-26T00:15:05 remz-dev-20260925-online STATE_STAGE structures
2026-09-26T00:15:05 remz-dev-20260925-online STATE_STAGE players
2026-09-26T00:15:05 remz-dev-20260925-online STATE_STAGE enemies
2026-09-26T00:15:05 remz-dev-20260925-online STATE_STAGE items
2026-09-26T00:15:05 remz-dev-20260925-online STATE_STAGE barricades
2026-09-26T00:15:05 remz-dev-20260925-online STATE_APPLY_DONE sequence=4
2026-09-26T00:15:05 remz-dev-20260925-online ROUND_BEGIN intro=false
2026-09-26T00:15:05 remz-dev-20260925-online ROUND_RUNNING players=4
2026-09-26T00:15:20 remz-dev-20260925-online STATE_STAGE structures
2026-09-26T00:15:20 remz-dev-20260925-online STATE_STAGE players
2026-09-26T00:15:20 remz-dev-20260925-online STATE_STAGE enemies
2026-09-26T00:15:20 remz-dev-20260925-online STATE_STAGE items
2026-09-26T00:15:20 remz-dev-20260925-online STATE_STAGE barricades
2026-09-26T00:15:32 remz-dev-20260925-online STATE_STAGE structures
2026-09-26T00:15:32 remz-dev-20260925-online STATE_STAGE players
2026-09-26T00:15:32 remz-dev-20260925-online STATE_STAGE enemies
2026-09-26T00:15:32 remz-dev-20260925-online STATE_STAGE items
2026-09-26T00:15:32 remz-dev-20260925-online STATE_STAGE barricades
2026-09-26T00:15:35 remz-dev-20260925-online STATE_STAGE structures
2026-09-26T00:15:35 remz-dev-20260925-online STATE_STAGE players
2026-09-26T00:15:35 remz-dev-20260925-online STATE_STAGE enemies
2026-09-26T00:15:35 remz-dev-20260925-online STATE_STAGE items
2026-09-26T00:15:35 remz-dev-20260925-online STATE_STAGE barricades
2026-09-26T00:15:36 remz-dev-20260925-online STATE_STAGE structures
2026-09-26T00:15:36 remz-dev-20260925-online STATE_STAGE players
2026-09-26T00:15:36 remz-dev-20260925-online STATE_STAGE enemies
2026-09-26T00:15:36 remz-dev-20260925-online STATE_STAGE items
2026-09-26T00:15:36 remz-dev-20260925-online STATE_STAGE barricades
2026-09-26T00:15:50 remz-dev-20260925-online STATE_STAGE structures
2026-09-26T00:15:50 remz-dev-20260925-online STATE_STAGE players
2026-09-26T00:15:50 remz-dev-20260925-online STATE_STAGE enemies
2026-09-26T00:15:50 remz-dev-20260925-online STATE_STAGE items
2026-09-26T00:15:50 remz-dev-20260925-online STATE_STAGE barricades
2026-09-26T00:15:51 remz-dev-20260925-online STATE_STAGE structures
2026-09-26T00:15:51 remz-dev-20260925-online STATE_STAGE players
2026-09-26T00:15:51 remz-dev-20260925-online STATE_STAGE enemies
2026-09-26T00:15:51 remz-dev-20260925-online STATE_STAGE items
2026-09-26T00:15:51 remz-dev-20260925-online STATE_STAGE barricades
2026-09-26T00:15:56 remz-dev-20260925-online STATE_STAGE structures
2026-09-26T00:15:56 remz-dev-20260925-online STATE_STAGE players
2026-09-26T00:15:56 remz-dev-20260925-online STATE_STAGE enemies
2026-09-26T00:15:57 remz-dev-20260925-online STATE_STAGE items
2026-09-26T00:15:57 remz-dev-20260925-online STATE_STAGE barricades
2026-09-26T00:15:58 remz-dev-20260925-online STATE_STAGE structures
2026-09-26T00:15:58 remz-dev-20260925-online STATE_STAGE players
2026-09-26T00:15:58 remz-dev-20260925-online STATE_STAGE enemies
2026-09-26T00:15:58 remz-dev-20260925-online STATE_STAGE items
2026-09-26T00:15:58 remz-dev-20260925-online STATE_STAGE barricades
2026-09-26T00:16:02 remz-dev-20260925-online STATE_STAGE structures
2026-09-26T00:16:02 remz-dev-20260925-online STATE_STAGE players
2026-09-26T00:16:02 remz-dev-20260925-online STATE_STAGE enemies
2026-09-26T00:16:02 remz-dev-20260925-online STATE_STAGE items
2026-09-26T00:16:02 remz-dev-20260925-online STATE_STAGE barricades
2026-09-26T00:16:11 remz-dev-20260925-online PEER_DISCONNECTED id=405350630
2026-09-26T00:16:22 remz-dev-20260925-online PEER_CONNECTED id=903301909
2026-09-26T00:16:23 remz-dev-20260925-online STATE_STAGE structures
2026-09-26T00:16:23 remz-dev-20260925-online STATE_STAGE players
2026-09-26T00:16:23 remz-dev-20260925-online STATE_STAGE enemies
2026-09-26T00:16:23 remz-dev-20260925-online STATE_STAGE items
2026-09-26T00:16:23 remz-dev-20260925-online STATE_STAGE barricades
2026-09-26T00:16:24 remz-dev-20260925-online STATE_STAGE structures
2026-09-26T00:16:24 remz-dev-20260925-online STATE_STAGE players
2026-09-26T00:16:24 remz-dev-20260925-online STATE_STAGE enemies
2026-09-26T00:16:24 remz-dev-20260925-online STATE_STAGE items
2026-09-26T00:16:24 remz-dev-20260925-online STATE_STAGE barricades
2026-09-26T00:16:27 remz-dev-20260925-online STATE_STAGE structures
2026-09-26T00:16:27 remz-dev-20260925-online STATE_STAGE players
2026-09-26T00:16:27 remz-dev-20260925-online STATE_STAGE enemies
2026-09-26T00:16:27 remz-dev-20260925-online STATE_STAGE items
2026-09-26T00:16:27 remz-dev-20260925-online STATE_STAGE barricades
2026-09-26T00:16:29 remz-dev-20260925-online STATE_STAGE structures
2026-09-26T00:16:29 remz-dev-20260925-online STATE_STAGE players
2026-09-26T00:16:30 remz-dev-20260925-online STATE_STAGE enemies
2026-09-26T00:16:30 remz-dev-20260925-online STATE_STAGE items
2026-09-26T00:16:30 remz-dev-20260925-online STATE_STAGE barricades
2026-09-26T00:16:32 remz-dev-20260925-online STATE_STAGE structures
2026-09-26T00:16:32 remz-dev-20260925-online STATE_STAGE players
2026-09-26T00:16:32 remz-dev-20260925-online STATE_STAGE enemies
2026-09-26T00:16:32 remz-dev-20260925-online STATE_STAGE items
2026-09-26T00:16:32 remz-dev-20260925-online STATE_STAGE barricades
2026-09-26T00:16:35 remz-dev-20260925-online STATE_STAGE structures
2026-09-26T00:16:35 remz-dev-20260925-online STATE_STAGE players
2026-09-26T00:16:35 remz-dev-20260925-online STATE_STAGE enemies
2026-09-26T00:16:35 remz-dev-20260925-online STATE_STAGE items
2026-09-26T00:16:35 remz-dev-20260925-online STATE_STAGE barricades
2026-09-26T00:16:54 remz-dev-20260925-online STATE_RECEIVE parts=9
2026-09-26T00:16:54 remz-dev-20260925-online STATE_APPLY_DONE sequence=1060
2026-09-26T00:17:09 remz-dev-20260925-online MAP_READY
2026-09-26T00:17:09 remz-dev-20260925-online INITIAL_RECEIVE parts=5
2026-09-26T00:17:09 remz-dev-20260925-online INITIAL_APPLY_BEGIN
2026-09-26T00:17:09 remz-dev-20260925-online STATE_STAGE structures
2026-09-26T00:17:09 remz-dev-20260925-online STATE_STAGE players
2026-09-26T00:17:09 remz-dev-20260925-online STATE_STAGE enemies
2026-09-26T00:17:09 remz-dev-20260925-online STATE_STAGE items
2026-09-26T00:17:09 remz-dev-20260925-online STATE_STAGE barricades
2026-09-26T00:17:10 remz-dev-20260925-online INITIAL_APPLY_DONE
2026-09-26T00:17:10 remz-dev-20260925-online STATE_RECEIVE parts=5
2026-09-26T00:17:10 remz-dev-20260925-online STATE_STAGE structures
2026-09-26T00:17:10 remz-dev-20260925-online STATE_STAGE players
2026-09-26T00:17:10 remz-dev-20260925-online STATE_STAGE enemies
2026-09-26T00:17:10 remz-dev-20260925-online STATE_STAGE items
2026-09-26T00:17:10 remz-dev-20260925-online STATE_STAGE barricades
2026-09-26T00:17:10 remz-dev-20260925-online STATE_APPLY_DONE sequence=1064
2026-09-26T00:17:10 remz-dev-20260925-online ROUND_BEGIN intro=false
2026-09-26T00:17:10 remz-dev-20260925-online ROUND_RUNNING players=4
2026-09-26T00:17:11 remz-dev-20260925-online PEER_DISCONNECTED id=903301909
2026-09-26T00:17:12 remz-dev-20260925-online PEER_DISCONNECTED id=1
2026-09-26T00:17:12 remz-dev-20260925-online LEAVE_BEGIN phase=running reason=The host ended the connection.
2026-09-26T00:17:12 remz-dev-20260925-online LEAVE_PEER_DETACHED
2026-09-26T00:17:12 remz-dev-20260925-online LEAVE_PEER_CLOSED
2026-09-26T00:17:12 remz-dev-20260925-online LEAVE_RELOAD
2026-09-26T00:17:24 remz-dev-20260925-online MAP_READY
