2026-09-23T19:14:38 remz-dev-20260923-komplett BOOT exe=C:/Users/miche/Desktop/Godot.exe
2026-09-23T19:14:38 remz-dev-20260923-komplett NETWORK_INITIALIZED
2026-09-23T19:14:56 remz-dev-20260923-komplett MAP_READY
2026-09-23T19:14:56 remz-dev-20260923-komplett JOIN_BEGIN address=127.0.0.1 port=24687
2026-09-23T19:14:56 remz-dev-20260923-komplett JOIN_SOCKET result=0
2026-09-23T19:14:56 remz-dev-20260923-komplett TRANSPORT_CONNECTED sending_hello
2026-09-23T19:14:56 remz-dev-20260923-komplett PEER_CONNECTED id=1
2026-09-23T19:14:56 remz-dev-20260923-komplett PEER_CONNECTED id=406623464
2026-09-23T19:14:56 remz-dev-20260923-komplett WELCOME
2026-09-23T19:14:56 remz-dev-20260923-komplett INITIAL_RECEIVE parts=5
2026-09-23T19:14:56 remz-dev-20260923-komplett INITIAL_APPLY_BEGIN
2026-09-23T19:14:56 remz-dev-20260923-komplett STATE_STAGE structures
2026-09-23T19:14:56 remz-dev-20260923-komplett STATE_STAGE players
2026-09-23T19:14:56 remz-dev-20260923-komplett STATE_STAGE enemies
2026-09-23T19:14:56 remz-dev-20260923-komplett STATE_STAGE items
2026-09-23T19:14:56 remz-dev-20260923-komplett STATE_STAGE barricades
2026-09-23T19:14:56 remz-dev-20260923-komplett PEER_CONNECTED id=1060195360
2026-09-23T19:14:56 remz-dev-20260923-komplett INITIAL_APPLY_DONE
2026-09-23T19:14:56 remz-dev-20260923-komplett STATE_RECEIVE parts=5
2026-09-23T19:14:56 remz-dev-20260923-komplett STATE_STAGE structures
2026-09-23T19:14:56 remz-dev-20260923-komplett STATE_STAGE players
2026-09-23T19:14:56 remz-dev-20260923-komplett STATE_STAGE enemies
2026-09-23T19:14:56 remz-dev-20260923-komplett STATE_STAGE items
2026-09-23T19:14:56 remz-dev-20260923-komplett STATE_STAGE barricades
2026-09-23T19:14:56 remz-dev-20260923-komplett STATE_APPLY_DONE sequence=4
2026-09-23T19:14:56 remz-dev-20260923-komplett ROUND_BEGIN intro=false
2026-09-23T19:14:56 remz-dev-20260923-komplett ROUND_RUNNING players=4
2026-09-23T19:15:11 remz-dev-20260923-komplett STATE_STAGE structures
2026-09-23T19:15:11 remz-dev-20260923-komplett STATE_STAGE players
2026-09-23T19:15:11 remz-dev-20260923-komplett STATE_STAGE enemies
2026-09-23T19:15:11 remz-dev-20260923-komplett STATE_STAGE items
2026-09-23T19:15:11 remz-dev-20260923-komplett STATE_STAGE barricades
2026-09-23T19:15:22 remz-dev-20260923-komplett STATE_STAGE structures
2026-09-23T19:15:22 remz-dev-20260923-komplett STATE_STAGE players
2026-09-23T19:15:22 remz-dev-20260923-komplett STATE_STAGE enemies
2026-09-23T19:15:22 remz-dev-20260923-komplett STATE_STAGE items
2026-09-23T19:15:22 remz-dev-20260923-komplett STATE_STAGE barricades
2026-09-23T19:15:25 remz-dev-20260923-komplett STATE_STAGE structures
2026-09-23T19:15:25 remz-dev-20260923-komplett STATE_STAGE players
2026-09-23T19:15:25 remz-dev-20260923-komplett STATE_STAGE enemies
2026-09-23T19:15:25 remz-dev-20260923-komplett STATE_STAGE items
2026-09-23T19:15:25 remz-dev-20260923-komplett STATE_STAGE barricades
2026-09-23T19:15:40 remz-dev-20260923-komplett STATE_STAGE structures
2026-09-23T19:15:40 remz-dev-20260923-komplett STATE_STAGE players
2026-09-23T19:15:40 remz-dev-20260923-komplett STATE_STAGE enemies
2026-09-23T19:15:40 remz-dev-20260923-komplett STATE_STAGE items
2026-09-23T19:15:40 remz-dev-20260923-komplett STATE_STAGE barricades
2026-09-23T19:15:41 remz-dev-20260923-komplett STATE_STAGE structures
2026-09-23T19:15:41 remz-dev-20260923-komplett STATE_STAGE players
2026-09-23T19:15:41 remz-dev-20260923-komplett STATE_STAGE enemies
2026-09-23T19:15:41 remz-dev-20260923-komplett STATE_STAGE items
2026-09-23T19:15:41 remz-dev-20260923-komplett STATE_STAGE barricades
2026-09-23T19:15:47 remz-dev-20260923-komplett STATE_STAGE structures
2026-09-23T19:15:47 remz-dev-20260923-komplett STATE_STAGE players
2026-09-23T19:15:47 remz-dev-20260923-komplett STATE_STAGE enemies
2026-09-23T19:15:47 remz-dev-20260923-komplett STATE_STAGE items
2026-09-23T19:15:47 remz-dev-20260923-komplett STATE_STAGE barricades
2026-09-23T19:15:48 remz-dev-20260923-komplett STATE_STAGE structures
2026-09-23T19:15:48 remz-dev-20260923-komplett STATE_STAGE players
2026-09-23T19:15:48 remz-dev-20260923-komplett STATE_STAGE enemies
2026-09-23T19:15:48 remz-dev-20260923-komplett STATE_STAGE items
2026-09-23T19:15:48 remz-dev-20260923-komplett STATE_STAGE barricades
2026-09-23T19:15:52 remz-dev-20260923-komplett STATE_STAGE structures
2026-09-23T19:15:52 remz-dev-20260923-komplett STATE_STAGE players
2026-09-23T19:15:52 remz-dev-20260923-komplett STATE_STAGE enemies
2026-09-23T19:15:52 remz-dev-20260923-komplett STATE_STAGE items
2026-09-23T19:15:52 remz-dev-20260923-komplett STATE_STAGE barricades
2026-09-23T19:16:01 remz-dev-20260923-komplett PEER_DISCONNECTED id=406623464
2026-09-23T19:16:12 remz-dev-20260923-komplett PEER_CONNECTED id=795906057
2026-09-23T19:16:13 remz-dev-20260923-komplett STATE_STAGE structures
2026-09-23T19:16:13 remz-dev-20260923-komplett STATE_STAGE players
2026-09-23T19:16:13 remz-dev-20260923-komplett STATE_STAGE enemies
2026-09-23T19:16:13 remz-dev-20260923-komplett STATE_STAGE items
2026-09-23T19:16:13 remz-dev-20260923-komplett STATE_STAGE barricades
2026-09-23T19:16:14 remz-dev-20260923-komplett STATE_STAGE structures
2026-09-23T19:16:14 remz-dev-20260923-komplett STATE_STAGE players
2026-09-23T19:16:14 remz-dev-20260923-komplett STATE_STAGE enemies
2026-09-23T19:16:14 remz-dev-20260923-komplett STATE_STAGE items
2026-09-23T19:16:14 remz-dev-20260923-komplett STATE_STAGE barricades
2026-09-23T19:16:17 remz-dev-20260923-komplett STATE_STAGE structures
2026-09-23T19:16:17 remz-dev-20260923-komplett STATE_STAGE players
2026-09-23T19:16:17 remz-dev-20260923-komplett STATE_STAGE enemies
2026-09-23T19:16:17 remz-dev-20260923-komplett STATE_STAGE items
2026-09-23T19:16:17 remz-dev-20260923-komplett STATE_STAGE barricades
2026-09-23T19:16:20 remz-dev-20260923-komplett STATE_STAGE structures
2026-09-23T19:16:20 remz-dev-20260923-komplett STATE_STAGE players
2026-09-23T19:16:20 remz-dev-20260923-komplett STATE_STAGE enemies
2026-09-23T19:16:20 remz-dev-20260923-komplett STATE_STAGE items
2026-09-23T19:16:20 remz-dev-20260923-komplett STATE_STAGE barricades
2026-09-23T19:16:22 remz-dev-20260923-komplett STATE_STAGE structures
2026-09-23T19:16:22 remz-dev-20260923-komplett STATE_STAGE players
2026-09-23T19:16:23 remz-dev-20260923-komplett STATE_STAGE enemies
2026-09-23T19:16:23 remz-dev-20260923-komplett STATE_STAGE items
2026-09-23T19:16:23 remz-dev-20260923-komplett STATE_STAGE barricades
2026-09-23T19:16:25 remz-dev-20260923-komplett STATE_STAGE structures
2026-09-23T19:16:25 remz-dev-20260923-komplett STATE_STAGE players
2026-09-23T19:16:25 remz-dev-20260923-komplett STATE_STAGE enemies
2026-09-23T19:16:25 remz-dev-20260923-komplett STATE_STAGE items
2026-09-23T19:16:25 remz-dev-20260923-komplett STATE_STAGE barricades
2026-09-23T19:16:39 remz-dev-20260923-komplett STATE_RECEIVE parts=8
2026-09-23T19:16:39 remz-dev-20260923-komplett STATE_APPLY_DONE sequence=1000
2026-09-23T19:16:51 remz-dev-20260923-komplett MAP_READY
2026-09-23T19:16:52 remz-dev-20260923-komplett INITIAL_RECEIVE parts=5
2026-09-23T19:16:52 remz-dev-20260923-komplett INITIAL_APPLY_BEGIN
2026-09-23T19:16:52 remz-dev-20260923-komplett STATE_STAGE structures
2026-09-23T19:16:52 remz-dev-20260923-komplett STATE_STAGE players
2026-09-23T19:16:52 remz-dev-20260923-komplett STATE_STAGE enemies
2026-09-23T19:16:52 remz-dev-20260923-komplett STATE_STAGE items
2026-09-23T19:16:52 remz-dev-20260923-komplett STATE_STAGE barricades
2026-09-23T19:16:52 remz-dev-20260923-komplett INITIAL_APPLY_DONE
2026-09-23T19:16:52 remz-dev-20260923-komplett STATE_RECEIVE parts=5
2026-09-23T19:16:52 remz-dev-20260923-komplett STATE_STAGE structures
2026-09-23T19:16:52 remz-dev-20260923-komplett STATE_STAGE players
2026-09-23T19:16:52 remz-dev-20260923-komplett STATE_STAGE enemies
2026-09-23T19:16:52 remz-dev-20260923-komplett STATE_STAGE items
2026-09-23T19:16:53 remz-dev-20260923-komplett STATE_STAGE barricades
2026-09-23T19:16:53 remz-dev-20260923-komplett STATE_APPLY_DONE sequence=1004
2026-09-23T19:16:53 remz-dev-20260923-komplett ROUND_BEGIN intro=false
2026-09-23T19:16:53 remz-dev-20260923-komplett ROUND_RUNNING players=4
2026-09-23T19:16:56 remz-dev-20260923-komplett PEER_DISCONNECTED id=795906057
2026-09-23T19:16:57 remz-dev-20260923-komplett PEER_DISCONNECTED id=1
2026-09-23T19:16:57 remz-dev-20260923-komplett LEAVE_BEGIN phase=running reason=The host ended the connection.
2026-09-23T19:16:57 remz-dev-20260923-komplett LEAVE_PEER_DETACHED
2026-09-23T19:16:57 remz-dev-20260923-komplett LEAVE_PEER_CLOSED
2026-09-23T19:16:57 remz-dev-20260923-komplett LEAVE_RELOAD
2026-09-23T19:17:08 remz-dev-20260923-komplett MAP_READY
