2026-09-20T21:18:34 remz-coop-startfix-20260920 BOOT exe=C:/Users/miche/Desktop/Godot.exe
2026-09-20T21:18:34 remz-coop-startfix-20260920 NETWORK_INITIALIZED
2026-09-20T21:18:55 remz-coop-startfix-20260920 MAP_READY
2026-09-20T21:18:55 remz-coop-startfix-20260920 HOST_CREATE port=24736
2026-09-20T21:18:55 remz-coop-startfix-20260920 HOST_READY
2026-09-20T21:18:55 remz-coop-startfix-20260920 PEER_CONNECTED id=866365960
2026-09-20T21:18:55 remz-coop-startfix-20260920 PEER_CONNECTED id=1833062240
2026-09-20T21:18:55 remz-coop-startfix-20260920 INITIAL_SEND peer=866365960 raw=17060 bytes=2816 parts=4
2026-09-20T21:18:55 remz-coop-startfix-20260920 INITIAL_SEND peer=1833062240 raw=17060 bytes=2816 parts=4
2026-09-20T21:18:55 remz-coop-startfix-20260920 CLIENT_READY peer=866365960
2026-09-20T21:18:55 remz-coop-startfix-20260920 CLIENT_READY peer=1833062240
2026-09-20T21:18:55 remz-coop-startfix-20260920 PEER_CONNECTED id=605332654
2026-09-20T21:18:55 remz-coop-startfix-20260920 INITIAL_SEND peer=605332654 raw=19140 bytes=2868 parts=4
2026-09-20T21:18:55 remz-coop-startfix-20260920 CLIENT_READY peer=605332654
2026-09-20T21:18:55 remz-coop-startfix-20260920 ROUND_START_SEND players=4
2026-09-20T21:18:55 remz-coop-startfix-20260920 STATE_SEND peer=866365960 raw=19144 bytes=2833 parts=4
2026-09-20T21:18:55 remz-coop-startfix-20260920 STATE_SEND peer=1833062240 raw=19144 bytes=2833 parts=4
2026-09-20T21:18:55 remz-coop-startfix-20260920 STATE_SEND peer=605332654 raw=19144 bytes=2833 parts=4
2026-09-20T21:18:55 remz-coop-startfix-20260920 ROUND_BEGIN intro=true
2026-09-20T21:18:55 remz-coop-startfix-20260920 ROUND_RUNNING players=4
2026-09-20T21:19:49 remz-coop-startfix-20260920 PEER_DISCONNECTED id=1833062240
2026-09-20T21:20:09 remz-coop-startfix-20260920 PEER_CONNECTED id=963460066
2026-09-20T21:20:09 remz-coop-startfix-20260920 INITIAL_SEND peer=963460066 raw=20644 bytes=3493 parts=4
2026-09-20T21:20:10 remz-coop-startfix-20260920 CLIENT_READY peer=963460066
2026-09-20T21:20:25 remz-coop-startfix-20260920 STATE_SEND peer=866365960 raw=34088 bytes=5348 parts=6
2026-09-20T21:20:25 remz-coop-startfix-20260920 STATE_SEND peer=605332654 raw=34088 bytes=5348 parts=6
2026-09-20T21:20:25 remz-coop-startfix-20260920 STATE_SEND peer=963460066 raw=34088 bytes=5348 parts=6
2026-09-20T21:20:50 remz-coop-startfix-20260920 MAP_READY
2026-09-20T21:20:50 remz-coop-startfix-20260920 INITIAL_SEND peer=963460066 raw=19076 bytes=2836 parts=4
2026-09-20T21:20:50 remz-coop-startfix-20260920 INITIAL_SEND peer=605332654 raw=19076 bytes=2836 parts=4
2026-09-20T21:20:50 remz-coop-startfix-20260920 CLIENT_READY peer=963460066
2026-09-20T21:20:50 remz-coop-startfix-20260920 CLIENT_READY peer=605332654
2026-09-20T21:20:50 remz-coop-startfix-20260920 INITIAL_SEND peer=866365960 raw=19076 bytes=2836 parts=4
2026-09-20T21:20:51 remz-coop-startfix-20260920 CLIENT_READY peer=866365960
2026-09-20T21:20:51 remz-coop-startfix-20260920 ROUND_START_SEND players=4
2026-09-20T21:20:51 remz-coop-startfix-20260920 STATE_SEND peer=866365960 raw=19076 bytes=2838 parts=4
2026-09-20T21:20:51 remz-coop-startfix-20260920 STATE_SEND peer=605332654 raw=19076 bytes=2838 parts=4
2026-09-20T21:20:51 remz-coop-startfix-20260920 STATE_SEND peer=963460066 raw=19076 bytes=2838 parts=4
2026-09-20T21:20:51 remz-coop-startfix-20260920 ROUND_BEGIN intro=false
2026-09-20T21:20:51 remz-coop-startfix-20260920 ROUND_RUNNING players=4
2026-09-20T21:20:53 remz-coop-startfix-20260920 PEER_DISCONNECTED id=963460066
2026-09-20T21:20:53 remz-coop-startfix-20260920 LEAVE_BEGIN phase=running reason=Integration test finished
2026-09-20T21:20:53 remz-coop-startfix-20260920 LEAVE_PEER_DETACHED
2026-09-20T21:20:53 remz-coop-startfix-20260920 LEAVE_PEER_CLOSED
2026-09-20T21:20:53 remz-coop-startfix-20260920 LEAVE_RELOAD
2026-09-20T21:21:35 remz-coop-startfix-20260920 MAP_READY
