2026-09-20T21:04:57 remz-coop-startfix-20260920 BOOT exe=C:/Users/miche/Desktop/Godot.exe
2026-09-20T21:04:57 remz-coop-startfix-20260920 NETWORK_INITIALIZED
2026-09-20T21:05:19 remz-coop-startfix-20260920 MAP_READY
2026-09-20T21:05:19 remz-coop-startfix-20260920 HOST_CREATE port=24733
2026-09-20T21:05:19 remz-coop-startfix-20260920 HOST_READY
2026-09-20T21:05:19 remz-coop-startfix-20260920 PEER_CONNECTED id=2046766922
2026-09-20T21:05:19 remz-coop-startfix-20260920 INITIAL_SEND peer=2046766922 raw=14980 bytes=2764 parts=4
2026-09-20T21:05:19 remz-coop-startfix-20260920 CLIENT_READY peer=2046766922
2026-09-20T21:05:19 remz-coop-startfix-20260920 PEER_CONNECTED id=495986641
2026-09-20T21:05:19 remz-coop-startfix-20260920 PEER_CONNECTED id=991960094
2026-09-20T21:05:19 remz-coop-startfix-20260920 INITIAL_SEND peer=495986641 raw=19140 bytes=2868 parts=4
2026-09-20T21:05:19 remz-coop-startfix-20260920 INITIAL_SEND peer=991960094 raw=19140 bytes=2868 parts=4
2026-09-20T21:05:19 remz-coop-startfix-20260920 CLIENT_READY peer=495986641
2026-09-20T21:05:19 remz-coop-startfix-20260920 CLIENT_READY peer=991960094
2026-09-20T21:05:19 remz-coop-startfix-20260920 ROUND_START_SEND players=4
2026-09-20T21:05:19 remz-coop-startfix-20260920 STATE_SEND peer=2046766922 raw=19144 bytes=2836 parts=4
2026-09-20T21:05:19 remz-coop-startfix-20260920 STATE_SEND peer=495986641 raw=19144 bytes=2836 parts=4
2026-09-20T21:05:19 remz-coop-startfix-20260920 STATE_SEND peer=991960094 raw=19144 bytes=2836 parts=4
2026-09-20T21:05:19 remz-coop-startfix-20260920 ROUND_BEGIN intro=true
2026-09-20T21:05:19 remz-coop-startfix-20260920 ROUND_RUNNING players=4
2026-09-20T21:06:17 remz-coop-startfix-20260920 PEER_DISCONNECTED id=2046766922
2026-09-20T21:06:36 remz-coop-startfix-20260920 PEER_CONNECTED id=1544199520
2026-09-20T21:06:36 remz-coop-startfix-20260920 INITIAL_SEND peer=1544199520 raw=20528 bytes=3469 parts=4
2026-09-20T21:06:36 remz-coop-startfix-20260920 CLIENT_READY peer=1544199520
2026-09-20T21:06:52 remz-coop-startfix-20260920 STATE_SEND peer=495986641 raw=33892 bytes=5258 parts=6
2026-09-20T21:06:52 remz-coop-startfix-20260920 STATE_SEND peer=991960094 raw=33892 bytes=5258 parts=6
2026-09-20T21:06:52 remz-coop-startfix-20260920 STATE_SEND peer=1544199520 raw=33892 bytes=5258 parts=6
2026-09-20T21:07:20 remz-coop-startfix-20260920 MAP_READY
2026-09-20T21:07:20 remz-coop-startfix-20260920 INITIAL_SEND peer=1544199520 raw=19140 bytes=2869 parts=4
2026-09-20T21:07:20 remz-coop-startfix-20260920 INITIAL_SEND peer=991960094 raw=19140 bytes=2869 parts=4
2026-09-20T21:07:20 remz-coop-startfix-20260920 INITIAL_SEND peer=495986641 raw=19140 bytes=2869 parts=4
2026-09-20T21:07:20 remz-coop-startfix-20260920 CLIENT_READY peer=991960094
2026-09-20T21:07:20 remz-coop-startfix-20260920 CLIENT_READY peer=1544199520
2026-09-20T21:07:20 remz-coop-startfix-20260920 CLIENT_READY peer=495986641
2026-09-20T21:07:20 remz-coop-startfix-20260920 ROUND_START_SEND players=4
2026-09-20T21:07:20 remz-coop-startfix-20260920 STATE_SEND peer=495986641 raw=19140 bytes=2872 parts=4
2026-09-20T21:07:20 remz-coop-startfix-20260920 STATE_SEND peer=991960094 raw=19140 bytes=2872 parts=4
2026-09-20T21:07:20 remz-coop-startfix-20260920 STATE_SEND peer=1544199520 raw=19140 bytes=2872 parts=4
2026-09-20T21:07:20 remz-coop-startfix-20260920 ROUND_BEGIN intro=false
2026-09-20T21:07:20 remz-coop-startfix-20260920 ROUND_RUNNING players=4
2026-09-20T21:07:24 remz-coop-startfix-20260920 PEER_DISCONNECTED id=1544199520
2026-09-20T21:07:24 remz-coop-startfix-20260920 LEAVE_BEGIN phase=running reason=Integration test finished
2026-09-20T21:07:24 remz-coop-startfix-20260920 LEAVE_PEER_DETACHED
2026-09-20T21:07:24 remz-coop-startfix-20260920 LEAVE_PEER_CLOSED
2026-09-20T21:07:24 remz-coop-startfix-20260920 LEAVE_RELOAD
2026-09-20T21:07:43 remz-coop-startfix-20260920 MAP_READY
