2026-09-21T17:56:31 remz-coop-startfix-20260920 BOOT exe=C:/Users/miche/Desktop/Godot.exe
2026-09-21T17:56:31 remz-coop-startfix-20260920 NETWORK_INITIALIZED
2026-09-21T17:56:55 remz-coop-startfix-20260920 MAP_READY
2026-09-21T17:56:55 remz-coop-startfix-20260920 HOST_CREATE port=24739
2026-09-21T17:56:55 remz-coop-startfix-20260920 HOST_READY
2026-09-21T17:56:55 remz-coop-startfix-20260920 PEER_CONNECTED id=1255421062
2026-09-21T17:56:55 remz-coop-startfix-20260920 PEER_CONNECTED id=1975186242
2026-09-21T17:56:55 remz-coop-startfix-20260920 PEER_CONNECTED id=328138439
2026-09-21T17:56:55 remz-coop-startfix-20260920 INITIAL_SEND peer=1255421062 raw=19236 bytes=2879 parts=4
2026-09-21T17:56:55 remz-coop-startfix-20260920 INITIAL_SEND peer=1975186242 raw=19236 bytes=2879 parts=4
2026-09-21T17:56:55 remz-coop-startfix-20260920 INITIAL_SEND peer=328138439 raw=19236 bytes=2879 parts=4
2026-09-21T17:56:56 remz-coop-startfix-20260920 CLIENT_READY peer=1255421062
2026-09-21T17:56:56 remz-coop-startfix-20260920 CLIENT_READY peer=328138439
2026-09-21T17:56:56 remz-coop-startfix-20260920 CLIENT_READY peer=1975186242
2026-09-21T17:56:56 remz-coop-startfix-20260920 ROUND_START_SEND players=4
2026-09-21T17:56:56 remz-coop-startfix-20260920 STATE_SEND peer=1255421062 raw=19236 bytes=2880 parts=4
2026-09-21T17:56:56 remz-coop-startfix-20260920 STATE_SEND peer=1975186242 raw=19236 bytes=2880 parts=4
2026-09-21T17:56:56 remz-coop-startfix-20260920 STATE_SEND peer=328138439 raw=19236 bytes=2880 parts=4
2026-09-21T17:56:56 remz-coop-startfix-20260920 ROUND_BEGIN intro=false
2026-09-21T17:56:56 remz-coop-startfix-20260920 ROUND_RUNNING players=4
2026-09-21T17:57:49 remz-coop-startfix-20260920 PEER_DISCONNECTED id=1975186242
2026-09-21T17:58:03 remz-coop-startfix-20260920 PEER_CONNECTED id=1346313740
2026-09-21T17:58:03 remz-coop-startfix-20260920 INITIAL_SEND peer=1346313740 raw=20740 bytes=3563 parts=4
2026-09-21T17:58:03 remz-coop-startfix-20260920 CLIENT_READY peer=1346313740
2026-09-21T17:58:19 remz-coop-startfix-20260920 STATE_SEND peer=1255421062 raw=34112 bytes=5336 parts=6
2026-09-21T17:58:19 remz-coop-startfix-20260920 STATE_SEND peer=328138439 raw=34112 bytes=5336 parts=6
2026-09-21T17:58:19 remz-coop-startfix-20260920 STATE_SEND peer=1346313740 raw=34112 bytes=5336 parts=6
2026-09-21T17:58:37 remz-coop-startfix-20260920 MAP_READY
2026-09-21T17:58:37 remz-coop-startfix-20260920 INITIAL_SEND peer=328138439 raw=19172 bytes=2840 parts=4
2026-09-21T17:58:37 remz-coop-startfix-20260920 CLIENT_READY peer=328138439
2026-09-21T17:58:38 remz-coop-startfix-20260920 INITIAL_SEND peer=1255421062 raw=19172 bytes=2840 parts=4
2026-09-21T17:58:38 remz-coop-startfix-20260920 CLIENT_READY peer=1255421062
2026-09-21T17:58:38 remz-coop-startfix-20260920 INITIAL_SEND peer=1346313740 raw=19172 bytes=2840 parts=4
2026-09-21T17:58:38 remz-coop-startfix-20260920 CLIENT_READY peer=1346313740
2026-09-21T17:58:38 remz-coop-startfix-20260920 ROUND_START_SEND players=4
2026-09-21T17:58:38 remz-coop-startfix-20260920 STATE_SEND peer=1255421062 raw=19172 bytes=2842 parts=4
2026-09-21T17:58:38 remz-coop-startfix-20260920 STATE_SEND peer=328138439 raw=19172 bytes=2842 parts=4
2026-09-21T17:58:38 remz-coop-startfix-20260920 STATE_SEND peer=1346313740 raw=19172 bytes=2842 parts=4
2026-09-21T17:58:38 remz-coop-startfix-20260920 ROUND_BEGIN intro=false
2026-09-21T17:58:38 remz-coop-startfix-20260920 ROUND_RUNNING players=4
2026-09-21T17:58:40 remz-coop-startfix-20260920 PEER_DISCONNECTED id=1346313740
2026-09-21T17:58:41 remz-coop-startfix-20260920 LEAVE_BEGIN phase=running reason=Integration test finished
2026-09-21T17:58:41 remz-coop-startfix-20260920 LEAVE_PEER_DETACHED
2026-09-21T17:58:41 remz-coop-startfix-20260920 LEAVE_PEER_CLOSED
2026-09-21T17:58:41 remz-coop-startfix-20260920 LEAVE_RELOAD
2026-09-21T17:58:55 remz-coop-startfix-20260920 MAP_READY
