2026-09-20T21:21:55 remz-coop-startfix-20260920 BOOT exe=C:/Users/miche/Desktop/Godot.exe
2026-09-20T21:21:55 remz-coop-startfix-20260920 NETWORK_INITIALIZED
2026-09-20T21:22:19 remz-coop-startfix-20260920 MAP_READY
2026-09-20T21:22:19 remz-coop-startfix-20260920 JOIN_BEGIN address=127.0.0.1 port=24738
2026-09-20T21:22:19 remz-coop-startfix-20260920 JOIN_SOCKET result=0
2026-09-20T21:22:19 remz-coop-startfix-20260920 TRANSPORT_CONNECTED sending_hello
2026-09-20T21:22:19 remz-coop-startfix-20260920 PEER_CONNECTED id=1
2026-09-20T21:22:19 remz-coop-startfix-20260920 WELCOME
2026-09-20T21:22:20 remz-coop-startfix-20260920 PEER_CONNECTED id=1905712812
2026-09-20T21:22:20 remz-coop-startfix-20260920 PEER_CONNECTED id=389579755
2026-09-20T21:22:20 remz-coop-startfix-20260920 INITIAL_RECEIVE parts=4
2026-09-20T21:22:20 remz-coop-startfix-20260920 INITIAL_APPLY_BEGIN
2026-09-20T21:22:20 remz-coop-startfix-20260920 STATE_STAGE structures
2026-09-20T21:22:20 remz-coop-startfix-20260920 STATE_STAGE players
2026-09-20T21:22:20 remz-coop-startfix-20260920 STATE_STAGE enemies
2026-09-20T21:22:20 remz-coop-startfix-20260920 STATE_STAGE items
2026-09-20T21:22:20 remz-coop-startfix-20260920 STATE_STAGE barricades
2026-09-20T21:22:20 remz-coop-startfix-20260920 INITIAL_APPLY_DONE
2026-09-20T21:22:20 remz-coop-startfix-20260920 STATE_RECEIVE parts=4
2026-09-20T21:22:20 remz-coop-startfix-20260920 STATE_STAGE structures
2026-09-20T21:22:20 remz-coop-startfix-20260920 STATE_STAGE players
2026-09-20T21:22:20 remz-coop-startfix-20260920 STATE_STAGE enemies
2026-09-20T21:22:20 remz-coop-startfix-20260920 STATE_STAGE items
2026-09-20T21:22:20 remz-coop-startfix-20260920 STATE_STAGE barricades
2026-09-20T21:22:20 remz-coop-startfix-20260920 STATE_APPLY_DONE sequence=4
2026-09-20T21:22:20 remz-coop-startfix-20260920 ROUND_BEGIN intro=true
2026-09-20T21:22:20 remz-coop-startfix-20260920 ROUND_RUNNING players=4
2026-09-20T21:22:28 remz-coop-startfix-20260920 STATE_STAGE structures
2026-09-20T21:22:28 remz-coop-startfix-20260920 STATE_STAGE players
2026-09-20T21:22:28 remz-coop-startfix-20260920 STATE_STAGE enemies
2026-09-20T21:22:28 remz-coop-startfix-20260920 STATE_STAGE items
2026-09-20T21:22:28 remz-coop-startfix-20260920 STATE_STAGE barricades
2026-09-20T21:22:30 remz-coop-startfix-20260920 STATE_STAGE structures
2026-09-20T21:22:30 remz-coop-startfix-20260920 STATE_STAGE players
2026-09-20T21:22:30 remz-coop-startfix-20260920 STATE_STAGE enemies
2026-09-20T21:22:30 remz-coop-startfix-20260920 STATE_STAGE items
2026-09-20T21:22:30 remz-coop-startfix-20260920 STATE_STAGE barricades
2026-09-20T21:22:41 remz-coop-startfix-20260920 STATE_STAGE structures
2026-09-20T21:22:41 remz-coop-startfix-20260920 STATE_STAGE players
2026-09-20T21:22:41 remz-coop-startfix-20260920 STATE_STAGE enemies
2026-09-20T21:22:41 remz-coop-startfix-20260920 STATE_STAGE items
2026-09-20T21:22:41 remz-coop-startfix-20260920 STATE_STAGE barricades
2026-09-20T21:22:47 remz-coop-startfix-20260920 STATE_STAGE structures
2026-09-20T21:22:47 remz-coop-startfix-20260920 STATE_STAGE players
2026-09-20T21:22:47 remz-coop-startfix-20260920 STATE_STAGE enemies
2026-09-20T21:22:47 remz-coop-startfix-20260920 STATE_STAGE items
2026-09-20T21:22:47 remz-coop-startfix-20260920 STATE_STAGE barricades
2026-09-20T21:22:53 remz-coop-startfix-20260920 STATE_STAGE structures
2026-09-20T21:22:53 remz-coop-startfix-20260920 STATE_STAGE players
2026-09-20T21:22:53 remz-coop-startfix-20260920 STATE_STAGE enemies
2026-09-20T21:22:53 remz-coop-startfix-20260920 STATE_STAGE items
2026-09-20T21:22:53 remz-coop-startfix-20260920 STATE_STAGE barricades
2026-09-20T21:22:56 remz-coop-startfix-20260920 STATE_STAGE structures
2026-09-20T21:22:56 remz-coop-startfix-20260920 STATE_STAGE players
2026-09-20T21:22:56 remz-coop-startfix-20260920 STATE_STAGE enemies
2026-09-20T21:22:56 remz-coop-startfix-20260920 STATE_STAGE items
2026-09-20T21:22:56 remz-coop-startfix-20260920 STATE_STAGE barricades
2026-09-20T21:22:58 remz-coop-startfix-20260920 STATE_STAGE structures
2026-09-20T21:22:58 remz-coop-startfix-20260920 STATE_STAGE players
2026-09-20T21:22:58 remz-coop-startfix-20260920 STATE_STAGE enemies
2026-09-20T21:22:58 remz-coop-startfix-20260920 STATE_STAGE items
2026-09-20T21:22:58 remz-coop-startfix-20260920 STATE_STAGE barricades
2026-09-20T21:23:13 remz-coop-startfix-20260920 PEER_DISCONNECTED id=389579755
2026-09-20T21:23:33 remz-coop-startfix-20260920 PEER_CONNECTED id=1781195385
2026-09-20T21:23:49 remz-coop-startfix-20260920 STATE_RECEIVE parts=6
2026-09-20T21:23:49 remz-coop-startfix-20260920 STATE_APPLY_DONE sequence=858
2026-09-20T21:24:11 remz-coop-startfix-20260920 MAP_READY
2026-09-20T21:24:12 remz-coop-startfix-20260920 INITIAL_RECEIVE parts=4
2026-09-20T21:24:12 remz-coop-startfix-20260920 INITIAL_APPLY_BEGIN
2026-09-20T21:24:12 remz-coop-startfix-20260920 STATE_STAGE structures
2026-09-20T21:24:12 remz-coop-startfix-20260920 STATE_STAGE players
2026-09-20T21:24:12 remz-coop-startfix-20260920 STATE_STAGE enemies
2026-09-20T21:24:12 remz-coop-startfix-20260920 STATE_STAGE items
2026-09-20T21:24:12 remz-coop-startfix-20260920 STATE_STAGE barricades
2026-09-20T21:24:12 remz-coop-startfix-20260920 INITIAL_APPLY_DONE
2026-09-20T21:24:12 remz-coop-startfix-20260920 STATE_RECEIVE parts=4
2026-09-20T21:24:12 remz-coop-startfix-20260920 STATE_STAGE structures
2026-09-20T21:24:12 remz-coop-startfix-20260920 STATE_STAGE players
2026-09-20T21:24:12 remz-coop-startfix-20260920 STATE_STAGE enemies
2026-09-20T21:24:12 remz-coop-startfix-20260920 STATE_STAGE items
2026-09-20T21:24:12 remz-coop-startfix-20260920 STATE_STAGE barricades
2026-09-20T21:24:12 remz-coop-startfix-20260920 STATE_APPLY_DONE sequence=862
2026-09-20T21:24:12 remz-coop-startfix-20260920 ROUND_BEGIN intro=false
2026-09-20T21:24:12 remz-coop-startfix-20260920 ROUND_RUNNING players=4
2026-09-20T21:24:13 remz-coop-startfix-20260920 PEER_DISCONNECTED id=1781195385
2026-09-20T21:24:14 remz-coop-startfix-20260920 PEER_DISCONNECTED id=1
2026-09-20T21:24:14 remz-coop-startfix-20260920 LEAVE_BEGIN phase=running reason=Der Host hat die Verbindung beendet.
2026-09-20T21:24:14 remz-coop-startfix-20260920 LEAVE_PEER_DETACHED
2026-09-20T21:24:14 remz-coop-startfix-20260920 LEAVE_PEER_CLOSED
2026-09-20T21:24:14 remz-coop-startfix-20260920 LEAVE_RELOAD
2026-09-20T21:24:33 remz-coop-startfix-20260920 MAP_READY
