2026-09-23T01:32:12 remz-dev-20260922-weapon-expansion BOOT exe=C:/Users/miche/Desktop/Godot.exe
2026-09-23T01:32:12 remz-dev-20260922-weapon-expansion NETWORK_INITIALIZED
2026-09-23T01:32:29 remz-dev-20260922-weapon-expansion MAP_READY
2026-09-23T01:32:29 remz-dev-20260922-weapon-expansion JOIN_BEGIN address=127.0.0.1 port=24687
2026-09-23T01:32:29 remz-dev-20260922-weapon-expansion JOIN_SOCKET result=0
2026-09-23T01:32:29 remz-dev-20260922-weapon-expansion TRANSPORT_CONNECTED sending_hello
2026-09-23T01:32:29 remz-dev-20260922-weapon-expansion PEER_CONNECTED id=1
2026-09-23T01:32:29 remz-dev-20260922-weapon-expansion PEER_CONNECTED id=212278087
2026-09-23T01:32:29 remz-dev-20260922-weapon-expansion PEER_CONNECTED id=384979271
2026-09-23T01:32:29 remz-dev-20260922-weapon-expansion WELCOME
2026-09-23T01:32:29 remz-dev-20260922-weapon-expansion INITIAL_RECEIVE parts=5
2026-09-23T01:32:29 remz-dev-20260922-weapon-expansion INITIAL_APPLY_BEGIN
2026-09-23T01:32:29 remz-dev-20260922-weapon-expansion STATE_STAGE structures
2026-09-23T01:32:29 remz-dev-20260922-weapon-expansion STATE_STAGE players
2026-09-23T01:32:29 remz-dev-20260922-weapon-expansion STATE_STAGE enemies
2026-09-23T01:32:29 remz-dev-20260922-weapon-expansion STATE_STAGE items
2026-09-23T01:32:29 remz-dev-20260922-weapon-expansion STATE_STAGE barricades
2026-09-23T01:32:29 remz-dev-20260922-weapon-expansion INITIAL_APPLY_DONE
2026-09-23T01:32:29 remz-dev-20260922-weapon-expansion STATE_RECEIVE parts=5
2026-09-23T01:32:29 remz-dev-20260922-weapon-expansion STATE_STAGE structures
2026-09-23T01:32:29 remz-dev-20260922-weapon-expansion STATE_STAGE players
2026-09-23T01:32:29 remz-dev-20260922-weapon-expansion STATE_STAGE enemies
2026-09-23T01:32:29 remz-dev-20260922-weapon-expansion STATE_STAGE items
2026-09-23T01:32:29 remz-dev-20260922-weapon-expansion STATE_STAGE barricades
2026-09-23T01:32:29 remz-dev-20260922-weapon-expansion STATE_APPLY_DONE sequence=4
2026-09-23T01:32:29 remz-dev-20260922-weapon-expansion ROUND_BEGIN intro=false
2026-09-23T01:32:29 remz-dev-20260922-weapon-expansion ROUND_RUNNING players=4
2026-09-23T01:32:45 remz-dev-20260922-weapon-expansion STATE_STAGE structures
2026-09-23T01:32:45 remz-dev-20260922-weapon-expansion STATE_STAGE players
2026-09-23T01:32:45 remz-dev-20260922-weapon-expansion STATE_STAGE enemies
2026-09-23T01:32:45 remz-dev-20260922-weapon-expansion STATE_STAGE items
2026-09-23T01:32:45 remz-dev-20260922-weapon-expansion STATE_STAGE barricades
2026-09-23T01:32:56 remz-dev-20260922-weapon-expansion STATE_STAGE structures
2026-09-23T01:32:56 remz-dev-20260922-weapon-expansion STATE_STAGE players
2026-09-23T01:32:56 remz-dev-20260922-weapon-expansion STATE_STAGE enemies
2026-09-23T01:32:56 remz-dev-20260922-weapon-expansion STATE_STAGE items
2026-09-23T01:32:56 remz-dev-20260922-weapon-expansion STATE_STAGE barricades
2026-09-23T01:32:59 remz-dev-20260922-weapon-expansion STATE_STAGE structures
2026-09-23T01:32:59 remz-dev-20260922-weapon-expansion STATE_STAGE players
2026-09-23T01:32:59 remz-dev-20260922-weapon-expansion STATE_STAGE enemies
2026-09-23T01:32:59 remz-dev-20260922-weapon-expansion STATE_STAGE items
2026-09-23T01:32:59 remz-dev-20260922-weapon-expansion STATE_STAGE barricades
2026-09-23T01:33:00 remz-dev-20260922-weapon-expansion STATE_STAGE structures
2026-09-23T01:33:00 remz-dev-20260922-weapon-expansion STATE_STAGE players
2026-09-23T01:33:00 remz-dev-20260922-weapon-expansion STATE_STAGE enemies
2026-09-23T01:33:00 remz-dev-20260922-weapon-expansion STATE_STAGE items
2026-09-23T01:33:00 remz-dev-20260922-weapon-expansion STATE_STAGE barricades
2026-09-23T01:33:13 remz-dev-20260922-weapon-expansion STATE_STAGE structures
2026-09-23T01:33:13 remz-dev-20260922-weapon-expansion STATE_STAGE players
2026-09-23T01:33:13 remz-dev-20260922-weapon-expansion STATE_STAGE enemies
2026-09-23T01:33:13 remz-dev-20260922-weapon-expansion STATE_STAGE items
2026-09-23T01:33:13 remz-dev-20260922-weapon-expansion STATE_STAGE barricades
2026-09-23T01:33:15 remz-dev-20260922-weapon-expansion STATE_STAGE structures
2026-09-23T01:33:15 remz-dev-20260922-weapon-expansion STATE_STAGE players
2026-09-23T01:33:15 remz-dev-20260922-weapon-expansion STATE_STAGE enemies
2026-09-23T01:33:15 remz-dev-20260922-weapon-expansion STATE_STAGE items
2026-09-23T01:33:15 remz-dev-20260922-weapon-expansion STATE_STAGE barricades
2026-09-23T01:33:20 remz-dev-20260922-weapon-expansion STATE_STAGE structures
2026-09-23T01:33:20 remz-dev-20260922-weapon-expansion STATE_STAGE players
2026-09-23T01:33:20 remz-dev-20260922-weapon-expansion STATE_STAGE enemies
2026-09-23T01:33:20 remz-dev-20260922-weapon-expansion STATE_STAGE items
2026-09-23T01:33:20 remz-dev-20260922-weapon-expansion STATE_STAGE barricades
2026-09-23T01:33:21 remz-dev-20260922-weapon-expansion STATE_STAGE structures
2026-09-23T01:33:21 remz-dev-20260922-weapon-expansion STATE_STAGE players
2026-09-23T01:33:21 remz-dev-20260922-weapon-expansion STATE_STAGE enemies
2026-09-23T01:33:21 remz-dev-20260922-weapon-expansion STATE_STAGE items
2026-09-23T01:33:21 remz-dev-20260922-weapon-expansion STATE_STAGE barricades
2026-09-23T01:33:25 remz-dev-20260922-weapon-expansion STATE_STAGE structures
2026-09-23T01:33:25 remz-dev-20260922-weapon-expansion STATE_STAGE players
2026-09-23T01:33:25 remz-dev-20260922-weapon-expansion STATE_STAGE enemies
2026-09-23T01:33:25 remz-dev-20260922-weapon-expansion STATE_STAGE items
2026-09-23T01:33:25 remz-dev-20260922-weapon-expansion STATE_STAGE barricades
2026-09-23T01:33:35 remz-dev-20260922-weapon-expansion PEER_DISCONNECTED id=384979271
2026-09-23T01:33:49 remz-dev-20260922-weapon-expansion PEER_CONNECTED id=1990668845
2026-09-23T01:33:50 remz-dev-20260922-weapon-expansion STATE_STAGE structures
2026-09-23T01:33:50 remz-dev-20260922-weapon-expansion STATE_STAGE players
2026-09-23T01:33:50 remz-dev-20260922-weapon-expansion STATE_STAGE enemies
2026-09-23T01:33:50 remz-dev-20260922-weapon-expansion STATE_STAGE items
2026-09-23T01:33:50 remz-dev-20260922-weapon-expansion STATE_STAGE barricades
2026-09-23T01:33:53 remz-dev-20260922-weapon-expansion STATE_STAGE structures
2026-09-23T01:33:53 remz-dev-20260922-weapon-expansion STATE_STAGE players
2026-09-23T01:33:53 remz-dev-20260922-weapon-expansion STATE_STAGE enemies
2026-09-23T01:33:53 remz-dev-20260922-weapon-expansion STATE_STAGE items
2026-09-23T01:33:53 remz-dev-20260922-weapon-expansion STATE_STAGE barricades
2026-09-23T01:33:55 remz-dev-20260922-weapon-expansion STATE_STAGE structures
2026-09-23T01:33:55 remz-dev-20260922-weapon-expansion STATE_STAGE players
2026-09-23T01:33:55 remz-dev-20260922-weapon-expansion STATE_STAGE enemies
2026-09-23T01:33:55 remz-dev-20260922-weapon-expansion STATE_STAGE items
2026-09-23T01:33:55 remz-dev-20260922-weapon-expansion STATE_STAGE barricades
2026-09-23T01:33:58 remz-dev-20260922-weapon-expansion STATE_STAGE structures
2026-09-23T01:33:58 remz-dev-20260922-weapon-expansion STATE_STAGE players
2026-09-23T01:33:58 remz-dev-20260922-weapon-expansion STATE_STAGE enemies
2026-09-23T01:33:58 remz-dev-20260922-weapon-expansion STATE_STAGE items
2026-09-23T01:33:58 remz-dev-20260922-weapon-expansion STATE_STAGE barricades
2026-09-23T01:34:01 remz-dev-20260922-weapon-expansion STATE_STAGE structures
2026-09-23T01:34:01 remz-dev-20260922-weapon-expansion STATE_STAGE players
2026-09-23T01:34:01 remz-dev-20260922-weapon-expansion STATE_STAGE enemies
2026-09-23T01:34:01 remz-dev-20260922-weapon-expansion STATE_STAGE items
2026-09-23T01:34:01 remz-dev-20260922-weapon-expansion STATE_STAGE barricades
2026-09-23T01:34:15 remz-dev-20260922-weapon-expansion STATE_RECEIVE parts=8
2026-09-23T01:34:15 remz-dev-20260922-weapon-expansion STATE_APPLY_DONE sequence=1025
2026-09-23T01:34:31 remz-dev-20260922-weapon-expansion MAP_READY
2026-09-23T01:34:32 remz-dev-20260922-weapon-expansion INITIAL_RECEIVE parts=5
2026-09-23T01:34:32 remz-dev-20260922-weapon-expansion INITIAL_APPLY_BEGIN
2026-09-23T01:34:32 remz-dev-20260922-weapon-expansion STATE_STAGE structures
2026-09-23T01:34:32 remz-dev-20260922-weapon-expansion STATE_STAGE players
2026-09-23T01:34:32 remz-dev-20260922-weapon-expansion STATE_STAGE enemies
2026-09-23T01:34:32 remz-dev-20260922-weapon-expansion STATE_STAGE items
2026-09-23T01:34:32 remz-dev-20260922-weapon-expansion STATE_STAGE barricades
2026-09-23T01:34:32 remz-dev-20260922-weapon-expansion INITIAL_APPLY_DONE
2026-09-23T01:34:32 remz-dev-20260922-weapon-expansion STATE_RECEIVE parts=5
2026-09-23T01:34:32 remz-dev-20260922-weapon-expansion STATE_STAGE structures
2026-09-23T01:34:32 remz-dev-20260922-weapon-expansion STATE_STAGE players
2026-09-23T01:34:32 remz-dev-20260922-weapon-expansion STATE_STAGE enemies
2026-09-23T01:34:32 remz-dev-20260922-weapon-expansion STATE_STAGE items
2026-09-23T01:34:32 remz-dev-20260922-weapon-expansion STATE_STAGE barricades
2026-09-23T01:34:32 remz-dev-20260922-weapon-expansion STATE_APPLY_DONE sequence=1029
2026-09-23T01:34:32 remz-dev-20260922-weapon-expansion ROUND_BEGIN intro=false
2026-09-23T01:34:32 remz-dev-20260922-weapon-expansion ROUND_RUNNING players=4
2026-09-23T01:34:35 remz-dev-20260922-weapon-expansion PEER_DISCONNECTED id=1990668845
2026-09-23T01:34:35 remz-dev-20260922-weapon-expansion PEER_DISCONNECTED id=1
2026-09-23T01:34:35 remz-dev-20260922-weapon-expansion LEAVE_BEGIN phase=running reason=Der Host hat die Verbindung beendet.
2026-09-23T01:34:35 remz-dev-20260922-weapon-expansion LEAVE_PEER_DETACHED
2026-09-23T01:34:35 remz-dev-20260922-weapon-expansion LEAVE_PEER_CLOSED
2026-09-23T01:34:35 remz-dev-20260922-weapon-expansion LEAVE_RELOAD
2026-09-23T01:34:50 remz-dev-20260922-weapon-expansion MAP_READY
