2026-09-24T08:40:27 remz-dev-20260923-komplett BOOT exe=C:/Users/miche/Desktop/Godot.exe
2026-09-24T08:40:27 remz-dev-20260923-komplett NETWORK_INITIALIZED
2026-09-24T08:40:47 remz-dev-20260923-komplett MAP_READY
2026-09-24T08:40:47 remz-dev-20260923-komplett JOIN_BEGIN address=127.0.0.1 port=24729
2026-09-24T08:40:47 remz-dev-20260923-komplett JOIN_SOCKET result=0
2026-09-24T08:40:47 remz-dev-20260923-komplett TRANSPORT_CONNECTED sending_hello
2026-09-24T08:40:47 remz-dev-20260923-komplett PEER_CONNECTED id=1
2026-09-24T08:40:47 remz-dev-20260923-komplett WELCOME
2026-09-24T08:40:47 remz-dev-20260923-komplett INITIAL_RECEIVE parts=5
2026-09-24T08:40:47 remz-dev-20260923-komplett INITIAL_APPLY_BEGIN
2026-09-24T08:40:47 remz-dev-20260923-komplett STATE_STAGE structures
2026-09-24T08:40:47 remz-dev-20260923-komplett STATE_STAGE players
2026-09-24T08:40:47 remz-dev-20260923-komplett STATE_STAGE enemies
2026-09-24T08:40:47 remz-dev-20260923-komplett STATE_STAGE items
2026-09-24T08:40:47 remz-dev-20260923-komplett STATE_STAGE barricades
2026-09-24T08:40:47 remz-dev-20260923-komplett INITIAL_APPLY_DONE
2026-09-24T08:40:48 remz-dev-20260923-komplett STATE_RECEIVE parts=5
2026-09-24T08:40:48 remz-dev-20260923-komplett STATE_STAGE structures
2026-09-24T08:40:48 remz-dev-20260923-komplett STATE_STAGE players
2026-09-24T08:40:48 remz-dev-20260923-komplett STATE_STAGE enemies
2026-09-24T08:40:48 remz-dev-20260923-komplett STATE_STAGE items
2026-09-24T08:40:48 remz-dev-20260923-komplett STATE_STAGE barricades
2026-09-24T08:40:48 remz-dev-20260923-komplett STATE_APPLY_DONE sequence=2
2026-09-24T08:40:48 remz-dev-20260923-komplett ROUND_BEGIN intro=false
2026-09-24T08:40:48 remz-dev-20260923-komplett ROUND_RUNNING players=2
2026-09-24T08:40:48 remz-dev-20260923-komplett STATE_STAGE structures
2026-09-24T08:40:48 remz-dev-20260923-komplett STATE_STAGE players
2026-09-24T08:40:48 remz-dev-20260923-komplett STATE_STAGE enemies
2026-09-24T08:40:48 remz-dev-20260923-komplett STATE_STAGE items
2026-09-24T08:40:48 remz-dev-20260923-komplett STATE_STAGE barricades
2026-09-24T08:41:01 remz-dev-20260923-komplett PEER_CONNECTED id=1814434712
