2026-09-25T19:54:24 remz-dev-20260925-online BOOT exe=C:/Users/miche/Desktop/Godot.exe
2026-09-25T19:54:24 remz-dev-20260925-online NETWORK_INITIALIZED
2026-09-25T19:55:01 remz-dev-20260925-online MAP_READY
2026-09-25T19:55:01 remz-dev-20260925-online JOIN_BEGIN address=127.0.0.1 port=24692
2026-09-25T19:55:01 remz-dev-20260925-online JOIN_SOCKET result=0
2026-09-25T19:55:01 remz-dev-20260925-online TRANSPORT_CONNECTED sending_hello
2026-09-25T19:55:01 remz-dev-20260925-online PEER_CONNECTED id=1
2026-09-25T19:55:02 remz-dev-20260925-online PEER_CONNECTED id=977591542
2026-09-25T19:55:02 remz-dev-20260925-online PEER_CONNECTED id=1517165037
2026-09-25T19:55:02 remz-dev-20260925-online WELCOME
2026-09-25T19:55:03 remz-dev-20260925-online INITIAL_RECEIVE parts=5
2026-09-25T19:55:03 remz-dev-20260925-online INITIAL_APPLY_BEGIN
2026-09-25T19:55:03 remz-dev-20260925-online STATE_STAGE structures
2026-09-25T19:55:03 remz-dev-20260925-online STATE_STAGE players
2026-09-25T19:55:03 remz-dev-20260925-online STATE_STAGE enemies
2026-09-25T19:55:03 remz-dev-20260925-online STATE_STAGE items
2026-09-25T19:55:03 remz-dev-20260925-online STATE_STAGE barricades
2026-09-25T19:55:03 remz-dev-20260925-online INITIAL_APPLY_DONE
2026-09-25T19:55:03 remz-dev-20260925-online STATE_RECEIVE parts=5
2026-09-25T19:55:03 remz-dev-20260925-online STATE_STAGE structures
2026-09-25T19:55:03 remz-dev-20260925-online STATE_STAGE players
2026-09-25T19:55:03 remz-dev-20260925-online STATE_STAGE enemies
2026-09-25T19:55:03 remz-dev-20260925-online STATE_STAGE items
2026-09-25T19:55:03 remz-dev-20260925-online STATE_STAGE barricades
2026-09-25T19:55:03 remz-dev-20260925-online STATE_APPLY_DONE sequence=4
2026-09-25T19:55:03 remz-dev-20260925-online ROUND_BEGIN intro=false
2026-09-25T19:55:03 remz-dev-20260925-online ROUND_RUNNING players=4
