2026-09-25T19:44:57 remz-dev-20260925-online BOOT exe=C:/Users/miche/Desktop/Godot.exe
2026-09-25T19:44:57 remz-dev-20260925-online NETWORK_INITIALIZED
2026-09-25T19:45:37 remz-dev-20260925-online MAP_READY
2026-09-25T19:45:37 remz-dev-20260925-online HOST_CREATE port=24687
2026-09-25T19:45:37 remz-dev-20260925-online HOST_READY
2026-09-25T19:45:38 remz-dev-20260925-online PEER_CONNECTED id=1562489396
2026-09-25T19:45:38 remz-dev-20260925-online PEER_CONNECTED id=317521032
2026-09-25T19:45:38 remz-dev-20260925-online PEER_CONNECTED id=2139018051
2026-09-25T19:45:38 remz-dev-20260925-online INITIAL_SEND peer=1562489396 raw=29596 bytes=4529 parts=6
2026-09-25T19:45:38 remz-dev-20260925-online INITIAL_SEND peer=317521032 raw=29596 bytes=4528 parts=6
2026-09-25T19:45:38 remz-dev-20260925-online INITIAL_SEND peer=2139018051 raw=29596 bytes=4528 parts=6
2026-09-25T19:45:39 remz-dev-20260925-online CLIENT_READY peer=1562489396
2026-09-25T19:45:39 remz-dev-20260925-online CLIENT_READY peer=317521032
2026-09-25T19:45:39 remz-dev-20260925-online CLIENT_READY peer=2139018051
2026-09-25T19:45:39 remz-dev-20260925-online ROUND_START_SEND players=4
2026-09-25T19:45:39 remz-dev-20260925-online STATE_SEND peer=1562489396 raw=29596 bytes=4528 parts=6
2026-09-25T19:45:39 remz-dev-20260925-online STATE_SEND peer=317521032 raw=29596 bytes=4528 parts=6
2026-09-25T19:45:39 remz-dev-20260925-online STATE_SEND peer=2139018051 raw=29596 bytes=4528 parts=6
2026-09-25T19:45:39 remz-dev-20260925-online ROUND_BEGIN intro=false
2026-09-25T19:45:39 remz-dev-20260925-online ROUND_RUNNING players=4
2026-09-25T19:46:47 remz-dev-20260925-online PEER_DISCONNECTED id=2139018051
2026-09-25T19:46:59 remz-dev-20260925-online PEER_CONNECTED id=1829937939
2026-09-25T19:46:59 remz-dev-20260925-online INITIAL_SEND peer=1829937939 raw=31852 bytes=5531 parts=7
2026-09-25T19:46:59 remz-dev-20260925-online CLIENT_READY peer=1829937939
2026-09-25T19:47:31 remz-dev-20260925-online STATE_SEND peer=1562489396 raw=48024 bytes=7460 parts=9
2026-09-25T19:47:31 remz-dev-20260925-online STATE_SEND peer=317521032 raw=48024 bytes=7460 parts=9
2026-09-25T19:47:31 remz-dev-20260925-online STATE_SEND peer=1829937939 raw=48024 bytes=7460 parts=9
2026-09-25T19:47:49 remz-dev-20260925-online MAP_READY
2026-09-25T19:47:49 remz-dev-20260925-online INITIAL_SEND peer=1562489396 raw=29468 bytes=4459 parts=5
2026-09-25T19:47:49 remz-dev-20260925-online INITIAL_SEND peer=317521032 raw=29468 bytes=4459 parts=5
2026-09-25T19:47:49 remz-dev-20260925-online INITIAL_SEND peer=1829937939 raw=29468 bytes=4459 parts=5
2026-09-25T19:47:49 remz-dev-20260925-online CLIENT_READY peer=317521032
2026-09-25T19:47:49 remz-dev-20260925-online CLIENT_READY peer=1829937939
2026-09-25T19:47:49 remz-dev-20260925-online CLIENT_READY peer=1562489396
2026-09-25T19:47:49 remz-dev-20260925-online ROUND_START_SEND players=4
2026-09-25T19:47:49 remz-dev-20260925-online STATE_SEND peer=1562489396 raw=29468 bytes=4461 parts=5
2026-09-25T19:47:49 remz-dev-20260925-online STATE_SEND peer=317521032 raw=29468 bytes=4461 parts=5
2026-09-25T19:47:49 remz-dev-20260925-online STATE_SEND peer=1829937939 raw=29468 bytes=4461 parts=5
2026-09-25T19:47:49 remz-dev-20260925-online ROUND_BEGIN intro=false
2026-09-25T19:47:49 remz-dev-20260925-online ROUND_RUNNING players=4
2026-09-25T19:47:51 remz-dev-20260925-online PEER_DISCONNECTED id=1829937939
2026-09-25T19:47:52 remz-dev-20260925-online LEAVE_BEGIN phase=running reason=Integration test finished
2026-09-25T19:47:52 remz-dev-20260925-online LEAVE_PEER_DETACHED
2026-09-25T19:47:52 remz-dev-20260925-online LEAVE_PEER_CLOSED
2026-09-25T19:47:52 remz-dev-20260925-online LEAVE_RELOAD
2026-09-25T19:48:06 remz-dev-20260925-online MAP_READY
