2026-09-26T00:14:38 remz-dev-20260925-online BOOT exe=C:/Users/miche/Desktop/Godot.exe
2026-09-26T00:14:38 remz-dev-20260925-online NETWORK_INITIALIZED
2026-09-26T00:15:04 remz-dev-20260925-online MAP_READY
2026-09-26T00:15:04 remz-dev-20260925-online HOST_CREATE port=24687
2026-09-26T00:15:04 remz-dev-20260925-online HOST_READY
2026-09-26T00:15:04 remz-dev-20260925-online PEER_CONNECTED id=405350630
2026-09-26T00:15:04 remz-dev-20260925-online PEER_CONNECTED id=1718832688
2026-09-26T00:15:05 remz-dev-20260925-online PEER_CONNECTED id=2111136251
2026-09-26T00:15:05 remz-dev-20260925-online INITIAL_SEND peer=405350630 raw=29596 bytes=4534 parts=6
2026-09-26T00:15:05 remz-dev-20260925-online INITIAL_SEND peer=1718832688 raw=29596 bytes=4532 parts=6
2026-09-26T00:15:05 remz-dev-20260925-online CLIENT_READY peer=405350630
2026-09-26T00:15:05 remz-dev-20260925-online INITIAL_SEND peer=2111136251 raw=29596 bytes=4532 parts=6
2026-09-26T00:15:05 remz-dev-20260925-online CLIENT_READY peer=1718832688
2026-09-26T00:15:05 remz-dev-20260925-online CLIENT_READY peer=2111136251
2026-09-26T00:15:05 remz-dev-20260925-online ROUND_START_SEND players=4
2026-09-26T00:15:05 remz-dev-20260925-online STATE_SEND peer=405350630 raw=29596 bytes=4533 parts=6
2026-09-26T00:15:05 remz-dev-20260925-online STATE_SEND peer=1718832688 raw=29596 bytes=4533 parts=6
2026-09-26T00:15:05 remz-dev-20260925-online STATE_SEND peer=2111136251 raw=29596 bytes=4533 parts=6
2026-09-26T00:15:05 remz-dev-20260925-online ROUND_BEGIN intro=false
2026-09-26T00:15:05 remz-dev-20260925-online ROUND_RUNNING players=4
2026-09-26T00:16:11 remz-dev-20260925-online PEER_DISCONNECTED id=405350630
2026-09-26T00:16:22 remz-dev-20260925-online PEER_CONNECTED id=903301909
2026-09-26T00:16:22 remz-dev-20260925-online INITIAL_SEND peer=903301909 raw=31900 bytes=5530 parts=7
2026-09-26T00:16:22 remz-dev-20260925-online CLIENT_READY peer=903301909
2026-09-26T00:16:54 remz-dev-20260925-online STATE_SEND peer=1718832688 raw=47992 bytes=7508 parts=9
2026-09-26T00:16:54 remz-dev-20260925-online STATE_SEND peer=2111136251 raw=47992 bytes=7508 parts=9
2026-09-26T00:16:54 remz-dev-20260925-online STATE_SEND peer=903301909 raw=47992 bytes=7508 parts=9
2026-09-26T00:17:09 remz-dev-20260925-online MAP_READY
2026-09-26T00:17:09 remz-dev-20260925-online INITIAL_SEND peer=1718832688 raw=29468 bytes=4460 parts=5
2026-09-26T00:17:09 remz-dev-20260925-online INITIAL_SEND peer=2111136251 raw=29468 bytes=4460 parts=5
2026-09-26T00:17:09 remz-dev-20260925-online INITIAL_SEND peer=903301909 raw=29468 bytes=4460 parts=5
2026-09-26T00:17:10 remz-dev-20260925-online CLIENT_READY peer=2111136251
2026-09-26T00:17:10 remz-dev-20260925-online CLIENT_READY peer=1718832688
2026-09-26T00:17:10 remz-dev-20260925-online CLIENT_READY peer=903301909
2026-09-26T00:17:10 remz-dev-20260925-online ROUND_START_SEND players=4
2026-09-26T00:17:10 remz-dev-20260925-online STATE_SEND peer=1718832688 raw=29468 bytes=4460 parts=5
2026-09-26T00:17:10 remz-dev-20260925-online STATE_SEND peer=2111136251 raw=29468 bytes=4460 parts=5
2026-09-26T00:17:10 remz-dev-20260925-online STATE_SEND peer=903301909 raw=29468 bytes=4460 parts=5
2026-09-26T00:17:10 remz-dev-20260925-online ROUND_BEGIN intro=false
2026-09-26T00:17:10 remz-dev-20260925-online ROUND_RUNNING players=4
2026-09-26T00:17:11 remz-dev-20260925-online PEER_DISCONNECTED id=903301909
2026-09-26T00:17:12 remz-dev-20260925-online LEAVE_BEGIN phase=running reason=Integration test finished
2026-09-26T00:17:12 remz-dev-20260925-online LEAVE_PEER_DETACHED
2026-09-26T00:17:12 remz-dev-20260925-online LEAVE_PEER_CLOSED
2026-09-26T00:17:12 remz-dev-20260925-online LEAVE_RELOAD
2026-09-26T00:17:24 remz-dev-20260925-online MAP_READY
