2026-09-20T21:08:03 remz-coop-startfix-20260920 BOOT exe=C:/Users/miche/Desktop/Godot.exe
2026-09-20T21:08:03 remz-coop-startfix-20260920 NETWORK_INITIALIZED
2026-09-20T21:08:26 remz-coop-startfix-20260920 MAP_READY
2026-09-20T21:08:27 remz-coop-startfix-20260920 JOIN_BEGIN address=127.0.0.1 port=24733
2026-09-20T21:08:27 remz-coop-startfix-20260920 JOIN_SOCKET result=0
2026-09-20T21:08:27 remz-coop-startfix-20260920 TRANSPORT_CONNECTED sending_hello
2026-09-20T21:08:27 remz-coop-startfix-20260920 PEER_CONNECTED id=1
2026-09-20T21:08:27 remz-coop-startfix-20260920 PEER_CONNECTED id=802139026
2026-09-20T21:08:27 remz-coop-startfix-20260920 PEER_CONNECTED id=857453276
2026-09-20T21:08:27 remz-coop-startfix-20260920 WELCOME
2026-09-20T21:08:27 remz-coop-startfix-20260920 INITIAL_RECEIVE parts=4
2026-09-20T21:08:27 remz-coop-startfix-20260920 INITIAL_APPLY_BEGIN
2026-09-20T21:08:27 remz-coop-startfix-20260920 STATE_STAGE structures
2026-09-20T21:08:27 remz-coop-startfix-20260920 STATE_STAGE players
2026-09-20T21:08:27 remz-coop-startfix-20260920 STATE_STAGE enemies
2026-09-20T21:08:27 remz-coop-startfix-20260920 STATE_STAGE items
2026-09-20T21:08:27 remz-coop-startfix-20260920 STATE_STAGE barricades
2026-09-20T21:08:27 remz-coop-startfix-20260920 INITIAL_APPLY_DONE
2026-09-20T21:08:27 remz-coop-startfix-20260920 STATE_RECEIVE parts=4
2026-09-20T21:08:27 remz-coop-startfix-20260920 STATE_STAGE structures
2026-09-20T21:08:27 remz-coop-startfix-20260920 STATE_STAGE players
2026-09-20T21:08:27 remz-coop-startfix-20260920 STATE_STAGE enemies
2026-09-20T21:08:27 remz-coop-startfix-20260920 STATE_STAGE items
2026-09-20T21:08:27 remz-coop-startfix-20260920 STATE_STAGE barricades
2026-09-20T21:08:27 remz-coop-startfix-20260920 STATE_APPLY_DONE sequence=6
2026-09-20T21:08:27 remz-coop-startfix-20260920 ROUND_BEGIN intro=true
2026-09-20T21:08:27 remz-coop-startfix-20260920 ROUND_RUNNING players=4
2026-09-20T21:08:40 remz-coop-startfix-20260920 STATE_STAGE structures
2026-09-20T21:08:40 remz-coop-startfix-20260920 STATE_STAGE players
2026-09-20T21:08:40 remz-coop-startfix-20260920 STATE_STAGE enemies
2026-09-20T21:08:40 remz-coop-startfix-20260920 STATE_STAGE items
2026-09-20T21:08:40 remz-coop-startfix-20260920 STATE_STAGE barricades
2026-09-20T21:08:41 remz-coop-startfix-20260920 STATE_STAGE structures
2026-09-20T21:08:41 remz-coop-startfix-20260920 STATE_STAGE players
2026-09-20T21:08:41 remz-coop-startfix-20260920 STATE_STAGE enemies
2026-09-20T21:08:41 remz-coop-startfix-20260920 STATE_STAGE items
2026-09-20T21:08:41 remz-coop-startfix-20260920 STATE_STAGE barricades
2026-09-20T21:08:52 remz-coop-startfix-20260920 STATE_STAGE structures
2026-09-20T21:08:52 remz-coop-startfix-20260920 STATE_STAGE players
2026-09-20T21:08:52 remz-coop-startfix-20260920 STATE_STAGE enemies
2026-09-20T21:08:52 remz-coop-startfix-20260920 STATE_STAGE items
2026-09-20T21:08:52 remz-coop-startfix-20260920 STATE_STAGE barricades
2026-09-20T21:08:58 remz-coop-startfix-20260920 STATE_STAGE structures
2026-09-20T21:08:58 remz-coop-startfix-20260920 STATE_STAGE players
2026-09-20T21:08:58 remz-coop-startfix-20260920 STATE_STAGE enemies
2026-09-20T21:08:59 remz-coop-startfix-20260920 STATE_STAGE items
2026-09-20T21:08:59 remz-coop-startfix-20260920 STATE_STAGE barricades
2026-09-20T21:09:04 remz-coop-startfix-20260920 STATE_STAGE structures
2026-09-20T21:09:04 remz-coop-startfix-20260920 STATE_STAGE players
2026-09-20T21:09:04 remz-coop-startfix-20260920 STATE_STAGE enemies
2026-09-20T21:09:04 remz-coop-startfix-20260920 STATE_STAGE items
2026-09-20T21:09:04 remz-coop-startfix-20260920 STATE_STAGE barricades
2026-09-20T21:09:08 remz-coop-startfix-20260920 STATE_STAGE structures
2026-09-20T21:09:08 remz-coop-startfix-20260920 STATE_STAGE players
2026-09-20T21:09:08 remz-coop-startfix-20260920 STATE_STAGE enemies
2026-09-20T21:09:08 remz-coop-startfix-20260920 STATE_STAGE items
2026-09-20T21:09:08 remz-coop-startfix-20260920 STATE_STAGE barricades
2026-09-20T21:09:09 remz-coop-startfix-20260920 STATE_STAGE structures
2026-09-20T21:09:09 remz-coop-startfix-20260920 STATE_STAGE players
2026-09-20T21:09:09 remz-coop-startfix-20260920 STATE_STAGE enemies
2026-09-20T21:09:09 remz-coop-startfix-20260920 STATE_STAGE items
2026-09-20T21:09:09 remz-coop-startfix-20260920 STATE_STAGE barricades
2026-09-20T21:09:25 remz-coop-startfix-20260920 PEER_DISCONNECTED id=857453276
2026-09-20T21:09:44 remz-coop-startfix-20260920 PEER_CONNECTED id=1863743785
2026-09-20T21:10:00 remz-coop-startfix-20260920 STATE_RECEIVE parts=6
2026-09-20T21:10:00 remz-coop-startfix-20260920 STATE_APPLY_DONE sequence=903
2026-09-20T21:10:27 remz-coop-startfix-20260920 MAP_READY
2026-09-20T21:10:28 remz-coop-startfix-20260920 INITIAL_RECEIVE parts=4
2026-09-20T21:10:28 remz-coop-startfix-20260920 INITIAL_APPLY_BEGIN
2026-09-20T21:10:28 remz-coop-startfix-20260920 STATE_STAGE structures
2026-09-20T21:10:28 remz-coop-startfix-20260920 STATE_STAGE players
2026-09-20T21:10:28 remz-coop-startfix-20260920 STATE_STAGE enemies
2026-09-20T21:10:28 remz-coop-startfix-20260920 STATE_STAGE items
2026-09-20T21:10:28 remz-coop-startfix-20260920 STATE_STAGE barricades
2026-09-20T21:10:28 remz-coop-startfix-20260920 INITIAL_APPLY_DONE
2026-09-20T21:10:28 remz-coop-startfix-20260920 STATE_RECEIVE parts=4
2026-09-20T21:10:28 remz-coop-startfix-20260920 STATE_STAGE structures
2026-09-20T21:10:28 remz-coop-startfix-20260920 STATE_STAGE players
2026-09-20T21:10:28 remz-coop-startfix-20260920 STATE_STAGE enemies
2026-09-20T21:10:28 remz-coop-startfix-20260920 STATE_STAGE items
2026-09-20T21:10:28 remz-coop-startfix-20260920 STATE_STAGE barricades
2026-09-20T21:10:28 remz-coop-startfix-20260920 STATE_APPLY_DONE sequence=909
2026-09-20T21:10:28 remz-coop-startfix-20260920 ROUND_BEGIN intro=false
2026-09-20T21:10:28 remz-coop-startfix-20260920 ROUND_RUNNING players=4
2026-09-20T21:10:30 remz-coop-startfix-20260920 PEER_DISCONNECTED id=1863743785
2026-09-20T21:10:31 remz-coop-startfix-20260920 PEER_DISCONNECTED id=1
2026-09-20T21:10:31 remz-coop-startfix-20260920 LEAVE_BEGIN phase=running reason=Der Host hat die Verbindung beendet.
2026-09-20T21:10:31 remz-coop-startfix-20260920 LEAVE_PEER_DETACHED
2026-09-20T21:10:31 remz-coop-startfix-20260920 LEAVE_PEER_CLOSED
2026-09-20T21:10:31 remz-coop-startfix-20260920 LEAVE_RELOAD
2026-09-20T21:10:49 remz-coop-startfix-20260920 MAP_READY
