2026-09-25T19:44:57 remz-dev-20260925-online BOOT exe=C:/Users/miche/Desktop/Godot.exe
2026-09-25T19:44:57 remz-dev-20260925-online NETWORK_INITIALIZED
2026-09-25T19:45:38 remz-dev-20260925-online MAP_READY
2026-09-25T19:45:38 remz-dev-20260925-online JOIN_BEGIN address=127.0.0.1 port=24687
2026-09-25T19:45:38 remz-dev-20260925-online JOIN_SOCKET result=0
2026-09-25T19:45:38 remz-dev-20260925-online TRANSPORT_CONNECTED sending_hello
2026-09-25T19:45:38 remz-dev-20260925-online PEER_CONNECTED id=1
2026-09-25T19:45:38 remz-dev-20260925-online PEER_CONNECTED id=1562489396
2026-09-25T19:45:38 remz-dev-20260925-online PEER_CONNECTED id=317521032
2026-09-25T19:45:38 remz-dev-20260925-online WELCOME
2026-09-25T19:45:38 remz-dev-20260925-online INITIAL_RECEIVE parts=6
2026-09-25T19:45:39 remz-dev-20260925-online INITIAL_APPLY_BEGIN
2026-09-25T19:45:39 remz-dev-20260925-online STATE_STAGE structures
2026-09-25T19:45:39 remz-dev-20260925-online STATE_STAGE players
2026-09-25T19:45:39 remz-dev-20260925-online STATE_STAGE enemies
2026-09-25T19:45:39 remz-dev-20260925-online STATE_STAGE items
2026-09-25T19:45:39 remz-dev-20260925-online STATE_STAGE barricades
2026-09-25T19:45:39 remz-dev-20260925-online INITIAL_APPLY_DONE
2026-09-25T19:45:39 remz-dev-20260925-online STATE_RECEIVE parts=6
2026-09-25T19:45:39 remz-dev-20260925-online STATE_STAGE structures
2026-09-25T19:45:39 remz-dev-20260925-online STATE_STAGE players
2026-09-25T19:45:39 remz-dev-20260925-online STATE_STAGE enemies
2026-09-25T19:45:39 remz-dev-20260925-online STATE_STAGE items
2026-09-25T19:45:39 remz-dev-20260925-online STATE_STAGE barricades
2026-09-25T19:45:39 remz-dev-20260925-online STATE_APPLY_DONE sequence=4
2026-09-25T19:45:39 remz-dev-20260925-online ROUND_BEGIN intro=false
2026-09-25T19:45:39 remz-dev-20260925-online ROUND_RUNNING players=4
2026-09-25T19:46:20 remz-dev-20260925-online STATE_STAGE structures
2026-09-25T19:46:20 remz-dev-20260925-online STATE_STAGE players
2026-09-25T19:46:20 remz-dev-20260925-online STATE_STAGE enemies
2026-09-25T19:46:20 remz-dev-20260925-online STATE_STAGE items
2026-09-25T19:46:20 remz-dev-20260925-online STATE_STAGE barricades
2026-09-25T19:46:47 remz-dev-20260925-online LEAVE_BEGIN phase=running reason=Left the session.
2026-09-25T19:46:47 remz-dev-20260925-online LEAVE_PEER_DETACHED
2026-09-25T19:46:47 remz-dev-20260925-online LEAVE_PEER_CLOSED
2026-09-25T19:46:47 remz-dev-20260925-online LEAVE_RELOAD
2026-09-25T19:46:59 remz-dev-20260925-online MAP_READY
2026-09-25T19:46:59 remz-dev-20260925-online JOIN_BEGIN address=127.0.0.1 port=24687
2026-09-25T19:46:59 remz-dev-20260925-online JOIN_SOCKET result=0
2026-09-25T19:46:59 remz-dev-20260925-online TRANSPORT_CONNECTED sending_hello
2026-09-25T19:46:59 remz-dev-20260925-online PEER_CONNECTED id=1
2026-09-25T19:46:59 remz-dev-20260925-online PEER_CONNECTED id=1562489396
2026-09-25T19:46:59 remz-dev-20260925-online PEER_CONNECTED id=317521032
2026-09-25T19:46:59 remz-dev-20260925-online WELCOME
2026-09-25T19:46:59 remz-dev-20260925-online INITIAL_RECEIVE parts=7
2026-09-25T19:46:59 remz-dev-20260925-online INITIAL_APPLY_BEGIN
2026-09-25T19:46:59 remz-dev-20260925-online STATE_STAGE structures
2026-09-25T19:46:59 remz-dev-20260925-online STATE_STAGE players
2026-09-25T19:46:59 remz-dev-20260925-online STATE_STAGE enemies
2026-09-25T19:46:59 remz-dev-20260925-online STATE_STAGE items
2026-09-25T19:46:59 remz-dev-20260925-online STATE_STAGE barricades
2026-09-25T19:46:59 remz-dev-20260925-online INITIAL_APPLY_DONE
2026-09-25T19:46:59 remz-dev-20260925-online ROUND_BEGIN intro=false
2026-09-25T19:46:59 remz-dev-20260925-online ROUND_RUNNING players=4
2026-09-25T19:47:13 remz-dev-20260925-online STATE_STAGE structures
2026-09-25T19:47:13 remz-dev-20260925-online STATE_STAGE players
2026-09-25T19:47:13 remz-dev-20260925-online STATE_STAGE enemies
2026-09-25T19:47:13 remz-dev-20260925-online STATE_STAGE items
2026-09-25T19:47:13 remz-dev-20260925-online STATE_STAGE barricades
2026-09-25T19:47:31 remz-dev-20260925-online STATE_RECEIVE parts=9
2026-09-25T19:47:31 remz-dev-20260925-online STATE_APPLY_DONE sequence=1085
2026-09-25T19:47:48 remz-dev-20260925-online MAP_READY
2026-09-25T19:47:49 remz-dev-20260925-online INITIAL_RECEIVE parts=5
2026-09-25T19:47:49 remz-dev-20260925-online INITIAL_APPLY_BEGIN
2026-09-25T19:47:49 remz-dev-20260925-online STATE_STAGE structures
2026-09-25T19:47:49 remz-dev-20260925-online STATE_STAGE players
2026-09-25T19:47:49 remz-dev-20260925-online STATE_STAGE enemies
2026-09-25T19:47:49 remz-dev-20260925-online STATE_STAGE items
2026-09-25T19:47:49 remz-dev-20260925-online STATE_STAGE barricades
2026-09-25T19:47:49 remz-dev-20260925-online INITIAL_APPLY_DONE
2026-09-25T19:47:49 remz-dev-20260925-online STATE_RECEIVE parts=5
2026-09-25T19:47:49 remz-dev-20260925-online STATE_STAGE structures
2026-09-25T19:47:49 remz-dev-20260925-online STATE_STAGE players
2026-09-25T19:47:49 remz-dev-20260925-online STATE_STAGE enemies
2026-09-25T19:47:49 remz-dev-20260925-online STATE_STAGE items
2026-09-25T19:47:49 remz-dev-20260925-online STATE_STAGE barricades
2026-09-25T19:47:49 remz-dev-20260925-online STATE_APPLY_DONE sequence=1089
2026-09-25T19:47:49 remz-dev-20260925-online ROUND_BEGIN intro=false
2026-09-25T19:47:49 remz-dev-20260925-online ROUND_RUNNING players=4
