2026-09-21T19:15:10 remz-coop-tower-aim-20260921 BOOT exe=C:/Users/miche/Desktop/Godot.exe
2026-09-21T19:15:10 remz-coop-tower-aim-20260921 NETWORK_INITIALIZED
2026-09-21T19:15:27 remz-coop-tower-aim-20260921 MAP_READY
2026-09-21T19:15:27 remz-coop-tower-aim-20260921 HOST_CREATE port=24687
2026-09-21T19:15:27 remz-coop-tower-aim-20260921 HOST_READY
2026-09-21T19:15:27 remz-coop-tower-aim-20260921 PEER_CONNECTED id=137709917
2026-09-21T19:15:27 remz-coop-tower-aim-20260921 PEER_CONNECTED id=1993432408
2026-09-21T19:15:27 remz-coop-tower-aim-20260921 PEER_CONNECTED id=168820688
2026-09-21T19:15:27 remz-coop-tower-aim-20260921 INITIAL_SEND peer=137709917 raw=20320 bytes=3019 parts=4
2026-09-21T19:15:27 remz-coop-tower-aim-20260921 INITIAL_SEND peer=1993432408 raw=20320 bytes=3019 parts=4
2026-09-21T19:15:27 remz-coop-tower-aim-20260921 CLIENT_READY peer=137709917
2026-09-21T19:15:27 remz-coop-tower-aim-20260921 INITIAL_SEND peer=168820688 raw=20320 bytes=3019 parts=4
2026-09-21T19:15:27 remz-coop-tower-aim-20260921 CLIENT_READY peer=1993432408
2026-09-21T19:15:27 remz-coop-tower-aim-20260921 CLIENT_READY peer=168820688
2026-09-21T19:15:27 remz-coop-tower-aim-20260921 ROUND_START_SEND players=4
2026-09-21T19:15:27 remz-coop-tower-aim-20260921 STATE_SEND peer=137709917 raw=20320 bytes=3021 parts=4
2026-09-21T19:15:27 remz-coop-tower-aim-20260921 STATE_SEND peer=1993432408 raw=20320 bytes=3021 parts=4
2026-09-21T19:15:27 remz-coop-tower-aim-20260921 STATE_SEND peer=168820688 raw=20320 bytes=3021 parts=4
2026-09-21T19:15:27 remz-coop-tower-aim-20260921 ROUND_BEGIN intro=false
2026-09-21T19:15:27 remz-coop-tower-aim-20260921 ROUND_RUNNING players=4
2026-09-21T19:16:19 remz-coop-tower-aim-20260921 PEER_DISCONNECTED id=137709917
2026-09-21T19:16:30 remz-coop-tower-aim-20260921 PEER_CONNECTED id=1900813018
2026-09-21T19:16:31 remz-coop-tower-aim-20260921 INITIAL_SEND peer=1900813018 raw=22136 bytes=3784 parts=5
2026-09-21T19:16:31 remz-coop-tower-aim-20260921 CLIENT_READY peer=1900813018
2026-09-21T19:16:57 remz-coop-tower-aim-20260921 STATE_SEND peer=1993432408 raw=35440 bytes=5552 parts=7
2026-09-21T19:16:57 remz-coop-tower-aim-20260921 STATE_SEND peer=168820688 raw=35440 bytes=5552 parts=7
2026-09-21T19:16:57 remz-coop-tower-aim-20260921 STATE_SEND peer=1900813018 raw=35440 bytes=5552 parts=7
2026-09-21T19:17:15 remz-coop-tower-aim-20260921 MAP_READY
2026-09-21T19:17:15 remz-coop-tower-aim-20260921 INITIAL_SEND peer=168820688 raw=20256 bytes=2984 parts=4
2026-09-21T19:17:15 remz-coop-tower-aim-20260921 CLIENT_READY peer=168820688
2026-09-21T19:17:15 remz-coop-tower-aim-20260921 INITIAL_SEND peer=1993432408 raw=20256 bytes=2987 parts=4
2026-09-21T19:17:15 remz-coop-tower-aim-20260921 CLIENT_READY peer=1993432408
2026-09-21T19:17:15 remz-coop-tower-aim-20260921 INITIAL_SEND peer=1900813018 raw=20256 bytes=2987 parts=4
2026-09-21T19:17:16 remz-coop-tower-aim-20260921 CLIENT_READY peer=1900813018
2026-09-21T19:17:16 remz-coop-tower-aim-20260921 ROUND_START_SEND players=4
2026-09-21T19:17:16 remz-coop-tower-aim-20260921 STATE_SEND peer=1993432408 raw=20256 bytes=2988 parts=4
2026-09-21T19:17:16 remz-coop-tower-aim-20260921 STATE_SEND peer=168820688 raw=20256 bytes=2988 parts=4
2026-09-21T19:17:16 remz-coop-tower-aim-20260921 STATE_SEND peer=1900813018 raw=20256 bytes=2988 parts=4
2026-09-21T19:17:16 remz-coop-tower-aim-20260921 ROUND_BEGIN intro=false
2026-09-21T19:17:16 remz-coop-tower-aim-20260921 ROUND_RUNNING players=4
2026-09-21T19:17:17 remz-coop-tower-aim-20260921 PEER_DISCONNECTED id=1900813018
2026-09-21T19:17:18 remz-coop-tower-aim-20260921 LEAVE_BEGIN phase=running reason=Integration test finished
2026-09-21T19:17:18 remz-coop-tower-aim-20260921 LEAVE_PEER_DETACHED
2026-09-21T19:17:18 remz-coop-tower-aim-20260921 LEAVE_PEER_CLOSED
2026-09-21T19:17:18 remz-coop-tower-aim-20260921 LEAVE_RELOAD
2026-09-21T19:17:32 remz-coop-tower-aim-20260921 MAP_READY
