2026-09-27T19:03:26 remz-dev-20260927-farm-dog-rig BOOT exe=C:/Users/miche/Desktop/Godot.exe
2026-09-27T19:03:26 remz-dev-20260927-farm-dog-rig NETWORK_INITIALIZED
2026-09-27T19:03:58 remz-dev-20260927-farm-dog-rig MAP_READY
2026-09-27T19:03:58 remz-dev-20260927-farm-dog-rig ONLINE_HOST_BEGIN
2026-09-27T19:03:58 remz-dev-20260927-farm-dog-rig EOS_PLATFORM_START
2026-09-27T19:04:00 remz-dev-20260927-farm-dog-rig EOS_PLATFORM_READY
2026-09-27T19:04:00 remz-dev-20260927-farm-dog-rig EOS_RELAY_CONTROL forced
2026-09-27T19:04:00 remz-dev-20260927-farm-dog-rig EOS LogEOSConnect: DeviceId access credentials already exist for the current user profile on the local device.
2026-09-27T19:04:02 remz-dev-20260927-farm-dog-rig EOS_LOGIN_OK
2026-09-27T19:04:03 remz-dev-20260927-farm-dog-rig EOS_LOBBY_CREATED code=R3PXX9
2026-09-27T19:04:03 remz-dev-20260927-farm-dog-rig ONLINE_HOST_READY ONLINE_CODE=R3PXX9
2026-09-27T19:04:10 remz-dev-20260927-farm-dog-rig EOS LogEOSRTC: TickTracker Ticks have been delayed. TimePeriod=[10.011623s] TickIntervalThreshold=[40ms] MaxTickInterval=[292ms] MaxExecutionTime=[1ms] TicksCount=[1230] ExpectedTicksCount=[1230]
2026-09-27T19:04:11 remz-dev-20260927-farm-dog-rig EOS_P2P_ACCEPTED
2026-09-27T19:04:12 remz-dev-20260927-farm-dog-rig PEER_CONNECTED id=948083177
2026-09-27T19:04:13 remz-dev-20260927-farm-dog-rig INITIAL_SEND peer=948083177 raw=28812 bytes=5239 parts=6
2026-09-27T19:04:13 remz-dev-20260927-farm-dog-rig CLIENT_READY peer=948083177
2026-09-27T19:04:13 remz-dev-20260927-farm-dog-rig ROUND_START_SEND players=2
2026-09-27T19:04:13 remz-dev-20260927-farm-dog-rig STATE_SEND peer=948083177 raw=28812 bytes=5239 parts=6
2026-09-27T19:04:13 remz-dev-20260927-farm-dog-rig ROUND_BEGIN intro=false
2026-09-27T19:04:13 remz-dev-20260927-farm-dog-rig ROUND_RUNNING players=2
2026-09-27T19:04:18 remz-dev-20260927-farm-dog-rig STATE_SEND peer=948083177 raw=30060 bytes=5806 parts=7
2026-09-27T19:04:19 remz-dev-20260927-farm-dog-rig PEER_DISCONNECTED id=948083177
2026-09-27T19:04:19 remz-dev-20260927-farm-dog-rig EOS_LOBBY_DESTROY
2026-09-27T19:04:19 remz-dev-20260927-farm-dog-rig EOS LogEOSP2P: Leave all connections due to P2P network shutdown
