2026-09-20T21:16:59 remz-coop-startfix-20260920 BOOT exe=C:/Users/miche/Desktop/Godot.exe
2026-09-20T21:16:59 remz-coop-startfix-20260920 NETWORK_INITIALIZED
2026-09-20T21:17:20 remz-coop-startfix-20260920 MAP_READY
2026-09-20T21:17:20 remz-coop-startfix-20260920 HOST_CREATE port=24734
2026-09-20T21:17:20 remz-coop-startfix-20260920 HOST_READY
2026-09-20T21:17:20 remz-coop-startfix-20260920 PEER_CONNECTED id=1153023733
2026-09-20T21:17:20 remz-coop-startfix-20260920 PEER_CONNECTED id=738451157
2026-09-20T21:17:20 remz-coop-startfix-20260920 PEER_CONNECTED id=1043828439
2026-09-20T21:17:20 remz-coop-startfix-20260920 INITIAL_SEND peer=1153023733 raw=17060 bytes=2820 parts=4
2026-09-20T21:17:20 remz-coop-startfix-20260920 INITIAL_SEND peer=738451157 raw=19140 bytes=2870 parts=4
2026-09-20T21:17:20 remz-coop-startfix-20260920 CLIENT_READY peer=1153023733
2026-09-20T21:17:20 remz-coop-startfix-20260920 INITIAL_SEND peer=1043828439 raw=19140 bytes=2870 parts=4
2026-09-20T21:17:20 remz-coop-startfix-20260920 CLIENT_READY peer=738451157
2026-09-20T21:17:20 remz-coop-startfix-20260920 CLIENT_READY peer=1043828439
2026-09-20T21:17:20 remz-coop-startfix-20260920 ROUND_START_SEND players=4
2026-09-20T21:17:20 remz-coop-startfix-20260920 STATE_SEND peer=1153023733 raw=19144 bytes=2837 parts=4
2026-09-20T21:17:20 remz-coop-startfix-20260920 STATE_SEND peer=738451157 raw=19144 bytes=2837 parts=4
2026-09-20T21:17:20 remz-coop-startfix-20260920 STATE_SEND peer=1043828439 raw=19144 bytes=2837 parts=4
2026-09-20T21:17:20 remz-coop-startfix-20260920 ROUND_BEGIN intro=true
2026-09-20T21:17:20 remz-coop-startfix-20260920 ROUND_RUNNING players=4
2026-09-20T21:18:19 remz-coop-startfix-20260920 PEER_DISCONNECTED id=738451157
