2026-09-27T12:04:36 remz-dev-20260925-online BOOT exe=C:/Users/miche/Desktop/Godot.exe
2026-09-27T12:04:36 remz-dev-20260925-online NETWORK_INITIALIZED
2026-09-27T12:05:49 remz-dev-20260925-online MAP_READY
2026-09-27T12:05:49 remz-dev-20260925-online JOIN_BEGIN address=127.0.0.1 port=24796
2026-09-27T12:05:49 remz-dev-20260925-online JOIN_SOCKET result=0
2026-09-27T12:05:49 remz-dev-20260925-online TRANSPORT_CONNECTED sending_hello
2026-09-27T12:05:49 remz-dev-20260925-online PEER_CONNECTED id=1
2026-09-27T12:05:49 remz-dev-20260925-online PEER_CONNECTED id=288009711
2026-09-27T12:05:49 remz-dev-20260925-online PEER_CONNECTED id=622358537
2026-09-27T12:05:49 remz-dev-20260925-online WELCOME
2026-09-27T12:05:49 remz-dev-20260925-online INITIAL_RECEIVE parts=6
2026-09-27T12:05:49 remz-dev-20260925-online INITIAL_APPLY_BEGIN
2026-09-27T12:05:49 remz-dev-20260925-online STATE_STAGE structures
2026-09-27T12:05:49 remz-dev-20260925-online STATE_STAGE players
2026-09-27T12:05:49 remz-dev-20260925-online STATE_STAGE enemies
2026-09-27T12:05:49 remz-dev-20260925-online STATE_STAGE items
2026-09-27T12:05:49 remz-dev-20260925-online STATE_STAGE barricades
2026-09-27T12:05:49 remz-dev-20260925-online INITIAL_APPLY_DONE
2026-09-27T12:05:49 remz-dev-20260925-online STATE_RECEIVE parts=6
2026-09-27T12:05:49 remz-dev-20260925-online STATE_STAGE structures
2026-09-27T12:05:49 remz-dev-20260925-online STATE_STAGE players
2026-09-27T12:05:49 remz-dev-20260925-online STATE_STAGE enemies
2026-09-27T12:05:49 remz-dev-20260925-online STATE_STAGE items
2026-09-27T12:05:49 remz-dev-20260925-online STATE_STAGE barricades
2026-09-27T12:05:49 remz-dev-20260925-online STATE_APPLY_DONE sequence=4
2026-09-27T12:05:49 remz-dev-20260925-online ROUND_BEGIN intro=false
2026-09-27T12:05:49 remz-dev-20260925-online ROUND_RUNNING players=4
2026-09-27T12:06:05 remz-dev-20260925-online STATE_STAGE structures
2026-09-27T12:06:05 remz-dev-20260925-online STATE_STAGE players
2026-09-27T12:06:05 remz-dev-20260925-online STATE_STAGE enemies
2026-09-27T12:06:05 remz-dev-20260925-online STATE_STAGE items
2026-09-27T12:06:05 remz-dev-20260925-online STATE_STAGE barricades
2026-09-27T12:06:13 remz-dev-20260925-online STATE_STAGE structures
2026-09-27T12:06:13 remz-dev-20260925-online STATE_STAGE players
2026-09-27T12:06:13 remz-dev-20260925-online STATE_STAGE enemies
2026-09-27T12:06:13 remz-dev-20260925-online STATE_STAGE items
2026-09-27T12:06:13 remz-dev-20260925-online STATE_STAGE barricades
2026-09-27T12:06:19 remz-dev-20260925-online STATE_STAGE structures
2026-09-27T12:06:19 remz-dev-20260925-online STATE_STAGE players
2026-09-27T12:06:19 remz-dev-20260925-online STATE_STAGE enemies
2026-09-27T12:06:19 remz-dev-20260925-online STATE_STAGE items
2026-09-27T12:06:19 remz-dev-20260925-online STATE_STAGE barricades
2026-09-27T12:06:21 remz-dev-20260925-online STATE_STAGE structures
2026-09-27T12:06:21 remz-dev-20260925-online STATE_STAGE players
2026-09-27T12:06:21 remz-dev-20260925-online STATE_STAGE enemies
2026-09-27T12:06:21 remz-dev-20260925-online STATE_STAGE items
2026-09-27T12:06:21 remz-dev-20260925-online STATE_STAGE barricades
2026-09-27T12:06:22 remz-dev-20260925-online STATE_STAGE structures
2026-09-27T12:06:22 remz-dev-20260925-online STATE_STAGE players
2026-09-27T12:06:22 remz-dev-20260925-online STATE_STAGE enemies
2026-09-27T12:06:22 remz-dev-20260925-online STATE_STAGE items
2026-09-27T12:06:22 remz-dev-20260925-online STATE_STAGE barricades
2026-09-27T12:06:28 remz-dev-20260925-online STATE_STAGE structures
2026-09-27T12:06:29 remz-dev-20260925-online STATE_STAGE players
2026-09-27T12:06:29 remz-dev-20260925-online STATE_STAGE enemies
2026-09-27T12:06:29 remz-dev-20260925-online STATE_STAGE items
2026-09-27T12:06:29 remz-dev-20260925-online STATE_STAGE barricades
2026-09-27T12:06:30 remz-dev-20260925-online STATE_STAGE structures
2026-09-27T12:06:30 remz-dev-20260925-online STATE_STAGE players
2026-09-27T12:06:30 remz-dev-20260925-online STATE_STAGE enemies
2026-09-27T12:06:30 remz-dev-20260925-online STATE_STAGE items
2026-09-27T12:06:30 remz-dev-20260925-online STATE_STAGE barricades
2026-09-27T12:06:41 remz-dev-20260925-online STATE_STAGE structures
2026-09-27T12:06:41 remz-dev-20260925-online STATE_STAGE players
2026-09-27T12:06:41 remz-dev-20260925-online STATE_STAGE enemies
2026-09-27T12:06:41 remz-dev-20260925-online STATE_STAGE items
2026-09-27T12:06:41 remz-dev-20260925-online STATE_STAGE barricades
2026-09-27T12:06:43 remz-dev-20260925-online STATE_STAGE structures
2026-09-27T12:06:43 remz-dev-20260925-online STATE_STAGE players
2026-09-27T12:06:43 remz-dev-20260925-online STATE_STAGE enemies
2026-09-27T12:06:43 remz-dev-20260925-online STATE_STAGE items
2026-09-27T12:06:43 remz-dev-20260925-online STATE_STAGE barricades
2026-09-27T12:06:48 remz-dev-20260925-online STATE_STAGE structures
2026-09-27T12:06:48 remz-dev-20260925-online STATE_STAGE players
2026-09-27T12:06:48 remz-dev-20260925-online STATE_STAGE enemies
2026-09-27T12:06:48 remz-dev-20260925-online STATE_STAGE items
2026-09-27T12:06:48 remz-dev-20260925-online STATE_STAGE barricades
2026-09-27T12:07:08 remz-dev-20260925-online PEER_DISCONNECTED id=288009711
2026-09-27T12:07:36 remz-dev-20260925-online PEER_CONNECTED id=616167626
2026-09-27T12:08:10 remz-dev-20260925-online STATE_RECEIVE parts=10
2026-09-27T12:08:10 remz-dev-20260925-online STATE_APPLY_DONE sequence=1346
2026-09-27T12:08:44 remz-dev-20260925-online MAP_READY
2026-09-27T12:08:45 remz-dev-20260925-online INITIAL_RECEIVE parts=6
2026-09-27T12:08:45 remz-dev-20260925-online INITIAL_APPLY_BEGIN
2026-09-27T12:08:45 remz-dev-20260925-online STATE_STAGE structures
2026-09-27T12:08:45 remz-dev-20260925-online STATE_STAGE players
2026-09-27T12:08:46 remz-dev-20260925-online STATE_STAGE enemies
2026-09-27T12:08:46 remz-dev-20260925-online STATE_STAGE items
2026-09-27T12:08:46 remz-dev-20260925-online STATE_STAGE barricades
2026-09-27T12:08:46 remz-dev-20260925-online INITIAL_APPLY_DONE
2026-09-27T12:08:46 remz-dev-20260925-online STATE_RECEIVE parts=6
2026-09-27T12:08:46 remz-dev-20260925-online STATE_STAGE structures
2026-09-27T12:08:46 remz-dev-20260925-online STATE_STAGE players
2026-09-27T12:08:46 remz-dev-20260925-online STATE_STAGE enemies
2026-09-27T12:08:46 remz-dev-20260925-online STATE_STAGE items
2026-09-27T12:08:46 remz-dev-20260925-online STATE_STAGE barricades
2026-09-27T12:08:46 remz-dev-20260925-online STATE_APPLY_DONE sequence=1350
2026-09-27T12:08:46 remz-dev-20260925-online ROUND_BEGIN intro=false
2026-09-27T12:08:46 remz-dev-20260925-online ROUND_RUNNING players=4
2026-09-27T12:08:48 remz-dev-20260925-online PEER_DISCONNECTED id=616167626
2026-09-27T12:08:48 remz-dev-20260925-online PEER_DISCONNECTED id=1
2026-09-27T12:08:48 remz-dev-20260925-online LEAVE_BEGIN phase=running reason=The host ended the connection.
2026-09-27T12:08:48 remz-dev-20260925-online LEAVE_PEER_DETACHED
2026-09-27T12:08:48 remz-dev-20260925-online LEAVE_PEER_CLOSED
2026-09-27T12:08:48 remz-dev-20260925-online LEAVE_RELOAD
2026-09-27T12:09:13 remz-dev-20260925-online MAP_READY
