2026-09-26T10:47:47 remz-dev-20260925-online BOOT exe=C:/Users/miche/Desktop/Godot.exe
2026-09-26T10:47:47 remz-dev-20260925-online NETWORK_INITIALIZED
2026-09-26T10:48:11 remz-dev-20260925-online MAP_READY
2026-09-26T10:48:11 remz-dev-20260925-online HOST_CREATE port=24736
2026-09-26T10:48:11 remz-dev-20260925-online HOST_READY
2026-09-26T10:48:11 remz-dev-20260925-online PEER_CONNECTED id=1998427067
2026-09-26T10:48:11 remz-dev-20260925-online INITIAL_SEND peer=1998427067 raw=23576 bytes=4392 parts=5
2026-09-26T10:48:11 remz-dev-20260925-online CLIENT_READY peer=1998427067
2026-09-26T10:48:11 remz-dev-20260925-online ROUND_START_SEND players=2
2026-09-26T10:48:11 remz-dev-20260925-online STATE_SEND peer=1998427067 raw=23576 bytes=4393 parts=5
2026-09-26T10:48:11 remz-dev-20260925-online ROUND_BEGIN intro=false
2026-09-26T10:48:11 remz-dev-20260925-online ROUND_RUNNING players=2
2026-09-26T10:48:17 remz-dev-20260925-online PEER_CONNECTED id=1092075912
2026-09-26T10:48:17 remz-dev-20260925-online INITIAL_SEND peer=1092075912 raw=27288 bytes=4757 parts=6
2026-09-26T10:48:17 remz-dev-20260925-online CLIENT_READY peer=1092075912
2026-09-26T10:48:19 remz-dev-20260925-online PEER_DISCONNECTED id=1998427067
2026-09-26T10:48:19 remz-dev-20260925-online PEER_DISCONNECTED id=1092075912
2026-09-26T10:48:20 remz-dev-20260925-online LEAVE_BEGIN phase=running reason=Left the session.
2026-09-26T10:48:20 remz-dev-20260925-online LEAVE_PEER_DETACHED
2026-09-26T10:48:20 remz-dev-20260925-online LEAVE_PEER_CLOSED
