2026-09-24T08:46:32 remz-dev-20260923-komplett BOOT exe=C:/Users/miche/Desktop/Godot.exe
2026-09-24T08:46:32 remz-dev-20260923-komplett NETWORK_INITIALIZED
2026-09-24T08:46:52 remz-dev-20260923-komplett MAP_READY
2026-09-24T08:46:52 remz-dev-20260923-komplett JOIN_BEGIN address=127.0.0.1 port=24687
2026-09-24T08:46:52 remz-dev-20260923-komplett JOIN_SOCKET result=0
2026-09-24T08:46:52 remz-dev-20260923-komplett TRANSPORT_CONNECTED sending_hello
2026-09-24T08:46:52 remz-dev-20260923-komplett PEER_CONNECTED id=1
2026-09-24T08:46:52 remz-dev-20260923-komplett WELCOME
2026-09-24T08:46:52 remz-dev-20260923-komplett PEER_CONNECTED id=1071765339
2026-09-24T08:46:52 remz-dev-20260923-komplett INITIAL_RECEIVE parts=5
2026-09-24T08:46:52 remz-dev-20260923-komplett INITIAL_APPLY_BEGIN
2026-09-24T08:46:52 remz-dev-20260923-komplett STATE_STAGE structures
2026-09-24T08:46:52 remz-dev-20260923-komplett STATE_STAGE players
2026-09-24T08:46:52 remz-dev-20260923-komplett STATE_STAGE enemies
2026-09-24T08:46:52 remz-dev-20260923-komplett STATE_STAGE items
2026-09-24T08:46:52 remz-dev-20260923-komplett STATE_STAGE barricades
2026-09-24T08:46:52 remz-dev-20260923-komplett INITIAL_APPLY_DONE
2026-09-24T08:46:52 remz-dev-20260923-komplett PEER_CONNECTED id=1391608469
2026-09-24T08:46:52 remz-dev-20260923-komplett STATE_RECEIVE parts=5
2026-09-24T08:46:52 remz-dev-20260923-komplett STATE_STAGE structures
2026-09-24T08:46:52 remz-dev-20260923-komplett STATE_STAGE players
2026-09-24T08:46:52 remz-dev-20260923-komplett STATE_STAGE enemies
2026-09-24T08:46:52 remz-dev-20260923-komplett STATE_STAGE items
2026-09-24T08:46:52 remz-dev-20260923-komplett STATE_STAGE barricades
2026-09-24T08:46:52 remz-dev-20260923-komplett STATE_APPLY_DONE sequence=4
2026-09-24T08:46:52 remz-dev-20260923-komplett ROUND_BEGIN intro=false
2026-09-24T08:46:52 remz-dev-20260923-komplett ROUND_RUNNING players=4
2026-09-24T08:47:08 remz-dev-20260923-komplett STATE_STAGE structures
2026-09-24T08:47:08 remz-dev-20260923-komplett STATE_STAGE players
2026-09-24T08:47:08 remz-dev-20260923-komplett STATE_STAGE enemies
2026-09-24T08:47:08 remz-dev-20260923-komplett STATE_STAGE items
2026-09-24T08:47:08 remz-dev-20260923-komplett STATE_STAGE barricades
2026-09-24T08:47:15 remz-dev-20260923-komplett STATE_STAGE structures
2026-09-24T08:47:15 remz-dev-20260923-komplett STATE_STAGE players
2026-09-24T08:47:15 remz-dev-20260923-komplett STATE_STAGE enemies
2026-09-24T08:47:15 remz-dev-20260923-komplett STATE_STAGE items
2026-09-24T08:47:15 remz-dev-20260923-komplett STATE_STAGE barricades
2026-09-24T08:47:21 remz-dev-20260923-komplett STATE_STAGE structures
2026-09-24T08:47:21 remz-dev-20260923-komplett STATE_STAGE players
2026-09-24T08:47:21 remz-dev-20260923-komplett STATE_STAGE enemies
2026-09-24T08:47:21 remz-dev-20260923-komplett STATE_STAGE items
2026-09-24T08:47:21 remz-dev-20260923-komplett STATE_STAGE barricades
2026-09-24T08:47:23 remz-dev-20260923-komplett STATE_STAGE structures
2026-09-24T08:47:23 remz-dev-20260923-komplett STATE_STAGE players
2026-09-24T08:47:23 remz-dev-20260923-komplett STATE_STAGE enemies
2026-09-24T08:47:23 remz-dev-20260923-komplett STATE_STAGE items
2026-09-24T08:47:23 remz-dev-20260923-komplett STATE_STAGE barricades
2026-09-24T08:47:24 remz-dev-20260923-komplett STATE_STAGE structures
2026-09-24T08:47:24 remz-dev-20260923-komplett STATE_STAGE players
2026-09-24T08:47:24 remz-dev-20260923-komplett STATE_STAGE enemies
2026-09-24T08:47:24 remz-dev-20260923-komplett STATE_STAGE items
2026-09-24T08:47:24 remz-dev-20260923-komplett STATE_STAGE barricades
2026-09-24T08:47:35 remz-dev-20260923-komplett STATE_STAGE structures
2026-09-24T08:47:35 remz-dev-20260923-komplett STATE_STAGE players
2026-09-24T08:47:35 remz-dev-20260923-komplett STATE_STAGE enemies
2026-09-24T08:47:35 remz-dev-20260923-komplett STATE_STAGE items
2026-09-24T08:47:35 remz-dev-20260923-komplett STATE_STAGE barricades
2026-09-24T08:47:37 remz-dev-20260923-komplett STATE_STAGE structures
2026-09-24T08:47:37 remz-dev-20260923-komplett STATE_STAGE players
2026-09-24T08:47:37 remz-dev-20260923-komplett STATE_STAGE enemies
2026-09-24T08:47:37 remz-dev-20260923-komplett STATE_STAGE items
2026-09-24T08:47:37 remz-dev-20260923-komplett STATE_STAGE barricades
2026-09-24T08:47:43 remz-dev-20260923-komplett STATE_STAGE structures
2026-09-24T08:47:43 remz-dev-20260923-komplett STATE_STAGE players
2026-09-24T08:47:43 remz-dev-20260923-komplett STATE_STAGE enemies
2026-09-24T08:47:43 remz-dev-20260923-komplett STATE_STAGE items
2026-09-24T08:47:43 remz-dev-20260923-komplett STATE_STAGE barricades
2026-09-24T08:48:01 remz-dev-20260923-komplett PEER_DISCONNECTED id=1071765339
2026-09-24T08:48:14 remz-dev-20260923-komplett PEER_CONNECTED id=427704661
2026-09-24T08:48:41 remz-dev-20260923-komplett STATE_RECEIVE parts=8
2026-09-24T08:48:41 remz-dev-20260923-komplett STATE_APPLY_DONE sequence=1060
2026-09-24T08:48:56 remz-dev-20260923-komplett MAP_READY
2026-09-24T08:48:57 remz-dev-20260923-komplett INITIAL_RECEIVE parts=5
2026-09-24T08:48:57 remz-dev-20260923-komplett INITIAL_APPLY_BEGIN
2026-09-24T08:48:57 remz-dev-20260923-komplett STATE_STAGE structures
2026-09-24T08:48:57 remz-dev-20260923-komplett STATE_STAGE players
2026-09-24T08:48:57 remz-dev-20260923-komplett STATE_STAGE enemies
2026-09-24T08:48:57 remz-dev-20260923-komplett STATE_STAGE items
2026-09-24T08:48:57 remz-dev-20260923-komplett STATE_STAGE barricades
2026-09-24T08:48:57 remz-dev-20260923-komplett INITIAL_APPLY_DONE
2026-09-24T08:48:57 remz-dev-20260923-komplett STATE_RECEIVE parts=5
2026-09-24T08:48:57 remz-dev-20260923-komplett STATE_STAGE structures
2026-09-24T08:48:57 remz-dev-20260923-komplett STATE_STAGE players
2026-09-24T08:48:57 remz-dev-20260923-komplett STATE_STAGE enemies
2026-09-24T08:48:57 remz-dev-20260923-komplett STATE_STAGE items
2026-09-24T08:48:57 remz-dev-20260923-komplett STATE_STAGE barricades
2026-09-24T08:48:57 remz-dev-20260923-komplett STATE_APPLY_DONE sequence=1064
2026-09-24T08:48:57 remz-dev-20260923-komplett ROUND_BEGIN intro=false
2026-09-24T08:48:57 remz-dev-20260923-komplett ROUND_RUNNING players=4
2026-09-24T08:48:59 remz-dev-20260923-komplett PEER_DISCONNECTED id=427704661
2026-09-24T08:48:59 remz-dev-20260923-komplett PEER_DISCONNECTED id=1
2026-09-24T08:48:59 remz-dev-20260923-komplett LEAVE_BEGIN phase=running reason=The host ended the connection.
2026-09-24T08:48:59 remz-dev-20260923-komplett LEAVE_PEER_DETACHED
2026-09-24T08:48:59 remz-dev-20260923-komplett LEAVE_PEER_CLOSED
2026-09-24T08:48:59 remz-dev-20260923-komplett LEAVE_RELOAD
2026-09-24T08:49:12 remz-dev-20260923-komplett MAP_READY
