2026-09-20T21:08:03 remz-coop-startfix-20260920 BOOT exe=C:/Users/miche/Desktop/Godot.exe
2026-09-20T21:08:03 remz-coop-startfix-20260920 NETWORK_INITIALIZED
2026-09-20T21:08:27 remz-coop-startfix-20260920 MAP_READY
2026-09-20T21:08:27 remz-coop-startfix-20260920 HOST_CREATE port=24733
2026-09-20T21:08:27 remz-coop-startfix-20260920 HOST_READY
2026-09-20T21:08:27 remz-coop-startfix-20260920 PEER_CONNECTED id=802139026
2026-09-20T21:08:27 remz-coop-startfix-20260920 PEER_CONNECTED id=857453276
2026-09-20T21:08:27 remz-coop-startfix-20260920 PEER_CONNECTED id=1835740924
2026-09-20T21:08:27 remz-coop-startfix-20260920 INITIAL_SEND peer=857453276 raw=19140 bytes=2869 parts=4
2026-09-20T21:08:27 remz-coop-startfix-20260920 INITIAL_SEND peer=802139026 raw=19140 bytes=2869 parts=4
2026-09-20T21:08:27 remz-coop-startfix-20260920 INITIAL_SEND peer=1835740924 raw=19140 bytes=2869 parts=4
2026-09-20T21:08:27 remz-coop-startfix-20260920 CLIENT_READY peer=857453276
2026-09-20T21:08:27 remz-coop-startfix-20260920 CLIENT_READY peer=802139026
2026-09-20T21:08:27 remz-coop-startfix-20260920 CLIENT_READY peer=1835740924
2026-09-20T21:08:27 remz-coop-startfix-20260920 ROUND_START_SEND players=4
2026-09-20T21:08:27 remz-coop-startfix-20260920 STATE_SEND peer=857453276 raw=19144 bytes=2836 parts=4
2026-09-20T21:08:27 remz-coop-startfix-20260920 STATE_SEND peer=802139026 raw=19144 bytes=2836 parts=4
2026-09-20T21:08:27 remz-coop-startfix-20260920 STATE_SEND peer=1835740924 raw=19144 bytes=2836 parts=4
2026-09-20T21:08:27 remz-coop-startfix-20260920 ROUND_BEGIN intro=true
2026-09-20T21:08:27 remz-coop-startfix-20260920 ROUND_RUNNING players=4
2026-09-20T21:09:25 remz-coop-startfix-20260920 PEER_DISCONNECTED id=857453276
2026-09-20T21:09:44 remz-coop-startfix-20260920 PEER_CONNECTED id=1863743785
2026-09-20T21:09:44 remz-coop-startfix-20260920 INITIAL_SEND peer=1863743785 raw=20648 bytes=3526 parts=4
2026-09-20T21:09:45 remz-coop-startfix-20260920 CLIENT_READY peer=1863743785
2026-09-20T21:10:00 remz-coop-startfix-20260920 STATE_SEND peer=802139026 raw=34064 bytes=5309 parts=6
2026-09-20T21:10:00 remz-coop-startfix-20260920 STATE_SEND peer=1835740924 raw=34064 bytes=5309 parts=6
2026-09-20T21:10:00 remz-coop-startfix-20260920 STATE_SEND peer=1863743785 raw=34064 bytes=5309 parts=6
2026-09-20T21:10:27 remz-coop-startfix-20260920 MAP_READY
2026-09-20T21:10:28 remz-coop-startfix-20260920 INITIAL_SEND peer=802139026 raw=19012 bytes=2797 parts=4
2026-09-20T21:10:28 remz-coop-startfix-20260920 INITIAL_SEND peer=1835740924 raw=19012 bytes=2797 parts=4
2026-09-20T21:10:28 remz-coop-startfix-20260920 CLIENT_READY peer=802139026
2026-09-20T21:10:28 remz-coop-startfix-20260920 CLIENT_READY peer=1835740924
2026-09-20T21:10:28 remz-coop-startfix-20260920 INITIAL_SEND peer=1863743785 raw=19012 bytes=2797 parts=4
2026-09-20T21:10:28 remz-coop-startfix-20260920 CLIENT_READY peer=1863743785
2026-09-20T21:10:28 remz-coop-startfix-20260920 ROUND_START_SEND players=4
2026-09-20T21:10:28 remz-coop-startfix-20260920 STATE_SEND peer=802139026 raw=19012 bytes=2799 parts=4
2026-09-20T21:10:28 remz-coop-startfix-20260920 STATE_SEND peer=1835740924 raw=19012 bytes=2799 parts=4
2026-09-20T21:10:28 remz-coop-startfix-20260920 STATE_SEND peer=1863743785 raw=19012 bytes=2799 parts=4
2026-09-20T21:10:28 remz-coop-startfix-20260920 ROUND_BEGIN intro=false
2026-09-20T21:10:28 remz-coop-startfix-20260920 ROUND_RUNNING players=4
2026-09-20T21:10:30 remz-coop-startfix-20260920 PEER_DISCONNECTED id=1863743785
2026-09-20T21:10:31 remz-coop-startfix-20260920 LEAVE_BEGIN phase=running reason=Integration test finished
2026-09-20T21:10:31 remz-coop-startfix-20260920 LEAVE_PEER_DETACHED
2026-09-20T21:10:31 remz-coop-startfix-20260920 LEAVE_PEER_CLOSED
2026-09-20T21:10:31 remz-coop-startfix-20260920 LEAVE_RELOAD
2026-09-20T21:10:49 remz-coop-startfix-20260920 MAP_READY
