2026-09-26T10:47:47 remz-dev-20260925-online BOOT exe=C:/Users/miche/Desktop/Godot.exe
2026-09-26T10:47:47 remz-dev-20260925-online NETWORK_INITIALIZED
2026-09-26T10:48:11 remz-dev-20260925-online MAP_READY
2026-09-26T10:48:17 remz-dev-20260925-online JOIN_BEGIN address=127.0.0.1 port=24736
2026-09-26T10:48:17 remz-dev-20260925-online JOIN_SOCKET result=0
2026-09-26T10:48:17 remz-dev-20260925-online TRANSPORT_CONNECTED sending_hello
2026-09-26T10:48:17 remz-dev-20260925-online PEER_CONNECTED id=1
2026-09-26T10:48:17 remz-dev-20260925-online PEER_CONNECTED id=1998427067
2026-09-26T10:48:17 remz-dev-20260925-online WELCOME
2026-09-26T10:48:17 remz-dev-20260925-online INITIAL_RECEIVE parts=6
2026-09-26T10:48:17 remz-dev-20260925-online INITIAL_APPLY_BEGIN
2026-09-26T10:48:17 remz-dev-20260925-online STATE_STAGE structures
2026-09-26T10:48:17 remz-dev-20260925-online STATE_STAGE players
2026-09-26T10:48:17 remz-dev-20260925-online STATE_STAGE enemies
2026-09-26T10:48:17 remz-dev-20260925-online STATE_STAGE items
2026-09-26T10:48:17 remz-dev-20260925-online STATE_STAGE barricades
2026-09-26T10:48:17 remz-dev-20260925-online INITIAL_APPLY_DONE
2026-09-26T10:48:17 remz-dev-20260925-online ROUND_BEGIN intro=false
2026-09-26T10:48:17 remz-dev-20260925-online ROUND_RUNNING players=3
2026-09-26T10:48:19 remz-dev-20260925-online PEER_DISCONNECTED id=1998427067
2026-09-26T10:48:19 remz-dev-20260925-online LEAVE_BEGIN phase=running reason=Left the session.
2026-09-26T10:48:19 remz-dev-20260925-online LEAVE_PEER_DETACHED
2026-09-26T10:48:19 remz-dev-20260925-online LEAVE_PEER_CLOSED
