2026-09-25T19:39:24 remz-dev-20260925-online BOOT exe=C:/Users/miche/Desktop/Godot.exe
2026-09-25T19:39:24 remz-dev-20260925-online NETWORK_INITIALIZED
2026-09-25T19:39:56 remz-dev-20260925-online MAP_READY
2026-09-25T19:39:56 remz-dev-20260925-online JOIN_BEGIN address=127.0.0.1 port=24687
2026-09-25T19:39:56 remz-dev-20260925-online JOIN_SOCKET result=0
2026-09-25T19:39:56 remz-dev-20260925-online TRANSPORT_CONNECTED sending_hello
2026-09-25T19:39:56 remz-dev-20260925-online PEER_CONNECTED id=1
2026-09-25T19:39:56 remz-dev-20260925-online PEER_CONNECTED id=854767503
2026-09-25T19:39:56 remz-dev-20260925-online PEER_CONNECTED id=1530886657
2026-09-25T19:39:56 remz-dev-20260925-online WELCOME
2026-09-25T19:39:56 remz-dev-20260925-online INITIAL_RECEIVE parts=6
2026-09-25T19:39:56 remz-dev-20260925-online INITIAL_APPLY_BEGIN
2026-09-25T19:39:56 remz-dev-20260925-online STATE_STAGE structures
2026-09-25T19:39:56 remz-dev-20260925-online STATE_STAGE players
2026-09-25T19:39:56 remz-dev-20260925-online STATE_STAGE enemies
2026-09-25T19:39:56 remz-dev-20260925-online STATE_STAGE items
2026-09-25T19:39:56 remz-dev-20260925-online STATE_STAGE barricades
2026-09-25T19:39:56 remz-dev-20260925-online INITIAL_APPLY_DONE
2026-09-25T19:39:56 remz-dev-20260925-online STATE_RECEIVE parts=6
2026-09-25T19:39:56 remz-dev-20260925-online STATE_STAGE structures
2026-09-25T19:39:56 remz-dev-20260925-online STATE_STAGE players
2026-09-25T19:39:56 remz-dev-20260925-online STATE_STAGE enemies
2026-09-25T19:39:56 remz-dev-20260925-online STATE_STAGE items
2026-09-25T19:39:56 remz-dev-20260925-online STATE_STAGE barricades
2026-09-25T19:39:56 remz-dev-20260925-online STATE_APPLY_DONE sequence=4
2026-09-25T19:39:56 remz-dev-20260925-online ROUND_BEGIN intro=false
2026-09-25T19:39:56 remz-dev-20260925-online ROUND_RUNNING players=4
2026-09-25T19:40:12 remz-dev-20260925-online STATE_STAGE structures
2026-09-25T19:40:12 remz-dev-20260925-online STATE_STAGE players
2026-09-25T19:40:12 remz-dev-20260925-online STATE_STAGE enemies
2026-09-25T19:40:12 remz-dev-20260925-online STATE_STAGE items
2026-09-25T19:40:12 remz-dev-20260925-online STATE_STAGE barricades
2026-09-25T19:40:19 remz-dev-20260925-online STATE_STAGE structures
2026-09-25T19:40:19 remz-dev-20260925-online STATE_STAGE players
2026-09-25T19:40:19 remz-dev-20260925-online STATE_STAGE enemies
2026-09-25T19:40:19 remz-dev-20260925-online STATE_STAGE items
2026-09-25T19:40:19 remz-dev-20260925-online STATE_STAGE barricades
2026-09-25T19:40:25 remz-dev-20260925-online STATE_STAGE structures
2026-09-25T19:40:25 remz-dev-20260925-online STATE_STAGE players
2026-09-25T19:40:25 remz-dev-20260925-online STATE_STAGE enemies
2026-09-25T19:40:25 remz-dev-20260925-online STATE_STAGE items
2026-09-25T19:40:25 remz-dev-20260925-online STATE_STAGE barricades
2026-09-25T19:40:27 remz-dev-20260925-online STATE_STAGE structures
2026-09-25T19:40:27 remz-dev-20260925-online STATE_STAGE players
2026-09-25T19:40:27 remz-dev-20260925-online STATE_STAGE enemies
2026-09-25T19:40:27 remz-dev-20260925-online STATE_STAGE items
2026-09-25T19:40:27 remz-dev-20260925-online STATE_STAGE barricades
2026-09-25T19:40:28 remz-dev-20260925-online STATE_STAGE structures
2026-09-25T19:40:28 remz-dev-20260925-online STATE_STAGE players
2026-09-25T19:40:28 remz-dev-20260925-online STATE_STAGE enemies
2026-09-25T19:40:28 remz-dev-20260925-online STATE_STAGE items
2026-09-25T19:40:28 remz-dev-20260925-online STATE_STAGE barricades
2026-09-25T19:40:40 remz-dev-20260925-online STATE_STAGE structures
2026-09-25T19:40:40 remz-dev-20260925-online STATE_STAGE players
2026-09-25T19:40:40 remz-dev-20260925-online STATE_STAGE enemies
2026-09-25T19:40:40 remz-dev-20260925-online STATE_STAGE items
2026-09-25T19:40:40 remz-dev-20260925-online STATE_STAGE barricades
2026-09-25T19:40:41 remz-dev-20260925-online STATE_STAGE structures
2026-09-25T19:40:41 remz-dev-20260925-online STATE_STAGE players
2026-09-25T19:40:41 remz-dev-20260925-online STATE_STAGE enemies
2026-09-25T19:40:41 remz-dev-20260925-online STATE_STAGE items
2026-09-25T19:40:41 remz-dev-20260925-online STATE_STAGE barricades
2026-09-25T19:40:47 remz-dev-20260925-online STATE_STAGE structures
2026-09-25T19:40:47 remz-dev-20260925-online STATE_STAGE players
2026-09-25T19:40:47 remz-dev-20260925-online STATE_STAGE enemies
2026-09-25T19:40:47 remz-dev-20260925-online STATE_STAGE items
2026-09-25T19:40:47 remz-dev-20260925-online STATE_STAGE barricades
2026-09-25T19:41:05 remz-dev-20260925-online PEER_DISCONNECTED id=854767503
2026-09-25T19:41:19 remz-dev-20260925-online PEER_CONNECTED id=1233662144
2026-09-25T19:41:51 remz-dev-20260925-online STATE_RECEIVE parts=9
2026-09-25T19:41:51 remz-dev-20260925-online STATE_APPLY_DONE sequence=1113
2026-09-25T19:42:10 remz-dev-20260925-online MAP_READY
2026-09-25T19:42:11 remz-dev-20260925-online INITIAL_RECEIVE parts=5
2026-09-25T19:42:11 remz-dev-20260925-online INITIAL_APPLY_BEGIN
2026-09-25T19:42:11 remz-dev-20260925-online STATE_STAGE structures
2026-09-25T19:42:11 remz-dev-20260925-online STATE_STAGE players
2026-09-25T19:42:11 remz-dev-20260925-online STATE_STAGE enemies
2026-09-25T19:42:11 remz-dev-20260925-online STATE_STAGE items
2026-09-25T19:42:11 remz-dev-20260925-online STATE_STAGE barricades
2026-09-25T19:42:11 remz-dev-20260925-online INITIAL_APPLY_DONE
2026-09-25T19:42:11 remz-dev-20260925-online STATE_RECEIVE parts=5
2026-09-25T19:42:11 remz-dev-20260925-online STATE_STAGE structures
2026-09-25T19:42:11 remz-dev-20260925-online STATE_STAGE players
2026-09-25T19:42:11 remz-dev-20260925-online STATE_STAGE enemies
2026-09-25T19:42:11 remz-dev-20260925-online STATE_STAGE items
2026-09-25T19:42:11 remz-dev-20260925-online STATE_STAGE barricades
2026-09-25T19:42:11 remz-dev-20260925-online STATE_APPLY_DONE sequence=1117
2026-09-25T19:42:11 remz-dev-20260925-online ROUND_BEGIN intro=false
2026-09-25T19:42:11 remz-dev-20260925-online ROUND_RUNNING players=4
2026-09-25T19:42:13 remz-dev-20260925-online PEER_DISCONNECTED id=1233662144
2026-09-25T19:42:13 remz-dev-20260925-online PEER_DISCONNECTED id=1
2026-09-25T19:42:13 remz-dev-20260925-online LEAVE_BEGIN phase=running reason=The host ended the connection.
2026-09-25T19:42:13 remz-dev-20260925-online LEAVE_PEER_DETACHED
2026-09-25T19:42:13 remz-dev-20260925-online LEAVE_PEER_CLOSED
2026-09-25T19:42:13 remz-dev-20260925-online LEAVE_RELOAD
2026-09-25T19:42:27 remz-dev-20260925-online MAP_READY
