2026-09-26T10:44:09 remz-dev-20260925-online BOOT exe=C:/Users/miche/Desktop/Godot.exe
2026-09-26T10:44:09 remz-dev-20260925-online NETWORK_INITIALIZED
2026-09-26T10:44:34 remz-dev-20260925-online MAP_READY
2026-09-26T10:44:34 remz-dev-20260925-online JOIN_BEGIN address=127.0.0.1 port=24687
2026-09-26T10:44:34 remz-dev-20260925-online JOIN_SOCKET result=0
2026-09-26T10:44:34 remz-dev-20260925-online TRANSPORT_CONNECTED sending_hello
2026-09-26T10:44:34 remz-dev-20260925-online PEER_CONNECTED id=1
2026-09-26T10:44:34 remz-dev-20260925-online PEER_CONNECTED id=1470719665
2026-09-26T10:44:34 remz-dev-20260925-online WELCOME
2026-09-26T10:44:34 remz-dev-20260925-online PEER_CONNECTED id=1872182358
2026-09-26T10:44:34 remz-dev-20260925-online INITIAL_RECEIVE parts=6
2026-09-26T10:44:34 remz-dev-20260925-online INITIAL_APPLY_BEGIN
2026-09-26T10:44:34 remz-dev-20260925-online STATE_STAGE structures
2026-09-26T10:44:34 remz-dev-20260925-online STATE_STAGE players
2026-09-26T10:44:34 remz-dev-20260925-online STATE_STAGE enemies
2026-09-26T10:44:34 remz-dev-20260925-online STATE_STAGE items
2026-09-26T10:44:34 remz-dev-20260925-online STATE_STAGE barricades
2026-09-26T10:44:34 remz-dev-20260925-online INITIAL_APPLY_DONE
2026-09-26T10:44:34 remz-dev-20260925-online STATE_RECEIVE parts=6
2026-09-26T10:44:34 remz-dev-20260925-online STATE_STAGE structures
2026-09-26T10:44:34 remz-dev-20260925-online STATE_STAGE players
2026-09-26T10:44:34 remz-dev-20260925-online STATE_STAGE enemies
2026-09-26T10:44:34 remz-dev-20260925-online STATE_STAGE items
2026-09-26T10:44:34 remz-dev-20260925-online STATE_STAGE barricades
2026-09-26T10:44:34 remz-dev-20260925-online STATE_APPLY_DONE sequence=4
2026-09-26T10:44:34 remz-dev-20260925-online ROUND_BEGIN intro=false
2026-09-26T10:44:34 remz-dev-20260925-online ROUND_RUNNING players=4
2026-09-26T10:44:45 remz-dev-20260925-online STATE_STAGE structures
2026-09-26T10:44:45 remz-dev-20260925-online STATE_STAGE players
2026-09-26T10:44:45 remz-dev-20260925-online STATE_STAGE enemies
2026-09-26T10:44:45 remz-dev-20260925-online STATE_STAGE items
2026-09-26T10:44:45 remz-dev-20260925-online STATE_STAGE barricades
2026-09-26T10:44:53 remz-dev-20260925-online STATE_STAGE structures
2026-09-26T10:44:53 remz-dev-20260925-online STATE_STAGE players
2026-09-26T10:44:53 remz-dev-20260925-online STATE_STAGE enemies
2026-09-26T10:44:53 remz-dev-20260925-online STATE_STAGE items
2026-09-26T10:44:53 remz-dev-20260925-online STATE_STAGE barricades
2026-09-26T10:44:59 remz-dev-20260925-online STATE_STAGE structures
2026-09-26T10:44:59 remz-dev-20260925-online STATE_STAGE players
2026-09-26T10:44:59 remz-dev-20260925-online STATE_STAGE enemies
2026-09-26T10:44:59 remz-dev-20260925-online STATE_STAGE items
2026-09-26T10:44:59 remz-dev-20260925-online STATE_STAGE barricades
2026-09-26T10:45:01 remz-dev-20260925-online STATE_STAGE structures
2026-09-26T10:45:01 remz-dev-20260925-online STATE_STAGE players
2026-09-26T10:45:01 remz-dev-20260925-online STATE_STAGE enemies
2026-09-26T10:45:01 remz-dev-20260925-online STATE_STAGE items
2026-09-26T10:45:01 remz-dev-20260925-online STATE_STAGE barricades
2026-09-26T10:45:02 remz-dev-20260925-online STATE_STAGE structures
2026-09-26T10:45:02 remz-dev-20260925-online STATE_STAGE players
2026-09-26T10:45:02 remz-dev-20260925-online STATE_STAGE enemies
2026-09-26T10:45:02 remz-dev-20260925-online STATE_STAGE items
2026-09-26T10:45:02 remz-dev-20260925-online STATE_STAGE barricades
2026-09-26T10:45:04 remz-dev-20260925-online STATE_STAGE structures
2026-09-26T10:45:04 remz-dev-20260925-online STATE_STAGE players
2026-09-26T10:45:04 remz-dev-20260925-online STATE_STAGE enemies
2026-09-26T10:45:04 remz-dev-20260925-online STATE_STAGE items
2026-09-26T10:45:04 remz-dev-20260925-online STATE_STAGE barricades
2026-09-26T10:45:13 remz-dev-20260925-online STATE_STAGE structures
2026-09-26T10:45:13 remz-dev-20260925-online STATE_STAGE players
2026-09-26T10:45:13 remz-dev-20260925-online STATE_STAGE enemies
2026-09-26T10:45:13 remz-dev-20260925-online STATE_STAGE items
2026-09-26T10:45:13 remz-dev-20260925-online STATE_STAGE barricades
2026-09-26T10:45:15 remz-dev-20260925-online STATE_STAGE structures
2026-09-26T10:45:15 remz-dev-20260925-online STATE_STAGE players
2026-09-26T10:45:15 remz-dev-20260925-online STATE_STAGE enemies
2026-09-26T10:45:15 remz-dev-20260925-online STATE_STAGE items
2026-09-26T10:45:15 remz-dev-20260925-online STATE_STAGE barricades
2026-09-26T10:45:20 remz-dev-20260925-online STATE_STAGE structures
2026-09-26T10:45:20 remz-dev-20260925-online STATE_STAGE players
2026-09-26T10:45:21 remz-dev-20260925-online STATE_STAGE enemies
2026-09-26T10:45:21 remz-dev-20260925-online STATE_STAGE items
2026-09-26T10:45:21 remz-dev-20260925-online STATE_STAGE barricades
2026-09-26T10:45:38 remz-dev-20260925-online PEER_DISCONNECTED id=1470719665
2026-09-26T10:45:49 remz-dev-20260925-online PEER_CONNECTED id=1543488987
2026-09-26T10:46:21 remz-dev-20260925-online STATE_RECEIVE parts=9
2026-09-26T10:46:21 remz-dev-20260925-online STATE_APPLY_DONE sequence=1042
2026-09-26T10:46:37 remz-dev-20260925-online MAP_READY
2026-09-26T10:46:37 remz-dev-20260925-online INITIAL_RECEIVE parts=6
2026-09-26T10:46:37 remz-dev-20260925-online INITIAL_APPLY_BEGIN
2026-09-26T10:46:37 remz-dev-20260925-online STATE_STAGE structures
2026-09-26T10:46:37 remz-dev-20260925-online STATE_STAGE players
2026-09-26T10:46:37 remz-dev-20260925-online STATE_STAGE enemies
2026-09-26T10:46:37 remz-dev-20260925-online STATE_STAGE items
2026-09-26T10:46:37 remz-dev-20260925-online STATE_STAGE barricades
2026-09-26T10:46:37 remz-dev-20260925-online INITIAL_APPLY_DONE
2026-09-26T10:46:37 remz-dev-20260925-online STATE_RECEIVE parts=6
2026-09-26T10:46:37 remz-dev-20260925-online STATE_STAGE structures
2026-09-26T10:46:37 remz-dev-20260925-online STATE_STAGE players
2026-09-26T10:46:37 remz-dev-20260925-online STATE_STAGE enemies
2026-09-26T10:46:37 remz-dev-20260925-online STATE_STAGE items
2026-09-26T10:46:37 remz-dev-20260925-online STATE_STAGE barricades
2026-09-26T10:46:37 remz-dev-20260925-online STATE_APPLY_DONE sequence=1046
2026-09-26T10:46:37 remz-dev-20260925-online ROUND_BEGIN intro=false
2026-09-26T10:46:37 remz-dev-20260925-online ROUND_RUNNING players=4
2026-09-26T10:46:40 remz-dev-20260925-online PEER_DISCONNECTED id=1543488987
2026-09-26T10:46:40 remz-dev-20260925-online PEER_DISCONNECTED id=1
2026-09-26T10:46:40 remz-dev-20260925-online LEAVE_BEGIN phase=running reason=The host ended the connection.
2026-09-26T10:46:40 remz-dev-20260925-online LEAVE_PEER_DETACHED
2026-09-26T10:46:40 remz-dev-20260925-online LEAVE_PEER_CLOSED
2026-09-26T10:46:40 remz-dev-20260925-online LEAVE_RELOAD
2026-09-26T10:46:54 remz-dev-20260925-online MAP_READY
