2026-09-21T19:39:40 remz-windows-20260921-1938 BOOT exe=C:/Users/miche/Desktop/Godot.exe
2026-09-21T19:39:40 remz-windows-20260921-1938 NETWORK_INITIALIZED
2026-09-21T19:40:01 remz-windows-20260921-1938 MAP_READY
2026-09-21T19:40:01 remz-windows-20260921-1938 JOIN_BEGIN address=127.0.0.1 port=24692
2026-09-21T19:40:01 remz-windows-20260921-1938 JOIN_SOCKET result=0
2026-09-21T19:40:02 remz-windows-20260921-1938 TRANSPORT_CONNECTED sending_hello
2026-09-21T19:40:02 remz-windows-20260921-1938 PEER_CONNECTED id=1
2026-09-21T19:40:02 remz-windows-20260921-1938 PEER_CONNECTED id=1107692383
2026-09-21T19:40:02 remz-windows-20260921-1938 PEER_CONNECTED id=775968629
2026-09-21T19:40:02 remz-windows-20260921-1938 WELCOME
2026-09-21T19:40:02 remz-windows-20260921-1938 INITIAL_RECEIVE parts=4
2026-09-21T19:40:02 remz-windows-20260921-1938 INITIAL_APPLY_BEGIN
2026-09-21T19:40:02 remz-windows-20260921-1938 STATE_STAGE structures
2026-09-21T19:40:02 remz-windows-20260921-1938 STATE_STAGE players
2026-09-21T19:40:02 remz-windows-20260921-1938 STATE_STAGE enemies
2026-09-21T19:40:02 remz-windows-20260921-1938 STATE_STAGE items
2026-09-21T19:40:02 remz-windows-20260921-1938 STATE_STAGE barricades
2026-09-21T19:40:02 remz-windows-20260921-1938 INITIAL_APPLY_DONE
2026-09-21T19:40:02 remz-windows-20260921-1938 STATE_RECEIVE parts=4
2026-09-21T19:40:02 remz-windows-20260921-1938 STATE_STAGE structures
2026-09-21T19:40:02 remz-windows-20260921-1938 STATE_STAGE players
2026-09-21T19:40:02 remz-windows-20260921-1938 STATE_STAGE enemies
2026-09-21T19:40:02 remz-windows-20260921-1938 STATE_STAGE items
2026-09-21T19:40:02 remz-windows-20260921-1938 STATE_STAGE barricades
2026-09-21T19:40:02 remz-windows-20260921-1938 STATE_APPLY_DONE sequence=4
2026-09-21T19:40:02 remz-windows-20260921-1938 ROUND_BEGIN intro=false
2026-09-21T19:40:02 remz-windows-20260921-1938 ROUND_RUNNING players=4
