2026-09-23T09:34:27 remz-dev-20260923-titan-gate-fix BOOT exe=C:/Users/miche/Desktop/Godot.exe
2026-09-23T09:34:27 remz-dev-20260923-titan-gate-fix NETWORK_INITIALIZED
2026-09-23T09:34:44 remz-dev-20260923-titan-gate-fix MAP_READY
2026-09-23T09:34:44 remz-dev-20260923-titan-gate-fix JOIN_BEGIN address=127.0.0.1 port=24687
2026-09-23T09:34:44 remz-dev-20260923-titan-gate-fix JOIN_SOCKET result=0
2026-09-23T09:34:44 remz-dev-20260923-titan-gate-fix TRANSPORT_CONNECTED sending_hello
2026-09-23T09:34:44 remz-dev-20260923-titan-gate-fix PEER_CONNECTED id=1
2026-09-23T09:34:44 remz-dev-20260923-titan-gate-fix PEER_CONNECTED id=716078563
2026-09-23T09:34:44 remz-dev-20260923-titan-gate-fix PEER_CONNECTED id=2045827882
2026-09-23T09:34:44 remz-dev-20260923-titan-gate-fix WELCOME
2026-09-23T09:34:44 remz-dev-20260923-titan-gate-fix INITIAL_RECEIVE parts=5
2026-09-23T09:34:44 remz-dev-20260923-titan-gate-fix INITIAL_APPLY_BEGIN
2026-09-23T09:34:44 remz-dev-20260923-titan-gate-fix STATE_STAGE structures
2026-09-23T09:34:44 remz-dev-20260923-titan-gate-fix STATE_STAGE players
2026-09-23T09:34:44 remz-dev-20260923-titan-gate-fix STATE_STAGE enemies
2026-09-23T09:34:44 remz-dev-20260923-titan-gate-fix STATE_STAGE items
2026-09-23T09:34:44 remz-dev-20260923-titan-gate-fix STATE_STAGE barricades
2026-09-23T09:34:44 remz-dev-20260923-titan-gate-fix INITIAL_APPLY_DONE
2026-09-23T09:34:44 remz-dev-20260923-titan-gate-fix STATE_RECEIVE parts=5
2026-09-23T09:34:44 remz-dev-20260923-titan-gate-fix STATE_STAGE structures
2026-09-23T09:34:44 remz-dev-20260923-titan-gate-fix STATE_STAGE players
2026-09-23T09:34:44 remz-dev-20260923-titan-gate-fix STATE_STAGE enemies
2026-09-23T09:34:44 remz-dev-20260923-titan-gate-fix STATE_STAGE items
2026-09-23T09:34:44 remz-dev-20260923-titan-gate-fix STATE_STAGE barricades
2026-09-23T09:34:44 remz-dev-20260923-titan-gate-fix STATE_APPLY_DONE sequence=4
2026-09-23T09:34:44 remz-dev-20260923-titan-gate-fix ROUND_BEGIN intro=false
2026-09-23T09:34:44 remz-dev-20260923-titan-gate-fix ROUND_RUNNING players=4
2026-09-23T09:34:58 remz-dev-20260923-titan-gate-fix STATE_STAGE structures
2026-09-23T09:34:58 remz-dev-20260923-titan-gate-fix STATE_STAGE players
2026-09-23T09:34:58 remz-dev-20260923-titan-gate-fix STATE_STAGE enemies
2026-09-23T09:34:58 remz-dev-20260923-titan-gate-fix STATE_STAGE items
2026-09-23T09:34:58 remz-dev-20260923-titan-gate-fix STATE_STAGE barricades
2026-09-23T09:35:10 remz-dev-20260923-titan-gate-fix STATE_STAGE structures
2026-09-23T09:35:10 remz-dev-20260923-titan-gate-fix STATE_STAGE players
2026-09-23T09:35:10 remz-dev-20260923-titan-gate-fix STATE_STAGE enemies
2026-09-23T09:35:10 remz-dev-20260923-titan-gate-fix STATE_STAGE items
2026-09-23T09:35:10 remz-dev-20260923-titan-gate-fix STATE_STAGE barricades
2026-09-23T09:35:13 remz-dev-20260923-titan-gate-fix STATE_STAGE structures
2026-09-23T09:35:13 remz-dev-20260923-titan-gate-fix STATE_STAGE players
2026-09-23T09:35:13 remz-dev-20260923-titan-gate-fix STATE_STAGE enemies
2026-09-23T09:35:13 remz-dev-20260923-titan-gate-fix STATE_STAGE items
2026-09-23T09:35:13 remz-dev-20260923-titan-gate-fix STATE_STAGE barricades
2026-09-23T09:35:27 remz-dev-20260923-titan-gate-fix STATE_STAGE structures
2026-09-23T09:35:27 remz-dev-20260923-titan-gate-fix STATE_STAGE players
2026-09-23T09:35:27 remz-dev-20260923-titan-gate-fix STATE_STAGE enemies
2026-09-23T09:35:27 remz-dev-20260923-titan-gate-fix STATE_STAGE items
2026-09-23T09:35:27 remz-dev-20260923-titan-gate-fix STATE_STAGE barricades
2026-09-23T09:35:29 remz-dev-20260923-titan-gate-fix STATE_STAGE structures
2026-09-23T09:35:29 remz-dev-20260923-titan-gate-fix STATE_STAGE players
2026-09-23T09:35:29 remz-dev-20260923-titan-gate-fix STATE_STAGE enemies
2026-09-23T09:35:29 remz-dev-20260923-titan-gate-fix STATE_STAGE items
2026-09-23T09:35:29 remz-dev-20260923-titan-gate-fix STATE_STAGE barricades
2026-09-23T09:35:34 remz-dev-20260923-titan-gate-fix STATE_STAGE structures
2026-09-23T09:35:34 remz-dev-20260923-titan-gate-fix STATE_STAGE players
2026-09-23T09:35:34 remz-dev-20260923-titan-gate-fix STATE_STAGE enemies
2026-09-23T09:35:34 remz-dev-20260923-titan-gate-fix STATE_STAGE items
2026-09-23T09:35:34 remz-dev-20260923-titan-gate-fix STATE_STAGE barricades
2026-09-23T09:35:35 remz-dev-20260923-titan-gate-fix STATE_STAGE structures
2026-09-23T09:35:35 remz-dev-20260923-titan-gate-fix STATE_STAGE players
2026-09-23T09:35:35 remz-dev-20260923-titan-gate-fix STATE_STAGE enemies
2026-09-23T09:35:35 remz-dev-20260923-titan-gate-fix STATE_STAGE items
2026-09-23T09:35:35 remz-dev-20260923-titan-gate-fix STATE_STAGE barricades
2026-09-23T09:35:39 remz-dev-20260923-titan-gate-fix STATE_STAGE structures
2026-09-23T09:35:39 remz-dev-20260923-titan-gate-fix STATE_STAGE players
2026-09-23T09:35:39 remz-dev-20260923-titan-gate-fix STATE_STAGE enemies
2026-09-23T09:35:39 remz-dev-20260923-titan-gate-fix STATE_STAGE items
2026-09-23T09:35:39 remz-dev-20260923-titan-gate-fix STATE_STAGE barricades
2026-09-23T09:35:49 remz-dev-20260923-titan-gate-fix PEER_DISCONNECTED id=716078563
2026-09-23T09:36:03 remz-dev-20260923-titan-gate-fix PEER_CONNECTED id=1554479787
2026-09-23T09:36:04 remz-dev-20260923-titan-gate-fix STATE_STAGE structures
2026-09-23T09:36:04 remz-dev-20260923-titan-gate-fix STATE_STAGE players
2026-09-23T09:36:04 remz-dev-20260923-titan-gate-fix STATE_STAGE enemies
2026-09-23T09:36:04 remz-dev-20260923-titan-gate-fix STATE_STAGE items
2026-09-23T09:36:04 remz-dev-20260923-titan-gate-fix STATE_STAGE barricades
2026-09-23T09:36:07 remz-dev-20260923-titan-gate-fix STATE_STAGE structures
2026-09-23T09:36:07 remz-dev-20260923-titan-gate-fix STATE_STAGE players
2026-09-23T09:36:07 remz-dev-20260923-titan-gate-fix STATE_STAGE enemies
2026-09-23T09:36:07 remz-dev-20260923-titan-gate-fix STATE_STAGE items
2026-09-23T09:36:07 remz-dev-20260923-titan-gate-fix STATE_STAGE barricades
2026-09-23T09:36:09 remz-dev-20260923-titan-gate-fix STATE_STAGE structures
2026-09-23T09:36:09 remz-dev-20260923-titan-gate-fix STATE_STAGE players
2026-09-23T09:36:09 remz-dev-20260923-titan-gate-fix STATE_STAGE enemies
2026-09-23T09:36:09 remz-dev-20260923-titan-gate-fix STATE_STAGE items
2026-09-23T09:36:09 remz-dev-20260923-titan-gate-fix STATE_STAGE barricades
2026-09-23T09:36:12 remz-dev-20260923-titan-gate-fix STATE_STAGE structures
2026-09-23T09:36:12 remz-dev-20260923-titan-gate-fix STATE_STAGE players
2026-09-23T09:36:12 remz-dev-20260923-titan-gate-fix STATE_STAGE enemies
2026-09-23T09:36:12 remz-dev-20260923-titan-gate-fix STATE_STAGE items
2026-09-23T09:36:12 remz-dev-20260923-titan-gate-fix STATE_STAGE barricades
2026-09-23T09:36:15 remz-dev-20260923-titan-gate-fix STATE_STAGE structures
2026-09-23T09:36:15 remz-dev-20260923-titan-gate-fix STATE_STAGE players
2026-09-23T09:36:15 remz-dev-20260923-titan-gate-fix STATE_STAGE enemies
2026-09-23T09:36:15 remz-dev-20260923-titan-gate-fix STATE_STAGE items
2026-09-23T09:36:15 remz-dev-20260923-titan-gate-fix STATE_STAGE barricades
2026-09-23T09:36:29 remz-dev-20260923-titan-gate-fix STATE_RECEIVE parts=8
2026-09-23T09:36:29 remz-dev-20260923-titan-gate-fix STATE_APPLY_DONE sequence=1020
2026-09-23T09:36:45 remz-dev-20260923-titan-gate-fix MAP_READY
2026-09-23T09:36:46 remz-dev-20260923-titan-gate-fix INITIAL_RECEIVE parts=5
2026-09-23T09:36:46 remz-dev-20260923-titan-gate-fix INITIAL_APPLY_BEGIN
2026-09-23T09:36:47 remz-dev-20260923-titan-gate-fix STATE_STAGE structures
2026-09-23T09:36:47 remz-dev-20260923-titan-gate-fix STATE_STAGE players
2026-09-23T09:36:47 remz-dev-20260923-titan-gate-fix STATE_STAGE enemies
2026-09-23T09:36:47 remz-dev-20260923-titan-gate-fix STATE_STAGE items
2026-09-23T09:36:47 remz-dev-20260923-titan-gate-fix STATE_STAGE barricades
2026-09-23T09:36:47 remz-dev-20260923-titan-gate-fix INITIAL_APPLY_DONE
2026-09-23T09:36:47 remz-dev-20260923-titan-gate-fix STATE_RECEIVE parts=5
2026-09-23T09:36:47 remz-dev-20260923-titan-gate-fix STATE_STAGE structures
2026-09-23T09:36:47 remz-dev-20260923-titan-gate-fix STATE_STAGE players
2026-09-23T09:36:47 remz-dev-20260923-titan-gate-fix STATE_STAGE enemies
2026-09-23T09:36:47 remz-dev-20260923-titan-gate-fix STATE_STAGE items
2026-09-23T09:36:47 remz-dev-20260923-titan-gate-fix STATE_STAGE barricades
2026-09-23T09:36:47 remz-dev-20260923-titan-gate-fix STATE_APPLY_DONE sequence=1024
2026-09-23T09:36:47 remz-dev-20260923-titan-gate-fix ROUND_BEGIN intro=false
2026-09-23T09:36:47 remz-dev-20260923-titan-gate-fix ROUND_RUNNING players=4
2026-09-23T09:36:49 remz-dev-20260923-titan-gate-fix PEER_DISCONNECTED id=1554479787
2026-09-23T09:36:50 remz-dev-20260923-titan-gate-fix PEER_DISCONNECTED id=1
2026-09-23T09:36:50 remz-dev-20260923-titan-gate-fix LEAVE_BEGIN phase=running reason=Der Host hat die Verbindung beendet.
2026-09-23T09:36:50 remz-dev-20260923-titan-gate-fix LEAVE_PEER_DETACHED
2026-09-23T09:36:50 remz-dev-20260923-titan-gate-fix LEAVE_PEER_CLOSED
2026-09-23T09:36:50 remz-dev-20260923-titan-gate-fix LEAVE_RELOAD
2026-09-23T09:37:03 remz-dev-20260923-titan-gate-fix MAP_READY
