2026-09-21T18:47:19 remz-coop-leaderboard-20260921 BOOT exe=C:/Users/miche/Desktop/Godot.exe
2026-09-21T18:47:19 remz-coop-leaderboard-20260921 NETWORK_INITIALIZED
2026-09-21T18:47:46 remz-coop-leaderboard-20260921 MAP_READY
2026-09-21T18:47:46 remz-coop-leaderboard-20260921 JOIN_BEGIN address=127.0.0.1 port=24687
2026-09-21T18:47:46 remz-coop-leaderboard-20260921 JOIN_SOCKET result=0
2026-09-21T18:47:46 remz-coop-leaderboard-20260921 TRANSPORT_CONNECTED sending_hello
2026-09-21T18:47:46 remz-coop-leaderboard-20260921 PEER_CONNECTED id=1
2026-09-21T18:47:47 remz-coop-leaderboard-20260921 WELCOME
2026-09-21T18:47:47 remz-coop-leaderboard-20260921 PEER_CONNECTED id=1298007685
2026-09-21T18:47:47 remz-coop-leaderboard-20260921 PEER_CONNECTED id=1056655085
2026-09-21T18:47:47 remz-coop-leaderboard-20260921 INITIAL_RECEIVE parts=4
2026-09-21T18:47:47 remz-coop-leaderboard-20260921 INITIAL_APPLY_BEGIN
2026-09-21T18:47:47 remz-coop-leaderboard-20260921 STATE_STAGE structures
2026-09-21T18:47:47 remz-coop-leaderboard-20260921 STATE_STAGE players
2026-09-21T18:47:47 remz-coop-leaderboard-20260921 STATE_STAGE enemies
2026-09-21T18:47:47 remz-coop-leaderboard-20260921 STATE_STAGE items
2026-09-21T18:47:47 remz-coop-leaderboard-20260921 STATE_STAGE barricades
2026-09-21T18:47:47 remz-coop-leaderboard-20260921 INITIAL_APPLY_DONE
2026-09-21T18:47:47 remz-coop-leaderboard-20260921 STATE_RECEIVE parts=4
2026-09-21T18:47:47 remz-coop-leaderboard-20260921 STATE_STAGE structures
2026-09-21T18:47:47 remz-coop-leaderboard-20260921 STATE_STAGE players
2026-09-21T18:47:47 remz-coop-leaderboard-20260921 STATE_STAGE enemies
2026-09-21T18:47:47 remz-coop-leaderboard-20260921 STATE_STAGE items
2026-09-21T18:47:47 remz-coop-leaderboard-20260921 STATE_STAGE barricades
2026-09-21T18:47:47 remz-coop-leaderboard-20260921 STATE_APPLY_DONE sequence=4
2026-09-21T18:47:47 remz-coop-leaderboard-20260921 ROUND_BEGIN intro=false
2026-09-21T18:47:47 remz-coop-leaderboard-20260921 ROUND_RUNNING players=4
2026-09-21T18:48:16 remz-coop-leaderboard-20260921 STATE_STAGE structures
2026-09-21T18:48:16 remz-coop-leaderboard-20260921 STATE_STAGE players
2026-09-21T18:48:16 remz-coop-leaderboard-20260921 STATE_STAGE enemies
2026-09-21T18:48:16 remz-coop-leaderboard-20260921 STATE_STAGE items
2026-09-21T18:48:16 remz-coop-leaderboard-20260921 STATE_STAGE barricades
2026-09-21T18:48:41 remz-coop-leaderboard-20260921 LEAVE_BEGIN phase=running reason=Sitzung verlassen.
2026-09-21T18:48:41 remz-coop-leaderboard-20260921 LEAVE_PEER_DETACHED
2026-09-21T18:48:41 remz-coop-leaderboard-20260921 LEAVE_PEER_CLOSED
2026-09-21T18:48:41 remz-coop-leaderboard-20260921 LEAVE_RELOAD
2026-09-21T18:49:00 remz-coop-leaderboard-20260921 MAP_READY
2026-09-21T18:49:00 remz-coop-leaderboard-20260921 JOIN_BEGIN address=127.0.0.1 port=24687
2026-09-21T18:49:00 remz-coop-leaderboard-20260921 JOIN_SOCKET result=0
2026-09-21T18:49:00 remz-coop-leaderboard-20260921 TRANSPORT_CONNECTED sending_hello
2026-09-21T18:49:00 remz-coop-leaderboard-20260921 PEER_CONNECTED id=1
2026-09-21T18:49:00 remz-coop-leaderboard-20260921 PEER_CONNECTED id=1056655085
2026-09-21T18:49:00 remz-coop-leaderboard-20260921 PEER_CONNECTED id=1298007685
2026-09-21T18:49:00 remz-coop-leaderboard-20260921 WELCOME
2026-09-21T18:49:00 remz-coop-leaderboard-20260921 INITIAL_RECEIVE parts=5
2026-09-21T18:49:00 remz-coop-leaderboard-20260921 INITIAL_APPLY_BEGIN
2026-09-21T18:49:00 remz-coop-leaderboard-20260921 STATE_STAGE structures
2026-09-21T18:49:00 remz-coop-leaderboard-20260921 STATE_STAGE players
2026-09-21T18:49:00 remz-coop-leaderboard-20260921 STATE_STAGE enemies
2026-09-21T18:49:00 remz-coop-leaderboard-20260921 STATE_STAGE items
2026-09-21T18:49:00 remz-coop-leaderboard-20260921 STATE_STAGE barricades
2026-09-21T18:49:01 remz-coop-leaderboard-20260921 INITIAL_APPLY_DONE
2026-09-21T18:49:01 remz-coop-leaderboard-20260921 ROUND_BEGIN intro=false
2026-09-21T18:49:01 remz-coop-leaderboard-20260921 ROUND_RUNNING players=4
2026-09-21T18:49:16 remz-coop-leaderboard-20260921 STATE_STAGE structures
2026-09-21T18:49:16 remz-coop-leaderboard-20260921 STATE_STAGE players
2026-09-21T18:49:16 remz-coop-leaderboard-20260921 STATE_STAGE enemies
2026-09-21T18:49:16 remz-coop-leaderboard-20260921 STATE_STAGE items
2026-09-21T18:49:16 remz-coop-leaderboard-20260921 STATE_STAGE barricades
2026-09-21T18:49:30 remz-coop-leaderboard-20260921 STATE_RECEIVE parts=7
2026-09-21T18:49:30 remz-coop-leaderboard-20260921 STATE_APPLY_DONE sequence=994
2026-09-21T18:49:51 remz-coop-leaderboard-20260921 MAP_READY
2026-09-21T18:49:51 remz-coop-leaderboard-20260921 INITIAL_RECEIVE parts=4
2026-09-21T18:49:51 remz-coop-leaderboard-20260921 INITIAL_APPLY_BEGIN
2026-09-21T18:49:51 remz-coop-leaderboard-20260921 STATE_STAGE structures
2026-09-21T18:49:51 remz-coop-leaderboard-20260921 STATE_STAGE players
2026-09-21T18:49:51 remz-coop-leaderboard-20260921 STATE_STAGE enemies
2026-09-21T18:49:51 remz-coop-leaderboard-20260921 STATE_STAGE items
2026-09-21T18:49:51 remz-coop-leaderboard-20260921 STATE_STAGE barricades
2026-09-21T18:49:51 remz-coop-leaderboard-20260921 INITIAL_APPLY_DONE
2026-09-21T18:49:51 remz-coop-leaderboard-20260921 STATE_RECEIVE parts=4
2026-09-21T18:49:51 remz-coop-leaderboard-20260921 STATE_STAGE structures
2026-09-21T18:49:51 remz-coop-leaderboard-20260921 STATE_STAGE players
2026-09-21T18:49:51 remz-coop-leaderboard-20260921 STATE_STAGE enemies
2026-09-21T18:49:51 remz-coop-leaderboard-20260921 STATE_STAGE items
2026-09-21T18:49:51 remz-coop-leaderboard-20260921 STATE_STAGE barricades
2026-09-21T18:49:51 remz-coop-leaderboard-20260921 STATE_APPLY_DONE sequence=998
2026-09-21T18:49:51 remz-coop-leaderboard-20260921 ROUND_BEGIN intro=false
2026-09-21T18:49:51 remz-coop-leaderboard-20260921 ROUND_RUNNING players=4
