2026-09-24T16:32:37 remz-dev-20260923-komplett BOOT exe=C:/Users/miche/Desktop/Godot.exe
2026-09-24T16:32:37 remz-dev-20260923-komplett NETWORK_INITIALIZED
2026-09-24T16:33:06 remz-dev-20260923-komplett MAP_READY
2026-09-24T16:33:06 remz-dev-20260923-komplett HOST_CREATE port=24687
2026-09-24T16:33:06 remz-dev-20260923-komplett HOST_READY
2026-09-24T16:33:06 remz-dev-20260923-komplett PEER_CONNECTED id=337360703
2026-09-24T16:33:06 remz-dev-20260923-komplett PEER_CONNECTED id=2097442773
2026-09-24T16:33:06 remz-dev-20260923-komplett INITIAL_SEND peer=337360703 raw=25512 bytes=4194 parts=5
2026-09-24T16:33:06 remz-dev-20260923-komplett INITIAL_SEND peer=2097442773 raw=25512 bytes=4194 parts=5
2026-09-24T16:33:06 remz-dev-20260923-komplett CLIENT_READY peer=337360703
2026-09-24T16:33:06 remz-dev-20260923-komplett CLIENT_READY peer=2097442773
2026-09-24T16:33:07 remz-dev-20260923-komplett PEER_CONNECTED id=1644938550
2026-09-24T16:33:07 remz-dev-20260923-komplett INITIAL_SEND peer=1644938550 raw=28584 bytes=4272 parts=5
2026-09-24T16:33:07 remz-dev-20260923-komplett CLIENT_READY peer=1644938550
2026-09-24T16:33:07 remz-dev-20260923-komplett ROUND_START_SEND players=4
2026-09-24T16:33:07 remz-dev-20260923-komplett STATE_SEND peer=337360703 raw=28584 bytes=4274 parts=5
2026-09-24T16:33:07 remz-dev-20260923-komplett STATE_SEND peer=2097442773 raw=28584 bytes=4274 parts=5
2026-09-24T16:33:07 remz-dev-20260923-komplett STATE_SEND peer=1644938550 raw=28584 bytes=4274 parts=5
2026-09-24T16:33:07 remz-dev-20260923-komplett ROUND_BEGIN intro=false
2026-09-24T16:33:07 remz-dev-20260923-komplett ROUND_RUNNING players=4
2026-09-24T16:34:16 remz-dev-20260923-komplett PEER_DISCONNECTED id=337360703
2026-09-24T16:34:30 remz-dev-20260923-komplett PEER_CONNECTED id=1149198923
2026-09-24T16:34:30 remz-dev-20260923-komplett INITIAL_SEND peer=1149198923 raw=30816 bytes=5323 parts=6
2026-09-24T16:34:30 remz-dev-20260923-komplett CLIENT_READY peer=1149198923
2026-09-24T16:34:58 remz-dev-20260923-komplett STATE_SEND peer=2097442773 raw=44064 bytes=7118 parts=8
2026-09-24T16:34:58 remz-dev-20260923-komplett STATE_SEND peer=1644938550 raw=44064 bytes=7118 parts=8
2026-09-24T16:34:58 remz-dev-20260923-komplett STATE_SEND peer=1149198923 raw=44064 bytes=7118 parts=8
2026-09-24T16:35:21 remz-dev-20260923-komplett MAP_READY
2026-09-24T16:35:21 remz-dev-20260923-komplett INITIAL_SEND peer=2097442773 raw=28456 bytes=4204 parts=5
2026-09-24T16:35:21 remz-dev-20260923-komplett INITIAL_SEND peer=1149198923 raw=28456 bytes=4204 parts=5
2026-09-24T16:35:21 remz-dev-20260923-komplett INITIAL_SEND peer=1644938550 raw=28456 bytes=4204 parts=5
2026-09-24T16:35:21 remz-dev-20260923-komplett CLIENT_READY peer=1644938550
2026-09-24T16:35:21 remz-dev-20260923-komplett CLIENT_READY peer=2097442773
2026-09-24T16:35:21 remz-dev-20260923-komplett CLIENT_READY peer=1149198923
2026-09-24T16:35:21 remz-dev-20260923-komplett ROUND_START_SEND players=4
2026-09-24T16:35:21 remz-dev-20260923-komplett STATE_SEND peer=2097442773 raw=28456 bytes=4206 parts=5
2026-09-24T16:35:21 remz-dev-20260923-komplett STATE_SEND peer=1644938550 raw=28456 bytes=4206 parts=5
2026-09-24T16:35:21 remz-dev-20260923-komplett STATE_SEND peer=1149198923 raw=28456 bytes=4206 parts=5
2026-09-24T16:35:21 remz-dev-20260923-komplett ROUND_BEGIN intro=false
2026-09-24T16:35:21 remz-dev-20260923-komplett ROUND_RUNNING players=4
2026-09-24T16:35:23 remz-dev-20260923-komplett PEER_DISCONNECTED id=1149198923
2026-09-24T16:35:24 remz-dev-20260923-komplett LEAVE_BEGIN phase=running reason=Integration test finished
2026-09-24T16:35:24 remz-dev-20260923-komplett LEAVE_PEER_DETACHED
2026-09-24T16:35:24 remz-dev-20260923-komplett LEAVE_PEER_CLOSED
2026-09-24T16:35:24 remz-dev-20260923-komplett LEAVE_RELOAD
2026-09-24T16:35:41 remz-dev-20260923-komplett MAP_READY
