2026-09-26T00:18:11 remz-dev-20260925-online BOOT exe=C:/Users/miche/Desktop/Godot.exe
2026-09-26T00:18:11 remz-dev-20260925-online NETWORK_INITIALIZED
2026-09-26T00:18:34 remz-dev-20260925-online MAP_READY
2026-09-26T00:18:34 remz-dev-20260925-online HOST_CREATE port=24736
2026-09-26T00:18:34 remz-dev-20260925-online HOST_READY
2026-09-26T00:18:34 remz-dev-20260925-online PEER_CONNECTED id=1576475876
2026-09-26T00:18:34 remz-dev-20260925-online INITIAL_SEND peer=1576475876 raw=23160 bytes=4294 parts=5
2026-09-26T00:18:34 remz-dev-20260925-online CLIENT_READY peer=1576475876
2026-09-26T00:18:34 remz-dev-20260925-online ROUND_START_SEND players=2
2026-09-26T00:18:34 remz-dev-20260925-online STATE_SEND peer=1576475876 raw=23160 bytes=4298 parts=5
2026-09-26T00:18:34 remz-dev-20260925-online ROUND_BEGIN intro=false
2026-09-26T00:18:34 remz-dev-20260925-online ROUND_RUNNING players=2
2026-09-26T00:18:40 remz-dev-20260925-online PEER_CONNECTED id=1053251334
2026-09-26T00:18:40 remz-dev-20260925-online INITIAL_SEND peer=1053251334 raw=26804 bytes=4636 parts=6
2026-09-26T00:18:40 remz-dev-20260925-online CLIENT_READY peer=1053251334
2026-09-26T00:18:42 remz-dev-20260925-online PEER_DISCONNECTED id=1576475876
2026-09-26T00:18:42 remz-dev-20260925-online PEER_DISCONNECTED id=1053251334
2026-09-26T00:18:43 remz-dev-20260925-online LEAVE_BEGIN phase=running reason=Left the session.
2026-09-26T00:18:43 remz-dev-20260925-online LEAVE_PEER_DETACHED
2026-09-26T00:18:43 remz-dev-20260925-online LEAVE_PEER_CLOSED
