2026-09-26T10:44:09 remz-dev-20260925-online BOOT exe=C:/Users/miche/Desktop/Godot.exe
2026-09-26T10:44:09 remz-dev-20260925-online NETWORK_INITIALIZED
2026-09-26T10:44:34 remz-dev-20260925-online MAP_READY
2026-09-26T10:44:34 remz-dev-20260925-online HOST_CREATE port=24687
2026-09-26T10:44:34 remz-dev-20260925-online HOST_READY
2026-09-26T10:44:34 remz-dev-20260925-online PEER_CONNECTED id=1470719665
2026-09-26T10:44:34 remz-dev-20260925-online PEER_CONNECTED id=139765492
2026-09-26T10:44:34 remz-dev-20260925-online PEER_CONNECTED id=1872182358
2026-09-26T10:44:34 remz-dev-20260925-online INITIAL_SEND peer=1470719665 raw=29948 bytes=4585 parts=6
2026-09-26T10:44:34 remz-dev-20260925-online INITIAL_SEND peer=139765492 raw=29948 bytes=4589 parts=6
2026-09-26T10:44:34 remz-dev-20260925-online INITIAL_SEND peer=1872182358 raw=29948 bytes=4589 parts=6
2026-09-26T10:44:34 remz-dev-20260925-online CLIENT_READY peer=1470719665
2026-09-26T10:44:34 remz-dev-20260925-online CLIENT_READY peer=139765492
2026-09-26T10:44:34 remz-dev-20260925-online CLIENT_READY peer=1872182358
2026-09-26T10:44:34 remz-dev-20260925-online ROUND_START_SEND players=4
2026-09-26T10:44:34 remz-dev-20260925-online STATE_SEND peer=1470719665 raw=29948 bytes=4591 parts=6
2026-09-26T10:44:34 remz-dev-20260925-online STATE_SEND peer=139765492 raw=29948 bytes=4591 parts=6
2026-09-26T10:44:34 remz-dev-20260925-online STATE_SEND peer=1872182358 raw=29948 bytes=4591 parts=6
2026-09-26T10:44:34 remz-dev-20260925-online ROUND_BEGIN intro=false
2026-09-26T10:44:34 remz-dev-20260925-online ROUND_RUNNING players=4
2026-09-26T10:45:38 remz-dev-20260925-online PEER_DISCONNECTED id=1470719665
2026-09-26T10:45:49 remz-dev-20260925-online PEER_CONNECTED id=1543488987
2026-09-26T10:45:49 remz-dev-20260925-online INITIAL_SEND peer=1543488987 raw=32228 bytes=5617 parts=7
2026-09-26T10:45:49 remz-dev-20260925-online CLIENT_READY peer=1543488987
2026-09-26T10:46:21 remz-dev-20260925-online STATE_SEND peer=139765492 raw=48304 bytes=7464 parts=9
2026-09-26T10:46:21 remz-dev-20260925-online STATE_SEND peer=1872182358 raw=48304 bytes=7464 parts=9
2026-09-26T10:46:21 remz-dev-20260925-online STATE_SEND peer=1543488987 raw=48304 bytes=7464 parts=9
2026-09-26T10:46:37 remz-dev-20260925-online MAP_READY
2026-09-26T10:46:37 remz-dev-20260925-online INITIAL_SEND peer=1872182358 raw=29884 bytes=4553 parts=6
2026-09-26T10:46:37 remz-dev-20260925-online INITIAL_SEND peer=139765492 raw=29884 bytes=4553 parts=6
2026-09-26T10:46:37 remz-dev-20260925-online INITIAL_SEND peer=1543488987 raw=29884 bytes=4553 parts=6
2026-09-26T10:46:37 remz-dev-20260925-online CLIENT_READY peer=1543488987
2026-09-26T10:46:37 remz-dev-20260925-online CLIENT_READY peer=139765492
2026-09-26T10:46:37 remz-dev-20260925-online CLIENT_READY peer=1872182358
2026-09-26T10:46:37 remz-dev-20260925-online ROUND_START_SEND players=4
2026-09-26T10:46:37 remz-dev-20260925-online STATE_SEND peer=139765492 raw=29884 bytes=4554 parts=6
2026-09-26T10:46:37 remz-dev-20260925-online STATE_SEND peer=1872182358 raw=29884 bytes=4554 parts=6
2026-09-26T10:46:37 remz-dev-20260925-online STATE_SEND peer=1543488987 raw=29884 bytes=4554 parts=6
2026-09-26T10:46:37 remz-dev-20260925-online ROUND_BEGIN intro=false
2026-09-26T10:46:37 remz-dev-20260925-online ROUND_RUNNING players=4
2026-09-26T10:46:40 remz-dev-20260925-online PEER_DISCONNECTED id=1543488987
2026-09-26T10:46:40 remz-dev-20260925-online LEAVE_BEGIN phase=running reason=Integration test finished
2026-09-26T10:46:40 remz-dev-20260925-online LEAVE_PEER_DETACHED
2026-09-26T10:46:40 remz-dev-20260925-online LEAVE_PEER_CLOSED
2026-09-26T10:46:40 remz-dev-20260925-online LEAVE_RELOAD
2026-09-26T10:46:53 remz-dev-20260925-online MAP_READY
