2026-09-23T09:31:03 remz-dev-20260923-titan-gate-fix BOOT exe=C:/Users/miche/Desktop/Godot.exe
2026-09-23T09:31:03 remz-dev-20260923-titan-gate-fix NETWORK_INITIALIZED
2026-09-23T09:31:18 remz-dev-20260923-titan-gate-fix MAP_READY
2026-09-23T09:31:18 remz-dev-20260923-titan-gate-fix HOST_CREATE port=24687
2026-09-23T09:31:18 remz-dev-20260923-titan-gate-fix HOST_READY
2026-09-23T09:31:19 remz-dev-20260923-titan-gate-fix PEER_CONNECTED id=343374090
2026-09-23T09:31:19 remz-dev-20260923-titan-gate-fix INITIAL_SEND peer=343374090 raw=21984 bytes=4002 parts=5
2026-09-23T09:31:19 remz-dev-20260923-titan-gate-fix CLIENT_READY peer=343374090
2026-09-23T09:31:19 remz-dev-20260923-titan-gate-fix PEER_CONNECTED id=293731654
2026-09-23T09:31:19 remz-dev-20260923-titan-gate-fix PEER_CONNECTED id=407385210
2026-09-23T09:31:19 remz-dev-20260923-titan-gate-fix INITIAL_SEND peer=293731654 raw=28080 bytes=4173 parts=5
2026-09-23T09:31:19 remz-dev-20260923-titan-gate-fix INITIAL_SEND peer=407385210 raw=28080 bytes=4173 parts=5
2026-09-23T09:31:19 remz-dev-20260923-titan-gate-fix CLIENT_READY peer=293731654
2026-09-23T09:31:19 remz-dev-20260923-titan-gate-fix CLIENT_READY peer=407385210
2026-09-23T09:31:19 remz-dev-20260923-titan-gate-fix ROUND_START_SEND players=4
2026-09-23T09:31:19 remz-dev-20260923-titan-gate-fix STATE_SEND peer=343374090 raw=28080 bytes=4174 parts=5
2026-09-23T09:31:19 remz-dev-20260923-titan-gate-fix STATE_SEND peer=293731654 raw=28080 bytes=4174 parts=5
2026-09-23T09:31:19 remz-dev-20260923-titan-gate-fix STATE_SEND peer=407385210 raw=28080 bytes=4174 parts=5
2026-09-23T09:31:19 remz-dev-20260923-titan-gate-fix ROUND_BEGIN intro=false
2026-09-23T09:31:20 remz-dev-20260923-titan-gate-fix ROUND_RUNNING players=4
2026-09-23T09:32:28 remz-dev-20260923-titan-gate-fix PEER_DISCONNECTED id=293731654
2026-09-23T09:32:41 remz-dev-20260923-titan-gate-fix PEER_CONNECTED id=410442399
2026-09-23T09:32:41 remz-dev-20260923-titan-gate-fix INITIAL_SEND peer=410442399 raw=30284 bytes=5212 parts=6
2026-09-23T09:32:41 remz-dev-20260923-titan-gate-fix CLIENT_READY peer=410442399
2026-09-23T09:33:08 remz-dev-20260923-titan-gate-fix STATE_SEND peer=343374090 raw=43588 bytes=6972 parts=8
2026-09-23T09:33:08 remz-dev-20260923-titan-gate-fix STATE_SEND peer=407385210 raw=43588 bytes=6972 parts=8
2026-09-23T09:33:08 remz-dev-20260923-titan-gate-fix STATE_SEND peer=410442399 raw=43588 bytes=6972 parts=8
2026-09-23T09:33:25 remz-dev-20260923-titan-gate-fix MAP_READY
2026-09-23T09:33:25 remz-dev-20260923-titan-gate-fix INITIAL_SEND peer=407385210 raw=27952 bytes=4103 parts=5
2026-09-23T09:33:25 remz-dev-20260923-titan-gate-fix INITIAL_SEND peer=343374090 raw=27952 bytes=4103 parts=5
2026-09-23T09:33:25 remz-dev-20260923-titan-gate-fix CLIENT_READY peer=407385210
2026-09-23T09:33:25 remz-dev-20260923-titan-gate-fix CLIENT_READY peer=343374090
2026-09-23T09:33:25 remz-dev-20260923-titan-gate-fix INITIAL_SEND peer=410442399 raw=27952 bytes=4104 parts=5
2026-09-23T09:33:25 remz-dev-20260923-titan-gate-fix CLIENT_READY peer=410442399
2026-09-23T09:33:25 remz-dev-20260923-titan-gate-fix ROUND_START_SEND players=4
2026-09-23T09:33:25 remz-dev-20260923-titan-gate-fix STATE_SEND peer=343374090 raw=27952 bytes=4106 parts=5
2026-09-23T09:33:25 remz-dev-20260923-titan-gate-fix STATE_SEND peer=407385210 raw=27952 bytes=4106 parts=5
2026-09-23T09:33:25 remz-dev-20260923-titan-gate-fix STATE_SEND peer=410442399 raw=27952 bytes=4106 parts=5
2026-09-23T09:33:25 remz-dev-20260923-titan-gate-fix ROUND_BEGIN intro=false
2026-09-23T09:33:25 remz-dev-20260923-titan-gate-fix ROUND_RUNNING players=4
2026-09-23T09:33:28 remz-dev-20260923-titan-gate-fix PEER_DISCONNECTED id=410442399
2026-09-23T09:33:28 remz-dev-20260923-titan-gate-fix LEAVE_BEGIN phase=running reason=Integration test finished
2026-09-23T09:33:28 remz-dev-20260923-titan-gate-fix LEAVE_PEER_DETACHED
2026-09-23T09:33:28 remz-dev-20260923-titan-gate-fix LEAVE_PEER_CLOSED
2026-09-23T09:33:28 remz-dev-20260923-titan-gate-fix LEAVE_RELOAD
2026-09-23T09:33:43 remz-dev-20260923-titan-gate-fix MAP_READY
