2026-09-25T12:32:28 remz-dev-20260925-online BOOT exe=C:/Users/miche/Desktop/Godot.exe
2026-09-25T12:32:28 remz-dev-20260925-online NETWORK_INITIALIZED
2026-09-25T12:32:42 remz-dev-20260925-online MAP_READY
2026-09-25T12:32:42 remz-dev-20260925-online EOS_PLATFORM_START
2026-09-25T12:32:42 remz-dev-20260925-online EOS_PLATFORM_READY
2026-09-25T12:32:42 remz-dev-20260925-online EOS_RELAY_CONTROL allowed
2026-09-25T12:32:43 remz-dev-20260925-online EOS LogEOSConnect: DeviceId access credentials already exist for the current user profile on the local device.
2026-09-25T12:32:43 remz-dev-20260925-online EOS_LOGIN_OK
2026-09-25T12:32:43 remz-dev-20260925-online ONLINE_HOST_BEGIN
2026-09-25T12:32:44 remz-dev-20260925-online EOS_LOBBY_CREATED code=3ZLKXJ
2026-09-25T12:32:44 remz-dev-20260925-online ONLINE_HOST_READY ONLINE_CODE=3ZLKXJ
2026-09-25T12:32:47 remz-dev-20260925-online EOS_LOBBY_SEARCH_EMPTY code=3ZLKXJ results=0
2026-09-25T12:32:49 remz-dev-20260925-online EOS_LOBBY_FOUND code=3ZLKXJ
2026-09-25T12:32:50 remz-dev-20260925-online EOS_LOBBY_SEARCH_EMPTY code=ZZZZZZ results=0
2026-09-25T12:32:52 remz-dev-20260925-online EOS_LOBBY_SEARCH_EMPTY code=ZZZZZZ results=0
2026-09-25T12:32:54 remz-dev-20260925-online EOS_LOBBY_SEARCH_EMPTY code=ZZZZZZ results=0
2026-09-25T12:32:56 remz-dev-20260925-online EOS_LOBBY_SEARCH_EMPTY code=ZZZZZZ results=0
2026-09-25T12:32:58 remz-dev-20260925-online EOS_LOBBY_SEARCH_EMPTY code=ZZZZZZ results=0
2026-09-25T12:33:00 remz-dev-20260925-online EOS_LOBBY_SEARCH_EMPTY code=ZZZZZZ results=0
2026-09-25T12:33:01 remz-dev-20260925-online EOS_LOBBY_SEARCH_EMPTY code=3ZLKXJ results=1
2026-09-25T12:33:01 remz-dev-20260925-online LEAVE_BEGIN phase=lobby reason=Live test finished
2026-09-25T12:33:01 remz-dev-20260925-online LEAVE_PEER_DETACHED
2026-09-25T12:33:01 remz-dev-20260925-online LEAVE_PEER_CLOSED
2026-09-25T12:33:01 remz-dev-20260925-online EOS_LOBBY_DESTROY
2026-09-25T12:33:01 remz-dev-20260925-online LEAVE_DONE reused_loaded_map
2026-09-25T12:33:04 remz-dev-20260925-online EOS_LOBBY_SEARCH_EMPTY code=3ZLKXJ results=0
2026-09-25T12:33:06 remz-dev-20260925-online EOS_LOBBY_SEARCH_EMPTY code=3ZLKXJ results=0
2026-09-25T12:33:09 remz-dev-20260925-online EOS_LOBBY_SEARCH_EMPTY code=3ZLKXJ results=0
2026-09-25T12:33:14 remz-dev-20260925-online EOS_LOBBY_SEARCH_EMPTY code=3ZLKXJ results=0
2026-09-25T12:33:19 remz-dev-20260925-online EOS_LOBBY_SEARCH_EMPTY code=3ZLKXJ results=0
2026-09-25T12:33:24 remz-dev-20260925-online EOS_LOBBY_SEARCH_EMPTY code=3ZLKXJ results=0
2026-09-25T12:33:24 remz-dev-20260925-online ONLINE_JOIN_BEGIN code=3ZLKXJ
2026-09-25T12:33:27 remz-dev-20260925-online EOS_LOBBY_SEARCH_EMPTY code=3ZLKXJ results=0
2026-09-25T12:33:33 remz-dev-20260925-online EOS_LOBBY_SEARCH_EMPTY code=3ZLKXJ results=0
2026-09-25T12:33:38 remz-dev-20260925-online EOS_LOBBY_SEARCH_EMPTY code=3ZLKXJ results=0
2026-09-25T12:33:43 remz-dev-20260925-online EOS_LOBBY_SEARCH_EMPTY code=3ZLKXJ results=0
2026-09-25T12:33:48 remz-dev-20260925-online EOS_LOBBY_SEARCH_EMPTY code=3ZLKXJ results=0
2026-09-25T12:33:53 remz-dev-20260925-online EOS_LOBBY_SEARCH_EMPTY code=3ZLKXJ results=0
2026-09-25T12:33:53 remz-dev-20260925-online ONLINE_FAILED reason=No open lobby with code 3ZLKXJ. Check the code - the host must still be in the lobby.
2026-09-25T12:33:54 remz-dev-20260925-online EOS LogEOSP2P: Leave all connections due to P2P network shutdown
