2026-09-23T01:41:27 remz-dev-20260922-weapon-expansion BOOT exe=C:/Users/miche/Desktop/Godot.exe
2026-09-23T01:41:27 remz-dev-20260922-weapon-expansion NETWORK_INITIALIZED
2026-09-23T01:41:43 remz-dev-20260922-weapon-expansion MAP_READY
2026-09-23T01:41:43 remz-dev-20260922-weapon-expansion JOIN_BEGIN address=127.0.0.1 port=24687
2026-09-23T01:41:43 remz-dev-20260922-weapon-expansion JOIN_SOCKET result=0
2026-09-23T01:41:43 remz-dev-20260922-weapon-expansion TRANSPORT_CONNECTED sending_hello
2026-09-23T01:41:43 remz-dev-20260922-weapon-expansion PEER_CONNECTED id=1
2026-09-23T01:41:43 remz-dev-20260922-weapon-expansion WELCOME
2026-09-23T01:41:43 remz-dev-20260922-weapon-expansion PEER_CONNECTED id=775239820
2026-09-23T01:41:43 remz-dev-20260922-weapon-expansion INITIAL_RECEIVE parts=5
2026-09-23T01:41:43 remz-dev-20260922-weapon-expansion INITIAL_APPLY_BEGIN
2026-09-23T01:41:43 remz-dev-20260922-weapon-expansion STATE_STAGE structures
2026-09-23T01:41:43 remz-dev-20260922-weapon-expansion STATE_STAGE players
2026-09-23T01:41:43 remz-dev-20260922-weapon-expansion STATE_STAGE enemies
2026-09-23T01:41:43 remz-dev-20260922-weapon-expansion STATE_STAGE items
2026-09-23T01:41:43 remz-dev-20260922-weapon-expansion STATE_STAGE barricades
2026-09-23T01:41:43 remz-dev-20260922-weapon-expansion INITIAL_APPLY_DONE
2026-09-23T01:41:43 remz-dev-20260922-weapon-expansion PEER_CONNECTED id=608468656
2026-09-23T01:41:43 remz-dev-20260922-weapon-expansion STATE_RECEIVE parts=5
2026-09-23T01:41:44 remz-dev-20260922-weapon-expansion STATE_STAGE structures
2026-09-23T01:41:44 remz-dev-20260922-weapon-expansion STATE_STAGE players
2026-09-23T01:41:44 remz-dev-20260922-weapon-expansion STATE_STAGE enemies
2026-09-23T01:41:44 remz-dev-20260922-weapon-expansion STATE_STAGE items
2026-09-23T01:41:44 remz-dev-20260922-weapon-expansion STATE_STAGE barricades
2026-09-23T01:41:44 remz-dev-20260922-weapon-expansion STATE_APPLY_DONE sequence=4
2026-09-23T01:41:44 remz-dev-20260922-weapon-expansion ROUND_BEGIN intro=false
2026-09-23T01:41:44 remz-dev-20260922-weapon-expansion ROUND_RUNNING players=4
2026-09-23T01:42:22 remz-dev-20260922-weapon-expansion STATE_STAGE structures
2026-09-23T01:42:22 remz-dev-20260922-weapon-expansion STATE_STAGE players
2026-09-23T01:42:22 remz-dev-20260922-weapon-expansion STATE_STAGE enemies
2026-09-23T01:42:22 remz-dev-20260922-weapon-expansion STATE_STAGE items
2026-09-23T01:42:22 remz-dev-20260922-weapon-expansion STATE_STAGE barricades
2026-09-23T01:42:50 remz-dev-20260922-weapon-expansion LEAVE_BEGIN phase=running reason=Sitzung verlassen.
2026-09-23T01:42:50 remz-dev-20260922-weapon-expansion LEAVE_PEER_DETACHED
2026-09-23T01:42:50 remz-dev-20260922-weapon-expansion LEAVE_PEER_CLOSED
2026-09-23T01:42:50 remz-dev-20260922-weapon-expansion LEAVE_RELOAD
2026-09-23T01:43:03 remz-dev-20260922-weapon-expansion MAP_READY
2026-09-23T01:43:03 remz-dev-20260922-weapon-expansion JOIN_BEGIN address=127.0.0.1 port=24687
2026-09-23T01:43:03 remz-dev-20260922-weapon-expansion JOIN_SOCKET result=0
2026-09-23T01:43:03 remz-dev-20260922-weapon-expansion TRANSPORT_CONNECTED sending_hello
2026-09-23T01:43:03 remz-dev-20260922-weapon-expansion PEER_CONNECTED id=1
2026-09-23T01:43:03 remz-dev-20260922-weapon-expansion PEER_CONNECTED id=608468656
2026-09-23T01:43:03 remz-dev-20260922-weapon-expansion PEER_CONNECTED id=775239820
2026-09-23T01:43:03 remz-dev-20260922-weapon-expansion WELCOME
2026-09-23T01:43:03 remz-dev-20260922-weapon-expansion INITIAL_RECEIVE parts=6
2026-09-23T01:43:03 remz-dev-20260922-weapon-expansion INITIAL_APPLY_BEGIN
2026-09-23T01:43:03 remz-dev-20260922-weapon-expansion STATE_STAGE structures
2026-09-23T01:43:03 remz-dev-20260922-weapon-expansion STATE_STAGE players
2026-09-23T01:43:03 remz-dev-20260922-weapon-expansion STATE_STAGE enemies
2026-09-23T01:43:03 remz-dev-20260922-weapon-expansion STATE_STAGE items
2026-09-23T01:43:03 remz-dev-20260922-weapon-expansion STATE_STAGE barricades
2026-09-23T01:43:03 remz-dev-20260922-weapon-expansion INITIAL_APPLY_DONE
2026-09-23T01:43:03 remz-dev-20260922-weapon-expansion ROUND_BEGIN intro=false
2026-09-23T01:43:03 remz-dev-20260922-weapon-expansion ROUND_RUNNING players=4
2026-09-23T01:43:16 remz-dev-20260922-weapon-expansion STATE_STAGE structures
2026-09-23T01:43:16 remz-dev-20260922-weapon-expansion STATE_STAGE players
2026-09-23T01:43:16 remz-dev-20260922-weapon-expansion STATE_STAGE enemies
2026-09-23T01:43:16 remz-dev-20260922-weapon-expansion STATE_STAGE items
2026-09-23T01:43:16 remz-dev-20260922-weapon-expansion STATE_STAGE barricades
2026-09-23T01:43:29 remz-dev-20260922-weapon-expansion STATE_RECEIVE parts=8
2026-09-23T01:43:29 remz-dev-20260922-weapon-expansion STATE_APPLY_DONE sequence=1027
2026-09-23T01:43:46 remz-dev-20260922-weapon-expansion MAP_READY
2026-09-23T01:43:47 remz-dev-20260922-weapon-expansion INITIAL_RECEIVE parts=5
2026-09-23T01:43:47 remz-dev-20260922-weapon-expansion INITIAL_APPLY_BEGIN
2026-09-23T01:43:47 remz-dev-20260922-weapon-expansion STATE_STAGE structures
2026-09-23T01:43:47 remz-dev-20260922-weapon-expansion STATE_STAGE players
2026-09-23T01:43:47 remz-dev-20260922-weapon-expansion STATE_STAGE enemies
2026-09-23T01:43:47 remz-dev-20260922-weapon-expansion STATE_STAGE items
2026-09-23T01:43:47 remz-dev-20260922-weapon-expansion STATE_STAGE barricades
2026-09-23T01:43:47 remz-dev-20260922-weapon-expansion INITIAL_APPLY_DONE
2026-09-23T01:43:47 remz-dev-20260922-weapon-expansion STATE_RECEIVE parts=5
2026-09-23T01:43:47 remz-dev-20260922-weapon-expansion STATE_STAGE structures
2026-09-23T01:43:47 remz-dev-20260922-weapon-expansion STATE_STAGE players
2026-09-23T01:43:47 remz-dev-20260922-weapon-expansion STATE_STAGE enemies
2026-09-23T01:43:47 remz-dev-20260922-weapon-expansion STATE_STAGE items
2026-09-23T01:43:47 remz-dev-20260922-weapon-expansion STATE_STAGE barricades
2026-09-23T01:43:47 remz-dev-20260922-weapon-expansion STATE_APPLY_DONE sequence=1031
2026-09-23T01:43:47 remz-dev-20260922-weapon-expansion ROUND_BEGIN intro=false
2026-09-23T01:43:47 remz-dev-20260922-weapon-expansion ROUND_RUNNING players=4
