2026-09-27T19:51:24 remz-dev-20260927-titan-loot BOOT exe=C:/Users/miche/Desktop/Godot.exe
2026-09-27T19:51:24 remz-dev-20260927-titan-loot NETWORK_INITIALIZED
2026-09-27T19:52:08 remz-dev-20260927-titan-loot MAP_READY
2026-09-27T19:52:08 remz-dev-20260927-titan-loot ONLINE_HOST_BEGIN
2026-09-27T19:52:08 remz-dev-20260927-titan-loot EOS_PLATFORM_START
2026-09-27T19:52:09 remz-dev-20260927-titan-loot EOS_PLATFORM_READY
2026-09-27T19:52:09 remz-dev-20260927-titan-loot EOS_RELAY_CONTROL forced
2026-09-27T19:52:09 remz-dev-20260927-titan-loot EOS LogEOSConnect: DeviceId access credentials already exist for the current user profile on the local device.
2026-09-27T19:52:11 remz-dev-20260927-titan-loot EOS_LOGIN_OK
2026-09-27T19:52:11 remz-dev-20260927-titan-loot EOS_LOBBY_CREATED code=ZRMN86
2026-09-27T19:52:11 remz-dev-20260927-titan-loot ONLINE_HOST_READY ONLINE_CODE=ZRMN86
2026-09-27T19:52:19 remz-dev-20260927-titan-loot EOS LogEOSRTC: TickTracker Ticks have been delayed. TimePeriod=[10.005326s] TickIntervalThreshold=[40ms] MaxTickInterval=[136ms] MaxExecutionTime=[1ms] TicksCount=[1402] ExpectedTicksCount=[1402]
2026-09-27T19:52:20 remz-dev-20260927-titan-loot EOS_P2P_ACCEPTED
2026-09-27T19:52:22 remz-dev-20260927-titan-loot PEER_CONNECTED id=1273647754
2026-09-27T19:52:23 remz-dev-20260927-titan-loot INITIAL_SEND peer=1273647754 raw=28700 bytes=5177 parts=6
2026-09-27T19:52:23 remz-dev-20260927-titan-loot CLIENT_READY peer=1273647754
2026-09-27T19:52:23 remz-dev-20260927-titan-loot ROUND_START_SEND players=2
2026-09-27T19:52:23 remz-dev-20260927-titan-loot STATE_SEND peer=1273647754 raw=28700 bytes=5178 parts=6
2026-09-27T19:52:23 remz-dev-20260927-titan-loot ROUND_BEGIN intro=false
2026-09-27T19:52:23 remz-dev-20260927-titan-loot ROUND_RUNNING players=2
2026-09-27T19:52:29 remz-dev-20260927-titan-loot EOS LogEOSRTC: TickTracker Ticks have been delayed. TimePeriod=[10.000776s] TickIntervalThreshold=[40ms] MaxTickInterval=[373ms] MaxExecutionTime=[3ms] TicksCount=[1259] ExpectedTicksCount=[1259]
2026-09-27T19:52:39 remz-dev-20260927-titan-loot EOS LogEOSRTC: TickTracker Ticks have been delayed. TimePeriod=[10.005513s] TickIntervalThreshold=[40ms] MaxTickInterval=[115ms] MaxExecutionTime=[1ms] TicksCount=[1395] ExpectedTicksCount=[1395]
2026-09-27T19:53:17 remz-dev-20260927-titan-loot PEER_DISCONNECTED id=1273647754
