2026-09-23T19:17:55 remz-dev-20260923-komplett BOOT exe=C:/Users/miche/Desktop/Godot.exe
2026-09-23T19:17:55 remz-dev-20260923-komplett NETWORK_INITIALIZED
2026-09-23T19:18:10 remz-dev-20260923-komplett MAP_READY
2026-09-23T19:18:10 remz-dev-20260923-komplett JOIN_BEGIN address=127.0.0.1 port=24695
2026-09-23T19:18:10 remz-dev-20260923-komplett JOIN_SOCKET result=0
2026-09-23T19:18:10 remz-dev-20260923-komplett TRANSPORT_CONNECTED sending_hello
2026-09-23T19:18:10 remz-dev-20260923-komplett PEER_CONNECTED id=1
2026-09-23T19:18:10 remz-dev-20260923-komplett WELCOME
2026-09-23T19:18:10 remz-dev-20260923-komplett INITIAL_RECEIVE parts=5
2026-09-23T19:18:10 remz-dev-20260923-komplett INITIAL_APPLY_BEGIN
2026-09-23T19:18:10 remz-dev-20260923-komplett STATE_STAGE structures
2026-09-23T19:18:10 remz-dev-20260923-komplett STATE_STAGE players
2026-09-23T19:18:10 remz-dev-20260923-komplett STATE_STAGE enemies
2026-09-23T19:18:10 remz-dev-20260923-komplett STATE_STAGE items
2026-09-23T19:18:10 remz-dev-20260923-komplett STATE_STAGE barricades
2026-09-23T19:18:10 remz-dev-20260923-komplett INITIAL_APPLY_DONE
2026-09-23T19:18:12 remz-dev-20260923-komplett PEER_CONNECTED id=1221735984
2026-09-23T19:18:12 remz-dev-20260923-komplett STATE_RECEIVE parts=5
2026-09-23T19:18:12 remz-dev-20260923-komplett STATE_STAGE structures
2026-09-23T19:18:12 remz-dev-20260923-komplett STATE_STAGE players
2026-09-23T19:18:12 remz-dev-20260923-komplett STATE_STAGE enemies
2026-09-23T19:18:12 remz-dev-20260923-komplett STATE_STAGE items
2026-09-23T19:18:12 remz-dev-20260923-komplett STATE_STAGE barricades
2026-09-23T19:18:12 remz-dev-20260923-komplett STATE_APPLY_DONE sequence=3
2026-09-23T19:18:12 remz-dev-20260923-komplett ROUND_BEGIN intro=true
2026-09-23T19:18:12 remz-dev-20260923-komplett ROUND_RUNNING players=3
