2026-09-23T13:47:39 remz-dev-20260923-earthworm-quality BOOT exe=C:/Users/miche/Desktop/Godot.exe
2026-09-23T13:47:39 remz-dev-20260923-earthworm-quality NETWORK_INITIALIZED
2026-09-23T13:47:58 remz-dev-20260923-earthworm-quality MAP_READY
2026-09-23T13:47:58 remz-dev-20260923-earthworm-quality HOST_CREATE port=24781
2026-09-23T13:47:58 remz-dev-20260923-earthworm-quality HOST_READY
2026-09-23T13:47:58 remz-dev-20260923-earthworm-quality PEER_CONNECTED id=953879647
2026-09-23T13:47:58 remz-dev-20260923-earthworm-quality INITIAL_SEND peer=953879647 raw=22056 bytes=4010 parts=5
2026-09-23T13:47:58 remz-dev-20260923-earthworm-quality PEER_CONNECTED id=609908043
2026-09-23T13:47:58 remz-dev-20260923-earthworm-quality CLIENT_READY peer=953879647
2026-09-23T13:47:58 remz-dev-20260923-earthworm-quality PEER_CONNECTED id=1745207943
2026-09-23T13:47:58 remz-dev-20260923-earthworm-quality INITIAL_SEND peer=609908043 raw=25104 bytes=4096 parts=5
2026-09-23T13:47:58 remz-dev-20260923-earthworm-quality INITIAL_SEND peer=1745207943 raw=28152 bytes=4180 parts=5
2026-09-23T13:47:59 remz-dev-20260923-earthworm-quality CLIENT_READY peer=609908043
2026-09-23T13:47:59 remz-dev-20260923-earthworm-quality CLIENT_READY peer=1745207943
2026-09-23T13:47:59 remz-dev-20260923-earthworm-quality ROUND_START_SEND players=4
2026-09-23T13:47:59 remz-dev-20260923-earthworm-quality STATE_SEND peer=953879647 raw=28152 bytes=4183 parts=5
2026-09-23T13:47:59 remz-dev-20260923-earthworm-quality STATE_SEND peer=609908043 raw=28152 bytes=4183 parts=5
2026-09-23T13:47:59 remz-dev-20260923-earthworm-quality STATE_SEND peer=1745207943 raw=28152 bytes=4183 parts=5
2026-09-23T13:47:59 remz-dev-20260923-earthworm-quality ROUND_BEGIN intro=false
2026-09-23T13:47:59 remz-dev-20260923-earthworm-quality ROUND_RUNNING players=4
2026-09-23T13:49:03 remz-dev-20260923-earthworm-quality PEER_DISCONNECTED id=609908043
2026-09-23T13:49:15 remz-dev-20260923-earthworm-quality PEER_CONNECTED id=719135584
2026-09-23T13:49:15 remz-dev-20260923-earthworm-quality INITIAL_SEND peer=719135584 raw=30348 bytes=5189 parts=6
2026-09-23T13:49:15 remz-dev-20260923-earthworm-quality CLIENT_READY peer=719135584
2026-09-23T13:49:41 remz-dev-20260923-earthworm-quality STATE_SEND peer=953879647 raw=43752 bytes=7061 parts=8
2026-09-23T13:49:41 remz-dev-20260923-earthworm-quality STATE_SEND peer=1745207943 raw=43752 bytes=7061 parts=8
2026-09-23T13:49:41 remz-dev-20260923-earthworm-quality STATE_SEND peer=719135584 raw=43752 bytes=7061 parts=8
2026-09-23T13:49:55 remz-dev-20260923-earthworm-quality MAP_READY
2026-09-23T13:49:55 remz-dev-20260923-earthworm-quality INITIAL_SEND peer=953879647 raw=28024 bytes=4108 parts=5
2026-09-23T13:49:55 remz-dev-20260923-earthworm-quality INITIAL_SEND peer=1745207943 raw=28024 bytes=4108 parts=5
2026-09-23T13:49:55 remz-dev-20260923-earthworm-quality CLIENT_READY peer=1745207943
2026-09-23T13:49:55 remz-dev-20260923-earthworm-quality CLIENT_READY peer=953879647
2026-09-23T13:49:55 remz-dev-20260923-earthworm-quality INITIAL_SEND peer=719135584 raw=28024 bytes=4115 parts=5
2026-09-23T13:49:55 remz-dev-20260923-earthworm-quality CLIENT_READY peer=719135584
2026-09-23T13:49:55 remz-dev-20260923-earthworm-quality ROUND_START_SEND players=4
2026-09-23T13:49:55 remz-dev-20260923-earthworm-quality STATE_SEND peer=953879647 raw=28024 bytes=4118 parts=5
2026-09-23T13:49:56 remz-dev-20260923-earthworm-quality STATE_SEND peer=1745207943 raw=28024 bytes=4118 parts=5
2026-09-23T13:49:56 remz-dev-20260923-earthworm-quality STATE_SEND peer=719135584 raw=28024 bytes=4118 parts=5
2026-09-23T13:49:56 remz-dev-20260923-earthworm-quality ROUND_BEGIN intro=false
2026-09-23T13:49:56 remz-dev-20260923-earthworm-quality ROUND_RUNNING players=4
2026-09-23T13:49:57 remz-dev-20260923-earthworm-quality PEER_DISCONNECTED id=719135584
2026-09-23T13:49:58 remz-dev-20260923-earthworm-quality LEAVE_BEGIN phase=running reason=Integration test finished
2026-09-23T13:49:58 remz-dev-20260923-earthworm-quality LEAVE_PEER_DETACHED
2026-09-23T13:49:58 remz-dev-20260923-earthworm-quality LEAVE_PEER_CLOSED
2026-09-23T13:49:58 remz-dev-20260923-earthworm-quality LEAVE_RELOAD
2026-09-23T13:50:10 remz-dev-20260923-earthworm-quality MAP_READY
