Godot Engine v4.7.2.stable.official.ed1daf0bf - https://godotengine.org
Vulkan 1.3.277 - Forward+ - Using Device #0: NVIDIA - NVIDIA GeForce RTX 3060 Ti

ERROR: Failed to read the root certificate store.
   at: get_system_ca_certificates (platform/windows/os_windows.cpp:2582)
COOP_LOAD BOOT exe=C:/Users/miche/Desktop/Godot.exe
COOP_LOAD NETWORK_INITIALIZED
PASS: Early wave 1 keeps original size
PASS: Early wave 2 keeps original size
PASS: Early wave 3 keeps original size
PASS: Early wave 4 keeps original size
PASS: Early wave 5 keeps original size
PASS: Early wave 6 keeps original size
PASS: Early wave 7 keeps original size
PASS: Army wave 8 contains 60 regular enemies
PASS: Army wave 12 contains 140 regular enemies
PASS: Army wave 17 contains 285 regular enemies
PASS: Army wave 22 contains 480 regular enemies
PASS: Army wave 30 contains 640 regular enemies
PASS: Wave 8 grows and preview matches actual plan
PASS: Wave 9 grows and preview matches actual plan
PASS: Wave 10 grows and preview matches actual plan
PASS: Wave 11 grows and preview matches actual plan
PASS: Wave 12 grows and preview matches actual plan
PASS: Wave 13 grows and preview matches actual plan
PASS: Wave 14 grows and preview matches actual plan
PASS: Wave 15 grows and preview matches actual plan
PASS: Wave 16 grows and preview matches actual plan
PASS: Wave 17 grows and preview matches actual plan
PASS: Wave 18 grows and preview matches actual plan
PASS: Wave 19 grows and preview matches actual plan
PASS: Wave 20 grows and preview matches actual plan
PASS: Wave 21 grows and preview matches actual plan
PASS: Wave 22 grows and preview matches actual plan
PASS: Wave 23 grows and preview matches actual plan
PASS: Wave 24 grows and preview matches actual plan
PASS: Wave 25 grows and preview matches actual plan
PASS: Wave 26 grows and preview matches actual plan
PASS: Wave 27 grows and preview matches actual plan
PASS: Wave 28 grows and preview matches actual plan
PASS: Wave 29 grows and preview matches actual plan
PASS: Wave 30 grows and preview matches actual plan
PASS: Wave 31 grows and preview matches actual plan
PASS: Wave 32 grows and preview matches actual plan
PASS: Wave 33 grows and preview matches actual plan
PASS: Wave 34 grows and preview matches actual plan
PASS: Wave 35 grows and preview matches actual plan
PASS: Wave 36 grows and preview matches actual plan
PASS: Wave 37 grows and preview matches actual plan
PASS: Wave 38 grows and preview matches actual plan
PASS: Wave 39 grows and preview matches actual plan
PASS: Wave 40 grows and preview matches actual plan
PASS: Wave 41 grows and preview matches actual plan
PASS: Wave 42 grows and preview matches actual plan
PASS: Wave 43 grows and preview matches actual plan
PASS: Wave 44 grows and preview matches actual plan
PASS: Wave 45 grows and preview matches actual plan
PASS: Wave 46 grows and preview matches actual plan
PASS: Wave 47 grows and preview matches actual plan
PASS: Wave 48 grows and preview matches actual plan
PASS: Wave 49 grows and preview matches actual plan
PASS: Wave 50 grows and preview matches actual plan
PASS: Multiplier stays bounded in very late waves
PASS: Army reinforcements accelerate with a bounded live population
PASS: Moderate frame pressure lowers reinforcement ceiling
PASS: Heavy frame pressure also slows spawning
RENDER_OPTIMIZER { "source_meshes": 674, "batches": 13, "removed_render_nodes": 32 }
COOP_LOAD MAP_READY
PASS: Corpse cleanup bounds dead actors without removing living enemies
PASS: Corpse cleanup also removes external blood decals
PASS: Rendered benchmark reaches full live-enemy budget
ARMY_BENCHMARK enemies=72 avg_fps=57.8 p95_ms=20.05 max_ms=28.58
ARMY_WAVES_DONE checks=62 failures=0
