Godot Engine v4.7.2.stable.official.ed1daf0bf - https://godotengine.org

ERROR: Failed to read the root certificate store.
   at: get_system_ca_certificates (platform/windows/os_windows.cpp:2582)
RENDER_OPTIMIZER { "source_meshes": 689, "batches": 17, "removed_render_nodes": 40 }
PASS: Unbuilt line has no physical models
PASS: Unaffordable line creates nothing and charges nothing
ERROR: FAIL: V opens the nearest defence line
   at: push_error (core/variant/variant_utility.cpp:1023)
   GDScript backtrace (most recent call first):
       [0] check (res://tests/barricades.gd:24)
       [1] run (res://tests/barricades.gd:60)
ERROR: FAIL: Planner pauses combat
   at: push_error (core/variant/variant_utility.cpp:1023)
   GDScript backtrace (most recent call first):
       [0] check (res://tests/barricades.gd:24)
       [1] run (res://tests/barricades.gd:61)
ERROR: FAIL: Planner frames the whole line and clears the combat HUD
   at: push_error (core/variant/variant_utility.cpp:1023)
   GDScript backtrace (most recent call first):
       [0] check (res://tests/barricades.gd:24)
       [1] run (res://tests/barricades.gd:62)
PASS: Red preview covers every segment
ERROR: FAIL: Planner stops the hidden weapon viewport
   at: push_error (core/variant/variant_utility.cpp:1023)
   GDScript backtrace (most recent call first):
       [0] check (res://tests/barricades.gd:24)
       [1] run (res://tests/barricades.gd:64)
PASS: Terrain markers share one batched draw
ERROR: FAIL: New line offers one complete purchase
   at: push_error (core/variant/variant_utility.cpp:1023)
   GDScript backtrace (most recent call first):
       [0] check (res://tests/barricades.gd:24)
       [1] run (res://tests/barricades.gd:66)
ERROR: FAIL: One click builds the complete line for 50 total points
   at: push_error (core/variant/variant_utility.cpp:1023)
   GDScript backtrace (most recent call first):
       [0] check (res://tests/barricades.gd:24)
       [1] run (res://tests/barricades.gd:71)
ERROR: FAIL: Every planned model is built together
   at: push_error (core/variant/variant_utility.cpp:1023)
   GDScript backtrace (most recent call first):
       [0] check (res://tests/barricades.gd:24)
       [1] run (res://tests/barricades.gd:72)
ERROR: FAIL: Built line replaces the ghost and retains its green outline
   at: push_error (core/variant/variant_utility.cpp:1023)
   GDScript backtrace (most recent call first):
       [0] check (res://tests/barricades.gd:24)
       [1] run (res://tests/barricades.gd:73)
ERROR: FAIL: Built segment collision is active
   at: push_error (core/variant/variant_utility.cpp:1023)
   GDScript backtrace (most recent call first):
       [0] check (res://tests/barricades.gd:24)
       [1] run (res://tests/barricades.gd:75)
ERROR: FAIL: Built segment collision is active
   at: push_error (core/variant/variant_utility.cpp:1023)
   GDScript backtrace (most recent call first):
       [0] check (res://tests/barricades.gd:24)
       [1] run (res://tests/barricades.gd:75)
ERROR: FAIL: Build confirmation stays in the planner
   at: push_error (core/variant/variant_utility.cpp:1023)
   GDScript backtrace (most recent call first):
       [0] check (res://tests/barricades.gd:24)
       [1] run (res://tests/barricades.gd:76)
ERROR: FAIL: Physical line covers position -3.00 m
   at: push_error (core/variant/variant_utility.cpp:1023)
   GDScript backtrace (most recent call first):
       [0] check (res://tests/barricades.gd:24)
       [1] run (res://tests/barricades.gd:83)
ERROR: FAIL: Physical line covers position -0.05 m
   at: push_error (core/variant/variant_utility.cpp:1023)
   GDScript backtrace (most recent call first):
       [0] check (res://tests/barricades.gd:24)
       [1] run (res://tests/barricades.gd:83)
ERROR: FAIL: Physical line covers position 0.00 m
   at: push_error (core/variant/variant_utility.cpp:1023)
   GDScript backtrace (most recent call first):
       [0] check (res://tests/barricades.gd:24)
       [1] run (res://tests/barricades.gd:83)
ERROR: FAIL: Physical line covers position 0.05 m
   at: push_error (core/variant/variant_utility.cpp:1023)
   GDScript backtrace (most recent call first):
       [0] check (res://tests/barricades.gd:24)
       [1] run (res://tests/barricades.gd:83)
ERROR: FAIL: Physical line covers position 3.00 m
   at: push_error (core/variant/variant_utility.cpp:1023)
   GDScript backtrace (most recent call first):
       [0] check (res://tests/barricades.gd:24)
       [1] run (res://tests/barricades.gd:83)
ERROR: Index p_index = 0 is out of bounds ((int)data.children_cache.size() - data.internal_children_front_count_cache - data.internal_children_back_count_cache = 0).
   at: get_child (scene/main/node.cpp:1861)
   GDScript backtrace (most recent call first):
       [0] run (res://tests/barricades.gd:84)
ERROR: Index p_index = 1 is out of bounds ((int)data.children_cache.size() - data.internal_children_front_count_cache - data.internal_children_back_count_cache = 0).
   at: get_child (scene/main/node.cpp:1861)
   GDScript backtrace (most recent call first):
       [0] run (res://tests/barricades.gd:85)
SCRIPT ERROR: Invalid access to property or key 'transform' on a base object of type 'null instance'.
   at: _bounds (res://scripts/barricade.gd:170)
   GDScript backtrace (most recent call first):
       [0] _bounds (res://scripts/barricade.gd:170)
       [1] run (res://tests/barricades.gd:86)
SCRIPT ERROR: Invalid access to property or key 'transform' on a base object of type 'null instance'.
   at: _bounds (res://scripts/barricade.gd:170)
   GDScript backtrace (most recent call first):
       [0] _bounds (res://scripts/barricade.gd:170)
       [1] run (res://tests/barricades.gd:87)
PASS: Adjacent visual segments meet without a gap
SCRIPT ERROR: Cannot call method 'get_instance_id' on a null value.
   at: run (res://tests/barricades.gd:89)
   GDScript backtrace (most recent call first):
       [0] run (res://tests/barricades.gd:89)
ERROR: BARRICADES_TIMEOUT
   at: push_error (core/variant/variant_utility.cpp:1023)
   GDScript backtrace (most recent call first):
       [0] _process (res://tests/barricades.gd:14)
