EXPORTED C:\Users\M Konrad\Desktop\Development\RemZ\godot\assets\trees\island_tree_01.glb tris 298382 MB 30
EXPORTED C:\Users\M Konrad\Desktop\Development\RemZ\godot\assets\trees\island_tree_02.glb tris 206705 MB 26
EXPORTED C:\Users\M Konrad\Desktop\Development\RemZ\godot\assets\trees\island_tree_03.glb tris 318604 MB 30
EXPORTED C:\Users\M Konrad\Desktop\Development\RemZ\godot\assets\trees\tree_small_02.glb tris 431235 MB 41
EXPORTED C:\Users\M Konrad\Desktop\Development\RemZ\godot\assets\trees\jacaranda_tree.glb tris 422767 MB 51
EXPORTED C:\Users\M Konrad\Desktop\Development\RemZ\godot\assets\trees\fir_tree_01_a.glb tris 504184 MB 62
EXPORTED C:\Users\M Konrad\Desktop\Development\RemZ\godot\assets\trees\fir_tree_01_b.glb tris 266691 MB 43
EXPORTED C:\Users\M Konrad\Desktop\Development\RemZ\godot\assets\trees\fir_tree_01_c.glb tris 56564 MB 19
EXPORTED C:\Users\M Konrad\Desktop\Development\RemZ\godot\assets\trees\dead_tree_trunk_02.glb tris 24937 MB 11
EXPORTED C:\Users\M Konrad\Desktop\Development\RemZ\godot\assets\trees\grass_medium_02_a.glb tris 714 MB 1
EXPORTED C:\Users\M Konrad\Desktop\Development\RemZ\godot\assets\trees\grass_medium_02_b.glb tris 1760 MB 2
EXPORTED C:\Users\M Konrad\Desktop\Development\RemZ\godot\assets\trees\grass_medium_02_c.glb tris 1215 MB 2
EXPORTED C:\Users\M Konrad\Desktop\Development\RemZ\godot\assets\trees\grass_medium_02_d.glb tris 2489 MB 2
EXPORTED C:\Users\M Konrad\Desktop\Development\RemZ\godot\assets\trees\grass_medium_02_e.glb tris 1664 MB 2
EXPORTED C:\Users\M Konrad\Desktop\Development\RemZ\godot\assets\trees\moss_01_a.glb tris 12 MB 3
EXPORTED C:\Users\M Konrad\Desktop\Development\RemZ\godot\assets\trees\moss_01_b.glb tris 8 MB 3
EXPORTED C:\Users\M Konrad\Desktop\Development\RemZ\godot\assets\trees\moss_01_c.glb tris 10 MB 3
EXPORTED C:\Users\M Konrad\Desktop\Development\RemZ\godot\assets\trees\moss_01_d.glb tris 10 MB 3
EXPORTED C:\Users\M Konrad\Desktop\Development\RemZ\godot\assets\trees\moss_01_e.glb tris 8 MB 3
EXPORTED C:\Users\M Konrad\Desktop\Development\RemZ\godot\assets\trees\moss_01_f.glb tris 8 MB 3
EXPORTED C:\Users\M Konrad\Desktop\Development\RemZ\godot\assets\trees\moss_01_g.glb tris 12 MB 3
EXPORTED C:\Users\M Konrad\Desktop\Development\RemZ\godot\assets\trees\moss_01_h.glb tris 3 MB 3
EXPORTED C:\Users\M Konrad\Desktop\Development\RemZ\godot\assets\trees\moss_01_i.glb tris 3 MB 3
EXPORTED C:\Users\M Konrad\Desktop\Development\RemZ\godot\assets\trees\moss_01_j.glb tris 4 MB 3
EXPORTED C:\Users\M Konrad\Desktop\Development\RemZ\godot\assets\trees\moss_01_k.glb tris 12 MB 3
EXPORTED C:\Users\M Konrad\Desktop\Development\RemZ\godot\assets\trees\moss_01_l.glb tris 12 MB 3
EXPORTED C:\Users\M Konrad\Desktop\Development\RemZ\godot\assets\trees\dry_branches_medium_01_a.glb tris 2246 MB 9
EXPORTED C:\Users\M Konrad\Desktop\Development\RemZ\godot\assets\trees\dry_branches_medium_01_b.glb tris 2101 MB 9
EXPORTED C:\Users\M Konrad\Desktop\Development\RemZ\godot\assets\trees\dry_branches_medium_01_c.glb tris 2373 MB 9
EXPORTED C:\Users\M Konrad\Desktop\Development\RemZ\godot\assets\trees\bark_debris_01_a.glb tris 15394 MB 11
EXPORTED C:\Users\M Konrad\Desktop\Development\RemZ\godot\assets\trees\bark_debris_01_b.glb tris 19448 MB 11
EXPORTED C:\Users\M Konrad\Desktop\Development\RemZ\godot\assets\trees\bark_debris_01_c.glb tris 26024 MB 11
EXPORTED C:\Users\M Konrad\Desktop\Development\RemZ\godot\assets\trees\bark_debris_01_d.glb tris 16492 MB 11
EXPORTED C:\Users\M Konrad\Desktop\Development\RemZ\godot\assets\trees\boulder_01.glb tris 26611 MB 11
EXPORTED C:\Users\M Konrad\Desktop\Development\RemZ\godot\assets\trees\tree_stump_01.glb tris 12313 MB 10
finished
