Godot Engine v4.7.2.stable.official.ed1daf0bf - https://godotengine.org

ERROR: Failed to read the root certificate store.
   at: get_system_ca_certificates (platform/windows/os_windows.cpp:2582)
[   0% ] first_scan_filesystem | Started Projektinitialisierung (5 steps)
[   0% ] first_scan_filesystem | Lese Dateistrucktur …
[  16% ] first_scan_filesystem | Globale Klassennamen laden …
[  33% ] first_scan_filesystem | Verifiziere GDExtensions…
[  50% ] first_scan_filesystem | Autoload-Skripte erzeugen …
[  66% ] first_scan_filesystem | Plugins initialisieren…
[  83% ] first_scan_filesystem | Dateiscan starten …
[ DONE ] first_scan_filesystem

[   0% ] update_scripts_classes | Started Globale Klassen registrieren … (10 steps)
[   0% ] update_scripts_classes | 
[   9% ] update_scripts_classes | 
[  18% ] update_scripts_classes | 
[  27% ] update_scripts_classes | 
[  36% ] update_scripts_classes | Inventory
[  45% ] update_scripts_classes | Loot
[  54% ] update_scripts_classes | 
[  63% ] update_scripts_classes | 
[  72% ] update_scripts_classes | 
[  81% ] update_scripts_classes | 
[ DONE ] update_scripts_classes

[   0% ] _update_scan_actions | Started Aktionen scannen … (4 steps)
[   0% ] _update_scan_actions | zombie_bride_metal_rough.webp
[  20% ] _update_scan_actions | zombie_bride_normal.webp
[  40% ] _update_scan_actions | zombie_bride_texture_0.webp
[  60% ] _update_scan_actions | zombie_wraith_normal.webp
[ DONE ] _update_scan_actions

[   0% ] loading_editor_layout | Started Editor laden (5 steps)
[   0% ] loading_editor_layout | Editor-Layout laden …
[  16% ] loading_editor_layout | Docks laden …
[  33% ] loading_editor_layout | Öffne Szenen neu…
[  50% ] loading_editor_layout | Zentrales Editor-Layout laden …
[  66% ] loading_editor_layout | Pluginfensterlayout laden …
[  83% ] loading_editor_layout | Editorlayout bereit.
[ DONE ] loading_editor_layout

ERROR: Cannot save file 'C:/Users/miche/AppData/Roaming/Godot/editor_settings-4.7.tres'.
   at: save (scene/resources/resource_format_text.cpp:1768)
ERROR: Error saving editor settings to C:/Users/miche/AppData/Roaming/Godot/editor_settings-4.7.tres
   at: save (editor/settings/editor_settings.cpp:1525)
