Godot Engine v4.7.2.stable.official.ed1daf0bf - https://godotengine.org

ERROR: Failed to read the root certificate store.
   at: get_system_ca_certificates (platform/windows/os_windows.cpp:2582)
[   0% ] first_scan_filesystem | Started Projektinitialisierung (5 steps)
[   0% ] first_scan_filesystem | Lese Dateistrucktur …
[  16% ] first_scan_filesystem | Globale Klassennamen laden …
[  33% ] first_scan_filesystem | Verifiziere GDExtensions…
[  50% ] first_scan_filesystem | Autoload-Skripte erzeugen …
[  66% ] first_scan_filesystem | Plugins initialisieren…
[  83% ] first_scan_filesystem | Dateiscan starten …
[ DONE ] first_scan_filesystem

[   0% ] update_scripts_classes | Started Globale Klassen registrieren … (2 steps)
[   0% ] update_scripts_classes | 
[  33% ] update_scripts_classes | 
[ DONE ] update_scripts_classes

[   0% ] _update_scan_actions | Started Aktionen scannen … (14 steps)
[   0% ] _update_scan_actions | field_flower_1.glb
[   6% ] _update_scan_actions | field_flower_2.glb
[  13% ] _update_scan_actions | field_flower_3.glb
[  20% ] _update_scan_actions | field_flower_4.glb
[  26% ] _update_scan_actions | field_flower_5.glb
[  33% ] _update_scan_actions | field_flower_6.glb
[  40% ] _update_scan_actions | brew_dream.svg
[  46% ] _update_scan_actions | brew_ember.svg
[  53% ] _update_scan_actions | brew_fleet.svg
[  60% ] _update_scan_actions | brew_focus.svg
[  66% ] _update_scan_actions | brew_frost.svg
[  73% ] _update_scan_actions | brew_meadow.svg
[  80% ] _update_scan_actions | brew_rose.svg
[  86% ] _update_scan_actions | brew_spring.svg
[ DONE ] _update_scan_actions

[   0% ] reimport | Started Assets (erneut) importieren (26 steps)
[   0% ] reimport | Dateien zum Neuimport vorbereiten …
[   3% ] reimport | Dateien zum Neuimport vorbereiten …
[   7% ] reimport | Dateien zum Neuimport vorbereiten …
[  11% ] reimport | Dateien zum Neuimport vorbereiten …
[  14% ] reimport | Dateien zum Neuimport vorbereiten …
[  18% ] reimport | Dateien zum Neuimport vorbereiten …
[  22% ] reimport | Dateien zum Neuimport vorbereiten …
[  25% ] reimport | Dateien zum Neuimport vorbereiten …
[  29% ] reimport | Dateien zum Neuimport vorbereiten …
[  33% ] reimport | Dateien zum Neuimport vorbereiten …
[  37% ] reimport | Dateien zum Neuimport vorbereiten …
[  40% ] reimport | Dateien zum Neuimport vorbereiten …
[  44% ] reimport | Dateien zum Neuimport vorbereiten …
[  48% ] reimport | Dateien zum Neuimport vorbereiten …
[  51% ] reimport | Dateien zum Neuimport vorbereiten …
[  55% ] reimport | Dateien zum Neuimport vorbereiten …
[  59% ] reimport | Dateien zum Neuimport vorbereiten …
[  62% ] reimport | Dateien zum Neuimport vorbereiten …
[  66% ] reimport | Dateien zum Neuimport vorbereiten …
[  70% ] reimport | Dateien zum Neuimport vorbereiten …
[  74% ] reimport | Dateien zum Neuimport vorbereiten …
[  77% ] reimport | Dateien zum Neuimport vorbereiten …
[  81% ] reimport | Dateien zum Neuimport vorbereiten …
[  85% ] reimport | Dateien zum Neuimport vorbereiten …
[  88% ] reimport | Dateien zum Neuimport vorbereiten …
[  92% ] reimport | Dateien zum Neuimport vorbereiten …
[   0% ] reimport | Vor-Neuimport-Operationen ausführen …
[   0% ] preload_reimporting_scene | Started Szenen zum Neuladen vorbereiten (1 steps)
[   0% ] preload_reimporting_scene | Szene [leer] wird analysiert
[  50% ] preload_reimporting_scene | Vorbereitung abgeschlossen.
[ DONE ] preload_reimporting_scene

[   0% ] reimport | brew_ember.svg
[   3% ] reimport | brew_dream.svg
[   7% ] reimport | field_flower_6_1.jpg
[  11% ] reimport | field_flower_6_0.jpg
[  14% ] reimport | brew_fleet.svg
[  18% ] reimport | field_flower_5_0.jpg
[  22% ] reimport | brew_focus.svg
[  25% ] reimport | field_flower_4_2.jpg
[  29% ] reimport | field_flower_4_1.jpg
[  33% ] reimport | field_flower_4_0.jpg
[  37% ] reimport | brew_frost.svg
[  40% ] reimport | field_flower_3_0.jpg
[  44% ] reimport | brew_meadow.svg
[  48% ] reimport | field_flower_2_1.jpg
[  51% ] reimport | field_flower_2_0.jpg
[  55% ] reimport | brew_rose.svg
[  59% ] reimport | field_flower_1_2.jpg
[  62% ] reimport | field_flower_1_1.jpg
[  66% ] reimport | field_flower_1_0.jpg
[  70% ] reimport | brew_spring.svg
[  74% ] reimport | field_flower_6.glb
[   0% ] import | Started Szene importieren (104 steps)
[   0% ] import | Importiere Szene…
[   1% ] import | Eigenes Skript wird ausgeführt …
[  99% ] import | Speichern …
[ DONE ] import

[  77% ] reimport | field_flower_5.glb
[   0% ] import | Started Szene importieren (104 steps)
[   0% ] import | Importiere Szene…
[   1% ] import | Eigenes Skript wird ausgeführt …
[  99% ] import | Speichern …
[ DONE ] import

[  81% ] reimport | field_flower_4.glb
[   0% ] import | Started Szene importieren (104 steps)
[   0% ] import | Importiere Szene…
[   1% ] import | Eigenes Skript wird ausgeführt …
[  99% ] import | Speichern …
[ DONE ] import

[  85% ] reimport | field_flower_3.glb
[   0% ] import | Started Szene importieren (104 steps)
[   0% ] import | Importiere Szene…
[   1% ] import | Eigenes Skript wird ausgeführt …
[  99% ] import | Speichern …
[ DONE ] import

[  88% ] reimport | field_flower_2.glb
[   0% ] import | Started Szene importieren (104 steps)
[   0% ] import | Importiere Szene…
[   1% ] import | Eigenes Skript wird ausgeführt …
[  99% ] import | Speichern …
[ DONE ] import

[  92% ] reimport | field_flower_1.glb
[   0% ] import | Started Szene importieren (104 steps)
[   0% ] import | Importiere Szene…
[   1% ] import | Eigenes Skript wird ausgeführt …
[  99% ] import | Speichern …
[ DONE ] import

[  96% ] reimport | Asset-Import fertigstellen …
[ DONE ] reimport

[   0% ] reimport | Started Assets (erneut) importieren (26 steps)
[   0% ] reimport | Nach-Neuimport-Operationen ausführen …
[ DONE ] reimport

[   0% ] loading_editor_layout | Started Editor laden (5 steps)
[   0% ] loading_editor_layout | Editor-Layout laden …
[  16% ] loading_editor_layout | Docks laden …
[  33% ] loading_editor_layout | Öffne Szenen neu…
[  50% ] loading_editor_layout | Zentrales Editor-Layout laden …
[  66% ] loading_editor_layout | Pluginfensterlayout laden …
[  83% ] loading_editor_layout | Editorlayout bereit.
[ DONE ] loading_editor_layout

