12:53:41 preview bush
TASK_CREATED: 01a0af00-38b3-7460-a9bf-d96d0e8bdc35
  [███░░░░░░░░░░░░░░░░░] 18% — IN_PROGRESS (0s, poll #1)
  [█████░░░░░░░░░░░░░░░] 28% — IN_PROGRESS (5s, poll #2)
  [██████████░░░░░░░░░░] 50% — IN_PROGRESS (12.5s, poll #3)
  [████████████████░░░░] 82% — IN_PROGRESS (23.75s, poll #4)
  [███████████████████░] 99% — IN_PROGRESS (40.625s, poll #5)
  [███████████████████░] 99% — IN_PROGRESS (55.625s, poll #6)
  [███████████████████░] 99% — IN_PROGRESS (70.625s, poll #7)
  [███████████████████░] 99% — IN_PROGRESS (85.625s, poll #8)
  [███████████████████░] 99% — IN_PROGRESS (100.625s, poll #9)
  [███████████████████░] 99% — IN_PROGRESS (115.625s, poll #10)
  [███████████████████░] 99% — IN_PROGRESS (130.625s, poll #11)
  [███████████████████░] 99% — IN_PROGRESS (145.625s, poll #12)
  [███████████████████░] 99% — IN_PROGRESS (160.625s, poll #13)
  [███████████████████░] 99% — IN_PROGRESS (175.625s, poll #14)
  [███████████████████░] 99% — IN_PROGRESS (190.625s, poll #15)
  [███████████████████░] 99% — IN_PROGRESS (205.625s, poll #16)
  [███████████████████░] 99% — IN_PROGRESS (220.625s, poll #17)
  [███████████████████░] 99% — IN_PROGRESS (235.625s, poll #18)
  [███████████████████░] 99% — IN_PROGRESS (250.625s, poll #19)
  [███████████████████░] 99% — IN_PROGRESS (265.625s, poll #20)
  [███████████████████░] 99% — IN_PROGRESS (280.625s, poll #21)
  [███████████████████░] 99% — IN_PROGRESS (295.625s, poll #22)
  [███████████████████░] 99% — IN_PROGRESS (310.625s, poll #23)
  [███████████████████░] 99% — IN_PROGRESS (325.625s, poll #24)
  [████████████████████] 100% — SUCCEEDED (340.625s, poll #25)
12:59:28 refine bush
TASK_CREATED: 01a0af05-82e1-7493-81f5-2ea276ee0d75
  [░░░░░░░░░░░░░░░░░░░░] 0% — IN_PROGRESS (0s, poll #1)
  [░░░░░░░░░░░░░░░░░░░░] 0% — IN_PROGRESS (5s, poll #2)
  [░░░░░░░░░░░░░░░░░░░░] 0% — IN_PROGRESS (12.5s, poll #3)
  [█░░░░░░░░░░░░░░░░░░░] 5% — IN_PROGRESS (23.75s, poll #4)
  [█░░░░░░░░░░░░░░░░░░░] 5% — IN_PROGRESS (40.625s, poll #5)
  [█░░░░░░░░░░░░░░░░░░░] 5% — IN_PROGRESS (65.9375s, poll #6)
  [███████████████░░░░░] 75% — IN_PROGRESS (95.9375s, poll #7)
  [████████████████████] 100% — SUCCEEDED (125.9375s, poll #8)
Downloading C:\Users\M Konrad\Desktop\Development\RemZ\assets\raw\bush\model.glb...
DOWNLOADED: C:\Users\M Konrad\Desktop\Development\RemZ\assets\raw\bush\model.glb (4.2 MB)
Downloading C:\Users\M Konrad\Desktop\Development\RemZ\assets\raw\bush\thumb.png...
DOWNLOADED: C:\Users\M Konrad\Desktop\Development\RemZ\assets\raw\bush\thumb.png (0.2 MB)
13:01:41 DONE bush
