13:42:00 preview cabin
TASK_CREATED: 01a0af2c-7475-7375-896f-731def1106bb
  [██░░░░░░░░░░░░░░░░░░] 10% — IN_PROGRESS (0s, poll #1)
  [█████░░░░░░░░░░░░░░░] 28% — IN_PROGRESS (5s, poll #2)
  [██████████░░░░░░░░░░] 50% — IN_PROGRESS (12.5s, poll #3)
  [████████████████░░░░] 82% — IN_PROGRESS (23.75s, poll #4)
  [███████████████████░] 99% — IN_PROGRESS (40.625s, poll #5)
  [███████████████████░] 99% — IN_PROGRESS (55.625s, poll #6)
  [███████████████████░] 99% — IN_PROGRESS (70.625s, poll #7)
  [███████████████████░] 99% — IN_PROGRESS (85.625s, poll #8)
  [███████████████████░] 99% — IN_PROGRESS (100.625s, poll #9)
  [███████████████████░] 99% — IN_PROGRESS (115.625s, poll #10)
  [████████████████████] 100% — SUCCEEDED (130.625s, poll #11)
13:44:15 refine cabin
TASK_CREATED: 01a0af2e-830b-772e-9d2a-0a6f9ab1310c
  [░░░░░░░░░░░░░░░░░░░░] 0% — IN_PROGRESS (0s, poll #1)
  [░░░░░░░░░░░░░░░░░░░░] 0% — IN_PROGRESS (5s, poll #2)
  [░░░░░░░░░░░░░░░░░░░░] 0% — IN_PROGRESS (12.5s, poll #3)
  [█░░░░░░░░░░░░░░░░░░░] 5% — IN_PROGRESS (23.75s, poll #4)
  [█░░░░░░░░░░░░░░░░░░░] 5% — IN_PROGRESS (40.625s, poll #5)
  [█░░░░░░░░░░░░░░░░░░░] 5% — IN_PROGRESS (65.9375s, poll #6)
  [█████████░░░░░░░░░░░] 45% — IN_PROGRESS (95.9375s, poll #7)
  [█████████░░░░░░░░░░░] 45% — IN_PROGRESS (125.9375s, poll #8)
  [███████████░░░░░░░░░] 55% — IN_PROGRESS (155.9375s, poll #9)
  [███████████████░░░░░] 75% — IN_PROGRESS (185.9375s, poll #10)
  [████████████████████] 100% — SUCCEEDED (215.9375s, poll #11)
Downloading C:\Users\M Konrad\Desktop\Development\RemZ\assets\raw\cabin\model.glb...
DOWNLOADED: C:\Users\M Konrad\Desktop\Development\RemZ\assets\raw\cabin\model.glb (4.0 MB)
Downloading C:\Users\M Konrad\Desktop\Development\RemZ\assets\raw\cabin\thumb.png...
DOWNLOADED: C:\Users\M Konrad\Desktop\Development\RemZ\assets\raw\cabin\thumb.png (0.3 MB)
13:47:57 DONE cabin
