Godot Engine v4.7.2.stable.official.ed1daf0bf - https://godotengine.org

RENDER_OPTIMIZER { "source_meshes": 1155, "batches": 34, "removed_render_nodes": 99 }
PASS: Start screen pauses the simulation
PASS: Navigation bake produces walkable polygons
PASS: Start enables gameplay after navigation is ready
PASS: Static map meshes are batched
PASS: Grass has independently culled cells
PASS: Graphics profile 0 applies
PASS: Graphics profile 1 applies
PASS: Graphics profile 2 applies
PASS: Nearby world geometry cannot occlude first-person hands
PASS: Viewmodel retains full resolution with the performance graphics profile
PASS: Minimap has the requested title
PASS: Minimap keeps north up and distances undistorted
PASS: pistol has both fitted hands
PASS: pistol stays ahead of the camera when aiming
PASS: revolver has both fitted hands
PASS: revolver stays ahead of the camera when aiming
PASS: smg has both fitted hands
PASS: smg stays ahead of the camera when aiming
PASS: ak47 has both fitted hands
PASS: ak47 stays ahead of the camera when aiming
PASS: shotgun has both fitted hands
PASS: shotgun stays ahead of the camera when aiming
PASS: A shot consumes exactly one round
PASS: Muzzle flash is visible to the first-person camera when firing
PASS: Cooldown prevents an immediate second shot
PASS: Selecting the current gun does not cancel reload
PASS: Reload conserves ammunition
PASS: No reload without reserve ammunition
PASS: Automatic fire cadence is stable at 30 FPS (27 shots)
PASS: Automatic fire cadence is stable at 60 FPS (27 shots)
PASS: Automatic fire cadence is stable at 144 FPS (27 shots)
PASS: Built barricade has active collision
PASS: Barricade damage reuses existing models
PASS: Repair restores health without rebuilding models
PASS: Destroyed barricade releases collision
PASS: Spawn updates enemy count
PASS: Enemy can hit a nearby unobstructed player
PASS: Walls block enemy melee damage
PASS: A kill is counted exactly once
PASS: Cleared wave awards completion and enters intermission
PASS: Grenade throw creates a live grenade
PASS: Pause freezes grenade fuse and physics
PASS: Resume continues grenade simulation
PASS: Skill menu pauses combat
PASS: Closing skills resumes combat
PASS: Death freezes gameplay and shows restart
RENDER_OPTIMIZER { "source_meshes": 1155, "batches": 34, "removed_render_nodes": 99 }
PASS: Restart resets health, waves and enemies
PASS: Restart returns to a ready start menu
SMOKE_DONE checks=48 failures=0
