Godot Engine v4.7.2.stable.official.ed1daf0bf - https://godotengine.org

RENDER_OPTIMIZER { "source_meshes": 689, "batches": 17, "removed_render_nodes": 40 }
PASS: pistol starts with the correct ownership
PASS: pistol has a production mesh
PASS: revolver starts with the correct ownership
PASS: revolver has a production mesh
PASS: smg starts with the correct ownership
PASS: smg has a production mesh
PASS: ak47 starts with the correct ownership
PASS: ak47 has a production mesh
PASS: shotgun starts with the correct ownership
PASS: shotgun has a production mesh
PASS: marksman starts with the correct ownership
PASS: marksman has a production mesh
PASS: lmg starts with the correct ownership
PASS: lmg has a production mesh
PASS: breacher starts with the correct ownership
PASS: breacher has a production mesh
PASS: titanbreaker starts with the correct ownership
PASS: titanbreaker has a production mesh
PASS: camp has a rigged animated NPC
PASS: mechanic has a rigged animated NPC
PASS: secret has a rigged animated NPC
PASS: World loot cannot bypass merchant unlocks
PASS: Remote merchant purchase rejected atomically
PASS: Camp merchant reachable in actual world
PASS: NPC interaction opens shop and pauses solo
PASS: Shop page renders: Handel
PASS: Shop icon loads without intercepting clicks: Revolver
PASS: Shop icon loads without intercepting clicks: MP5
PASS: Shop icon loads without intercepting clicks: Schrotflinte
PASS: Shop icon loads without intercepting clicks: AK-47
PASS: Shop icon loads without intercepting clicks: Waldläufer .308
PASS: Shop icon loads without intercepting clicks: Munition · Pistole
PASS: Shop icon loads without intercepting clicks: Verband
PASS: Shop icon loads without intercepting clicks: Handgranate
PASS: Shop page renders: Aufträge
PASS: Shop icon loads without intercepting clicks: Am Feuer · 20 P
PASS: Shop icon loads without intercepting clicks: Die Linie halten · 140 P
PASS: Shop page renders: Training
PASS: Shop page renders: Türme
PASS: Shop page renders: Skins
PASS: Shop icon loads without intercepting clicks: Waldtarn
PASS: Shop icon loads without intercepting clicks: Originalfinish
PASS: Live shop refresh preserves the button under the pointer
PASS: Leaving merchant restores controls
PASS: Points alone cannot bypass quest and wave gates
PASS: Accepting a quest does not claim its reward
PASS: Accepted quest plays its dedicated sound
PASS: Completed quest pays exactly once
PASS: Quest reward plays completion sound
PASS: Repeated quest claim cannot duplicate points
PASS: Rejected duplicate reward stays silent
PASS: Quest completion still requires surviving wave one
PASS: Insufficient funds preserve ownership and balance
PASS: Eligible weapon purchase charges once with bounded starting ammunition
PASS: Purchased weapon plays gun pickup sound
PASS: Duplicate purchase never charges again
PASS: Wave safety net does not refill premium ammunition
PASS: Full ammunition cannot consume purchase points
PASS: Training cannot be bought at another NPC
PASS: Legacy weapon upgrade ID cannot bypass progression
PASS: Training applies and charges at the mechanic
PASS: Tower quest requires actual defence work
PASS: Valid oriented tower placement: 
PASS: Non-finite tower rotation rejected
PASS: Existing tower rotates authoritatively
PASS: Defence tutorial observes real placement and rotation
PASS: Defence quest completes with a built line and rotated tower
PASS: Turret upgrades require the mechanic
PASS: Mechanic upgrades deployed tower transactionally
PASS: Supply objective reachable
PASS: World interaction collects shared delivery
PASS: Delivery must be returned to claim its reward
PASS: Secret merchant discovered by reaching the actual NPC
PASS: Top weapon additionally requires a defeated titan
PASS: Earned late-game titan weapon can be purchased
PASS: Purchased skin is cosmetic and equips its material
PASS: Owned skin can be equipped again without repurchasing
PASS: Progression snapshot preserves shared goals and individual skin ownership
PASS: Titan rifle applies its specialist damage through a real bullet hit
PASS: Heavy optic has its own aiming magnification
PASS: Rotated turret acquires an enemy inside its new firing arc
PASS: Rotated turret does not fire behind its covered sector
PROGRESSION_DONE checks=82 failures=0
