Godot Engine v4.7.2.stable.official.ed1daf0bf - https://godotengine.org

[   0% ] first_scan_filesystem | Started Projektinitialisierung (5 steps)
[   0% ] first_scan_filesystem | Lese Dateistrucktur …
[  16% ] first_scan_filesystem | Globale Klassennamen laden …
[  33% ] first_scan_filesystem | Verifiziere GDExtensions…
[  50% ] first_scan_filesystem | Autoload-Skripte erzeugen …
[  66% ] first_scan_filesystem | Plugins initialisieren…
[  83% ] first_scan_filesystem | Dateiscan starten …
[ DONE ] first_scan_filesystem

[   0% ] update_scripts_classes | Started Globale Klassen registrieren … (4 steps)
[   0% ] update_scripts_classes | Weapons
[  20% ] update_scripts_classes | 
[  40% ] update_scripts_classes | 
[  60% ] update_scripts_classes | 
[ DONE ] update_scripts_classes

[   0% ] savepack | Started Packe (102 steps)
[   1% ] savepack | Speichere Datei: res://addons/epic-online-services-godot/heos/hachievements.gdc
[   1% ] savepack | Speichere Datei: res://addons/epic-online-services-godot/heos/hachievement_data.gdc
[   1% ] savepack | Speichere Datei: res://addons/epic-online-services-godot/heos/hauth.gdc
[   1% ] savepack | Speichere Datei: res://addons/epic-online-services-godot/heos/hcredentials.gdc
[   1% ] savepack | Speichere Datei: res://addons/epic-online-services-godot/heos/hfriends.gdc
[   1% ] savepack | Speichere Datei: res://addons/epic-online-services-godot/heos/hleaderboards.gdc
[   1% ] savepack | Speichere Datei: res://addons/epic-online-services-godot/heos/hlobbies.gdc
[   1% ] savepack | Speichere Datei: res://addons/epic-online-services-godot/heos/hlobby.gdc
[   1% ] savepack | Speichere Datei: res://addons/epic-online-services-godot/heos/hlobbymember.gdc
[   1% ] savepack | Speichere Datei: res://addons/epic-online-services-godot/heos/hlog.gdc
[   1% ] savepack | Speichere Datei: res://addons/epic-online-services-godot/heos/hp2p.gdc
[   1% ] savepack | Speichere Datei: res://addons/epic-online-services-godot/heos/hplatform.gdc
[   1% ] savepack | Speichere Datei: res://addons/epic-online-services-godot/heos/hsessions.gdc
[   1% ] savepack | Speichere Datei: res://addons/epic-online-services-godot/heos/hstats.gdc
[   1% ] savepack | Speichere Datei: res://addons/epic-online-services-godot/base_class.gdc
[   2% ] savepack | Speichere Datei: res://addons/epic-online-services-godot/dataclass.gdc
[   2% ] savepack | Speichere Datei: res://addons/epic-online-services-godot/eos.gdc
[   2% ] savepack | Speichere Datei: res://addons/epic-online-services-godot/eosg.gdextension
[   2% ] savepack | Speichere Datei: res://addons/epic-online-services-godot/export_plugin.gdc
[   2% ] savepack | Speichere Datei: res://addons/epic-online-services-godot/plugin.gdc
[   2% ] savepack | Speichere Datei: res://addons/epic-online-services-godot/runtime.gdc
[   2% ] savepack | Speichere Datei: res://.godot/imported/burst_1.wav-7ce2fbfd3cf222a33d6a42cf039ef4a2.sample
[   2% ] savepack | Speichere Datei: res://assets/audio/fireworks/burst_1.wav.import
[   2% ] savepack | Speichere Datei: res://.godot/imported/burst_2.wav-e7b689036290f7e5059aa897ed0fab66.sample
[   2% ] savepack | Speichere Datei: res://assets/audio/fireworks/burst_2.wav.import
[   2% ] savepack | Speichere Datei: res://.godot/imported/burst_3.wav-d0fbaec14ce79840edd6a2a39afdb854.sample
[   2% ] savepack | Speichere Datei: res://assets/audio/fireworks/burst_3.wav.import
[   2% ] savepack | Speichere Datei: res://.godot/imported/burst_4.wav-1b4933afd74a1aeccd5be5b38e0a9f0e.sample
[   2% ] savepack | Speichere Datei: res://assets/audio/fireworks/burst_4.wav.import
[   2% ] savepack | Speichere Datei: res://.godot/imported/cracker_1.wav-4e60092439888eda441035f2d8d41647.sample
[   2% ] savepack | Speichere Datei: res://assets/audio/fireworks/cracker_1.wav.import
[   2% ] savepack | Speichere Datei: res://.godot/imported/cracker_2.wav-a2d5d8aeb66c4b3a6c0cc6163624145a.sample
[   2% ] savepack | Speichere Datei: res://assets/audio/fireworks/cracker_2.wav.import
[   2% ] savepack | Speichere Datei: res://.godot/imported/cracker_3.wav-5aef39e62241a7c54952cd39629a4f32.sample
[   2% ] savepack | Speichere Datei: res://assets/audio/fireworks/cracker_3.wav.import
[   2% ] savepack | Speichere Datei: res://.godot/imported/cracker_4.wav-81de0338cefc470263be48d4363b97f5.sample
[   2% ] savepack | Speichere Datei: res://assets/audio/fireworks/cracker_4.wav.import
[   2% ] savepack | Speichere Datei: res://.godot/imported/crackle.wav-6ac7e67d127c09b9b68c2e771c2946e4.sample
[   2% ] savepack | Speichere Datei: res://assets/audio/fireworks/crackle.wav.import
[   3% ] savepack | Speichere Datei: res://.godot/imported/fuse.wav-f364a0242149b65464716a02b2d65fd7.sample
[   3% ] savepack | Speichere Datei: res://assets/audio/fireworks/fuse.wav.import
[   3% ] savepack | Speichere Datei: res://.godot/imported/launch.mp3-14f6c7920e02c4d9770c42510ad2b39e.mp3str
[   3% ] savepack | Speichere Datei: res://assets/audio/fireworks/launch.mp3.import
[   3% ] savepack | Speichere Datei: res://.godot/imported/boss_fight_1.mp3-2217318ce32e2dd4e3cd255e017943cf.mp3str
[   3% ] savepack | Speichere Datei: res://assets/audio/music/boss_fight_1.mp3.import
[   3% ] savepack | Speichere Datei: res://.godot/imported/boss_fight_2.mp3-5b6fce40f95c8edda902081c8b029978.mp3str
[   3% ] savepack | Speichere Datei: res://assets/audio/music/boss_fight_2.mp3.import
[   3% ] savepack | Speichere Datei: res://.godot/imported/boss_fight_3.mp3-9dbb4c8661f705c74ff2436822608439.mp3str
[   3% ] savepack | Speichere Datei: res://assets/audio/music/boss_fight_3.mp3.import
[   3% ] savepack | Speichere Datei: res://.godot/imported/boss_fight_4.mp3-7c02a56e6c31754c81c49dc1b6308dc5.mp3str
[   3% ] savepack | Speichere Datei: res://assets/audio/music/boss_fight_4.mp3.import
[   3% ] savepack | Speichere Datei: res://.godot/imported/combat.mp3-35ff2d6faf4412ad049360c5f871c901.mp3str
[   3% ] savepack | Speichere Datei: res://assets/audio/music/combat.mp3.import
[   3% ] savepack | Speichere Datei: res://.godot/imported/gameover.mp3-a766ed5fb268f411a9b020798870d4fb.mp3str
[   3% ] savepack | Speichere Datei: res://assets/audio/music/gameover.mp3.import
[   3% ] savepack | Speichere Datei: res://.godot/imported/Goa_Party_Sidequest.mp3-588638293bd3d0ac6a9d9e99965b4c3d.mp3str
[   3% ] savepack | Speichere Datei: res://assets/audio/music/Goa_Party_Sidequest.mp3.import
[   3% ] savepack | Speichere Datei: res://.godot/imported/horde.mp3-f6ae098475fd7fbc3be0ce698821f213.mp3str
[   3% ] savepack | Speichere Datei: res://assets/audio/music/horde.mp3.import
[   3% ] savepack | Speichere Datei: res://.godot/imported/intro.mp3-7a8bb7475a513a3cc1bb0a0a1d7b96d4.mp3str
[   3% ] savepack | Speichere Datei: res://assets/audio/music/intro.mp3.import
[   3% ] savepack | Speichere Datei: res://.godot/imported/Multiplayer_Lobby_Music.mp3-d11e65249eb799baeeef1dc0ccbd7fe4.mp3str
[   3% ] savepack | Speichere Datei: res://assets/audio/music/Multiplayer_Lobby_Music.mp3.import
[   3% ] savepack | Speichere Datei: res://.godot/imported/night.mp3-a857332e45ccd1009b8cad18c7042741.mp3str
[   3% ] savepack | Speichere Datei: res://assets/audio/music/night.mp3.import
[   3% ] savepack | Speichere Datei: res://.godot/imported/secret_goa_placeholder.wav-d0ba2eba0c563dd52c612a3c64061485.sample
[   3% ] savepack | Speichere Datei: res://assets/audio/music/secret_goa_placeholder.wav.import
[   3% ] savepack | Speichere Datei: res://.godot/imported/survived_the_night.mp3-bc619da1de21c6c62aba416a027f0588.mp3str
[   3% ] savepack | Speichere Datei: res://assets/audio/music/survived_the_night.mp3.import
[   4% ] savepack | Speichere Datei: res://.godot/imported/title.mp3-12fdd3e8dd8122229ae3eb6228febd6b.mp3str
[   4% ] savepack | Speichere Datei: res://assets/audio/music/title.mp3.import
[   4% ] savepack | Speichere Datei: res://.godot/imported/coin.wav-721e796793f7b5c1057e08552fc0c660.sample
[   4% ] savepack | Speichere Datei: res://assets/audio/sfx/fortune/coin.wav.import
[   4% ] savepack | Speichere Datei: res://.godot/imported/jackpot.wav-86b427bc87ddab8b2dbbbc3a7af66e66.sample
[   4% ] savepack | Speichere Datei: res://assets/audio/sfx/fortune/jackpot.wav.import
[   4% ] savepack | Speichere Datei: res://.godot/imported/lose.wav-1e119d5cf06027224b38c8d4b302f20c.sample
[   4% ] savepack | Speichere Datei: res://assets/audio/sfx/fortune/lose.wav.import
[   4% ] savepack | Speichere Datei: res://.godot/imported/tick_1.wav-c3795f3c64e2274daded3cb4c6c17550.sample
[   4% ] savepack | Speichere Datei: res://assets/audio/sfx/fortune/tick_1.wav.import
[   4% ] savepack | Speichere Datei: res://.godot/imported/tick_2.wav-794505c5f37304e634682b22beb6e8b1.sample
[   4% ] savepack | Speichere Datei: res://assets/audio/sfx/fortune/tick_2.wav.import
[   4% ] savepack | Speichere Datei: res://.godot/imported/tick_3.wav-bab7ce14a761b596bb2623ad65a40abb.sample
[   4% ] savepack | Speichere Datei: res://assets/audio/sfx/fortune/tick_3.wav.import
[   4% ] savepack | Speichere Datei: res://.godot/imported/win.wav-ada591748a5e2a1ba75970fe583f74b5.sample
[   4% ] savepack | Speichere Datei: res://assets/audio/sfx/fortune/win.wav.import
[   4% ] savepack | Speichere Datei: res://.godot/imported/death.wav-f5b54abf0aacd8302f5fdedcdf1d0550.sample
[   4% ] savepack | Speichere Datei: res://assets/audio/sfx/titan/death.wav.import
[   4% ] savepack | Speichere Datei: res://.godot/imported/roar_1.wav-fb8f6eaf32805cb629318c596dc69da9.sample
[   4% ] savepack | Speichere Datei: res://assets/audio/sfx/titan/roar_1.wav.import
[   4% ] savepack | Speichere Datei: res://.godot/imported/roar_2.wav-506f6bb7c47332bb93e25163e08bce77.sample
[   4% ] savepack | Speichere Datei: res://assets/audio/sfx/titan/roar_2.wav.import
[   4% ] savepack | Speichere Datei: res://.godot/imported/roar_3.wav-64dd64360e5ceb1b74ca59d39eafc12d.sample
[   4% ] savepack | Speichere Datei: res://assets/audio/sfx/titan/roar_3.wav.import
[   4% ] savepack | Speichere Datei: res://.godot/imported/slam.wav-bdc7a31c0624aa7ce81378ddbe9510d8.sample
[   4% ] savepack | Speichere Datei: res://assets/audio/sfx/titan/slam.wav.import
