Godot Engine v4.7.2.stable.official.ed1daf0bf - https://godotengine.org

ERROR: Failed to read the root certificate store.
   at: get_system_ca_certificates (platform/windows/os_windows.cpp:2582)
COOP_LOAD BOOT exe=C:/Users/miche/Desktop/Godot.exe
COOP_LOAD NETWORK_INITIALIZED
RENDER_OPTIMIZER { "source_meshes": 666, "batches": 17, "removed_render_nodes": 41 }
COOP_LOAD MAP_READY
PASS: gunslinger level 30 mastery changes real shot damage on Forest
PASS: assault level 30 mastery changes real shot damage on Forest
PASS: breacher level 30 mastery changes real shot damage on Forest
PASS: marksman level 30 mastery changes real shot damage on Forest
PASS: assassin level 30 mastery changes real shot damage on Forest
PASS: Boomstick triples a complete real shotgun blast
PASS: Gunslinger Mastery changes the real firing interval
PASS: Last Stand reduces actual incoming damage while holding a rifle
PASS: Switching off the rifle removes Last Stand protection
PASS: Juggernaut and Stand Your Ground combine in actual damage processing
PASS: Marksman's Rhythm halves the actual plasma heat lock
PASS: Plasma can fire when its accelerated reload finishes
PASS: Charged ultimate exposes its readiness for the HUD
CLASS_BALANCE_DONE map=Forest checks=13 failures=0
