Godot Engine v4.7.2.stable.official.ed1daf0bf - https://godotengine.org

ERROR: Failed to read the root certificate store.
   at: get_system_ca_certificates (platform/windows/os_windows.cpp:2582)
COOP_LOAD BOOT exe=C:/Users/miche/Desktop/Godot.exe
COOP_LOAD NETWORK_INITIALIZED
PLANES_NATURE { "flowers": 14525, "mushrooms": 456, "deer": 10, "stags": 4 } batches=1257
PLANES_NAV repaired_detail_faces=1
PLANES_NAV polygons=10859
PLANES_SURVIVAL_READY
COOP_LOAD MAP_READY
PLANES_READY trees=393 birds=24 crops={ "corn": 238551, "wheat": 412659, "grass": 792477, "undergrowth": 18765, "woodland_grass": 21835 }
PASS: gunslinger level 30 mastery changes real shot damage on Planes
PASS: assault level 30 mastery changes real shot damage on Planes
PASS: breacher level 30 mastery changes real shot damage on Planes
PASS: marksman level 30 mastery changes real shot damage on Planes
PASS: assassin level 30 mastery changes real shot damage on Planes
PASS: Boomstick triples a complete real shotgun blast
PASS: Gunslinger Mastery changes the real firing interval
PASS: Last Stand reduces actual incoming damage while holding a rifle
PASS: Switching off the rifle removes Last Stand protection
PASS: Juggernaut and Stand Your Ground combine in actual damage processing
PASS: Marksman's Rhythm halves the actual plasma heat lock
PASS: Plasma can fire when its accelerated reload finishes
PASS: Charged ultimate exposes its readiness for the HUD
CLASS_BALANCE_DONE map=Planes checks=13 failures=0
