Godot Engine v4.7.2.stable.official.ed1daf0bf - https://godotengine.org

ERROR: Failed to read the root certificate store.
   at: get_system_ca_certificates (platform/windows/os_windows.cpp:2582)
COOP_LOAD BOOT exe=C:/Users/miche/Desktop/Godot.exe
COOP_LOAD NETWORK_INITIALIZED
RENDER_OPTIMIZER { "source_meshes": 671, "batches": 13, "removed_render_nodes": 32 }
COOP_LOAD MAP_READY
PASS: Dense field uses a bounded number of batched corn stalks
PASS: Five distinct rewards are hidden in maze dead ends
PASS: Every passage and the second exit connect to the entrance
PASS: Navigation reaches cache: fire
PASS: Navigation reaches cache: frost
PASS: Navigation reaches cache: cache_cash
PASS: Navigation reaches cache: cache_grenade
PASS: Navigation reaches cache: ammo
PASS: Full special-ammo inventory leaves its cache intact
PASS: Fire cache grants twelve rounds exactly once
PASS: Cash cache grants its reward exactly once
PASS: Host awards maze special ammunition to the collecting teammate
PASS: Duplicate coop requests cannot duplicate rewards
PASS: Nearby player or gunshot makes ravens take flight
PASS: Owls remain hidden during daylight
PASS: Owls become airborne at night
CORNFIELD_DONE checks=16 failures=0
