Godot Engine v4.7.2.stable.official.ed1daf0bf - https://godotengine.org
Vulkan 1.3.277 - Forward+ - Using Device #0: NVIDIA - NVIDIA GeForce RTX 3060 Ti

ERROR: Failed to read the root certificate store.
   at: get_system_ca_certificates (platform/windows/os_windows.cpp:2582)
COOP_LOAD BOOT exe=C:/Users/miche/Desktop/Godot.exe
COOP_LOAD NETWORK_INITIALIZED
ERROR: Condition "f.is_null()" is true.
   at: _save_to_cache (servers/rendering/renderer_rd/shader_rd.cpp:696)
   GDScript backtrace (most recent call first):
       [0] optimize (res://scripts/render_optimizer.gd:84)
       [1] _ready (res://scripts/main.gd:99)
       [2] run (res://tests/cornfield.gd:15)
RENDER_OPTIMIZER { "source_meshes": 671, "batches": 13, "removed_render_nodes": 32 }
ERROR: Condition "f.is_null()" is true.
   at: _save_to_cache (servers/rendering/renderer_rd/shader_rd.cpp:696)
COOP_LOAD MAP_READY
PASS: Dense field uses a bounded number of batched corn stalks
CORN_PLANTS 38925
PASS: All corn stays on western meadow, clear of forest, trees and village road
PASS: Long field edge follows the NW-SE forest boundary
PASS: Previous crosswise field footprint returns to meadow
PASS: Soil uses textured PBR relief instead of flat triangle colors
PASS: Five distinct rewards are hidden in maze dead ends
PASS: Every passage and the second exit connect to the entrance
PASS: Navigation reaches cache: fire
PASS: Navigation reaches cache: frost
PASS: Navigation reaches cache: cache_cash
PASS: Navigation reaches cache: cache_grenade
PASS: Navigation reaches cache: ammo
PASS: Full special-ammo inventory leaves its cache intact
PASS: Fire cache grants twelve rounds exactly once
PASS: Cash cache grants its reward exactly once
PASS: Host awards maze special ammunition to the collecting teammate
PASS: Duplicate coop requests cannot duplicate rewards
PASS: Meshy raven loads a complete articulated wing rig
PASS: Raven uses supplied recordings without immediate repetition
PASS: Nearby player or gunshot makes ravens take flight
PASS: Owls remain hidden during daylight
PASS: Owls become airborne at night
CORN_RENDER p95_ms=6.06060606060606 median_ms=5.493 primitives=2116930.0 calls=1104.0
BASE_RENDER p95_ms=4.54545454545455
CORNFIELD_DONE checks=22 failures=0
