17:57:01 retexture zombie_stag from stag
17:57:01 retexture zombie_spitter from zombie_bloater_v3
17:57:01 preview zombie_dog
17:57:01 retexture zombie_stalker from zombie_jogger_v3
17:57:01 retexture zombie_screamer from zombie_nurse_v3
17:57:02 FAILED zombie_stag HTTPError('404 Client Error: Not Found for url: https://api.meshy.ai/openapi/v1/retexture')
TASK_CREATED: 01a0d948-cebb-74c2-9f82-922fe533f78d
TASK_CREATED: 01a0d948-cec6-7358-bb63-5f0022c7edbd
  [░░░░░░░░░░░░░░░░░░░░] 0% — IN_PROGRESS (0s, poll #1)
TASK_CREATED: 01a0d948-ceb7-72b1-8667-6dbc97cb9c54
  [░░░░░░░░░░░░░░░░░░░░] 0% — IN_PROGRESS (0s, poll #1)
  [░░░░░░░░░░░░░░░░░░░░] 0% — IN_PROGRESS (0s, poll #1)
TASK_CREATED: 01a0d948-ceac-7623-85ad-38d08cde919e
  [███░░░░░░░░░░░░░░░░░] 18% — IN_PROGRESS (0s, poll #1)
  [░░░░░░░░░░░░░░░░░░░░] 0% — IN_PROGRESS (5s, poll #2)
  [░░░░░░░░░░░░░░░░░░░░] 0% — IN_PROGRESS (5s, poll #2)
  [░░░░░░░░░░░░░░░░░░░░] 0% — IN_PROGRESS (5s, poll #2)
  [█████░░░░░░░░░░░░░░░] 28% — IN_PROGRESS (5s, poll #2)
  [░░░░░░░░░░░░░░░░░░░░] 0% — IN_PROGRESS (12.5s, poll #3)
  [░░░░░░░░░░░░░░░░░░░░] 0% — IN_PROGRESS (12.5s, poll #3)
  [░░░░░░░░░░░░░░░░░░░░] 0% — IN_PROGRESS (12.5s, poll #3)
  [██████████░░░░░░░░░░] 50% — IN_PROGRESS (12.5s, poll #3)
  [█████████░░░░░░░░░░░] 49% — IN_PROGRESS (23.75s, poll #4)
  [█████████░░░░░░░░░░░] 49% — IN_PROGRESS (23.75s, poll #4)
  [█████████░░░░░░░░░░░] 49% — IN_PROGRESS (23.75s, poll #4)
  [████████████████░░░░] 82% — IN_PROGRESS (23.75s, poll #4)
  [███████████████████░] 99% — IN_PROGRESS (40.625s, poll #5)
  [████████████████████] 100% — SUCCEEDED (40.625s, poll #5)
Downloading C:\Users\miche\Desktop\Developement\RemZ\assets\raw\zombie_screamer\model.glb...
  [███████████████████░] 99% — IN_PROGRESS (40.625s, poll #5)
DOWNLOADED: C:\Users\miche\Desktop\Developement\RemZ\assets\raw\zombie_screamer\model.glb (9.8 MB)
Downloading C:\Users\miche\Desktop\Developement\RemZ\assets\raw\zombie_screamer\thumb.png...
DOWNLOADED: C:\Users\miche\Desktop\Developement\RemZ\assets\raw\zombie_screamer\thumb.png (0.1 MB)
Downloading C:\Users\miche\Desktop\Developement\RemZ\assets\raw\zombie_screamer\tex0_base_color.png...
  [███████████████████░] 99% — IN_PROGRESS (40.625s, poll #5)
DOWNLOADED: C:\Users\miche\Desktop\Developement\RemZ\assets\raw\zombie_screamer\tex0_base_color.png (4.9 MB)
Downloading C:\Users\miche\Desktop\Developement\RemZ\assets\raw\zombie_screamer\tex0_metallic.png...
DOWNLOADED: C:\Users\miche\Desktop\Developement\RemZ\assets\raw\zombie_screamer\tex0_metallic.png (0.0 MB)
Downloading C:\Users\miche\Desktop\Developement\RemZ\assets\raw\zombie_screamer\tex0_roughness.png...
DOWNLOADED: C:\Users\miche\Desktop\Developement\RemZ\assets\raw\zombie_screamer\tex0_roughness.png (1.3 MB)
Downloading C:\Users\miche\Desktop\Developement\RemZ\assets\raw\zombie_screamer\tex0_normal.png...
DOWNLOADED: C:\Users\miche\Desktop\Developement\RemZ\assets\raw\zombie_screamer\tex0_normal.png (4.6 MB)
17:57:48 DONE zombie_screamer
  [████████████████████] 100% — SUCCEEDED (55.625s, poll #6)
Downloading C:\Users\miche\Desktop\Developement\RemZ\assets\raw\zombie_spitter\model.glb...
  [████████████████████] 100% — SUCCEEDED (55.625s, poll #6)
Downloading C:\Users\miche\Desktop\Developement\RemZ\assets\raw\zombie_stalker\model.glb...
DOWNLOADED: C:\Users\miche\Desktop\Developement\RemZ\assets\raw\zombie_spitter\model.glb (8.7 MB)
Downloading C:\Users\miche\Desktop\Developement\RemZ\assets\raw\zombie_spitter\thumb.png...
DOWNLOADED: C:\Users\miche\Desktop\Developement\RemZ\assets\raw\zombie_spitter\thumb.png (0.1 MB)
Downloading C:\Users\miche\Desktop\Developement\RemZ\assets\raw\zombie_spitter\tex0_base_color.png...
  [███████████████████░] 99% — IN_PROGRESS (55.625s, poll #6)
DOWNLOADED: C:\Users\miche\Desktop\Developement\RemZ\assets\raw\zombie_spitter\tex0_base_color.png (5.4 MB)
Downloading C:\Users\miche\Desktop\Developement\RemZ\assets\raw\zombie_spitter\tex0_metallic.png...
DOWNLOADED: C:\Users\miche\Desktop\Developement\RemZ\assets\raw\zombie_spitter\tex0_metallic.png (0.0 MB)
Downloading C:\Users\miche\Desktop\Developement\RemZ\assets\raw\zombie_spitter\tex0_roughness.png...
DOWNLOADED: C:\Users\miche\Desktop\Developement\RemZ\assets\raw\zombie_spitter\tex0_roughness.png (1.3 MB)
Downloading C:\Users\miche\Desktop\Developement\RemZ\assets\raw\zombie_spitter\tex0_normal.png...
DOWNLOADED: C:\Users\miche\Desktop\Developement\RemZ\assets\raw\zombie_stalker\model.glb (9.0 MB)
Downloading C:\Users\miche\Desktop\Developement\RemZ\assets\raw\zombie_stalker\thumb.png...
DOWNLOADED: C:\Users\miche\Desktop\Developement\RemZ\assets\raw\zombie_stalker\thumb.png (0.1 MB)
Downloading C:\Users\miche\Desktop\Developement\RemZ\assets\raw\zombie_stalker\tex0_base_color.png...
DOWNLOADED: C:\Users\miche\Desktop\Developement\RemZ\assets\raw\zombie_spitter\tex0_normal.png (4.3 MB)
17:58:03 DONE zombie_spitter
DOWNLOADED: C:\Users\miche\Desktop\Developement\RemZ\assets\raw\zombie_stalker\tex0_base_color.png (4.7 MB)
Downloading C:\Users\miche\Desktop\Developement\RemZ\assets\raw\zombie_stalker\tex0_metallic.png...
DOWNLOADED: C:\Users\miche\Desktop\Developement\RemZ\assets\raw\zombie_stalker\tex0_metallic.png (0.0 MB)
Downloading C:\Users\miche\Desktop\Developement\RemZ\assets\raw\zombie_stalker\tex0_roughness.png...
DOWNLOADED: C:\Users\miche\Desktop\Developement\RemZ\assets\raw\zombie_stalker\tex0_roughness.png (1.3 MB)
Downloading C:\Users\miche\Desktop\Developement\RemZ\assets\raw\zombie_stalker\tex0_normal.png...
DOWNLOADED: C:\Users\miche\Desktop\Developement\RemZ\assets\raw\zombie_stalker\tex0_normal.png (4.0 MB)
17:58:06 DONE zombie_stalker
  [████████████████████] 100% — SUCCEEDED (70.625s, poll #7)
17:58:17 refine zombie_dog
TASK_CREATED: 01a0d949-f292-7318-a3c2-0d87bcd992dc
  [░░░░░░░░░░░░░░░░░░░░] 0% — IN_PROGRESS (0s, poll #1)
  [░░░░░░░░░░░░░░░░░░░░] 0% — IN_PROGRESS (5s, poll #2)
  [░░░░░░░░░░░░░░░░░░░░] 0% — IN_PROGRESS (12.5s, poll #3)
  [█░░░░░░░░░░░░░░░░░░░] 5% — IN_PROGRESS (23.75s, poll #4)
  [█████████░░░░░░░░░░░] 45% — IN_PROGRESS (40.625s, poll #5)
  [███████████░░░░░░░░░] 55% — IN_PROGRESS (65.9375s, poll #6)
  [████████████████████] 100% — SUCCEEDED (95.9375s, poll #7)
Downloading C:\Users\miche\Desktop\Developement\RemZ\assets\raw\zombie_dog\model.glb...
DOWNLOADED: C:\Users\miche\Desktop\Developement\RemZ\assets\raw\zombie_dog\model.glb (9.0 MB)
Downloading C:\Users\miche\Desktop\Developement\RemZ\assets\raw\zombie_dog\thumb.png...
DOWNLOADED: C:\Users\miche\Desktop\Developement\RemZ\assets\raw\zombie_dog\thumb.png (0.1 MB)
Downloading C:\Users\miche\Desktop\Developement\RemZ\assets\raw\zombie_dog\tex0_base_color.png...
DOWNLOADED: C:\Users\miche\Desktop\Developement\RemZ\assets\raw\zombie_dog\tex0_base_color.png (8.6 MB)
Downloading C:\Users\miche\Desktop\Developement\RemZ\assets\raw\zombie_dog\tex0_metallic.png...
DOWNLOADED: C:\Users\miche\Desktop\Developement\RemZ\assets\raw\zombie_dog\tex0_metallic.png (0.0 MB)
Downloading C:\Users\miche\Desktop\Developement\RemZ\assets\raw\zombie_dog\tex0_roughness.png...
DOWNLOADED: C:\Users\miche\Desktop\Developement\RemZ\assets\raw\zombie_dog\tex0_roughness.png (1.2 MB)
Downloading C:\Users\miche\Desktop\Developement\RemZ\assets\raw\zombie_dog\tex0_normal.png...
DOWNLOADED: C:\Users\miche\Desktop\Developement\RemZ\assets\raw\zombie_dog\tex0_normal.png (6.3 MB)
Downloading C:\Users\miche\Desktop\Developement\RemZ\assets\raw\zombie_dog\tex0_emission.png...
DOWNLOADED: C:\Users\miche\Desktop\Developement\RemZ\assets\raw\zombie_dog\tex0_emission.png (0.1 MB)
18:00:05 DONE zombie_dog
