Godot Engine v4.7.2.stable.official.ed1daf0bf - https://godotengine.org

ERROR: Failed to read the root certificate store.
   at: get_system_ca_certificates (platform/windows/os_windows.cpp:2582)
COOP_LOAD BOOT exe=C:/Users/miche/Desktop/Godot.exe
COOP_LOAD NETWORK_INITIALIZED
RENDER_OPTIMIZER { "source_meshes": 674, "batches": 13, "removed_render_nodes": 32 }
COOP_LOAD MAP_READY
PASS: Aimed stationary fire is much more precise than hip fire
PASS: Walking worsens actual aimed dispersion
PASS: Sprinting and jumping strongly reduce precision
PASS: Sustained fire builds a wider ballistic cone
PASS: Burst recoil displaces true aim upwards and sideways
PASS: Visible crosshair centre is the projected ballistic aim direction
PASS: Displayed radius matches the actual spread cone
PASS: Fire pause settles dispersion and free aim without drift
PASS: Purchased precision training reduces real dispersion by fifteen percent
PASS: Precision barrel combines with purchased training
PASS: Precision talisman supplies a further tangible accuracy improvement
PASS: All sampled bullets remain inside the displayed circular cone
PASS: Circular sampling has no sideways or vertical bias
PASS: Switching weapons removes inherited recoil
PASS: Scoped shot remains aligned with the optic centre
PASS: Host proxy uses the same movement and accuracy model
PASS: Host independently accounts for sustained-fire bloom
AIMING_DONE checks=17 failures=0
