Godot Engine v4.7.2.stable.official.ed1daf0bf - https://godotengine.org

ERROR: Failed to read the root certificate store.
   at: get_system_ca_certificates (platform/windows/os_windows.cpp:2582)
COOP_LOAD BOOT exe=C:/Users/miche/Desktop/Godot.exe
COOP_LOAD NETWORK_INITIALIZED
RENDER_OPTIMIZER { "source_meshes": 674, "batches": 13, "removed_render_nodes": 32 }
COOP_LOAD MAP_READY
PASS: Control key is bound to crouch
PASS: Crouching reduces the collision capsule
PASS: Feet remain fixed when crouching
PASS: Crouch reduces actual bullet spread by thirty percent
PASS: Airborne crouch grants no stability bonus
PASS: Fast movement grants no crouch precision bonus
PASS: Low ceiling prevents standing into solid geometry
PASS: Standing is restored once the ceiling clears
PASS: Held Control lowers the camera
PASS: Crouch overrides sprint and halves walking speed
PASS: Host applies remote crouch to collision and shooting origin
PASS: Host uses crouch precision for remote shots
CROUCH_DONE checks=12 failures=0
