Godot Engine v4.7.2.stable.official.ed1daf0bf - https://godotengine.org

ERROR: Failed to read the root certificate store.
   at: get_system_ca_certificates (platform/windows/os_windows.cpp:2582)
COOP_LOAD BOOT exe=C:/Users/miche/Desktop/Godot.exe
COOP_LOAD NETWORK_INITIALIZED
RENDER_OPTIMIZER { "source_meshes": 672, "batches": 19, "removed_render_nodes": 45 }
COOP_LOAD MAP_READY
PASS: Shortcut opens the cheat menu and pauses solo gameplay
PASS: Opening the menu does not toggle the secret vendor
PASS: Points button credits 1000 points and updates the displayed balance while paused
PASS: Points button can be used repeatedly without closing or resuming the game
PASS: Holding the shortcut does not repeatedly toggle the menu
PASS: Shortcut closes the menu and restores gameplay
PASS: Wave has living enemies and pending spawns
PASS: Skip button resumes gameplay
PASS: Skipping kills every living zombie and updates the enemy count
PASS: Skipped enemies use normal death behaviour
PASS: Skipped enemies use normal death behaviour
PASS: Skip completes the current wave and immediately starts the next
PASS: Only the next wave remains queued
PASS: Normal wave completion still works
PASS: Skipping intermission starts the next wave without duplicate rewards
PASS: Intro cannot reset a skipped wave back to wave one
PASS: Escape closes only the cheat menu
PASS: Cheat menu does not replace another modal
PASS: Cannot skip waves after game over
CHEAT_MENU_DONE checks=19 failures=0
