Godot Engine v4.7.2.stable.official.ed1daf0bf - https://godotengine.org

ERROR: Failed to read the root certificate store.
   at: get_system_ca_certificates (platform/windows/os_windows.cpp:2582)
[   0% ] first_scan_filesystem | Started Projektinitialisierung (5 steps)
[   0% ] first_scan_filesystem | Lese Dateistrucktur …
[  16% ] first_scan_filesystem | Globale Klassennamen laden …
[  33% ] first_scan_filesystem | Verifiziere GDExtensions…
[  50% ] first_scan_filesystem | Autoload-Skripte erzeugen …
SCRIPT ERROR: Parse Error: The member "Skin" shadows a native class.
   at: GDScript::reload (res://scripts/character_menu.gd:4)
SCRIPT ERROR: Parse Error: Could not resolve external class member "DISPLAY".
   at: GDScript::reload (res://scripts/character_menu.gd:80)
SCRIPT ERROR: Parse Error: Could not resolve external class member "BODY".
   at: GDScript::reload (res://scripts/character_menu.gd:80)
SCRIPT ERROR: Parse Error: Could not resolve external class member "MEDIUM".
   at: GDScript::reload (res://scripts/character_menu.gd:90)
SCRIPT ERROR: Compile Error: Failed to compile depended scripts.
   at: GDScript::reload (res://scripts/hud.gd:0)
SCRIPT ERROR: Compile Error: Failed to compile depended scripts.
   at: GDScript::reload (res://scripts/player.gd:0)
SCRIPT ERROR: Compile Error: Failed to compile depended scripts.
   at: GDScript::reload (res://scripts/net_session.gd:0)
SCRIPT ERROR: Compile Error: Failed to compile depended scripts.
   at: GDScript::reload (res://scripts/character_profile.gd:0)
ERROR: Failed to load script "res://scripts/character_profile.gd" with error "Parse error".
   at: load (modules/gdscript/gdscript_resource_format.cpp:46)
[  66% ] first_scan_filesystem | Plugins initialisieren…
[  83% ] first_scan_filesystem | Dateiscan starten …
[ DONE ] first_scan_filesystem

[   0% ] update_scripts_classes | Started Globale Klassen registrieren … (8 steps)
[   0% ] update_scripts_classes | 
[  11% ] update_scripts_classes | 
[  22% ] update_scripts_classes | 
[  33% ] update_scripts_classes | 
[  44% ] update_scripts_classes | 
[  55% ] update_scripts_classes | 
[  66% ] update_scripts_classes | 
[  77% ] update_scripts_classes | 
[ DONE ] update_scripts_classes

[   0% ] _update_scan_actions | Started Aktionen scannen … (3 steps)
[   0% ] _update_scan_actions | Barlow-Regular.ttf
[  25% ] _update_scan_actions | Barlow-SemiBold.ttf
[  50% ] _update_scan_actions | BarlowCondensed-SemiBold.ttf
[ DONE ] _update_scan_actions

[   0% ] reimport | Started Assets (erneut) importieren (3 steps)
[   0% ] reimport | Dateien zum Neuimport vorbereiten …
[  25% ] reimport | Dateien zum Neuimport vorbereiten …
[  50% ] reimport | Dateien zum Neuimport vorbereiten …
[   0% ] reimport | Vor-Neuimport-Operationen ausführen …
[   0% ] reimport | Barlow-Regular.ttf
[  25% ] reimport | Barlow-SemiBold.ttf
[  50% ] reimport | BarlowCondensed-SemiBold.ttf
[  75% ] reimport | Asset-Import fertigstellen …
[ DONE ] reimport

[   0% ] reimport | Started Assets (erneut) importieren (3 steps)
[   0% ] reimport | Nach-Neuimport-Operationen ausführen …
[ DONE ] reimport

[   0% ] loading_editor_layout | Started Editor laden (5 steps)
[   0% ] loading_editor_layout | Editor-Layout laden …
[  16% ] loading_editor_layout | Docks laden …
[  33% ] loading_editor_layout | Öffne Szenen neu…
[  50% ] loading_editor_layout | Zentrales Editor-Layout laden …
[  66% ] loading_editor_layout | Pluginfensterlayout laden …
[  83% ] loading_editor_layout | Editorlayout bereit.
[ DONE ] loading_editor_layout

