  + clip arise
  + clip attack
  + clip attack2
  + clip death
  + clip death2
  + clip death3
  + clip death4
  + clip death5
  + clip death6
  + clip hit
  + clip hit2
  + clip idle
  + clip run
  + clip scream
  + clip walk
  + clip walk2
  base colour restored from model.glb (2048x2048)
  pbr maps: restored (50162/50162 UVs)
prune: Removed types... Texture (1)
zombie_bride_v3: rigged.glb -> C:\Users\miche\Desktop\Developement\RemZ\public\models\zombie_bride.glb (6.92 MB, clips: arise, attack, attack2, death, death2, death3, death4, death5, death6, hit, hit2, idle, run, scream, walk, walk2; textures: texture_0:2048x2048, normal:2048x2048, metal_rough:2048x2048)
STRETCH before: edges 83756, >1.6x 2325, >2.5x 1711, >4x 1179, >8x 513
  per clip (edges >2.5x / peak): arise 1540/97.4 | attack 1255/57.9 | attack2 921/40.4 | death 1581/105.1 | death2 1322/97.3 | death3 1078/66.8 | death4 1280/100.6 | death5 1309/77.6 | death6 1454/95.4 | hit 819/38.1 | hit2 1309/87.9 | idle 1162/61.0 | run 1343/62.4 | scream 930/51.2 | walk 998/54.3 | walk2 1185/63.2
  x105.1 death  (-0.14,0.67,-0.04) [LeftArm:0.99 RightLeg:0.01]  (-0.14,0.67,-0.03) [LeftArm:0.84 RightLeg:0.16]
  x105.1 death  (-0.14,0.67,-0.04) [LeftArm:0.99 RightLeg:0.01]  (-0.14,0.67,-0.03) [LeftArm:0.84 RightLeg:0.16]
  x104.2 death  (-0.15,0.67,-0.03) [LeftArm:0.83 RightLeg:0.17]  (-0.15,0.67,-0.03) [LeftArm:0.99 RightLeg:0.01]
FIX arm reach on 15557 points, conflicts resolved on 0 points
HAIR 7356 points follow head, neck and spine
SKIRT 2578 points blended (hip joints 0.98 m, knees 0.58 m, hem 0.14 m)
SMOOTH 17624 points, cut 40 bridging triangles
STRETCH after: edges 83671, >1.6x 27857, >2.5x 11989, >4x 4849, >8x 1010
  per clip (edges >2.5x / peak): arise 6435/42.0 | attack 5097/30.4 | attack2 6319/43.0 | death 4670/38.2 | death2 5285/27.1 | death3 4153/28.2 | death4 2977/45.4 | death5 3170/44.1 | death6 3769/35.9 | hit 3852/21.3 | hit2 6015/36.6 | idle 4643/29.1 | run 5706/48.6 | scream 5857/44.3 | walk 2785/18.9 | walk2 3398/27.6
  x48.6 run  (-0.03,0.20,-0.23) [RightUpLeg:0.50 LeftUpLeg:0.23 Hips:0.21 RightLeg:0.06]  (-0.03,0.20,-0.23) [RightUpLeg:0.55 Hips:0.20 LeftUpLeg:0.18 RightLeg:0.07]
  x45.4 death4  (-0.02,0.02,0.10) [RightFoot:0.85 RightUpLeg:0.09 Hips:0.03 LeftUpLeg:0.03]  (-0.02,0.03,0.10) [RightFoot:0.96 RightUpLeg:0.02 Hips:0.01 LeftUpLeg:0.01]
  x45.4 death4  (-0.02,0.02,0.10) [RightFoot:0.85 RightUpLeg:0.09 Hips:0.03 LeftUpLeg:0.03]  (-0.02,0.03,0.10) [RightFoot:0.96 RightUpLeg:0.02 Hips:0.01 LeftUpLeg:0.01]
prune: Removed types... Accessor (73)
written C:\Users\miche\Desktop\Developement\RemZ\assets\raw\zombie_bride_v3\stage_fixed.glb (6.91 MB)
game mesh: 36378 triangles, 55727 vertices after the MikkTSpace split
written C:\Users\miche\Desktop\Developement\RemZ\assets\raw\zombie_bride_v3\stage_baked.glb (7.69 MB)
arise    lowest -0.162..0.017 -> -0.162..0.032 (offset 0.000 .. 0.023 m)
attack   lowest 0.055..0.165 -> -0.027..0.083 (offset -0.082 .. -0.082 m)
attack2  lowest 0.054..0.124 -> -0.023..0.047 (offset -0.077 .. -0.077 m)
death    lowest -0.255..0.107 -> -0.255..0.005 (offset -0.107 .. 0.000 m)
death2   lowest -0.162..0.089 -> -0.162..0.086 (offset -0.032 .. 0.000 m)
death3   lowest -0.264..0.115 -> -0.264..0.114 (offset -0.098 .. 0.000 m)
death4   lowest -0.495..0.172 -> -0.504..0.146 (offset -0.030 .. 0.000 m)
death5   lowest -0.343..0.127 -> -0.343..0.089 (offset -0.107 .. 0.000 m)
death6   lowest -0.310..0.135 -> -0.310..0.097 (offset -0.131 .. 0.000 m)
hit      lowest 0.006..0.088 -> -0.009..0.073 (offset -0.015 .. -0.015 m)
hit2     lowest 0.056..0.066 -> -0.001..0.009 (offset -0.057 .. -0.057 m)
idle     lowest 0.018..0.036 -> -0.001..0.016 (offset -0.020 .. -0.020 m)
run      lowest 0.014..0.215 -> -0.022..0.179 (offset -0.036 .. -0.036 m)
scream   lowest -0.074..0.024 -> -0.005..0.094 (offset 0.069 .. 0.069 m)
walk     lowest 0.084..0.136 -> -0.013..0.039 (offset -0.097 .. -0.097 m)
walk2    lowest 0.082..0.135 -> -0.005..0.049 (offset -0.086 .. -0.086 m)
written C:\Users\miche\Desktop\Developement\RemZ\assets\raw\zombie_bride_v3\stage_grounded.glb (7.71 MB)
11:36:13 zombie_bride finished -> godot/assets/models/zombie_bride.glb (run Godot --headless --import)
