  + clip arise
  + clip attack
  + clip attack2
  + clip death
  + clip death2
  + clip death3
  + clip death4
  + clip death5
  + clip hit
  + clip hit2
  + clip idle
  + clip run
  + clip scream
  + clip walk
  + clip walk2
  base colour restored from model.glb (2048x2048)
  pbr maps: restored (35870/35870 UVs)
prune: Removed types... Texture (1)
zombie_wraith_v3: rigged.glb -> C:\Users\miche\Desktop\Developement\RemZ\public\models\zombie_wraith.glb (4.00 MB, clips: arise, attack, attack2, death, death2, death3, death4, death5, hit, hit2, idle, run, scream, walk, walk2; textures: texture_0:2048x2048, normal:2048x2048, metal_rough:2048x2048)
STRETCH before: edges 65086, >1.6x 12302, >2.5x 3403, >4x 1247, >8x 408
  per clip (edges >2.5x / peak): arise 1872/54.7 | attack 2238/61.0 | attack2 2155/52.6 | death 2000/76.8 | death2 2372/63.4 | death3 1099/35.8 | death4 1133/34.6 | death5 1419/65.1 | hit 2373/53.6 | hit2 2024/73.2 | idle 700/23.4 | run 1205/52.8 | scream 1312/34.7 | walk 322/21.5 | walk2 918/46.5
  x76.8 death  (0.08,0.26,-0.19) [RightUpLeg:1.00 LeftUpLeg:0.00]  (0.09,0.26,-0.19) [RightUpLeg:0.41 LeftLeg:0.29 LeftHand:0.29 LeftUpLeg:0.01]
  x73.2 hit2  (0.14,0.43,0.15) [LeftLeg:0.53 LeftHand:0.46 LeftUpLeg:0.01]  (0.14,0.43,0.13) [LeftHand:0.99 LeftUpLeg:0.01 LeftLeg:0.00]
  x73.2 hit2  (0.14,0.43,0.15) [LeftLeg:0.53 LeftHand:0.46 LeftUpLeg:0.01]  (0.14,0.43,0.13) [LeftHand:0.99 LeftUpLeg:0.01 LeftLeg:0.00]
FIX arm reach on 6749 points, conflicts resolved on 5164 points
HAIR 8144 points follow head, neck and spine
SKIRT 2041 points blended (hip joints 0.92 m, knees 0.53 m, hem 0.38 m)
SMOOTH 14666 points, cut 123 bridging triangles
STRETCH after: edges 64884, >1.6x 13387, >2.5x 3999, >4x 1359, >8x 296
  per clip (edges >2.5x / peak): arise 2050/182.7 | attack 1818/257.9 | attack2 2293/232.1 | death 1396/144.0 | death2 1592/171.6 | death3 1680/88.6 | death4 1085/56.1 | death5 1119/105.1 | hit 1603/252.0 | hit2 1241/173.4 | idle 2194/107.1 | run 898/151.3 | scream 1102/143.5 | walk 611/71.3 | walk2 975/58.2
  x257.9 attack  (-0.12,1.21,-0.02) [Spine02:0.61 Spine01:0.23 Hips:0.16]  (-0.12,1.21,-0.02) [RightArm:0.86 Spine01:0.14]
  x257.9 attack  (-0.12,1.21,-0.02) [Spine02:0.61 Spine01:0.23 Hips:0.16]  (-0.12,1.21,-0.02) [RightArm:0.86 Spine01:0.14]
  x107.4 death  (0.13,1.14,-0.01) [LeftArm:0.87 LeftForeArm:0.09 Spine01:0.03]  (0.13,1.14,-0.00) [Hips:0.47 Spine02:0.45 Spine01:0.08]
prune: Removed types... Accessor (73)
written C:\Users\miche\Desktop\Developement\RemZ\assets\raw\zombie_wraith_v3\stage_fixed.glb (3.99 MB)
game mesh: 31170 triangles, 39125 vertices after the MikkTSpace split
bake: 2661456 texels, 0.01 % without high-poly data, 4.22 % clamped, mean detail angle 23.8 deg, 5.5 MB
written C:\Users\miche\Desktop\Developement\RemZ\assets\raw\zombie_wraith_v3\stage_baked.glb (9.83 MB)
arise    lowest -0.149..0.067 -> -0.149..0.067 (offset 0.000 .. 0.002 m)
attack   lowest 0.108..0.171 -> -0.002..0.062 (offset -0.109 .. -0.109 m)
attack2  lowest 0.076..0.150 -> -0.012..0.063 (offset -0.088 .. -0.088 m)
death    lowest -0.239..0.123 -> -0.239..0.031 (offset -0.118 .. 0.000 m)
death2   lowest -0.172..0.098 -> -0.172..0.093 (offset -0.040 .. 0.000 m)
death3   lowest -0.120..0.125 -> -0.120..0.125 (offset -0.106 .. 0.000 m)
death4   lowest -0.458..0.172 -> -0.474..0.125 (offset -0.053 .. 0.000 m)
death5   lowest -0.245..0.131 -> -0.245..0.105 (offset -0.096 .. 0.000 m)
hit      lowest 0.025..0.120 -> -0.005..0.089 (offset -0.030 .. -0.030 m)
hit2     lowest 0.125..0.143 -> -0.002..0.016 (offset -0.127 .. -0.127 m)
idle     lowest 0.047..0.058 -> -0.003..0.008 (offset -0.050 .. -0.050 m)
run      lowest 0.044..0.217 -> -0.018..0.155 (offset -0.063 .. -0.063 m)
scream   lowest -0.044..0.059 -> -0.009..0.093 (offset 0.035 .. 0.035 m)
walk     lowest 0.036..0.054 -> -0.002..0.017 (offset -0.038 .. -0.038 m)
walk2    lowest 0.101..0.155 -> -0.009..0.045 (offset -0.110 .. -0.110 m)
written C:\Users\miche\Desktop\Developement\RemZ\assets\raw\zombie_wraith_v3\stage_grounded.glb (9.85 MB)
11:52:13 zombie_wraith finished -> godot/assets/models/zombie_wraith.glb (run Godot --headless --import)
  + clip arise
  + clip attack
  + clip attack2
  + clip death
  + clip death2
  + clip death3
  + clip death4
  + clip hit
  + clip hit2
  + clip idle
  + clip scream
  + clip walk
  + clip walk2
  base colour restored from model.glb (2048x2048)
  pbr maps: no source maps
prune: Removed types... Texture (1)
zombie_wanderer_v3: rigged.glb -> C:\Users\miche\Desktop\Developement\RemZ\public\models\zombie_wanderer.glb (2.31 MB, clips: arise, attack, attack2, death, death2, death3, death4, hit, hit2, idle, scream, walk, walk2; textures: texture_0:2048x2048)
STRETCH before: edges 23858, >1.6x 2098, >2.5x 446, >4x 123, >8x 24
  per clip (edges >2.5x / peak): arise 175/12.7 | attack 366/20.0 | attack2 331/20.8 | death 154/13.2 | death2 244/15.7 | death3 70/9.6 | death4 41/5.3 | hit 264/20.0 | hit2 201/17.7 | idle 55/6.9 | scream 160/10.7 | walk 33/8.5 | walk2 18/4.4
  x20.8 attack2  (-0.24,0.79,0.14) [RightHand:0.73 RightUpLeg:0.25 Hips:0.02]  (-0.24,0.78,0.14) [RightUpLeg:0.51 RightHand:0.45 Hips:0.04]
  x17.4 attack2  (-0.24,0.79,0.15) [RightHand:0.73 RightUpLeg:0.25 Hips:0.02]  (-0.23,0.78,0.15) [RightUpLeg:0.49 RightHand:0.48 Hips:0.03]
  x17.1 attack2  (-0.24,0.79,0.15) [RightHand:0.73 RightUpLeg:0.25 Hips:0.02]  (-0.23,0.79,0.15) [RightHand:0.56 RightUpLeg:0.41 Hips:0.03]
FIX arm reach on 1447 points, conflicts resolved on 936 points
SMOOTH 2783 points, cut 47 bridging triangles
STRETCH after: edges 23771, >1.6x 738, >2.5x 168, >4x 62, >8x 15
  per clip (edges >2.5x / peak): arise 115/12.4 | attack 107/16.8 | attack2 97/16.1 | death 96/9.6 | death2 99/10.5 | death3 54/6.2 | death4 64/8.0 | hit 92/15.8 | hit2 89/10.9 | idle 46/7.5 | scream 99/10.3 | walk 23/4.2 | walk2 18/4.8
  x16.8 attack  (-0.21,1.07,0.04) [RightArm:0.53 RightForeArm:0.47]  (-0.21,1.06,0.00) [Hips:0.46 RightUpLeg:0.40 Spine02:0.14]
  x14.7 attack  (-0.20,1.10,0.12) [RightArm:0.55 RightForeArm:0.42 Spine01:0.03]  (-0.18,1.09,0.14) [Hips:0.45 Spine02:0.38 RightUpLeg:0.12 Spine01:0.06]
  x14.7 attack  (-0.20,1.10,0.12) [RightArm:0.55 RightForeArm:0.42 Spine01:0.03]  (-0.18,1.09,0.14) [Hips:0.45 Spine02:0.38 RightUpLeg:0.12 Spine01:0.06]
prune: Removed types... Accessor (73)
written C:\Users\miche\Desktop\Developement\RemZ\assets\raw\zombie_wanderer_v3\stage_fixed.glb (2.30 MB)
material factors: metallic 0 roughness 0.88
game mesh: 10258 triangles, 17101 vertices after the MikkTSpace split
written C:\Users\miche\Desktop\Developement\RemZ\assets\raw\zombie_wanderer_v3\stage_baked.glb (2.30 MB)
arise    lowest -0.090..0.017 -> -0.090..0.014 (offset 0.000 .. -0.003 m)
attack   lowest 0.006..0.069 -> -0.017..0.046 (offset -0.023 .. -0.023 m)
attack2  lowest 0.069..0.144 -> -0.004..0.071 (offset -0.073 .. -0.073 m)
death    lowest -0.150..0.097 -> -0.150..0.097 (offset -0.092 .. 0.000 m)
death2   lowest -0.122..0.029 -> -0.122..0.029 (offset -0.006 .. 0.000 m)
death3   lowest -0.121..0.098 -> -0.121..0.098 (offset -0.076 .. 0.000 m)
death4   lowest -0.230..0.116 -> -0.230..0.106 (offset -0.011 .. 0.000 m)
hit      lowest 0.002..0.089 -> -0.018..0.068 (offset -0.021 .. -0.021 m)
hit2     lowest 0.108..0.122 -> -0.001..0.013 (offset -0.109 .. -0.109 m)
idle     lowest 0.013..0.026 -> -0.004..0.010 (offset -0.016 .. -0.016 m)
scream   lowest 0.008..0.026 -> -0.001..0.017 (offset -0.008 .. -0.008 m)
walk     lowest 0.064..0.118 -> -0.006..0.048 (offset -0.070 .. -0.070 m)
walk2    lowest 0.002..0.027 -> -0.001..0.024 (offset -0.003 .. -0.003 m)
written C:\Users\miche\Desktop\Developement\RemZ\assets\raw\zombie_wanderer_v3\stage_grounded.glb (2.32 MB)
11:52:16 zombie_wanderer finished -> godot/assets/models/zombie_wanderer.glb (run Godot --headless --import)
