STRETCH before: edges 83036, >1.6x 19457, >2.5x 5031, >4x 1486, >8x 452
  per clip (edges >2.5x / peak): arise 3690/57.5 | attack 3568/44.2 | attack2 3296/45.8 | death 2840/52.2 | death2 3581/63.5 | death3 1949/54.8 | death4 2360/55.1 | hit 2698/47.8 | hit2 2791/53.1 | idle 1250/14.7 | run 2655/49.6 | scream 3109/61.9 | walk 1509/39.0 | walk2 1762/41.0
  x63.5 death2  (-0.01,1.21,-0.22) [RightArm:0.31 Spine02:0.29 Spine01:0.24 LeftArm:0.16]  (-0.01,1.21,-0.23) [RightArm:0.32 Spine02:0.29 Spine01:0.24 Hips:0.16]
  x63.5 death2  (-0.01,1.21,-0.22) [RightArm:0.31 Spine02:0.29 Spine01:0.24 LeftArm:0.16]  (-0.01,1.21,-0.23) [RightArm:0.32 Spine02:0.29 Spine01:0.24 Hips:0.16]
  x63.5 death2  (-0.01,1.21,-0.22) [RightArm:0.31 Spine02:0.29 Spine01:0.24 LeftArm:0.16]  (-0.01,1.21,-0.23) [RightArm:0.32 Spine02:0.29 Spine01:0.24 Hips:0.16]
  x63.5 death2  (-0.01,1.21,-0.22) [RightArm:0.31 Spine02:0.29 Spine01:0.24 LeftArm:0.16]  (-0.01,1.21,-0.23) [RightArm:0.32 Spine02:0.29 Spine01:0.24 Hips:0.16]
  x54.5 death2  (-0.01,1.21,-0.23) [RightArm:0.32 Spine02:0.29 Spine01:0.24 Hips:0.16]  (-0.01,1.21,-0.22) [RightArm:0.32 Spine02:0.29 Spine01:0.24 LeftArm:0.15]
  x45.8 attack2  (0.04,1.20,-0.21) [Spine02:0.31 LeftArm:0.30 Spine01:0.23 Hips:0.16]  (0.04,1.20,-0.21) [Spine02:0.31 LeftArm:0.29 Spine01:0.24 RightArm:0.16]
  x45.8 attack2  (0.04,1.20,-0.21) [Spine02:0.31 LeftArm:0.30 Spine01:0.23 Hips:0.16]  (0.04,1.20,-0.21) [Spine02:0.31 LeftArm:0.29 Spine01:0.24 RightArm:0.16]
  x45.5 death2  (-0.01,1.17,-0.23) [Spine02:0.33 RightArm:0.27 Hips:0.26 LeftArm:0.15]  (-0.01,1.17,-0.23) [Spine02:0.33 RightArm:0.27 Hips:0.26 Spine01:0.15]
FIX arm reach on 12902 points, conflicts resolved on 2931 points
HAIR 8522 points follow head, neck and spine
SKIRT 2380 points blended (hip joints 0.89 m, knees 0.53 m, hem 0.14 m)
SMOOTH 18049 points, cut 287 bridging triangles
STRETCH after: edges 82460, >1.6x 23088, >2.5x 9000, >4x 3457, >8x 813
  per clip (edges >2.5x / peak): arise 5386/60.3 | attack 4801/43.7 | attack2 5794/68.0 | death 3507/46.0 | death2 4402/30.4 | death3 4027/45.1 | death4 3557/34.0 | hit 3666/37.2 | hit2 3422/30.2 | idle 4762/48.1 | run 2787/73.8 | scream 3554/28.7 | walk 2023/29.6 | walk2 3434/40.9
  x73.8 run  (-0.05,0.20,-0.26) [RightUpLeg:0.53 LeftUpLeg:0.18 RightLeg:0.18 Hips:0.11]  (-0.05,0.20,-0.26) [RightUpLeg:0.59 RightLeg:0.20 LeftUpLeg:0.10 Hips:0.10]
  x60.3 arise  (0.03,0.25,0.07) [RightUpLeg:0.42 LeftUpLeg:0.39 Hips:0.11 RightLeg:0.09]  (0.03,0.25,0.07) [LeftUpLeg:0.50 RightUpLeg:0.30 Hips:0.11 LeftLeg:0.10]
  x60.3 arise  (0.03,0.25,0.07) [RightUpLeg:0.42 LeftUpLeg:0.39 Hips:0.11 RightLeg:0.09]  (0.03,0.25,0.07) [LeftUpLeg:0.50 RightUpLeg:0.30 Hips:0.11 LeftLeg:0.10]
  x54.3 run  (-0.01,0.18,-0.28) [LeftUpLeg:0.47 RightUpLeg:0.25 LeftLeg:0.17 Hips:0.11]  (-0.01,0.18,-0.28) [LeftUpLeg:0.39 RightUpLeg:0.35 LeftLeg:0.14 RightLeg:0.12]
  x54.3 run  (-0.01,0.18,-0.28) [LeftUpLeg:0.47 RightUpLeg:0.25 LeftLeg:0.17 Hips:0.11]  (-0.01,0.18,-0.28) [LeftUpLeg:0.39 RightUpLeg:0.35 LeftLeg:0.14 RightLeg:0.12]
  x45.1 death3  (-0.16,1.44,0.10) [Head:0.83 neck:0.12 RightShoulder:0.05 Spine01:0.00]  (-0.16,1.44,0.10) [Head:0.62 neck:0.35 RightShoulder:0.04 Spine01:0.00]
  x43.6 run  (-0.01,0.18,-0.28) [LeftUpLeg:0.44 RightUpLeg:0.28 LeftLeg:0.16 Hips:0.11]  (-0.01,0.18,-0.28) [LeftUpLeg:0.39 RightUpLeg:0.35 LeftLeg:0.14 RightLeg:0.12]
  x42.4 run  (-0.01,0.19,-0.28) [LeftUpLeg:0.46 RightUpLeg:0.27 LeftLeg:0.16 Hips:0.11]  (-0.01,0.18,-0.28) [LeftUpLeg:0.39 RightUpLeg:0.35 LeftLeg:0.14 RightLeg:0.12]
prune: Removed types... Accessor (73)
written artifacts/new_zombies/fixed/zombie_bride.glb (6.13 MB)
