Godot Engine v4.7.2.stable.official.ed1daf0bf - https://godotengine.org

[   0% ] [90m[1mfirst_scan_filesystem[22m | Started Projektinitialisierung (5 steps)[39m[0m
[   0% ] [90m[1mfirst_scan_filesystem[22m | Lese Dateistrucktur …[39m[0m
[  16% ] [90m[1mfirst_scan_filesystem[22m | Globale Klassennamen laden …[39m[0m
[  33% ] [90m[1mfirst_scan_filesystem[22m | Verifiziere GDExtensions…[39m[0m
[  50% ] [90m[1mfirst_scan_filesystem[22m | Autoload-Skripte erzeugen …[39m[0m
[  66% ] [90m[1mfirst_scan_filesystem[22m | Plugins initialisieren…[39m[0m
[  83% ] [90m[1mfirst_scan_filesystem[22m | Dateiscan starten …[39m[0m
[92m[ DONE ][39m [1mfirst_scan_filesystem[22m
[0m
[   0% ] [90m[1mupdate_scripts_classes[22m | Started Globale Klassen registrieren … (21 steps)[39m[0m
[   0% ] [90m[1mupdate_scripts_classes[22m | BootScreen[39m[0m
[   4% ] [90m[1mupdate_scripts_classes[22m | [39m[0m
[   9% ] [90m[1mupdate_scripts_classes[22m | [39m[0m
[  13% ] [90m[1mupdate_scripts_classes[22m | [39m[0m
[  18% ] [90m[1mupdate_scripts_classes[22m | [39m[0m
[  22% ] [90m[1mupdate_scripts_classes[22m | [39m[0m
[  27% ] [90m[1mupdate_scripts_classes[22m | Foliage[39m[0m
[  31% ] [90m[1mupdate_scripts_classes[22m | FortuneWheel[39m[0m
[  36% ] [90m[1mupdate_scripts_classes[22m | FortuneWheels[39m[0m
[  40% ] [90m[1mupdate_scripts_classes[22m | [39m[0m
[  45% ] [90m[1mupdate_scripts_classes[22m | InteractionPrompt[39m[0m
[  50% ] [90m[1mupdate_scripts_classes[22m | [39m[0m
[  54% ] [90m[1mupdate_scripts_classes[22m | [39m[0m
[  59% ] [90m[1mupdate_scripts_classes[22m | Progression[39m[0m
[  63% ] [90m[1mupdate_scripts_classes[22m | TowerPlanner[39m[0m
[  68% ] [90m[1mupdate_scripts_classes[22m | Trees[39m[0m
[  72% ] [90m[1mupdate_scripts_classes[22m | [39m[0m
[  77% ] [90m[1mupdate_scripts_classes[22m | [39m[0m
[  81% ] [90m[1mupdate_scripts_classes[22m | [39m[0m
[  86% ] [90m[1mupdate_scripts_classes[22m | [39m[0m
[  90% ] [90m[1mupdate_scripts_classes[22m | [39m[0m
[92m[ DONE ][39m [1mupdate_scripts_classes[22m
[0m
[   0% ] [90m[1m_update_scan_actions[22m | Started Aktionen scannen … (9 steps)[39m[0m
[   0% ] [90m[1m_update_scan_actions[22m | coin.wav[39m[0m
[  10% ] [90m[1m_update_scan_actions[22m | jackpot.wav[39m[0m
[  20% ] [90m[1m_update_scan_actions[22m | lose.wav[39m[0m
[  30% ] [90m[1m_update_scan_actions[22m | tick_1.wav[39m[0m
[  40% ] [90m[1m_update_scan_actions[22m | tick_2.wav[39m[0m
[  50% ] [90m[1m_update_scan_actions[22m | tick_3.wav[39m[0m
[  60% ] [90m[1m_update_scan_actions[22m | win.wav[39m[0m
[  70% ] [90m[1m_update_scan_actions[22m | fortune_prize_counter.glb[39m[0m
[  80% ] [90m[1m_update_scan_actions[22m | fortune_wheel.glb[39m[0m
[92m[ DONE ][39m [1m_update_scan_actions[22m
[0m
[   0% ] [90m[1mreimport[22m | Started Assets (erneut) importieren (9 steps)[39m[0m
[   0% ] [90m[1mreimport[22m | Dateien zum Neuimport vorbereiten …[39m[0m
[  10% ] [90m[1mreimport[22m | Dateien zum Neuimport vorbereiten …[39m[0m
[  20% ] [90m[1mreimport[22m | Dateien zum Neuimport vorbereiten …[39m[0m
[  30% ] [90m[1mreimport[22m | Dateien zum Neuimport vorbereiten …[39m[0m
[  40% ] [90m[1mreimport[22m | Dateien zum Neuimport vorbereiten …[39m[0m
[  50% ] [90m[1mreimport[22m | Dateien zum Neuimport vorbereiten …[39m[0m
[  60% ] [90m[1mreimport[22m | Dateien zum Neuimport vorbereiten …[39m[0m
[  70% ] [90m[1mreimport[22m | Dateien zum Neuimport vorbereiten …[39m[0m
[  80% ] [90m[1mreimport[22m | Dateien zum Neuimport vorbereiten …[39m[0m
[   0% ] [90m[1mreimport[22m | Vor-Neuimport-Operationen ausführen …[39m[0m
[   0% ] [90m[1mreimport[22m | coin.wav[39m[0m
[  10% ] [90m[1mreimport[22m | jackpot.wav[39m[0m
[  20% ] [90m[1mreimport[22m | lose.wav[39m[0m
[  30% ] [90m[1mreimport[22m | tick_1.wav[39m[0m
[  40% ] [90m[1mreimport[22m | tick_2.wav[39m[0m
[  50% ] [90m[1mreimport[22m | tick_3.wav[39m[0m
[  60% ] [90m[1mreimport[22m | win.wav[39m[0m
[  70% ] [90m[1mreimport[22m | fortune_prize_counter.glb[39m[0m
[   0% ] [90m[1mimport[22m | Started Szene importieren (104 steps)[39m[0m
[   0% ] [90m[1mimport[22m | Importiere Szene…[39m[0m
[   1% ] [90m[1mimport[22m | Eigenes Skript wird ausgeführt …[39m[0m
[  99% ] [90m[1mimport[22m | Speichern …[39m[0m
[92m[ DONE ][39m [1mimport[22m
[0m
[  80% ] [90m[1mreimport[22m | fortune_wheel.glb[39m[0m
[   0% ] [90m[1mimport[22m | Started Szene importieren (104 steps)[39m[0m
[   0% ] [90m[1mimport[22m | Importiere Szene…[39m[0m
[   1% ] [90m[1mimport[22m | Eigenes Skript wird ausgeführt …[39m[0m
[  99% ] [90m[1mimport[22m | Speichern …[39m[0m
[92m[ DONE ][39m [1mimport[22m
[0m
[  90% ] [90m[1mreimport[22m | Asset-Import fertigstellen …[39m[0m
[92m[ DONE ][39m [1mreimport[22m
[0m
[   0% ] [90m[1mreimport[22m | Started Assets (erneut) importieren (9 steps)[39m[0m
[   0% ] [90m[1mreimport[22m | Nach-Neuimport-Operationen ausführen …[39m[0m
[92m[ DONE ][39m [1mreimport[22m
[0m
[   0% ] [90m[1mloading_editor_layout[22m | Started Editor laden (5 steps)[39m[0m
[   0% ] [90m[1mloading_editor_layout[22m | Editor-Layout laden …[39m[0m
[  16% ] [90m[1mloading_editor_layout[22m | Docks laden …[39m[0m
[  33% ] [90m[1mloading_editor_layout[22m | Öffne Szenen neu…[39m[0m
SCRIPT ERROR: Parse Error: Cannot infer the type of "booth" variable because the value doesn't have a set type.
   at: GDScript::reload (res://scripts/fortune_wheels.gd:147)
SCRIPT ERROR: Compile Error: Failed to compile depended scripts.
   at: GDScript::reload (res://scripts/main.gd:0)
ERROR: Failed to load script "res://scripts/main.gd" with error "Parse error".
   at: load (modules/gdscript/gdscript_resource_format.cpp:46)
[  50% ] [90m[1mloading_editor_layout[22m | Zentrales Editor-Layout laden …[39m[0m
[  66% ] [90m[1mloading_editor_layout[22m | Pluginfensterlayout laden …[39m[0m
[  83% ] [90m[1mloading_editor_layout[22m | Editorlayout bereit.[39m[0m
[92m[ DONE ][39m [1mloading_editor_layout[22m
[0m
