Godot Engine v4.7.2.stable.official.ed1daf0bf - https://godotengine.org
Vulkan 1.3.277 - Forward+ - Using Device #0: NVIDIA - NVIDIA GeForce RTX 3060 Ti

ERROR: Failed to read the root certificate store.
   at: get_system_ca_certificates (platform/windows/os_windows.cpp:2582)
COOP_LOAD BOOT exe=C:/Users/miche/Desktop/Godot.exe
COOP_LOAD NETWORK_INITIALIZED
RENDER_OPTIMIZER { "source_meshes": 672, "batches": 19, "removed_render_nodes": 45 }
COOP_LOAD MAP_READY
FRAME_PACING_STAGE {"action_ms":0.521,"alive":0,"average_fps":346.125297357644,"frames":692,"max_ms":4.36,"nodes":16214,"over_33ms":0,"over_50ms":0,"p95_ms":3.546,"p99_ms":3.927,"stage":"first_surface_steps"}
FRAME_PACING_STAGE {"action_ms":0.137,"alive":0,"average_fps":340.713968372137,"frames":681,"max_ms":5.274,"nodes":16217,"over_33ms":0,"over_50ms":0,"p95_ms":3.66,"p99_ms":4.156,"stage":"first_bullet_mark"}
FRAME_PACING_STAGE {"action_ms":0.0,"alive":72,"average_fps":178.43200616584,"frames":889,"max_ms":9.793,"nodes":16868,"over_33ms":0,"over_50ms":0,"p95_ms":7.172,"p99_ms":8.804,"stage":"moving_horde_72"}
FRAME_PACING_STAGE {"action_ms":1.291,"alive":72,"average_fps":160.683017957453,"frames":321,"max_ms":12.214,"nodes":16975,"over_33ms":0,"over_50ms":0,"p95_ms":9.091,"p99_ms":10.626,"stage":"first_tower_standard"}
FRAME_PACING_STAGE {"action_ms":1.695,"alive":72,"average_fps":149.491553727214,"frames":299,"max_ms":12.625,"nodes":17074,"over_33ms":0,"over_50ms":0,"p95_ms":9.576,"p99_ms":10.484,"stage":"first_tower_flame"}
FRAME_PACING_STAGE {"action_ms":1.188,"alive":72,"average_fps":139.132216793108,"frames":277,"max_ms":13.666,"nodes":17176,"over_33ms":0,"over_50ms":0,"p95_ms":10.441,"p99_ms":11.71,"stage":"first_tower_mortar"}
FRAME_PACING_STAGE {"action_ms":1.233,"alive":72,"average_fps":136.427210357315,"frames":274,"max_ms":13.228,"nodes":17271,"over_33ms":0,"over_50ms":0,"p95_ms":10.59,"p99_ms":11.903,"stage":"first_tower_mg42"}
FRAME_PACING_STAGE {"action_ms":1.166,"alive":72,"average_fps":117.315046284058,"frames":233,"max_ms":17.316,"nodes":17373,"over_33ms":0,"over_50ms":0,"p95_ms":13.614,"p99_ms":15.714,"stage":"first_tower_tesla"}
FRAME_PACING_STAGE {"action_ms":0.0,"alive":72,"average_fps":117.000878048642,"frames":1403,"max_ms":21.643,"nodes":17420,"over_33ms":0,"over_50ms":0,"p95_ms":12.778,"p99_ms":15.794,"stage":"combat_72_five_towers"}
FRAME_PACING_STAGE {"action_ms":0.07,"alive":72,"average_fps":108.614622160215,"frames":652,"max_ms":34.886,"nodes":17506,"over_33ms":1,"over_50ms":0,"p95_ms":14.63,"p99_ms":18.157,"stage":"first_fire"}
FRAME_PACING_STAGE {"action_ms":0.06,"alive":72,"average_fps":117.58030734992,"frames":705,"max_ms":14.52,"nodes":17519,"over_33ms":0,"over_50ms":0,"p95_ms":11.846,"p99_ms":13.066,"stage":"first_frost"}
FRAME_PACING_STAGE {"action_ms":0.305,"alive":72,"average_fps":113.111147798817,"frames":903,"max_ms":65.01,"nodes":17533,"over_33ms":1,"over_50ms":1,"p95_ms":13.101,"p99_ms":16.61,"stage":"build_perimeter_in_combat"}
FRAME_PACING_STAGE {"action_ms":0.386,"alive":72,"average_fps":124.614509086464,"frames":995,"max_ms":43.641,"nodes":17504,"over_33ms":1,"over_50ms":0,"p95_ms":12.18,"p99_ms":15.462,"stage":"destroy_perimeter_in_combat"}
FRAME_PACING_STAGE {"action_ms":64.304,"alive":0,"average_fps":189.832327010705,"frames":569,"max_ms":76.969,"nodes":17710,"over_33ms":1,"over_50ms":1,"p95_ms":6.942,"p99_ms":7.914,"stage":"mass_deaths"}
FRAME_PACING_STAGE {"action_ms":0.203,"alive":0,"average_fps":260.186519332293,"frames":779,"max_ms":9.668,"nodes":17190,"over_33ms":0,"over_50ms":0,"p95_ms":5.374,"p99_ms":6.857,"stage":"corpse_cleanup"}
FRAME_PACING_DONE stages=15
