Godot Engine v4.7.2.stable.official.ed1daf0bf - https://godotengine.org
Vulkan 1.3.277 - Forward+ - Using Device #0: NVIDIA - NVIDIA GeForce RTX 3060 Ti

ERROR: Failed to read the root certificate store.
   at: get_system_ca_certificates (platform/windows/os_windows.cpp:2582)
COOP_LOAD BOOT exe=C:/Users/miche/Desktop/Godot.exe
COOP_LOAD NETWORK_INITIALIZED
RENDER_OPTIMIZER { "source_meshes": 672, "batches": 19, "removed_render_nodes": 45 }
NAVIGATION_BAKE worker_ms=894.908 publish_ms=0.219
COOP_LOAD MAP_READY
FRAME_PACING_STAGE {"action_ms":0.865,"alive":0,"average_fps":12.3257447831285,"frames":24,"max_ms":120.655,"nodes":16240,"over_33ms":24,"over_50ms":24,"p95_ms":119.171,"p99_ms":120.655,"stage":"first_surface_steps"}
FRAME_PACING_STAGE {"action_ms":0.363,"alive":0,"average_fps":54.1266737780266,"frames":106,"max_ms":74.753,"nodes":16242,"over_33ms":23,"over_50ms":14,"p95_ms":59.614,"p99_ms":74.317,"stage":"first_bullet_mark"}
FRAME_PACING_STAGE {"action_ms":0.001,"alive":72,"average_fps":79.1981061427054,"frames":395,"max_ms":21.209,"nodes":16892,"over_33ms":0,"over_50ms":0,"p95_ms":17.35,"p99_ms":19.864,"stage":"moving_horde_72"}
FRAME_PACING_STAGE {"action_ms":1.588,"alive":72,"average_fps":54.0977375282174,"frames":114,"max_ms":138.636,"nodes":17000,"over_33ms":4,"over_50ms":4,"p95_ms":19.529,"p99_ms":136.48,"stage":"first_tower_standard"}
FRAME_PACING_STAGE {"action_ms":1.342,"alive":72,"average_fps":8.27250608272506,"frames":17,"max_ms":172.979,"nodes":17099,"over_33ms":17,"over_50ms":17,"p95_ms":172.979,"p99_ms":172.979,"stage":"first_tower_flame"}
FRAME_PACING_STAGE {"action_ms":1.435,"alive":72,"average_fps":10.6768994070584,"frames":20,"max_ms":134.745,"nodes":17201,"over_33ms":20,"over_50ms":20,"p95_ms":134.745,"p99_ms":134.745,"stage":"first_tower_mortar"}
FRAME_PACING_STAGE {"action_ms":1.65,"alive":72,"average_fps":12.7140796735431,"frames":25,"max_ms":108.271,"nodes":17297,"over_33ms":25,"over_50ms":24,"p95_ms":106.931,"p99_ms":108.271,"stage":"first_tower_mg42"}
FRAME_PACING_STAGE {"action_ms":1.28,"alive":72,"average_fps":10.9449277295998,"frames":21,"max_ms":137.315,"nodes":17398,"over_33ms":21,"over_50ms":21,"p95_ms":117.399,"p99_ms":137.315,"stage":"first_tower_tesla"}
FRAME_PACING_STAGE {"action_ms":0.001,"alive":72,"average_fps":44.3200783440189,"frames":562,"max_ms":224.801,"nodes":17440,"over_33ms":41,"over_50ms":41,"p95_ms":118.863,"p99_ms":171.427,"stage":"combat_72_five_towers"}
FRAME_PACING_STAGE {"action_ms":0.641,"alive":72,"average_fps":7.01259342415687,"frames":47,"max_ms":220.236,"nodes":17531,"over_33ms":46,"over_50ms":46,"p95_ms":190.049,"p99_ms":220.236,"stage":"first_fire"}
FRAME_PACING_STAGE {"action_ms":0.056,"alive":72,"average_fps":31.7673699931838,"frames":208,"max_ms":246.526,"nodes":17564,"over_33ms":25,"over_50ms":24,"p95_ms":168.399,"p99_ms":199.243,"stage":"first_frost"}
NAVIGATION_BAKE worker_ms=885.229 publish_ms=0.142
FRAME_PACING_STAGE {"action_ms":1.292,"alive":72,"average_fps":74.1803292530817,"frames":593,"max_ms":32.142,"nodes":17579,"over_33ms":0,"over_50ms":0,"p95_ms":18.259,"p99_ms":20.605,"stage":"build_perimeter_in_combat"}
NAVIGATION_BAKE worker_ms=806.303 publish_ms=0.113
FRAME_PACING_STAGE {"action_ms":0.472,"alive":72,"average_fps":14.8363602039287,"frames":127,"max_ms":203.704,"nodes":17548,"over_33ms":65,"over_50ms":65,"p95_ms":170.194,"p99_ms":203.378,"stage":"destroy_perimeter_in_combat"}
FRAME_PACING_STAGE {"action_ms":13.358,"alive":0,"average_fps":9.76689124903383,"frames":29,"max_ms":139.225,"nodes":17738,"over_33ms":29,"over_50ms":29,"p95_ms":138.813,"p99_ms":139.225,"score_cpu_ms":6.809,"stage":"mass_deaths"}
FRAME_PACING_STAGE {"action_ms":0.763,"alive":0,"average_fps":9.32626443938892,"frames":30,"max_ms":218.076,"nodes":17210,"over_33ms":30,"over_50ms":30,"p95_ms":207.419,"p99_ms":218.076,"stage":"corpse_cleanup"}
FRAME_PACING_STAGE {"action_ms":2.276,"alive":0,"average_fps":89.687926782038,"frames":132,"max_ms":201.02,"nodes":17211,"over_33ms":1,"over_50ms":1,"p95_ms":12.216,"p99_ms":31.889,"stage":"weapon_knife"}
FRAME_PACING_STAGE {"action_ms":1.675,"alive":0,"average_fps":107.467402104119,"frames":163,"max_ms":11.378,"nodes":17212,"over_33ms":0,"over_50ms":0,"p95_ms":10.814,"p99_ms":11.361,"stage":"weapon_hatchet"}
FRAME_PACING_STAGE {"action_ms":2.443,"alive":0,"average_fps":105.838653354816,"frames":157,"max_ms":11.678,"nodes":17214,"over_33ms":0,"over_50ms":0,"p95_ms":11.152,"p99_ms":11.63,"stage":"weapon_pistol"}
FRAME_PACING_STAGE {"action_ms":2.027,"alive":0,"average_fps":103.988699894611,"frames":156,"max_ms":14.73,"nodes":17216,"over_33ms":0,"over_50ms":0,"p95_ms":11.884,"p99_ms":13.302,"stage":"weapon_revolver"}
FRAME_PACING_STAGE {"action_ms":1.624,"alive":0,"average_fps":93.0516699740466,"frames":138,"max_ms":14.169,"nodes":17217,"over_33ms":0,"over_50ms":0,"p95_ms":13.352,"p99_ms":14.101,"stage":"weapon_smg"}
FRAME_PACING_STAGE {"action_ms":1.467,"alive":0,"average_fps":107.168357470773,"frames":160,"max_ms":11.196,"nodes":17219,"over_33ms":0,"over_50ms":0,"p95_ms":10.837,"p99_ms":11.16,"stage":"weapon_ak47"}
FRAME_PACING_STAGE {"action_ms":2.364,"alive":0,"average_fps":107.48266257921,"frames":161,"max_ms":11.182,"nodes":17225,"over_33ms":0,"over_50ms":0,"p95_ms":10.68,"p99_ms":11.173,"stage":"weapon_shotgun"}
FRAME_PACING_STAGE {"action_ms":1.909,"alive":0,"average_fps":107.125736154668,"frames":160,"max_ms":11.246,"nodes":17226,"over_33ms":0,"over_50ms":0,"p95_ms":10.756,"p99_ms":11.235,"stage":"weapon_marksman"}
FRAME_PACING_STAGE {"action_ms":1.369,"alive":0,"average_fps":90.5729645738944,"frames":135,"max_ms":14.682,"nodes":17227,"over_33ms":0,"over_50ms":0,"p95_ms":13.099,"p99_ms":13.529,"stage":"weapon_lmg"}
FRAME_PACING_STAGE {"action_ms":2.628,"alive":0,"average_fps":107.650183707379,"frames":161,"max_ms":17.038,"nodes":17234,"over_33ms":0,"over_50ms":0,"p95_ms":10.672,"p99_ms":11.327,"stage":"weapon_breacher"}
FRAME_PACING_STAGE {"action_ms":1.647,"alive":0,"average_fps":107.418579037861,"frames":162,"max_ms":11.518,"nodes":17235,"over_33ms":0,"over_50ms":0,"p95_ms":10.796,"p99_ms":11.333,"stage":"weapon_titanbreaker"}
FRAME_PACING_STAGE {"action_ms":2.512,"alive":0,"average_fps":67.834052812143,"frames":346,"max_ms":156.389,"nodes":17239,"over_33ms":21,"over_50ms":20,"p95_ms":68.122,"p99_ms":132.456,"stage":"first_grenade"}
FRAME_PACING_STAGE {"action_ms":6.374,"alive":1,"average_fps":13.6145871729411,"frames":54,"max_ms":146.663,"nodes":17254,"over_33ms":54,"over_50ms":43,"p95_ms":116.642,"p99_ms":146.663,"stage":"first_titan"}
FRAME_PACING_STAGE {"action_ms":0.875,"alive":1,"average_fps":13.3308415559054,"frames":53,"max_ms":117.548,"nodes":17254,"over_33ms":52,"over_50ms":49,"p95_ms":111.394,"p99_ms":117.548,"stage":"titan_strike"}
FRAME_PACING_STAGE {"action_ms":0.459,"alive":0,"average_fps":13.635102207122,"frames":68,"max_ms":125.135,"nodes":17265,"over_33ms":63,"over_50ms":62,"p95_ms":113.415,"p99_ms":125.135,"stage":"first_fw_ruby"}
FRAME_PACING_STAGE {"action_ms":0.483,"alive":0,"average_fps":14.2732474512704,"frames":71,"max_ms":111.683,"nodes":17165,"over_33ms":70,"over_50ms":61,"p95_ms":98.9,"p99_ms":111.683,"stage":"first_fw_gold"}
FRAME_PACING_STAGE {"action_ms":0.437,"alive":0,"average_fps":13.7035025547964,"frames":68,"max_ms":127.168,"nodes":17163,"over_33ms":63,"over_50ms":51,"p95_ms":121.079,"p99_ms":127.168,"stage":"first_fw_cracker"}
FRAME_PACING_STAGE {"action_ms":0.033,"alive":0,"average_fps":6.84585486998317,"frames":39,"max_ms":199.455,"nodes":17147,"over_33ms":39,"over_50ms":39,"p95_ms":195.539,"p99_ms":199.455,"stage":"view_clearing"}
FRAME_PACING_STAGE {"action_ms":0.022,"alive":0,"average_fps":8.61899454016762,"frames":43,"max_ms":140.735,"nodes":17149,"over_33ms":43,"over_50ms":43,"p95_ms":135.499,"p99_ms":140.735,"stage":"view_hut"}
FRAME_PACING_STAGE {"action_ms":0.027,"alive":0,"average_fps":10.2041316120732,"frames":50,"max_ms":121.022,"nodes":17147,"over_33ms":50,"over_50ms":50,"p95_ms":116.71,"p99_ms":121.022,"stage":"view_junction"}
FRAME_PACING_STAGE {"action_ms":0.024,"alive":0,"average_fps":11.4710193751555,"frames":57,"max_ms":137.422,"nodes":17147,"over_33ms":57,"over_50ms":56,"p95_ms":127.665,"p99_ms":137.422,"stage":"view_forest_road"}
FRAME_PACING_STAGE {"action_ms":0.023,"alive":0,"average_fps":17.5221080666952,"frames":87,"max_ms":88.644,"nodes":17147,"over_33ms":87,"over_50ms":58,"p95_ms":77.871,"p99_ms":88.644,"stage":"view_sennhof"}
FRAME_PACING_DONE stages=37
