Godot Engine v4.7.2.stable.official.ed1daf0bf - https://godotengine.org
Vulkan 1.3.277 - Forward+ - Using Device #0: NVIDIA - NVIDIA GeForce RTX 3060 Ti

ERROR: Failed to read the root certificate store.
   at: get_system_ca_certificates (platform/windows/os_windows.cpp:2582)
COOP_LOAD BOOT exe=C:/Users/miche/Desktop/Godot.exe
COOP_LOAD NETWORK_INITIALIZED
RENDER_OPTIMIZER { "source_meshes": 672, "batches": 19, "removed_render_nodes": 45 }
COOP_LOAD MAP_READY
FRAME_PACING_STAGE {"action_ms":49.238,"alive":0,"average_fps":335.452030359658,"frames":671,"max_ms":53.758,"nodes":15622,"over_33ms":1,"over_50ms":1,"p95_ms":3.732,"p99_ms":5.073,"stage":"first_surface_steps"}
FRAME_PACING_STAGE {"action_ms":3.225,"alive":0,"average_fps":338.675318585259,"frames":676,"max_ms":13.791,"nodes":15625,"over_33ms":0,"over_50ms":0,"p95_ms":3.816,"p99_ms":4.542,"stage":"first_bullet_mark"}
FRAME_PACING_STAGE {"action_ms":0.0,"alive":72,"average_fps":180.153657888204,"frames":902,"max_ms":12.065,"nodes":16276,"over_33ms":0,"over_50ms":0,"p95_ms":7.572,"p99_ms":8.403,"stage":"moving_horde_72"}
FRAME_PACING_STAGE {"action_ms":222.961,"alive":72,"average_fps":135.201673432344,"frames":282,"max_ms":253.991,"nodes":16379,"over_33ms":1,"over_50ms":1,"p95_ms":9.493,"p99_ms":14.123,"stage":"first_tower_standard"}
FRAME_PACING_STAGE {"action_ms":103.7,"alive":72,"average_fps":139.136910720149,"frames":278,"max_ms":128.486,"nodes":16479,"over_33ms":1,"over_50ms":1,"p95_ms":9.824,"p99_ms":11.782,"stage":"first_tower_flame"}
FRAME_PACING_STAGE {"action_ms":7.497,"alive":72,"average_fps":138.522371362975,"frames":277,"max_ms":14.47,"nodes":16582,"over_33ms":0,"over_50ms":0,"p95_ms":10.723,"p99_ms":13.213,"stage":"first_tower_mortar"}
FRAME_PACING_STAGE {"action_ms":7.277,"alive":72,"average_fps":131.91745277932,"frames":263,"max_ms":17.756,"nodes":16677,"over_33ms":0,"over_50ms":0,"p95_ms":10.994,"p99_ms":12.878,"stage":"first_tower_mg42"}
FRAME_PACING_STAGE {"action_ms":80.167,"alive":72,"average_fps":122.425748783363,"frames":245,"max_ms":102.959,"nodes":16778,"over_33ms":1,"over_50ms":1,"p95_ms":11.591,"p99_ms":12.434,"stage":"first_tower_tesla"}
FRAME_PACING_STAGE {"action_ms":0.0,"alive":72,"average_fps":122.127299161032,"frames":1465,"max_ms":20.781,"nodes":16812,"over_33ms":0,"over_50ms":0,"p95_ms":11.568,"p99_ms":13.6,"stage":"combat_72_five_towers"}
FRAME_PACING_STAGE {"action_ms":0.079,"alive":72,"average_fps":94.0218037030557,"frames":603,"max_ms":299.044,"nodes":16906,"over_33ms":4,"over_50ms":3,"p95_ms":13.556,"p99_ms":17.288,"stage":"first_fire"}
FRAME_PACING_STAGE {"action_ms":0.064,"alive":72,"average_fps":115.255567127444,"frames":691,"max_ms":96.347,"nodes":16937,"over_33ms":1,"over_50ms":1,"p95_ms":11.802,"p99_ms":13.642,"stage":"first_frost"}
FRAME_PACING_STAGE {"action_ms":0.354,"alive":72,"average_fps":122.669375459386,"frames":983,"max_ms":200.922,"nodes":16944,"over_33ms":1,"over_50ms":1,"p95_ms":11.299,"p99_ms":13.668,"stage":"build_perimeter_in_combat"}
FRAME_PACING_STAGE {"action_ms":29.91,"alive":72,"average_fps":124.867468510219,"frames":1002,"max_ms":203.651,"nodes":16917,"over_33ms":1,"over_50ms":1,"p95_ms":11.112,"p99_ms":13.634,"stage":"destroy_perimeter_in_combat"}
FRAME_PACING_STAGE {"action_ms":79.763,"alive":0,"average_fps":167.813447495409,"frames":503,"max_ms":99.011,"nodes":17056,"over_33ms":1,"over_50ms":1,"p95_ms":7.267,"p99_ms":7.933,"stage":"mass_deaths"}
FRAME_PACING_STAGE {"action_ms":0.219,"alive":0,"average_fps":224.355469739681,"frames":673,"max_ms":10.771,"nodes":16540,"over_33ms":0,"over_50ms":0,"p95_ms":5.985,"p99_ms":7.095,"stage":"corpse_cleanup"}
FRAME_PACING_DONE stages=15
