Godot Engine v4.7.2.stable.official.ed1daf0bf - https://godotengine.org
Vulkan 1.3.277 - Forward+ - Using Device #0: NVIDIA - NVIDIA GeForce RTX 3060 Ti

ERROR: Failed to read the root certificate store.
   at: get_system_ca_certificates (platform/windows/os_windows.cpp:2582)
COOP_LOAD BOOT exe=C:/Users/miche/Desktop/Godot.exe
COOP_LOAD NETWORK_INITIALIZED
RENDER_OPTIMIZER { "source_meshes": 672, "batches": 19, "removed_render_nodes": 45 }
NAVIGATION_BAKE worker_ms=898.894 publish_ms=0.191
COOP_LOAD MAP_READY
FRAME_PACING_STAGE {"action_ms":0.372,"alive":0,"average_fps":336.100594808293,"frames":674,"max_ms":5.663,"nodes":16286,"over_33ms":0,"over_50ms":0,"p95_ms":3.939,"p99_ms":4.34,"stage":"first_surface_steps"}
FRAME_PACING_STAGE {"action_ms":0.432,"alive":0,"average_fps":304.775469497558,"frames":606,"max_ms":6.618,"nodes":16288,"over_33ms":0,"over_50ms":0,"p95_ms":4.352,"p99_ms":5.177,"stage":"first_bullet_mark"}
FRAME_PACING_STAGE {"action_ms":0.0,"alive":72,"average_fps":161.667056125146,"frames":806,"max_ms":11.765,"nodes":16938,"over_33ms":0,"over_50ms":0,"p95_ms":9.127,"p99_ms":10.827,"stage":"moving_horde_72"}
FRAME_PACING_STAGE {"action_ms":1.149,"alive":72,"average_fps":156.83728132063,"frames":314,"max_ms":12.574,"nodes":17042,"over_33ms":0,"over_50ms":0,"p95_ms":9.095,"p99_ms":10.63,"stage":"first_tower_standard"}
FRAME_PACING_STAGE {"action_ms":1.35,"alive":72,"average_fps":144.742575329776,"frames":290,"max_ms":13.806,"nodes":17143,"over_33ms":0,"over_50ms":0,"p95_ms":9.792,"p99_ms":11.682,"stage":"first_tower_flame"}
FRAME_PACING_STAGE {"action_ms":1.223,"alive":72,"average_fps":142.935882975133,"frames":285,"max_ms":13.822,"nodes":17246,"over_33ms":0,"over_50ms":0,"p95_ms":10.109,"p99_ms":12.661,"stage":"first_tower_mortar"}
FRAME_PACING_STAGE {"action_ms":1.769,"alive":72,"average_fps":139.866099515482,"frames":279,"max_ms":12.391,"nodes":17343,"over_33ms":0,"over_50ms":0,"p95_ms":10.677,"p99_ms":11.318,"stage":"first_tower_mg42"}
FRAME_PACING_STAGE {"action_ms":1.274,"alive":72,"average_fps":127.455078357275,"frames":254,"max_ms":14.568,"nodes":17443,"over_33ms":0,"over_50ms":0,"p95_ms":10.996,"p99_ms":13.278,"stage":"first_tower_tesla"}
FRAME_PACING_STAGE {"action_ms":0.0,"alive":72,"average_fps":123.749525626818,"frames":1485,"max_ms":19.151,"nodes":17494,"over_33ms":0,"over_50ms":0,"p95_ms":11.753,"p99_ms":13.849,"stage":"combat_72_five_towers"}
FRAME_PACING_STAGE {"action_ms":0.333,"alive":72,"average_fps":112.882347204726,"frames":676,"max_ms":16.36,"nodes":17593,"over_33ms":0,"over_50ms":0,"p95_ms":13.081,"p99_ms":14.769,"stage":"first_fire"}
FRAME_PACING_STAGE {"action_ms":0.042,"alive":72,"average_fps":120.547848229257,"frames":722,"max_ms":17.187,"nodes":17613,"over_33ms":0,"over_50ms":0,"p95_ms":11.721,"p99_ms":13.591,"stage":"first_frost"}
NAVIGATION_BAKE worker_ms=735.39 publish_ms=0.122
FRAME_PACING_STAGE {"action_ms":0.342,"alive":72,"average_fps":122.667671373308,"frames":980,"max_ms":25.029,"nodes":17627,"over_33ms":0,"over_50ms":0,"p95_ms":11.856,"p99_ms":14.079,"stage":"build_perimeter_in_combat"}
NAVIGATION_BAKE worker_ms=731.359 publish_ms=0.125
FRAME_PACING_STAGE {"action_ms":0.42,"alive":72,"average_fps":122.765038717243,"frames":982,"max_ms":24.924,"nodes":17596,"over_33ms":0,"over_50ms":0,"p95_ms":11.983,"p99_ms":15.013,"stage":"destroy_perimeter_in_combat"}
FRAME_PACING_STAGE {"action_ms":9.23,"alive":0,"average_fps":195.357178040517,"frames":585,"max_ms":23.448,"nodes":17820,"over_33ms":0,"over_50ms":0,"p95_ms":6.606,"p99_ms":7.538,"score_cpu_ms":5.015,"stage":"mass_deaths"}
FRAME_PACING_STAGE {"action_ms":0.201,"alive":0,"average_fps":278.800397924204,"frames":836,"max_ms":9.738,"nodes":17304,"over_33ms":0,"over_50ms":0,"p95_ms":4.668,"p99_ms":5.664,"stage":"corpse_cleanup"}
FRAME_PACING_STAGE {"action_ms":0.829,"alive":0,"average_fps":276.98519964626,"frames":415,"max_ms":7.831,"nodes":17305,"over_33ms":0,"over_50ms":0,"p95_ms":4.581,"p99_ms":5.163,"stage":"weapon_knife"}
FRAME_PACING_STAGE {"action_ms":1.569,"alive":0,"average_fps":282.40044382935,"frames":423,"max_ms":5.757,"nodes":17306,"over_33ms":0,"over_50ms":0,"p95_ms":4.513,"p99_ms":4.955,"stage":"weapon_hatchet"}
FRAME_PACING_STAGE {"action_ms":1.636,"alive":0,"average_fps":277.805231820452,"frames":416,"max_ms":6.408,"nodes":17308,"over_33ms":0,"over_50ms":0,"p95_ms":4.586,"p99_ms":5.134,"stage":"weapon_pistol"}
FRAME_PACING_STAGE {"action_ms":1.321,"alive":0,"average_fps":281.286246505636,"frames":421,"max_ms":5.628,"nodes":17310,"over_33ms":0,"over_50ms":0,"p95_ms":4.494,"p99_ms":4.842,"stage":"weapon_revolver"}
FRAME_PACING_STAGE {"action_ms":1.283,"alive":0,"average_fps":277.761085404857,"frames":416,"max_ms":5.939,"nodes":17311,"over_33ms":0,"over_50ms":0,"p95_ms":4.689,"p99_ms":5.607,"stage":"weapon_smg"}
FRAME_PACING_STAGE {"action_ms":1.32,"alive":0,"average_fps":271.653646296221,"frames":405,"max_ms":6.143,"nodes":17312,"over_33ms":0,"over_50ms":0,"p95_ms":4.785,"p99_ms":5.324,"stage":"weapon_ak47"}
FRAME_PACING_STAGE {"action_ms":1.791,"alive":0,"average_fps":276.520780803847,"frames":414,"max_ms":7.029,"nodes":17318,"over_33ms":0,"over_50ms":0,"p95_ms":4.683,"p99_ms":5.306,"stage":"weapon_shotgun"}
FRAME_PACING_STAGE {"action_ms":1.412,"alive":0,"average_fps":281.967007187486,"frames":422,"max_ms":6.318,"nodes":17319,"over_33ms":0,"over_50ms":0,"p95_ms":4.488,"p99_ms":4.91,"stage":"weapon_marksman"}
FRAME_PACING_STAGE {"action_ms":1.327,"alive":0,"average_fps":277.101860912185,"frames":416,"max_ms":7.506,"nodes":17321,"over_33ms":0,"over_50ms":0,"p95_ms":4.647,"p99_ms":5.402,"stage":"weapon_lmg"}
FRAME_PACING_STAGE {"action_ms":2.597,"alive":0,"average_fps":276.084794394267,"frames":410,"max_ms":10.072,"nodes":17323,"over_33ms":0,"over_50ms":0,"p95_ms":4.633,"p99_ms":5.13,"stage":"weapon_breacher"}
FRAME_PACING_STAGE {"action_ms":1.288,"alive":0,"average_fps":273.710961224947,"frames":411,"max_ms":6.275,"nodes":17324,"over_33ms":0,"over_50ms":0,"p95_ms":4.535,"p99_ms":4.959,"stage":"weapon_titanbreaker"}
FRAME_PACING_STAGE {"action_ms":8.31,"alive":0,"average_fps":255.352956420896,"frames":1276,"max_ms":14.959,"nodes":17328,"over_33ms":0,"over_50ms":0,"p95_ms":5.171,"p99_ms":6.09,"stage":"first_grenade"}
TITAN_SPAWN_MS navigation=0.925 setup=0.421 ready=0.892
FRAME_PACING_STAGE {"action_ms":2.403,"alive":1,"average_fps":228.849263367986,"frames":915,"max_ms":8.82,"nodes":17343,"over_33ms":0,"over_50ms":0,"p95_ms":5.892,"p99_ms":7.043,"stage":"first_titan"}
FRAME_PACING_STAGE {"action_ms":1.109,"alive":1,"average_fps":222.404832396169,"frames":888,"max_ms":8.06,"nodes":17343,"over_33ms":0,"over_50ms":0,"p95_ms":5.803,"p99_ms":6.351,"stage":"titan_strike"}
FRAME_PACING_STAGE {"action_ms":0.448,"alive":0,"average_fps":251.459294101549,"frames":1257,"max_ms":9.001,"nodes":17355,"over_33ms":0,"over_50ms":0,"p95_ms":5.508,"p99_ms":6.376,"stage":"first_fw_ruby"}
FRAME_PACING_STAGE {"action_ms":0.489,"alive":0,"average_fps":258.940662335368,"frames":1293,"max_ms":7.227,"nodes":17224,"over_33ms":0,"over_50ms":0,"p95_ms":5.337,"p99_ms":6.043,"stage":"first_fw_gold"}
FRAME_PACING_STAGE {"action_ms":0.549,"alive":0,"average_fps":268.933821469563,"frames":1344,"max_ms":7.194,"nodes":17222,"over_33ms":0,"over_50ms":0,"p95_ms":5.04,"p99_ms":5.817,"stage":"first_fw_cracker"}
FRAME_PACING_STAGE {"action_ms":0.02,"alive":0,"average_fps":119.443624406926,"frames":598,"max_ms":12.053,"nodes":17206,"over_33ms":0,"over_50ms":0,"p95_ms":10.304,"p99_ms":11.433,"stage":"view_clearing"}
FRAME_PACING_STAGE {"action_ms":0.044,"alive":0,"average_fps":130.688874688612,"frames":652,"max_ms":15.356,"nodes":17206,"over_33ms":0,"over_50ms":0,"p95_ms":9.185,"p99_ms":10.377,"stage":"view_hut"}
FRAME_PACING_STAGE {"action_ms":0.032,"alive":0,"average_fps":163.426018946189,"frames":815,"max_ms":9.994,"nodes":17207,"over_33ms":0,"over_50ms":0,"p95_ms":7.564,"p99_ms":8.707,"stage":"view_junction"}
FRAME_PACING_STAGE {"action_ms":0.029,"alive":0,"average_fps":165.272356237561,"frames":826,"max_ms":11.633,"nodes":17206,"over_33ms":0,"over_50ms":0,"p95_ms":7.466,"p99_ms":8.453,"stage":"view_forest_road"}
FRAME_PACING_STAGE {"action_ms":0.02,"alive":0,"average_fps":200.504325465191,"frames":1001,"max_ms":9.893,"nodes":17206,"over_33ms":0,"over_50ms":0,"p95_ms":6.397,"p99_ms":7.253,"stage":"view_sennhof"}
FRAME_PACING_DONE stages=37
