Godot Engine v4.7.2.stable.official.ed1daf0bf - https://godotengine.org
Vulkan 1.3.277 - Forward+ - Using Device #0: NVIDIA - NVIDIA GeForce RTX 3060 Ti

ERROR: Failed to read the root certificate store.
   at: get_system_ca_certificates (platform/windows/os_windows.cpp:2582)
COOP_LOAD BOOT exe=C:/Users/miche/Desktop/Developement/RemZ/builds/windows/RemZ.exe
COOP_LOAD NETWORK_INITIALIZED
RENDER_OPTIMIZER { "source_meshes": 672, "batches": 19, "removed_render_nodes": 45 }
COOP_LOAD MAP_READY
FPS_SAMPLE 13.8 flags=["--autotest", "--smoke-test", "--no-intro", "--no-music"]
VIEW 0 fps=14
VIEW 1 fps=11
VIEW 2 fps=5
VIEW 3 fps=15
VIEW 4 fps=9
VIEW 5 fps=53
VIEW 6 fps=9
VIEW 7 fps=26
VIEW 8 fps=42
ZOMBIE at (14.60829, -0.467611, 46.96483)
ZOMBIE at (16.43707, -0.406829, 48.00735)
ZOMBIE at (18.70243, -0.265748, 48.71329)
ZOMBIE at (-59.05605, -7.146479, 78.80833)
ZOMBIE at (88.60023, 5.562887, 35.7633)
ZOMBIE at (22.1077, 0.037565, 50.3856)
ZOMBIE at (24.43975, 0.102737, 50.87217)
ZOMBIE at (27.33976, 0.284565, 51.03351)
ZOMBIE at (-86.04692, -10.46703, 88.91571)
ZOMBIE at (-77.48035, -5.976101, 29.41013)
ZOMBIE at (55.19736, 0.794616, 93.26573)
ZOMBIE at (101.6117, 6.563577, 32.9184)
AUTOTEST_DONE zombies=9 fps=42
