Godot Engine v4.7.2.stable.official.ed1daf0bf - https://godotengine.org
Vulkan 1.3.277 - Forward+ - Using Device #0: NVIDIA - NVIDIA GeForce RTX 3060 Ti

ERROR: Failed to read the root certificate store.
   at: get_system_ca_certificates (platform/windows/os_windows.cpp:2582)
COOP_LOAD BOOT exe=C:/Users/miche/Desktop/Godot.exe
COOP_LOAD NETWORK_INITIALIZED
ERROR: Condition "f.is_null()" is true.
   at: _save_to_cache (servers/rendering/renderer_rd/shader_rd.cpp:696)
   GDScript backtrace (most recent call first):
       [0] optimize (res://scripts/render_optimizer.gd:84)
       [1] _ready (res://scripts/main.gd:104)
       [2] run (res://tests/horde_performance.gd:37)
ERROR: Condition "f.is_null()" is true.
   at: _save_to_cache (servers/rendering/renderer_rd/shader_rd.cpp:696)
   GDScript backtrace (most recent call first):
       [0] optimize (res://scripts/render_optimizer.gd:84)
       [1] _ready (res://scripts/main.gd:104)
       [2] run (res://tests/horde_performance.gd:37)
ERROR: Condition "f.is_null()" is true.
   at: _save_to_cache (servers/rendering/renderer_rd/shader_rd.cpp:696)
   GDScript backtrace (most recent call first):
       [0] optimize (res://scripts/render_optimizer.gd:84)
       [1] _ready (res://scripts/main.gd:104)
       [2] run (res://tests/horde_performance.gd:37)
RENDER_OPTIMIZER { "source_meshes": 672, "batches": 19, "removed_render_nodes": 45 }
ERROR: Condition "f.is_null()" is true.
   at: _save_to_cache (servers/rendering/renderer_rd/shader_rd.cpp:696)
ERROR: Condition "f.is_null()" is true.
   at: _save_to_cache (servers/rendering/renderer_rd/shader_rd.cpp:696)
ERROR: Condition "f.is_null()" is true.
   at: _save_to_cache (servers/rendering/renderer_rd/shader_rd.cpp:696)
COOP_LOAD MAP_READY
HORDE_PERFORMANCE_STAGE {"alive":0,"average_fps":355.991104419926,"draw_calls":323.0,"frames":1781,"gpu_ms":2.08500003814697,"max_ms":4.733,"nodes":15622,"p95_ms":3.567,"p99_ms":4.091,"physics_p95_ms":0.847,"process_p95_ms":4.351,"render_cpu_ms":0.58899998664856,"spawn_max_ms":0.0,"spawn_p95_ms":0.0,"stage":"live_0"}
HORDE_PERFORMANCE_STAGE {"alive":72,"average_fps":72.5742939458285,"draw_calls":559.0,"frames":364,"gpu_ms":4.96299982070923,"max_ms":25.506,"nodes":20989,"p95_ms":16.8,"p99_ms":18.259,"physics_p95_ms":10.42,"process_p95_ms":11.175,"render_cpu_ms":0.848999977111816,"spawn_max_ms":88.023,"spawn_p95_ms":80.941,"stage":"live_72"}
HORDE_PERFORMANCE_STAGE {"alive":150,"average_fps":7.20728922472328,"draw_calls":772.0,"frames":38,"gpu_ms":22.8209991455078,"max_ms":142.85,"nodes":26790,"p95_ms":141.292,"p99_ms":142.85,"physics_p95_ms":19.615,"process_p95_ms":19.206,"render_cpu_ms":1.15199995040894,"spawn_max_ms":2.625,"spawn_p95_ms":2.154,"stage":"live_150"}
HORDE_PERFORMANCE_STAGE {"alive":300,"average_fps":3.47729391131327,"draw_calls":1112.0,"frames":38,"gpu_ms":33.8540000915527,"max_ms":317.417,"nodes":37950,"p95_ms":316.568,"p99_ms":317.417,"physics_p95_ms":43.078,"process_p95_ms":36.636,"render_cpu_ms":1.60099995136261,"spawn_max_ms":2.731,"spawn_p95_ms":2.089,"stage":"live_300"}
SCRIPT ERROR: Trying to assign value of type 'AudioStreamPlayer3D' to a variable of type 'zombie.gd'.
   at: run (res://tests/horde_performance.gd:65)
   GDScript backtrace (most recent call first):
       [0] run (res://tests/horde_performance.gd:65)
       [1] measure (res://tests/horde_performance.gd:102)
