Godot Engine v4.7.2.stable.official.ed1daf0bf - https://godotengine.org
Vulkan 1.3.277 - Forward+ - Using Device #0: NVIDIA - NVIDIA GeForce RTX 3060 Ti

ERROR: Failed to read the root certificate store.
   at: get_system_ca_certificates (platform/windows/os_windows.cpp:2582)
COOP_LOAD BOOT exe=C:/Users/miche/Desktop/Godot.exe
COOP_LOAD NETWORK_INITIALIZED
ERROR: Condition "f.is_null()" is true.
   at: _save_to_cache (servers/rendering/renderer_rd/shader_rd.cpp:696)
   GDScript backtrace (most recent call first):
       [0] optimize (res://scripts/render_optimizer.gd:84)
       [1] _ready (res://scripts/main.gd:104)
       [2] run (res://tests/horde_performance.gd:41)
ERROR: Condition "f.is_null()" is true.
   at: _save_to_cache (servers/rendering/renderer_rd/shader_rd.cpp:696)
   GDScript backtrace (most recent call first):
       [0] optimize (res://scripts/render_optimizer.gd:84)
       [1] _ready (res://scripts/main.gd:104)
       [2] run (res://tests/horde_performance.gd:41)
ERROR: Condition "f.is_null()" is true.
   at: _save_to_cache (servers/rendering/renderer_rd/shader_rd.cpp:696)
   GDScript backtrace (most recent call first):
       [0] optimize (res://scripts/render_optimizer.gd:84)
       [1] _ready (res://scripts/main.gd:104)
       [2] run (res://tests/horde_performance.gd:41)
RENDER_OPTIMIZER { "source_meshes": 672, "batches": 19, "removed_render_nodes": 45 }
ERROR: Condition "f.is_null()" is true.
   at: _save_to_cache (servers/rendering/renderer_rd/shader_rd.cpp:696)
ERROR: Condition "f.is_null()" is true.
   at: _save_to_cache (servers/rendering/renderer_rd/shader_rd.cpp:696)
ERROR: Condition "f.is_null()" is true.
   at: _save_to_cache (servers/rendering/renderer_rd/shader_rd.cpp:696)
COOP_LOAD MAP_READY
HORDE_PERFORMANCE_STAGE {"alive":0,"average_fps":356.241472544718,"draw_calls":323.0,"frames":1782,"gpu_ms":2.34999990463257,"max_ms":4.55,"nodes":15623,"p95_ms":3.476,"p99_ms":3.876,"physics_p95_ms":0.761,"process_p95_ms":4.808,"render_cpu_ms":0.497000008821487,"spawn_max_ms":0.0,"spawn_p95_ms":0.0,"stage":"live_0"}
HORDE_PERFORMANCE_STAGE {"alive":72,"average_fps":183.511657488085,"draw_calls":555.0,"frames":918,"gpu_ms":3.43799996376038,"max_ms":10.734,"nodes":16278,"p95_ms":7.414,"p99_ms":8.59,"physics_p95_ms":5.819,"process_p95_ms":6.892,"render_cpu_ms":0.982999980449677,"spawn_max_ms":2.543,"spawn_p95_ms":2.188,"stage":"live_72"}
HORDE_PERFORMANCE_STAGE {"alive":150,"average_fps":102.842021249883,"draw_calls":775.0,"frames":514,"gpu_ms":4.21799993515015,"max_ms":14.947,"nodes":16981,"p95_ms":12.893,"p99_ms":13.999,"physics_p95_ms":5.935,"process_p95_ms":10.277,"render_cpu_ms":1.192999958992,"spawn_max_ms":2.267,"spawn_p95_ms":2.102,"stage":"live_150"}
HORDE_PERFORMANCE_STAGE {"alive":300,"average_fps":45.5854929045882,"draw_calls":1110.0,"frames":229,"gpu_ms":7.23199987411499,"max_ms":38.285,"nodes":18331,"p95_ms":32.669,"p99_ms":34.883,"physics_p95_ms":14.056,"process_p95_ms":18.448,"render_cpu_ms":1.8860000371933,"spawn_max_ms":3.523,"spawn_p95_ms":2.616,"stage":"live_300"}
HORDE_PERFORMANCE_STAGE {"alive":300,"average_fps":18.9470514214629,"draw_calls":1539.0,"frames":227,"gpu_ms":15.8369998931885,"max_ms":132.603,"nodes":18934,"p95_ms":96.244,"p99_ms":125.254,"physics_p95_ms":104.814,"process_p95_ms":30.15,"render_cpu_ms":1.91999995708466,"spawn_max_ms":3.523,"spawn_p95_ms":2.616,"stage":"combat_300_six_towers"}
HORDE_PERFORMANCE_DONE {"cpu":"11th Gen Intel(R) Core(TM) i7-11700 @ 2.50GHz","gpu":"NVIDIA GeForce RTX 3060 Ti","profile":0,"rendered":true,"resolution":"(1600, 900)","scale":0.850000023841858,"scenes":[{"alive":0,"average_fps":356.241472544718,"draw_calls":323.0,"frames":1782,"gpu_ms":2.34999990463257,"max_ms":4.55,"nodes":15623,"p95_ms":3.476,"p99_ms":3.876,"physics_p95_ms":0.761,"process_p95_ms":4.808,"render_cpu_ms":0.497000008821487,"spawn_max_ms":0.0,"spawn_p95_ms":0.0,"stage":"live_0"},{"alive":72,"average_fps":183.511657488085,"draw_calls":555.0,"frames":918,"gpu_ms":3.43799996376038,"max_ms":10.734,"nodes":16278,"p95_ms":7.414,"p99_ms":8.59,"physics_p95_ms":5.819,"process_p95_ms":6.892,"render_cpu_ms":0.982999980449677,"spawn_max_ms":2.543,"spawn_p95_ms":2.188,"stage":"live_72"},{"alive":150,"average_fps":102.842021249883,"draw_calls":775.0,"frames":514,"gpu_ms":4.21799993515015,"max_ms":14.947,"nodes":16981,"p95_ms":12.893,"p99_ms":13.999,"physics_p95_ms":5.935,"process_p95_ms":10.277,"render_cpu_ms":1.192999958992,"spawn_max_ms":2.267,"spawn_p95_ms":2.102,"stage":"live_150"},{"alive":300,"average_fps":45.5854929045882,"draw_calls":1110.0,"frames":229,"gpu_ms":7.23199987411499,"max_ms":38.285,"nodes":18331,"p95_ms":32.669,"p99_ms":34.883,"physics_p95_ms":14.056,"process_p95_ms":18.448,"render_cpu_ms":1.8860000371933,"spawn_max_ms":3.523,"spawn_p95_ms":2.616,"stage":"live_300"},{"alive":300,"average_fps":18.9470514214629,"draw_calls":1539.0,"frames":227,"gpu_ms":15.8369998931885,"max_ms":132.603,"nodes":18934,"p95_ms":96.244,"p99_ms":125.254,"physics_p95_ms":104.814,"process_p95_ms":30.15,"render_cpu_ms":1.91999995708466,"spawn_max_ms":3.523,"spawn_p95_ms":2.616,"stage":"combat_300_six_towers"}]}
