Godot Engine v4.7.2.stable.official.ed1daf0bf - https://godotengine.org
Vulkan 1.3.277 - Forward+ - Using Device #0: NVIDIA - NVIDIA GeForce RTX 3060 Ti

ERROR: Failed to read the root certificate store.
   at: get_system_ca_certificates (platform/windows/os_windows.cpp:2582)
COOP_LOAD BOOT exe=C:/Users/miche/Desktop/Godot.exe
COOP_LOAD NETWORK_INITIALIZED
ERROR: Condition "f.is_null()" is true.
   at: _save_to_cache (servers/rendering/renderer_rd/shader_rd.cpp:696)
   GDScript backtrace (most recent call first):
       [0] optimize (res://scripts/render_optimizer.gd:84)
       [1] _ready (res://scripts/main.gd:104)
       [2] run (res://tests/horde_performance.gd:37)
ERROR: Condition "f.is_null()" is true.
   at: _save_to_cache (servers/rendering/renderer_rd/shader_rd.cpp:696)
   GDScript backtrace (most recent call first):
       [0] optimize (res://scripts/render_optimizer.gd:84)
       [1] _ready (res://scripts/main.gd:104)
       [2] run (res://tests/horde_performance.gd:37)
ERROR: Condition "f.is_null()" is true.
   at: _save_to_cache (servers/rendering/renderer_rd/shader_rd.cpp:696)
   GDScript backtrace (most recent call first):
       [0] optimize (res://scripts/render_optimizer.gd:84)
       [1] _ready (res://scripts/main.gd:104)
       [2] run (res://tests/horde_performance.gd:37)
RENDER_OPTIMIZER { "source_meshes": 672, "batches": 19, "removed_render_nodes": 45 }
ERROR: Condition "f.is_null()" is true.
   at: _save_to_cache (servers/rendering/renderer_rd/shader_rd.cpp:696)
ERROR: Condition "f.is_null()" is true.
   at: _save_to_cache (servers/rendering/renderer_rd/shader_rd.cpp:696)
ERROR: Condition "f.is_null()" is true.
   at: _save_to_cache (servers/rendering/renderer_rd/shader_rd.cpp:696)
COOP_LOAD MAP_READY
HORDE_PERFORMANCE_STAGE {"alive":0,"average_fps":357.333786887726,"draw_calls":323.0,"frames":1790,"gpu_ms":2.32999992370605,"max_ms":7.017,"nodes":15623,"p95_ms":3.419,"p99_ms":4.002,"physics_p95_ms":0.803,"process_p95_ms":6.259,"render_cpu_ms":0.519999980926514,"spawn_max_ms":0.0,"spawn_p95_ms":0.0,"stage":"live_0"}
HORDE_PERFORMANCE_STAGE {"alive":72,"average_fps":136.306810016329,"draw_calls":550.0,"frames":681,"gpu_ms":3.29299998283386,"max_ms":13.469,"nodes":16279,"p95_ms":10.639,"p99_ms":12.602,"physics_p95_ms":7.413,"process_p95_ms":9.375,"render_cpu_ms":0.85699999332428,"spawn_max_ms":275.464,"spawn_p95_ms":1.98,"stage":"live_72"}
HORDE_PERFORMANCE_STAGE {"alive":150,"average_fps":83.8832680441897,"draw_calls":785.0,"frames":420,"gpu_ms":4.19700002670288,"max_ms":18.427,"nodes":16981,"p95_ms":15.561,"p99_ms":17.031,"physics_p95_ms":8.652,"process_p95_ms":10.881,"render_cpu_ms":1.19599997997284,"spawn_max_ms":2.414,"spawn_p95_ms":2.377,"stage":"live_150"}
HORDE_PERFORMANCE_STAGE {"alive":300,"average_fps":24.2735977853006,"draw_calls":1116.0,"frames":123,"gpu_ms":15.0979995727539,"max_ms":76.153,"nodes":18331,"p95_ms":66.058,"p99_ms":69.61,"physics_p95_ms":18.354,"process_p95_ms":19.413,"render_cpu_ms":1.75899994373322,"spawn_max_ms":1.943,"spawn_p95_ms":1.842,"stage":"live_300"}
HORDE_PERFORMANCE_DONE {"cpu":"11th Gen Intel(R) Core(TM) i7-11700 @ 2.50GHz","gpu":"NVIDIA GeForce RTX 3060 Ti","profile":0,"rendered":true,"resolution":"(1600, 900)","scale":0.850000023841858,"scenes":[{"alive":0,"average_fps":357.333786887726,"draw_calls":323.0,"frames":1790,"gpu_ms":2.32999992370605,"max_ms":7.017,"nodes":15623,"p95_ms":3.419,"p99_ms":4.002,"physics_p95_ms":0.803,"process_p95_ms":6.259,"render_cpu_ms":0.519999980926514,"spawn_max_ms":0.0,"spawn_p95_ms":0.0,"stage":"live_0"},{"alive":72,"average_fps":136.306810016329,"draw_calls":550.0,"frames":681,"gpu_ms":3.29299998283386,"max_ms":13.469,"nodes":16279,"p95_ms":10.639,"p99_ms":12.602,"physics_p95_ms":7.413,"process_p95_ms":9.375,"render_cpu_ms":0.85699999332428,"spawn_max_ms":275.464,"spawn_p95_ms":1.98,"stage":"live_72"},{"alive":150,"average_fps":83.8832680441897,"draw_calls":785.0,"frames":420,"gpu_ms":4.19700002670288,"max_ms":18.427,"nodes":16981,"p95_ms":15.561,"p99_ms":17.031,"physics_p95_ms":8.652,"process_p95_ms":10.881,"render_cpu_ms":1.19599997997284,"spawn_max_ms":2.414,"spawn_p95_ms":2.377,"stage":"live_150"},{"alive":300,"average_fps":24.2735977853006,"draw_calls":1116.0,"frames":123,"gpu_ms":15.0979995727539,"max_ms":76.153,"nodes":18331,"p95_ms":66.058,"p99_ms":69.61,"physics_p95_ms":18.354,"process_p95_ms":19.413,"render_cpu_ms":1.75899994373322,"spawn_max_ms":1.943,"spawn_p95_ms":1.842,"stage":"live_300"}]}
