Godot Engine v4.7.2.stable.official.ed1daf0bf - https://godotengine.org

ERROR: Failed to read the root certificate store.
   at: get_system_ca_certificates (platform/windows/os_windows.cpp:2582)
COOP_LOAD BOOT exe=C:/Users/miche/Desktop/Godot.exe
COOP_LOAD NETWORK_INITIALIZED
ANIMATION_INSPECT res://assets/models/zombie_colossus.glb root=.. tracks=41
TRACK 1 Armature/Skeleton3D:Hips (-4.219295, 99.66573, -25.64938)
TRACK 2 Armature/Skeleton3D:Hips (0.137442, 0.235112, -0.01399, 0.9621)
TRACK 1 Armature/Skeleton3D:LeftUpLeg (22.06104, -1.723166, 16.77268)
TRACK 2 Armature/Skeleton3D:LeftUpLeg (0.827921, 0.042779, 0.006958, 0.559167)
TRACK 1 Armature/Skeleton3D:LeftLeg (-0.000003, 42.10121, -0.00001)
TRACK 2 Armature/Skeleton3D:LeftLeg (0.693262, 0.098944, -0.17102, 0.693073)
FAIL: zombie_colossus.glb removes redundant exporter scale tracks (0)
PASS: zombie_colossus.glb retains sampled animation poses (position=0.0 basis=0.0)
ANIMATION_INSPECT res://assets/models/zombie_bloater.glb root=.. tracks=40
TRACK 1 Armature/Skeleton3D:Hips (2.242936, 104.7122, -2.649891)
TRACK 2 Armature/Skeleton3D:Hips (-0.158412, 0.174858, 0.010423, 0.971711)
TRACK 2 Armature/Skeleton3D:LeftUpLeg (0.964061, 0.244264, -0.097329, 0.03806)
TRACK 1 Armature/Skeleton3D:LeftLeg (-0.000004, 35.80806, 0.000009)
TRACK 2 Armature/Skeleton3D:LeftLeg (0.606556, 0.271355, 0.148977, 0.732299)
TRACK 1 Armature/Skeleton3D:LeftFoot (-0.000004, 49.6441, -0.000005)
FAIL: zombie_bloater.glb removes redundant exporter scale tracks (0)
PASS: zombie_bloater.glb retains sampled animation poses (position=0.0 basis=0.0)
ANIMATION_INSPECT res://assets/models/zombie_titan.glb root=.. tracks=38
TRACK 1 Armature/Skeleton3D:Hips (-5.206282, 99.65978, -8.31813)
TRACK 2 Armature/Skeleton3D:Hips (0.591718, -0.239515, 0.502949, 0.582705)
TRACK 2 Armature/Skeleton3D:LeftUpLeg (0.584745, -0.551719, -0.351812, 0.479486)
TRACK 2 Armature/Skeleton3D:LeftLeg (0.351814, 0.000805, -0.024577, 0.935747)
TRACK 2 Armature/Skeleton3D:LeftFoot (-0.509667, -0.077245, -0.00886, 0.856852)
TRACK 1 Armature/Skeleton3D:LeftToeBase (0.0, 15.19444, -0.000005)
FAIL: zombie_titan.glb removes redundant exporter scale tracks (0)
PASS: zombie_titan.glb retains sampled animation poses (position=0.0 basis=0.0)
ANIMATION_INSPECT res://assets/models/zombie_shambler.glb root=.. tracks=37
TRACK 1 Armature/Skeleton3D:Hips (-0.964614, 90.09104, -11.05725)
TRACK 2 Armature/Skeleton3D:Hips (0.862485, 0.177923, -0.215843, 0.421751)
TRACK 2 Armature/Skeleton3D:LeftUpLeg (0.415437, 0.113355, 0.053921, 0.900919)
TRACK 1 Armature/Skeleton3D:LeftLeg (0.000002, 33.6198, 0.000002)
TRACK 2 Armature/Skeleton3D:LeftLeg (0.406541, 0.027878, 0.027239, 0.912801)
TRACK 2 Armature/Skeleton3D:LeftFoot (-0.477121, -0.161227, -0.120922, 0.855417)
FAIL: zombie_shambler.glb removes redundant exporter scale tracks (0)
PASS: zombie_shambler.glb retains sampled animation poses (position=0.0 basis=0.0)
ANIMATION_INSPECT res://assets/models/zombie_farmer.glb root=.. tracks=39
TRACK 1 Armature/Skeleton3D:Hips (-2.667039, 105.4273, -20.08187)
TRACK 2 Armature/Skeleton3D:Hips (-0.079621, 0.09174, 0.019096, 0.992411)
TRACK 2 Armature/Skeleton3D:LeftUpLeg (-0.991456, -0.060872, 0.05128, 0.103345)
TRACK 2 Armature/Skeleton3D:LeftLeg (0.307916, -0.019173, -0.057392, 0.949487)
TRACK 2 Armature/Skeleton3D:LeftFoot (-0.4217, -0.029108, 0.052555, 0.904743)
TRACK 1 Armature/Skeleton3D:LeftToeBase (0.000001, 14.2288, -0.000006)
FAIL: zombie_farmer.glb removes redundant exporter scale tracks (0)
PASS: zombie_farmer.glb retains sampled animation poses (position=0.0 basis=0.0)
ANIMATION_INSPECT res://assets/models/zombie_hiker.glb root=.. tracks=39
TRACK 1 Armature/Skeleton3D:Hips (-2.033563, 103.0357, -11.90032)
TRACK 2 Armature/Skeleton3D:Hips (0.232014, 0.028527, -0.019557, 0.972097)
TRACK 2 Armature/Skeleton3D:LeftUpLeg (0.939511, 0.048771, -0.115144, 0.318875)
TRACK 2 Armature/Skeleton3D:LeftLeg (0.552305, 0.002922, -0.016729, 0.833469)
TRACK 2 Armature/Skeleton3D:LeftFoot (-0.516293, -0.070971, -0.008568, 0.853423)
TRACK 1 Armature/Skeleton3D:LeftToeBase (0.000002, 16.1413, 0.000005)
FAIL: zombie_hiker.glb removes redundant exporter scale tracks (0)
PASS: zombie_hiker.glb retains sampled animation poses (position=0.0 basis=0.0)
ANIMATION_INSPECT res://assets/models/zombie_grandma.glb root=.. tracks=36
TRACK 1 Armature/Skeleton3D:Hips (-0.146263, 88.6968, -6.63443)
TRACK 2 Armature/Skeleton3D:Hips (0.91933, 0.01222, -0.074939, 0.386092)
TRACK 2 Armature/Skeleton3D:LeftUpLeg (0.313879, -0.028196, -0.095368, 0.944241)
TRACK 2 Armature/Skeleton3D:LeftLeg (0.569671, 0.032209, 0.045231, 0.819995)
TRACK 2 Armature/Skeleton3D:LeftFoot (-0.593461, -0.176848, -0.117479, 0.776355)
TRACK 2 Armature/Skeleton3D:LeftToeBase (-0.514172, -0.164624, 0.030444, 0.841189)
FAIL: zombie_grandma.glb removes redundant exporter scale tracks (0)
PASS: zombie_grandma.glb retains sampled animation poses (position=0.0 basis=0.0)
ANIMATION_INSPECT res://assets/models/zombie_runner.glb root=.. tracks=37
TRACK 1 Armature/Skeleton3D:Hips (-0.51958, 103.921, -8.50011)
TRACK 2 Armature/Skeleton3D:Hips (-0.282629, 0.079163, 0.008641, 0.955918)
TRACK 2 Armature/Skeleton3D:LeftUpLeg (-0.967792, -0.105239, 0.045262, 0.224175)
TRACK 2 Armature/Skeleton3D:LeftLeg (0.556923, 0.039804, 0.019643, 0.829377)
TRACK 2 Armature/Skeleton3D:LeftFoot (-0.552974, -0.039142, -0.002732, 0.832274)
TRACK 2 Armature/Skeleton3D:LeftToeBase (-0.599775, -0.035983, 0.028867, 0.798838)
FAIL: zombie_runner.glb removes redundant exporter scale tracks (0)
PASS: zombie_runner.glb retains sampled animation poses (position=0.0 basis=0.0)
ANIMATION_INSPECT res://assets/models/zombie_jogger.glb root=.. tracks=38
TRACK 1 Armature/Skeleton3D:Hips (-2.726393, 102.9651, -14.0113)
TRACK 2 Armature/Skeleton3D:Hips (0.871569, -0.030062, 0.008643, 0.489275)
TRACK 2 Armature/Skeleton3D:LeftUpLeg (0.53019, -0.105138, -0.148519, 0.828122)
TRACK 2 Armature/Skeleton3D:LeftLeg (0.42425, 0.00504, -0.00674, 0.905506)
TRACK 2 Armature/Skeleton3D:LeftFoot (-0.537876, -0.064973, -0.003273, 0.84051)
TRACK 2 Armature/Skeleton3D:LeftToeBase (-0.568168, -0.08233, 0.027049, 0.818337)
FAIL: zombie_jogger.glb removes redundant exporter scale tracks (0)
PASS: zombie_jogger.glb retains sampled animation poses (position=0.0 basis=0.0)
ANIMATION_INSPECT res://assets/models/zombie_nurse.glb root=.. tracks=37
TRACK 1 Armature/Skeleton3D:Hips (-0.590969, 97.02131, -10.91408)
TRACK 2 Armature/Skeleton3D:Hips (0.011659, 0.137481, 0.041271, 0.989576)
TRACK 1 Armature/Skeleton3D:LeftUpLeg (5.738519, -9.562198, 0.671835)
TRACK 2 Armature/Skeleton3D:LeftUpLeg (-0.999851, -0.007346, -0.009963, 0.012067)
TRACK 1 Armature/Skeleton3D:LeftLeg (0.0, 36.62612, 0.0)
TRACK 2 Armature/Skeleton3D:LeftLeg (0.324039, -0.010946, -0.001097, 0.94598)
FAIL: zombie_nurse.glb removes redundant exporter scale tracks (0)
PASS: zombie_nurse.glb retains sampled animation poses (position=0.0 basis=0.0)
ANIMATION_INSPECT res://assets/models/zombie_soldier.glb root=.. tracks=39
TRACK 1 Armature/Skeleton3D:Hips (-0.038617, 108.0004, -2.653621)
TRACK 2 Armature/Skeleton3D:Hips (0.565294, -0.433473, 0.437714, 0.548589)
TRACK 2 Armature/Skeleton3D:LeftUpLeg (0.526803, -0.495515, -0.524316, 0.449485)
TRACK 1 Armature/Skeleton3D:LeftLeg (-0.000003, 39.72439, -0.000001)
TRACK 2 Armature/Skeleton3D:LeftLeg (0.369194, -0.007099, -0.026425, 0.92895)
TRACK 2 Armature/Skeleton3D:LeftFoot (-0.512967, -0.122231, -0.043037, 0.848571)
FAIL: zombie_soldier.glb removes redundant exporter scale tracks (0)
PASS: zombie_soldier.glb retains sampled animation poses (position=0.0 basis=0.0)
ANIMATION_INSPECT res://assets/models/zombie_forester.glb root=.. tracks=33
TRACK 1 Armature/Skeleton3D:Hips (-0.497025, 97.4582, -1.380767)
TRACK 2 Armature/Skeleton3D:Hips (-0.091015, 0.137192, 0.040583, 0.985519)
TRACK 1 Armature/Skeleton3D:LeftUpLeg (11.02182, -10.07109, -0.7514)
TRACK 2 Armature/Skeleton3D:LeftUpLeg (-0.994223, -0.056275, 0.011448, 0.090684)
TRACK 2 Armature/Skeleton3D:LeftLeg (0.418791, 0.001053, -0.05813, 0.90622)
TRACK 2 Armature/Skeleton3D:LeftFoot (-0.536461, -0.078472, 0.031186, 0.83969)
FAIL: zombie_forester.glb removes redundant exporter scale tracks (0)
PASS: zombie_forester.glb retains sampled animation poses (position=0.0 basis=0.0)
ZOMBIE_ANIMATION_DONE checks=24 failures=12 removed_tracks=0
