Godot Engine v4.7.2.stable.official.ed1daf0bf - https://godotengine.org
Vulkan 1.3.277 - Forward+ - Using Device #0: NVIDIA - NVIDIA GeForce RTX 3060 Ti

ERROR: Failed to read the root certificate store.
   at: get_system_ca_certificates (platform/windows/os_windows.cpp:2582)
COOP_LOAD BOOT exe=C:/Users/miche/Desktop/Godot.exe
COOP_LOAD NETWORK_INITIALIZED
ERROR: Condition "f.is_null()" is true.
   at: _save_to_cache (servers/rendering/renderer_rd/shader_rd.cpp:696)
   GDScript backtrace (most recent call first):
       [0] optimize (res://scripts/render_optimizer.gd:84)
       [1] _ready (res://scripts/main.gd:104)
       [2] run (res://tests/horde_performance.gd:37)
ERROR: Condition "f.is_null()" is true.
   at: _save_to_cache (servers/rendering/renderer_rd/shader_rd.cpp:696)
   GDScript backtrace (most recent call first):
       [0] optimize (res://scripts/render_optimizer.gd:84)
       [1] _ready (res://scripts/main.gd:104)
       [2] run (res://tests/horde_performance.gd:37)
ERROR: Condition "f.is_null()" is true.
   at: _save_to_cache (servers/rendering/renderer_rd/shader_rd.cpp:696)
   GDScript backtrace (most recent call first):
       [0] optimize (res://scripts/render_optimizer.gd:84)
       [1] _ready (res://scripts/main.gd:104)
       [2] run (res://tests/horde_performance.gd:37)
RENDER_OPTIMIZER { "source_meshes": 672, "batches": 19, "removed_render_nodes": 45 }
ERROR: Condition "f.is_null()" is true.
   at: _save_to_cache (servers/rendering/renderer_rd/shader_rd.cpp:696)
ERROR: Condition "f.is_null()" is true.
   at: _save_to_cache (servers/rendering/renderer_rd/shader_rd.cpp:696)
ERROR: Condition "f.is_null()" is true.
   at: _save_to_cache (servers/rendering/renderer_rd/shader_rd.cpp:696)
COOP_LOAD MAP_READY
HORDE_PERFORMANCE_STAGE {"alive":0,"average_fps":345.354611590715,"draw_calls":323.0,"frames":1732,"gpu_ms":2.32100009918213,"max_ms":5.969,"nodes":15623,"p95_ms":3.768,"p99_ms":4.426,"physics_p95_ms":0.95,"process_p95_ms":5.951,"render_cpu_ms":0.675000011920929,"spawn_max_ms":0.0,"spawn_p95_ms":0.0,"stage":"live_0"}
HORDE_PERFORMANCE_STAGE {"alive":72,"average_fps":194.59081487401,"draw_calls":555.0,"frames":974,"gpu_ms":3.32299995422363,"max_ms":10.982,"nodes":16278,"p95_ms":7.15,"p99_ms":8.233,"physics_p95_ms":6.349,"process_p95_ms":6.488,"render_cpu_ms":0.991999983787537,"spawn_max_ms":1.835,"spawn_p95_ms":1.745,"stage":"live_72"}
HORDE_PERFORMANCE_STAGE {"alive":150,"average_fps":112.840826729815,"draw_calls":779.0,"frames":565,"gpu_ms":4.71400022506714,"max_ms":14.516,"nodes":16981,"p95_ms":12.482,"p99_ms":13.36,"physics_p95_ms":5.784,"process_p95_ms":9.666,"render_cpu_ms":1.22399997711182,"spawn_max_ms":2.912,"spawn_p95_ms":1.746,"stage":"live_150"}
HORDE_PERFORMANCE_STAGE {"alive":300,"average_fps":48.4999446142608,"draw_calls":1103.0,"frames":243,"gpu_ms":7.66200017929077,"max_ms":51.832,"nodes":18331,"p95_ms":33.175,"p99_ms":39.872,"physics_p95_ms":12.667,"process_p95_ms":16.319,"render_cpu_ms":3.57699990272522,"spawn_max_ms":2.003,"spawn_p95_ms":1.863,"stage":"live_300"}
HORDE_PERFORMANCE_DONE {"cpu":"11th Gen Intel(R) Core(TM) i7-11700 @ 2.50GHz","gpu":"NVIDIA GeForce RTX 3060 Ti","profile":0,"rendered":true,"resolution":"(1600, 900)","scale":0.850000023841858,"scenes":[{"alive":0,"average_fps":345.354611590715,"draw_calls":323.0,"frames":1732,"gpu_ms":2.32100009918213,"max_ms":5.969,"nodes":15623,"p95_ms":3.768,"p99_ms":4.426,"physics_p95_ms":0.95,"process_p95_ms":5.951,"render_cpu_ms":0.675000011920929,"spawn_max_ms":0.0,"spawn_p95_ms":0.0,"stage":"live_0"},{"alive":72,"average_fps":194.59081487401,"draw_calls":555.0,"frames":974,"gpu_ms":3.32299995422363,"max_ms":10.982,"nodes":16278,"p95_ms":7.15,"p99_ms":8.233,"physics_p95_ms":6.349,"process_p95_ms":6.488,"render_cpu_ms":0.991999983787537,"spawn_max_ms":1.835,"spawn_p95_ms":1.745,"stage":"live_72"},{"alive":150,"average_fps":112.840826729815,"draw_calls":779.0,"frames":565,"gpu_ms":4.71400022506714,"max_ms":14.516,"nodes":16981,"p95_ms":12.482,"p99_ms":13.36,"physics_p95_ms":5.784,"process_p95_ms":9.666,"render_cpu_ms":1.22399997711182,"spawn_max_ms":2.912,"spawn_p95_ms":1.746,"stage":"live_150"},{"alive":300,"average_fps":48.4999446142608,"draw_calls":1103.0,"frames":243,"gpu_ms":7.66200017929077,"max_ms":51.832,"nodes":18331,"p95_ms":33.175,"p99_ms":39.872,"physics_p95_ms":12.667,"process_p95_ms":16.319,"render_cpu_ms":3.57699990272522,"spawn_max_ms":2.003,"spawn_p95_ms":1.863,"stage":"live_300"}]}
