Godot Engine v4.7.2.stable.official.ed1daf0bf - https://godotengine.org

ERROR: Failed to read the root certificate store.
   at: get_system_ca_certificates (platform/windows/os_windows.cpp:2582)
COOP_LOAD BOOT exe=C:/Users/miche/Desktop/Godot.exe
COOP_LOAD NETWORK_INITIALIZED
RENDER_OPTIMIZER { "source_meshes": 671, "batches": 13, "removed_render_nodes": 32 }
COOP_LOAD MAP_READY
PASS: Twelve fixed hut supply slots, with no unbounded spawning
PASS: Additional gun stays hidden before its wave
PASS: Full reserve leaves renewable ammunition intact
PASS: Collected supply retains its stable network identity
PASS: Early supply grants one magazine
PASS: Next wave restores collected supply
PASS: Repeated restock in the same wave cannot duplicate supplies
PASS: MP5 joins the hut supply in wave three
PASS: Weapon find respects missing quest permission
PASS: Permitted weapon is awarded and consumed
PASS: Wave five increases supply to two magazines
PASS: Late-wave supply growth stays capped
PASS: Host snapshot marks the collected slot unavailable
PASS: Host snapshot republishes the same slot after restock
FAIL: Client keeps hidden renewable loot for future waves
PASS: Client restores the slot from authoritative snapshot
HUT_RESTOCK_DONE checks=16 failures=1
