Godot Engine v4.7.2.stable.official.ed1daf0bf - https://godotengine.org
Vulkan 1.3.277 - Forward+ - Using Device #0: NVIDIA - NVIDIA GeForce RTX 3060 Ti

SCRIPT ERROR: Compile Error: Identifier not found: NetSession
   at: GDScript::reload (res://scripts/weapons.gd:287)
SCRIPT ERROR: Compile Error: Identifier not found: NetSession
   at: GDScript::reload (res://scripts/inventory.gd:382)
SCRIPT ERROR: Compile Error: Identifier not found: NetSession
   at: GDScript::reload (res://scripts/defence_tower.gd:245)
SCRIPT ERROR: Compile Error: Identifier not found: NetSession
   at: GDScript::reload (res://scripts/hud.gd:845)
SCRIPT ERROR: Compile Error: Identifier not found: NetSession
   at: GDScript::reload (res://scripts/player.gd:159)
SCRIPT ERROR: Compile Error: Identifier not found: NetSession
   at: GDScript::reload (res://scripts/sfx.gd:244)
SCRIPT ERROR: Compile Error: Failed to compile depended scripts.
   at: GDScript::reload (res://scripts/barricade.gd:0)
SCRIPT ERROR: Compile Error: Failed to compile depended scripts.
   at: GDScript::reload (res://tests/render_item_icons.gd:0)
ERROR: Failed to load script "res://tests/render_item_icons.gd" with error "Compilation failed".
   at: load (modules/gdscript/gdscript_resource_format.cpp:46)
COOP_LOAD BOOT exe=C:/Users/miche/Desktop/Godot.exe
COOP_LOAD NETWORK_INITIALIZED
SCRIPT ERROR: Invalid call. Nonexistent function 'model' in base 'GDScript'.
   at: run (res://tests/render_item_icons.gd:84)
   GDScript backtrace (most recent call first):
       [0] run (res://tests/render_item_icons.gd:84)
