Godot Engine v4.7.2.stable.official.ed1daf0bf - https://godotengine.org

[   0% ] [90m[1mfirst_scan_filesystem[22m | Started Projektinitialisierung (5 steps)[39m[0m
[   0% ] [90m[1mfirst_scan_filesystem[22m | Lese Dateistrucktur …[39m[0m
[  16% ] [90m[1mfirst_scan_filesystem[22m | Globale Klassennamen laden …[39m[0m
[  33% ] [90m[1mfirst_scan_filesystem[22m | Verifiziere GDExtensions…[39m[0m
[  50% ] [90m[1mfirst_scan_filesystem[22m | Autoload-Skripte erzeugen …[39m[0m
[  66% ] [90m[1mfirst_scan_filesystem[22m | Plugins initialisieren…[39m[0m
[  83% ] [90m[1mfirst_scan_filesystem[22m | Dateiscan starten …[39m[0m
[92m[ DONE ][39m [1mfirst_scan_filesystem[22m
[0m
[   0% ] [90m[1mupdate_scripts_classes[22m | Started Globale Klassen registrieren … (7 steps)[39m[0m
[   0% ] [90m[1mupdate_scripts_classes[22m | [39m[0m
[  12% ] [90m[1mupdate_scripts_classes[22m | [39m[0m
[  25% ] [90m[1mupdate_scripts_classes[22m | [39m[0m
[  37% ] [90m[1mupdate_scripts_classes[22m | [39m[0m
[  50% ] [90m[1mupdate_scripts_classes[22m | SecretNight[39m[0m
[  62% ] [90m[1mupdate_scripts_classes[22m | Waves[39m[0m
[  75% ] [90m[1mupdate_scripts_classes[22m | Zombie[39m[0m
[92m[ DONE ][39m [1mupdate_scripts_classes[22m
[0m
[   0% ] [90m[1m_update_scan_actions[22m | Started Aktionen scannen … (5 steps)[39m[0m
[   0% ] [90m[1m_update_scan_actions[22m | zombie_bride.glb[39m[0m
[  16% ] [90m[1m_update_scan_actions[22m | zombie_businessman.glb[39m[0m
[  33% ] [90m[1m_update_scan_actions[22m | zombie_wanderer.glb[39m[0m
[  50% ] [90m[1m_update_scan_actions[22m | zombie_wastelander.glb[39m[0m
[  66% ] [90m[1m_update_scan_actions[22m | zombie_wraith.glb[39m[0m
[92m[ DONE ][39m [1m_update_scan_actions[22m
[0m
[   0% ] [90m[1mreimport[22m | Started Assets (erneut) importieren (18 steps)[39m[0m
[   0% ] [90m[1mreimport[22m | Dateien zum Neuimport vorbereiten …[39m[0m
[   5% ] [90m[1mreimport[22m | Dateien zum Neuimport vorbereiten …[39m[0m
[  10% ] [90m[1mreimport[22m | Dateien zum Neuimport vorbereiten …[39m[0m
[  15% ] [90m[1mreimport[22m | Dateien zum Neuimport vorbereiten …[39m[0m
[  21% ] [90m[1mreimport[22m | Dateien zum Neuimport vorbereiten …[39m[0m
[  26% ] [90m[1mreimport[22m | Dateien zum Neuimport vorbereiten …[39m[0m
[  31% ] [90m[1mreimport[22m | Dateien zum Neuimport vorbereiten …[39m[0m
[  36% ] [90m[1mreimport[22m | Dateien zum Neuimport vorbereiten …[39m[0m
[  42% ] [90m[1mreimport[22m | Dateien zum Neuimport vorbereiten …[39m[0m
[  47% ] [90m[1mreimport[22m | Dateien zum Neuimport vorbereiten …[39m[0m
[  52% ] [90m[1mreimport[22m | Dateien zum Neuimport vorbereiten …[39m[0m
[  57% ] [90m[1mreimport[22m | Dateien zum Neuimport vorbereiten …[39m[0m
[  63% ] [90m[1mreimport[22m | Dateien zum Neuimport vorbereiten …[39m[0m
[  68% ] [90m[1mreimport[22m | Dateien zum Neuimport vorbereiten …[39m[0m
[  73% ] [90m[1mreimport[22m | Dateien zum Neuimport vorbereiten …[39m[0m
[  78% ] [90m[1mreimport[22m | Dateien zum Neuimport vorbereiten …[39m[0m
[  84% ] [90m[1mreimport[22m | Dateien zum Neuimport vorbereiten …[39m[0m
[  89% ] [90m[1mreimport[22m | Dateien zum Neuimport vorbereiten …[39m[0m
[   0% ] [90m[1mreimport[22m | Vor-Neuimport-Operationen ausführen …[39m[0m
[   0% ] [90m[1mpreload_reimporting_scene[22m | Started Szenen zum Neuladen vorbereiten (1 steps)[39m[0m
[   0% ] [90m[1mpreload_reimporting_scene[22m | Szene [leer] wird analysiert[39m[0m
[  50% ] [90m[1mpreload_reimporting_scene[22m | Vorbereitung abgeschlossen.[39m[0m
[92m[ DONE ][39m [1mpreload_reimporting_scene[22m
[0m
[   0% ] [90m[1mreimport[22m | zombie_wraith_normal.webp[39m[0m
[   5% ] [90m[1mreimport[22m | zombie_wraith_metal_rough.webp[39m[0m
[  10% ] [90m[1mreimport[22m | zombie_wraith_texture_0.webp[39m[0m
[  15% ] [90m[1mreimport[22m | zombie_wastelander_normal.webp[39m[0m
[  21% ] [90m[1mreimport[22m | zombie_wastelander_metal_rough.webp[39m[0m
[  21% ] [90m[1mreimport[22m | zombie_wastelander_metal_rough.webp[39m[0m
[  21% ] [90m[1mreimport[22m | zombie_wastelander_metal_rough.webp[39m[0m
[  21% ] [90m[1mreimport[22m | zombie_wastelander_metal_rough.webp[39m[0m
[  26% ] [90m[1mreimport[22m | zombie_wastelander_texture_0.webp[39m[0m
[  31% ] [90m[1mreimport[22m | zombie_wanderer_texture_0.webp[39m[0m
[  36% ] [90m[1mreimport[22m | zombie_businessman_normal.webp[39m[0m
[  42% ] [90m[1mreimport[22m | zombie_businessman_metal_rough.webp[39m[0m
[  42% ] [90m[1mreimport[22m | zombie_businessman_metal_rough.webp[39m[0m
[  42% ] [90m[1mreimport[22m | zombie_businessman_metal_rough.webp[39m[0m
[  42% ] [90m[1mreimport[22m | zombie_businessman_metal_rough.webp[39m[0m
[  42% ] [90m[1mreimport[22m | zombie_businessman_metal_rough.webp[39m[0m
[  42% ] [90m[1mreimport[22m | zombie_businessman_metal_rough.webp[39m[0m
[  42% ] [90m[1mreimport[22m | zombie_businessman_metal_rough.webp[39m[0m
[  42% ] [90m[1mreimport[22m | zombie_businessman_metal_rough.webp[39m[0m
[  47% ] [90m[1mreimport[22m | zombie_businessman_texture_0.webp[39m[0m
[  52% ] [90m[1mreimport[22m | zombie_bride_normal.webp[39m[0m
[  52% ] [90m[1mreimport[22m | zombie_bride_normal.webp[39m[0m
[  57% ] [90m[1mreimport[22m | zombie_bride_metal_rough.webp[39m[0m
[  63% ] [90m[1mreimport[22m | zombie_bride_texture_0.webp[39m[0m
[  63% ] [90m[1mreimport[22m | zombie_bride_texture_0.webp[39m[0m
[  68% ] [90m[1mreimport[22m | zombie_wanderer.glb[39m[0m
[   0% ] [90m[1mimport[22m | Started Szene importieren (104 steps)[39m[0m
[   0% ] [90m[1mimport[22m | Importiere Szene…[39m[0m
[   1% ] [90m[1mimport[22m | Eigenes Skript wird ausgeführt …[39m[0m
[  99% ] [90m[1mimport[22m | Speichern …[39m[0m
[92m[ DONE ][39m [1mimport[22m
[0m
[  73% ] [90m[1mreimport[22m | zombie_wastelander.glb[39m[0m
[   0% ] [90m[1mimport[22m | Started Szene importieren (104 steps)[39m[0m
[   0% ] [90m[1mimport[22m | Importiere Szene…[39m[0m
[   1% ] [90m[1mimport[22m | Eigenes Skript wird ausgeführt …[39m[0m
[  99% ] [90m[1mimport[22m | Speichern …[39m[0m
[92m[ DONE ][39m [1mimport[22m
[0m
[  78% ] [90m[1mreimport[22m | zombie_businessman.glb[39m[0m
[   0% ] [90m[1mimport[22m | Started Szene importieren (104 steps)[39m[0m
[   0% ] [90m[1mimport[22m | Importiere Szene…[39m[0m
[   1% ] [90m[1mimport[22m | Eigenes Skript wird ausgeführt …[39m[0m
[  99% ] [90m[1mimport[22m | Speichern …[39m[0m
[92m[ DONE ][39m [1mimport[22m
[0m
[  84% ] [90m[1mreimport[22m | zombie_wraith.glb[39m[0m
[   0% ] [90m[1mimport[22m | Started Szene importieren (104 steps)[39m[0m
[   0% ] [90m[1mimport[22m | Importiere Szene…[39m[0m
[   1% ] [90m[1mimport[22m | Eigenes Skript wird ausgeführt …[39m[0m
[  99% ] [90m[1mimport[22m | Speichern …[39m[0m
[92m[ DONE ][39m [1mimport[22m
[0m
[  89% ] [90m[1mreimport[22m | zombie_bride.glb[39m[0m
[   0% ] [90m[1mimport[22m | Started Szene importieren (104 steps)[39m[0m
[   0% ] [90m[1mimport[22m | Importiere Szene…[39m[0m
[   1% ] [90m[1mimport[22m | Eigenes Skript wird ausgeführt …[39m[0m
[  99% ] [90m[1mimport[22m | Speichern …[39m[0m
[92m[ DONE ][39m [1mimport[22m
[0m
[  94% ] [90m[1mreimport[22m | Asset-Import fertigstellen …[39m[0m
[92m[ DONE ][39m [1mreimport[22m
[0m
[   0% ] [90m[1mreimport[22m | Started Assets (erneut) importieren (18 steps)[39m[0m
[   0% ] [90m[1mreimport[22m | Nach-Neuimport-Operationen ausführen …[39m[0m
[92m[ DONE ][39m [1mreimport[22m
[0m
[   0% ] [90m[1mloading_editor_layout[22m | Started Editor laden (5 steps)[39m[0m
[   0% ] [90m[1mloading_editor_layout[22m | Editor-Layout laden …[39m[0m
[  16% ] [90m[1mloading_editor_layout[22m | Docks laden …[39m[0m
[  33% ] [90m[1mloading_editor_layout[22m | Öffne Szenen neu…[39m[0m
[  50% ] [90m[1mloading_editor_layout[22m | Zentrales Editor-Layout laden …[39m[0m
[  66% ] [90m[1mloading_editor_layout[22m | Pluginfensterlayout laden …[39m[0m
[  83% ] [90m[1mloading_editor_layout[22m | Editorlayout bereit.[39m[0m
[92m[ DONE ][39m [1mloading_editor_layout[22m
[0m
