Godot Engine v4.7.2.stable.official.ed1daf0bf - https://godotengine.org

ERROR: Failed to read the root certificate store.
   at: get_system_ca_certificates (platform/windows/os_windows.cpp:2582)
[   0% ] first_scan_filesystem | Started Projektinitialisierung (5 steps)
[   0% ] first_scan_filesystem | Lese Dateistrucktur …
[  16% ] first_scan_filesystem | Globale Klassennamen laden …
[  33% ] first_scan_filesystem | Verifiziere GDExtensions…
[  50% ] first_scan_filesystem | Autoload-Skripte erzeugen …
[  66% ] first_scan_filesystem | Plugins initialisieren…
[  83% ] first_scan_filesystem | Dateiscan starten …
[ DONE ] first_scan_filesystem

[   0% ] _update_scan_actions | Started Aktionen scannen … (16 steps)
[   0% ] _update_scan_actions | ak47.png
[   5% ] _update_scan_actions | ammo.png
[  11% ] _update_scan_actions | barricade.png
[  17% ] _update_scan_actions | breacher.png
[  23% ] _update_scan_actions | fliegenpilz.png
[  29% ] _update_scan_actions | grenade.png
[  35% ] _update_scan_actions | lmg.png
[  41% ] _update_scan_actions | marksman.png
[  47% ] _update_scan_actions | medicine.png
[  52% ] _update_scan_actions | pistol.png
[  58% ] _update_scan_actions | revolver.png
[  64% ] _update_scan_actions | shotgun.png
[  70% ] _update_scan_actions | smg.png
[  76% ] _update_scan_actions | steinpilz.png
[  82% ] _update_scan_actions | titanbreaker.png
[  88% ] _update_scan_actions | tower.png
[ DONE ] _update_scan_actions

[   0% ] reimport | Started Assets (erneut) importieren (16 steps)
[   0% ] reimport | Dateien zum Neuimport vorbereiten …
[   5% ] reimport | Dateien zum Neuimport vorbereiten …
[  11% ] reimport | Dateien zum Neuimport vorbereiten …
[  17% ] reimport | Dateien zum Neuimport vorbereiten …
[  23% ] reimport | Dateien zum Neuimport vorbereiten …
[  29% ] reimport | Dateien zum Neuimport vorbereiten …
[  35% ] reimport | Dateien zum Neuimport vorbereiten …
[  41% ] reimport | Dateien zum Neuimport vorbereiten …
[  47% ] reimport | Dateien zum Neuimport vorbereiten …
[  52% ] reimport | Dateien zum Neuimport vorbereiten …
[  58% ] reimport | Dateien zum Neuimport vorbereiten …
[  64% ] reimport | Dateien zum Neuimport vorbereiten …
[  70% ] reimport | Dateien zum Neuimport vorbereiten …
[  76% ] reimport | Dateien zum Neuimport vorbereiten …
[  82% ] reimport | Dateien zum Neuimport vorbereiten …
[  88% ] reimport | Dateien zum Neuimport vorbereiten …
[   0% ] reimport | Vor-Neuimport-Operationen ausführen …
[   0% ] reimport | ak47.png
[   5% ] reimport | ammo.png
[  11% ] reimport | barricade.png
[  17% ] reimport | breacher.png
[  23% ] reimport | fliegenpilz.png
[  29% ] reimport | grenade.png
[  35% ] reimport | lmg.png
[  41% ] reimport | marksman.png
[  47% ] reimport | medicine.png
[  52% ] reimport | pistol.png
[  58% ] reimport | revolver.png
[  64% ] reimport | shotgun.png
[  70% ] reimport | smg.png
[  76% ] reimport | steinpilz.png
[  82% ] reimport | titanbreaker.png
[  88% ] reimport | tower.png
[  94% ] reimport | Asset-Import fertigstellen …
[ DONE ] reimport

[   0% ] reimport | Started Assets (erneut) importieren (16 steps)
[   0% ] reimport | Nach-Neuimport-Operationen ausführen …
[ DONE ] reimport

[   0% ] loading_editor_layout | Started Editor laden (5 steps)
[   0% ] loading_editor_layout | Editor-Layout laden …
[  16% ] loading_editor_layout | Docks laden …
[  33% ] loading_editor_layout | Öffne Szenen neu…
[  50% ] loading_editor_layout | Zentrales Editor-Layout laden …
[  66% ] loading_editor_layout | Pluginfensterlayout laden …
[  83% ] loading_editor_layout | Editorlayout bereit.
[ DONE ] loading_editor_layout

ERROR: Cannot save file 'C:/Users/miche/AppData/Roaming/Godot/editor_settings-4.7.tres'.
   at: save (scene/resources/resource_format_text.cpp:1768)
ERROR: Error saving editor settings to C:/Users/miche/AppData/Roaming/Godot/editor_settings-4.7.tres
   at: save (editor/settings/editor_settings.cpp:1525)
