Godot Engine v4.7.2.stable.official.ed1daf0bf - https://godotengine.org

[   0% ] [90m[1mfirst_scan_filesystem[22m | Started Projektinitialisierung (5 steps)[39m[0m
[   0% ] [90m[1mfirst_scan_filesystem[22m | Lese Dateistrucktur …[39m[0m
[  16% ] [90m[1mfirst_scan_filesystem[22m | Globale Klassennamen laden …[39m[0m
[  33% ] [90m[1mfirst_scan_filesystem[22m | Verifiziere GDExtensions…[39m[0m
[  50% ] [90m[1mfirst_scan_filesystem[22m | Autoload-Skripte erzeugen …[39m[0m
SCRIPT ERROR: Parse Error: The function signature doesn't match the parent. Parent signature is "set_downed(bool, float, float, bool, bool, String = <default>, bool = <default>) -> void".
   at: GDScript::reload (res://scripts/coop_hud.gd:27)
SCRIPT ERROR: Compile Error: Failed to compile depended scripts.
   at: GDScript::reload (res://scripts/coop_world.gd:0)
SCRIPT ERROR: Compile Error: Failed to compile depended scripts.
   at: GDScript::reload (res://scripts/net_session.gd:0)
SCRIPT ERROR: Compile Error: Failed to compile depended scripts.
   at: GDScript::reload (res://scripts/online_lobby.gd:0)
ERROR: Failed to load script "res://scripts/online_lobby.gd" with error "Parse error".
   at: load (modules/gdscript/gdscript_resource_format.cpp:46)
[  66% ] [90m[1mfirst_scan_filesystem[22m | Plugins initialisieren…[39m[0m
[  83% ] [90m[1mfirst_scan_filesystem[22m | Dateiscan starten …[39m[0m
[92m[ DONE ][39m [1mfirst_scan_filesystem[22m
[0m
[   0% ] [90m[1mupdate_scripts_classes[22m | Started Globale Klassen registrieren … (21 steps)[39m[0m
[   0% ] [90m[1mupdate_scripts_classes[22m | AttackDrone[39m[0m
[   4% ] [90m[1mupdate_scripts_classes[22m | [39m[0m
[   9% ] [90m[1mupdate_scripts_classes[22m | DefenceSystem[39m[0m
[  13% ] [90m[1mupdate_scripts_classes[22m | DefenceTower[39m[0m
[  18% ] [90m[1mupdate_scripts_classes[22m | DroneRocket[39m[0m
[  22% ] [90m[1mupdate_scripts_classes[22m | DroneSystem[39m[0m
[  27% ] [90m[1mupdate_scripts_classes[22m | Earthworm[39m[0m
[  31% ] [90m[1mupdate_scripts_classes[22m | Hud[39m[0m
[  36% ] [90m[1mupdate_scripts_classes[22m | ItemIcons[39m[0m
[  40% ] [90m[1mupdate_scripts_classes[22m | [39m[0m
[  45% ] [90m[1mupdate_scripts_classes[22m | [39m[0m
[  50% ] [90m[1mupdate_scripts_classes[22m | Player[39m[0m
[  54% ] [90m[1mupdate_scripts_classes[22m | Progression[39m[0m
[  59% ] [90m[1mupdate_scripts_classes[22m | ThrownTree[39m[0m
[  63% ] [90m[1mupdate_scripts_classes[22m | Titan[39m[0m
[  68% ] [90m[1mupdate_scripts_classes[22m | Weapons[39m[0m
[  72% ] [90m[1mupdate_scripts_classes[22m | Zombie[39m[0m
[  77% ] [90m[1mupdate_scripts_classes[22m | [39m[0m
[  81% ] [90m[1mupdate_scripts_classes[22m | ZombieBeast[39m[0m
[  86% ] [90m[1mupdate_scripts_classes[22m | [39m[0m
[  90% ] [90m[1mupdate_scripts_classes[22m | [39m[0m
[92m[ DONE ][39m [1mupdate_scripts_classes[22m
[0m
[   0% ] [90m[1m_update_scan_actions[22m | Started Aktionen scannen … (8 steps)[39m[0m
[   0% ] [90m[1m_update_scan_actions[22m | zombie_earthworm.glb[39m[0m
[  11% ] [90m[1m_update_scan_actions[22m | zombie_earthworm_ancient.glb[39m[0m
[  22% ] [90m[1m_update_scan_actions[22m | zombie_earthworm_ancient_Image_0.webp[39m[0m
[  33% ] [90m[1m_update_scan_actions[22m | zombie_earthworm_ancient_Image_1.webp[39m[0m
[  44% ] [90m[1m_update_scan_actions[22m | zombie_earthworm_ancient_normal.webp[39m[0m
[  55% ] [90m[1m_update_scan_actions[22m | zombie_earthworm_Image_0.webp[39m[0m
[  66% ] [90m[1m_update_scan_actions[22m | zombie_earthworm_Image_1.webp[39m[0m
[  77% ] [90m[1m_update_scan_actions[22m | zombie_earthworm_normal.webp[39m[0m
[92m[ DONE ][39m [1m_update_scan_actions[22m
[0m
[   0% ] [90m[1mreimport[22m | Started Assets (erneut) importieren (8 steps)[39m[0m
[   0% ] [90m[1mreimport[22m | Dateien zum Neuimport vorbereiten …[39m[0m
[  11% ] [90m[1mreimport[22m | Dateien zum Neuimport vorbereiten …[39m[0m
[  22% ] [90m[1mreimport[22m | Dateien zum Neuimport vorbereiten …[39m[0m
[  33% ] [90m[1mreimport[22m | Dateien zum Neuimport vorbereiten …[39m[0m
[  44% ] [90m[1mreimport[22m | Dateien zum Neuimport vorbereiten …[39m[0m
[  55% ] [90m[1mreimport[22m | Dateien zum Neuimport vorbereiten …[39m[0m
[  66% ] [90m[1mreimport[22m | Dateien zum Neuimport vorbereiten …[39m[0m
[  77% ] [90m[1mreimport[22m | Dateien zum Neuimport vorbereiten …[39m[0m
[   0% ] [90m[1mreimport[22m | Vor-Neuimport-Operationen ausführen …[39m[0m
[   0% ] [90m[1mpreload_reimporting_scene[22m | Started Szenen zum Neuladen vorbereiten (1 steps)[39m[0m
[   0% ] [90m[1mpreload_reimporting_scene[22m | Szene [leer] wird analysiert[39m[0m
[  50% ] [90m[1mpreload_reimporting_scene[22m | Vorbereitung abgeschlossen.[39m[0m
[92m[ DONE ][39m [1mpreload_reimporting_scene[22m
[0m
[   0% ] [90m[1mreimport[22m | zombie_earthworm_Image_0.webp[39m[0m
[   0% ] [90m[1mreimport[22m | zombie_earthworm_Image_0.webp[39m[0m
[  11% ] [90m[1mreimport[22m | zombie_earthworm_Image_1.webp[39m[0m
[  22% ] [90m[1mreimport[22m | zombie_earthworm_normal.webp[39m[0m
[  22% ] [90m[1mreimport[22m | zombie_earthworm_normal.webp[39m[0m
[  22% ] [90m[1mreimport[22m | zombie_earthworm_normal.webp[39m[0m
[  22% ] [90m[1mreimport[22m | zombie_earthworm_normal.webp[39m[0m
[  22% ] [90m[1mreimport[22m | zombie_earthworm_normal.webp[39m[0m
[  22% ] [90m[1mreimport[22m | zombie_earthworm_normal.webp[39m[0m
[  22% ] [90m[1mreimport[22m | zombie_earthworm_normal.webp[39m[0m
[  33% ] [90m[1mreimport[22m | zombie_earthworm_ancient_Image_0.webp[39m[0m
[  44% ] [90m[1mreimport[22m | zombie_earthworm_ancient_Image_1.webp[39m[0m
[  44% ] [90m[1mreimport[22m | zombie_earthworm_ancient_Image_1.webp[39m[0m
[  44% ] [90m[1mreimport[22m | zombie_earthworm_ancient_Image_1.webp[39m[0m
[  44% ] [90m[1mreimport[22m | zombie_earthworm_ancient_Image_1.webp[39m[0m
[  44% ] [90m[1mreimport[22m | zombie_earthworm_ancient_Image_1.webp[39m[0m
[  44% ] [90m[1mreimport[22m | zombie_earthworm_ancient_Image_1.webp[39m[0m
[  44% ] [90m[1mreimport[22m | zombie_earthworm_ancient_Image_1.webp[39m[0m
[  44% ] [90m[1mreimport[22m | zombie_earthworm_ancient_Image_1.webp[39m[0m
[  44% ] [90m[1mreimport[22m | zombie_earthworm_ancient_Image_1.webp[39m[0m
[  44% ] [90m[1mreimport[22m | zombie_earthworm_ancient_Image_1.webp[39m[0m
[  44% ] [90m[1mreimport[22m | zombie_earthworm_ancient_Image_1.webp[39m[0m
[  44% ] [90m[1mreimport[22m | zombie_earthworm_ancient_Image_1.webp[39m[0m
[  44% ] [90m[1mreimport[22m | zombie_earthworm_ancient_Image_1.webp[39m[0m
[  44% ] [90m[1mreimport[22m | zombie_earthworm_ancient_Image_1.webp[39m[0m
[  44% ] [90m[1mreimport[22m | zombie_earthworm_ancient_Image_1.webp[39m[0m
[  44% ] [90m[1mreimport[22m | zombie_earthworm_ancient_Image_1.webp[39m[0m
[  44% ] [90m[1mreimport[22m | zombie_earthworm_ancient_Image_1.webp[39m[0m
[  44% ] [90m[1mreimport[22m | zombie_earthworm_ancient_Image_1.webp[39m[0m
[  44% ] [90m[1mreimport[22m | zombie_earthworm_ancient_Image_1.webp[39m[0m
[  44% ] [90m[1mreimport[22m | zombie_earthworm_ancient_Image_1.webp[39m[0m
[  44% ] [90m[1mreimport[22m | zombie_earthworm_ancient_Image_1.webp[39m[0m
[  44% ] [90m[1mreimport[22m | zombie_earthworm_ancient_Image_1.webp[39m[0m
[  44% ] [90m[1mreimport[22m | zombie_earthworm_ancient_Image_1.webp[39m[0m
[  44% ] [90m[1mreimport[22m | zombie_earthworm_ancient_Image_1.webp[39m[0m
[  44% ] [90m[1mreimport[22m | zombie_earthworm_ancient_Image_1.webp[39m[0m
[  44% ] [90m[1mreimport[22m | zombie_earthworm_ancient_Image_1.webp[39m[0m
[  44% ] [90m[1mreimport[22m | zombie_earthworm_ancient_Image_1.webp[39m[0m
[  44% ] [90m[1mreimport[22m | zombie_earthworm_ancient_Image_1.webp[39m[0m
[  44% ] [90m[1mreimport[22m | zombie_earthworm_ancient_Image_1.webp[39m[0m
[  44% ] [90m[1mreimport[22m | zombie_earthworm_ancient_Image_1.webp[39m[0m
[  44% ] [90m[1mreimport[22m | zombie_earthworm_ancient_Image_1.webp[39m[0m
[  44% ] [90m[1mreimport[22m | zombie_earthworm_ancient_Image_1.webp[39m[0m
[  44% ] [90m[1mreimport[22m | zombie_earthworm_ancient_Image_1.webp[39m[0m
[  44% ] [90m[1mreimport[22m | zombie_earthworm_ancient_Image_1.webp[39m[0m
[  44% ] [90m[1mreimport[22m | zombie_earthworm_ancient_Image_1.webp[39m[0m
[  44% ] [90m[1mreimport[22m | zombie_earthworm_ancient_Image_1.webp[39m[0m
[  44% ] [90m[1mreimport[22m | zombie_earthworm_ancient_Image_1.webp[39m[0m
[  44% ] [90m[1mreimport[22m | zombie_earthworm_ancient_Image_1.webp[39m[0m
[  55% ] [90m[1mreimport[22m | zombie_earthworm_ancient_normal.webp[39m[0m
[  55% ] [90m[1mreimport[22m | zombie_earthworm_ancient_normal.webp[39m[0m
[  55% ] [90m[1mreimport[22m | zombie_earthworm_ancient_normal.webp[39m[0m
[  55% ] [90m[1mreimport[22m | zombie_earthworm_ancient_normal.webp[39m[0m
[  55% ] [90m[1mreimport[22m | zombie_earthworm_ancient_normal.webp[39m[0m
[  55% ] [90m[1mreimport[22m | zombie_earthworm_ancient_normal.webp[39m[0m
[  55% ] [90m[1mreimport[22m | zombie_earthworm_ancient_normal.webp[39m[0m
[  55% ] [90m[1mreimport[22m | zombie_earthworm_ancient_normal.webp[39m[0m
[  55% ] [90m[1mreimport[22m | zombie_earthworm_ancient_normal.webp[39m[0m
[  55% ] [90m[1mreimport[22m | zombie_earthworm_ancient_normal.webp[39m[0m
[  55% ] [90m[1mreimport[22m | zombie_earthworm_ancient_normal.webp[39m[0m
[  66% ] [90m[1mreimport[22m | zombie_earthworm.glb[39m[0m
[   0% ] [90m[1mimport[22m | Started Szene importieren (104 steps)[39m[0m
[   0% ] [90m[1mimport[22m | Importiere Szene…[39m[0m
[   1% ] [90m[1mimport[22m | Eigenes Skript wird ausgeführt …[39m[0m
[  99% ] [90m[1mimport[22m | Speichern …[39m[0m
[92m[ DONE ][39m [1mimport[22m
[0m
[  77% ] [90m[1mreimport[22m | zombie_earthworm_ancient.glb[39m[0m
[   0% ] [90m[1mimport[22m | Started Szene importieren (104 steps)[39m[0m
[   0% ] [90m[1mimport[22m | Importiere Szene…[39m[0m
[   1% ] [90m[1mimport[22m | Eigenes Skript wird ausgeführt …[39m[0m
[  99% ] [90m[1mimport[22m | Speichern …[39m[0m
[92m[ DONE ][39m [1mimport[22m
[0m
[  88% ] [90m[1mreimport[22m | Asset-Import fertigstellen …[39m[0m
[92m[ DONE ][39m [1mreimport[22m
[0m
[   0% ] [90m[1mreimport[22m | Started Assets (erneut) importieren (8 steps)[39m[0m
[   0% ] [90m[1mreimport[22m | Nach-Neuimport-Operationen ausführen …[39m[0m
[92m[ DONE ][39m [1mreimport[22m
[0m
[   0% ] [90m[1mloading_editor_layout[22m | Started Editor laden (5 steps)[39m[0m
[   0% ] [90m[1mloading_editor_layout[22m | Editor-Layout laden …[39m[0m
[  16% ] [90m[1mloading_editor_layout[22m | Docks laden …[39m[0m
[  33% ] [90m[1mloading_editor_layout[22m | Öffne Szenen neu…[39m[0m
[  50% ] [90m[1mloading_editor_layout[22m | Zentrales Editor-Layout laden …[39m[0m
[  66% ] [90m[1mloading_editor_layout[22m | Pluginfensterlayout laden …[39m[0m
[  83% ] [90m[1mloading_editor_layout[22m | Editorlayout bereit.[39m[0m
[92m[ DONE ][39m [1mloading_editor_layout[22m
[0m
IMPORT EXIT 0
