Godot Engine v4.7.2.stable.official.ed1daf0bf - https://godotengine.org

[   0% ] [90m[1mfirst_scan_filesystem[22m | Started Projektinitialisierung (5 steps)[39m[0m
[   0% ] [90m[1mfirst_scan_filesystem[22m | Lese Dateistrucktur …[39m[0m
[  16% ] [90m[1mfirst_scan_filesystem[22m | Globale Klassennamen laden …[39m[0m
[  33% ] [90m[1mfirst_scan_filesystem[22m | Verifiziere GDExtensions…[39m[0m
[  50% ] [90m[1mfirst_scan_filesystem[22m | Autoload-Skripte erzeugen …[39m[0m
[  66% ] [90m[1mfirst_scan_filesystem[22m | Plugins initialisieren…[39m[0m
[  83% ] [90m[1mfirst_scan_filesystem[22m | Dateiscan starten …[39m[0m
[92m[ DONE ][39m [1mfirst_scan_filesystem[22m
[0m
[   0% ] [90m[1m_update_scan_actions[22m | Started Aktionen scannen … (13 steps)[39m[0m
[   0% ] [90m[1m_update_scan_actions[22m | zombie_bride_metal_rough.webp[39m[0m
[   7% ] [90m[1m_update_scan_actions[22m | zombie_bride_normal.webp[39m[0m
[  14% ] [90m[1m_update_scan_actions[22m | zombie_bride_texture_0.webp[39m[0m
[  21% ] [90m[1m_update_scan_actions[22m | zombie_businessman_metal_rough.webp[39m[0m
[  28% ] [90m[1m_update_scan_actions[22m | zombie_businessman_normal.webp[39m[0m
[  35% ] [90m[1m_update_scan_actions[22m | zombie_businessman_texture_0.webp[39m[0m
[  42% ] [90m[1m_update_scan_actions[22m | zombie_wanderer_texture_0.webp[39m[0m
[  50% ] [90m[1m_update_scan_actions[22m | zombie_wastelander_metal_rough.webp[39m[0m
[  57% ] [90m[1m_update_scan_actions[22m | zombie_wastelander_normal.webp[39m[0m
[  64% ] [90m[1m_update_scan_actions[22m | zombie_wastelander_texture_0.webp[39m[0m
[  71% ] [90m[1m_update_scan_actions[22m | zombie_wraith_metal_rough.webp[39m[0m
[  78% ] [90m[1m_update_scan_actions[22m | zombie_wraith_normal.webp[39m[0m
[  85% ] [90m[1m_update_scan_actions[22m | zombie_wraith_texture_0.webp[39m[0m
[92m[ DONE ][39m [1m_update_scan_actions[22m
[0m
[   0% ] [90m[1mreimport[22m | Started Assets (erneut) importieren (13 steps)[39m[0m
[   0% ] [90m[1mreimport[22m | Dateien zum Neuimport vorbereiten …[39m[0m
[   7% ] [90m[1mreimport[22m | Dateien zum Neuimport vorbereiten …[39m[0m
[  14% ] [90m[1mreimport[22m | Dateien zum Neuimport vorbereiten …[39m[0m
[  21% ] [90m[1mreimport[22m | Dateien zum Neuimport vorbereiten …[39m[0m
[  28% ] [90m[1mreimport[22m | Dateien zum Neuimport vorbereiten …[39m[0m
[  35% ] [90m[1mreimport[22m | Dateien zum Neuimport vorbereiten …[39m[0m
[  42% ] [90m[1mreimport[22m | Dateien zum Neuimport vorbereiten …[39m[0m
[  50% ] [90m[1mreimport[22m | Dateien zum Neuimport vorbereiten …[39m[0m
[  57% ] [90m[1mreimport[22m | Dateien zum Neuimport vorbereiten …[39m[0m
[  64% ] [90m[1mreimport[22m | Dateien zum Neuimport vorbereiten …[39m[0m
[  71% ] [90m[1mreimport[22m | Dateien zum Neuimport vorbereiten …[39m[0m
[  78% ] [90m[1mreimport[22m | Dateien zum Neuimport vorbereiten …[39m[0m
[  85% ] [90m[1mreimport[22m | Dateien zum Neuimport vorbereiten …[39m[0m
[   0% ] [90m[1mreimport[22m | Vor-Neuimport-Operationen ausführen …[39m[0m
[   0% ] [90m[1mreimport[22m | zombie_bride_metal_rough.webp[39m[0m
[   7% ] [90m[1mreimport[22m | zombie_bride_normal.webp[39m[0m
[  14% ] [90m[1mreimport[22m | zombie_bride_texture_0.webp[39m[0m
[  21% ] [90m[1mreimport[22m | zombie_businessman_metal_rough.webp[39m[0m
[  28% ] [90m[1mreimport[22m | zombie_businessman_normal.webp[39m[0m
[  28% ] [90m[1mreimport[22m | zombie_businessman_normal.webp[39m[0m
[  28% ] [90m[1mreimport[22m | zombie_businessman_normal.webp[39m[0m
[  35% ] [90m[1mreimport[22m | zombie_businessman_texture_0.webp[39m[0m
[  42% ] [90m[1mreimport[22m | zombie_wanderer_texture_0.webp[39m[0m
[  50% ] [90m[1mreimport[22m | zombie_wastelander_metal_rough.webp[39m[0m
[  57% ] [90m[1mreimport[22m | zombie_wastelander_normal.webp[39m[0m
[  57% ] [90m[1mreimport[22m | zombie_wastelander_normal.webp[39m[0m
[  57% ] [90m[1mreimport[22m | zombie_wastelander_normal.webp[39m[0m
[  57% ] [90m[1mreimport[22m | zombie_wastelander_normal.webp[39m[0m
[  57% ] [90m[1mreimport[22m | zombie_wastelander_normal.webp[39m[0m
[  57% ] [90m[1mreimport[22m | zombie_wastelander_normal.webp[39m[0m
[  57% ] [90m[1mreimport[22m | zombie_wastelander_normal.webp[39m[0m
[  57% ] [90m[1mreimport[22m | zombie_wastelander_normal.webp[39m[0m
[  57% ] [90m[1mreimport[22m | zombie_wastelander_normal.webp[39m[0m
[  64% ] [90m[1mreimport[22m | zombie_wastelander_texture_0.webp[39m[0m
[  71% ] [90m[1mreimport[22m | zombie_wraith_metal_rough.webp[39m[0m
[  71% ] [90m[1mreimport[22m | zombie_wraith_metal_rough.webp[39m[0m
[  78% ] [90m[1mreimport[22m | zombie_wraith_normal.webp[39m[0m
[  78% ] [90m[1mreimport[22m | zombie_wraith_normal.webp[39m[0m
[  85% ] [90m[1mreimport[22m | zombie_wraith_texture_0.webp[39m[0m
[  92% ] [90m[1mreimport[22m | Asset-Import fertigstellen …[39m[0m
[92m[ DONE ][39m [1mreimport[22m
[0m
[   0% ] [90m[1mreimport[22m | Started Assets (erneut) importieren (13 steps)[39m[0m
[   0% ] [90m[1mreimport[22m | Nach-Neuimport-Operationen ausführen …[39m[0m
[92m[ DONE ][39m [1mreimport[22m
[0m
[   0% ] [90m[1mloading_editor_layout[22m | Started Editor laden (5 steps)[39m[0m
[   0% ] [90m[1mloading_editor_layout[22m | Editor-Layout laden …[39m[0m
[  16% ] [90m[1mloading_editor_layout[22m | Docks laden …[39m[0m
[  33% ] [90m[1mloading_editor_layout[22m | Öffne Szenen neu…[39m[0m
[  50% ] [90m[1mloading_editor_layout[22m | Zentrales Editor-Layout laden …[39m[0m
[  66% ] [90m[1mloading_editor_layout[22m | Pluginfensterlayout laden …[39m[0m
[  83% ] [90m[1mloading_editor_layout[22m | Editorlayout bereit.[39m[0m
[92m[ DONE ][39m [1mloading_editor_layout[22m
[0m
