Godot Engine v4.7.2.stable.official.ed1daf0bf - https://godotengine.org
Vulkan 1.3.277 - Forward+ - Using Device #0: NVIDIA - NVIDIA GeForce RTX 3060 Ti

ERROR: Failed to read the root certificate store.
   at: get_system_ca_certificates (platform/windows/os_windows.cpp:2582)
COOP_LOAD BOOT exe=C:/Users/miche/Desktop/Godot.exe
COOP_LOAD NETWORK_INITIALIZED
RENDER_OPTIMIZER { "source_meshes": 666, "batches": 17, "removed_render_nodes": 41 }
NAV_WAIT paused=false region_enabled=true server_enabled=true iteration=2 polygons=25293 map=RID(6519760355328) registered_map=RID(6519760355328)
COOP_LOAD MAP_READY
PASS: Build shortcut remains discoverable after the old 12-second limit
PASS: Grill, drinks and construction advertised together
PASS: Tutorial guidance does not overlap nearby actions
PASS: Brewing preserves the actual E pickup target without advertising a conflicting grill action
PASS: Opening brewing hides world action prompts
PASS: Closing brewing restores nearby actions
PASS: Inventory suppresses stale world actions even without clearing their text
PASS: House repair and roof build menu remain visible together: [E] Repair forest hut · +500 HP · 30 R
Hut 4500 / 5000 · Price tier: wave 1
[T] Forest hut · towers and roof defenses
PASS: House prompt quotes the authoritative repair cost
PASS: Unbuilt wall advertises its actual first tier and price
PASS: Healthy wall advertises the next tier and upgrade price
PASS: Damaged wall advertises repair before upgrade, matching E dispatch
PASS: Second-tier wall quotes the steel upgrade price
PASS: Maximum wall tier stops advertising an impossible upgrade
PASS: Tower offers operation, alignment, repair cost and build menu together
PASS: Combined tower actions leave the quickbar visible
PASS: Occupied tower hides unavailable repair and alignment shortcuts
PASS: Placement uses one action card without stale world prompts
PASS: Inactive player cannot retain interaction prompts
INTERACTIONS_RESULT checks=19 failures=0
