Godot Engine v4.7.2.stable.official.ed1daf0bf - https://godotengine.org

ERROR: Failed to read the root certificate store.
   at: get_system_ca_certificates (platform/windows/os_windows.cpp:2582)
COOP_LOAD BOOT exe=C:/Users/miche/Desktop/Godot.exe
COOP_LOAD NETWORK_INITIALIZED
RENDER_OPTIMIZER { "source_meshes": 666, "batches": 17, "removed_render_nodes": 41 }
COOP_LOAD MAP_READY
PASS: Spawn does not trigger zombies
PASS: Walking away from the hut does not trigger zombies
PASS: Arrow distance refers to the marked junction, not the distant hut
PASS: The first gold destination marker is on screen from spawn
PASS: Pause menu hides the destination marker and briefing
PASS: Resuming restores destination guidance
PASS: Road or field shortcut starts the real first wave exactly once
PASS: Recrossing the approach does not restart the wave
PASS: Road or field shortcut starts the real first wave exactly once
PASS: Recrossing the approach does not restart the wave
PASS: Road or field shortcut starts the real first wave exactly once
PASS: Recrossing the approach does not restart the wave
PASS: Direct-hut regression route bypasses the old narrow road trigger
PASS: Road approach keeps guidance at the nearby junction instead of cutting the corner
PASS: A field shortcut advances guidance beyond the junction behind the player
PASS: Jumping past the line to the hut starts zombies before the intro ends
PASS: Arrival removes the marker
PASS: Co-op opening card still blocks early triggers
PASS: A dead teammate cannot start the opening wave
PASS: Host releases wave one for a teammate's direct-hut shortcut
PASS: Host guidance advances when the teammate starts the wave
PASS: Waiting host keeps the junction marker when a teammate triggers the wave
PASS: Repeated host ticks do not restart the opening wave
INTRO_GUIDANCE_DONE checks=23 failures=0
