15614 LOBBY
17901 RUNNING intro=true
17908 t=0 point=1 wave=0 zombies=0 pos=(136.0, 7.07536, 109.5)
18859 t=1 point=1 wave=0 zombies=0 pos=(136.0, 7.07536, 109.5)
19860 t=2 point=1 wave=0 zombies=0 pos=(136.0, 7.07536, 109.5)
20860 t=3 point=1 wave=0 zombies=0 pos=(136.0, 7.07536, 109.5)
21870 t=4 point=1 wave=0 zombies=0 pos=(136.0, 7.07536, 109.5)
22868 t=5 point=1 wave=0 zombies=0 pos=(136.0, 6.775881, 109.5)
23869 t=6 point=1 wave=0 zombies=0 pos=(136.0, 6.775881, 109.5)
24871 t=7 point=1 wave=0 zombies=0 pos=(136.0, 6.775881, 109.5)
25870 t=8 point=1 wave=0 zombies=0 pos=(136.0, 6.775881, 109.5)
26870 t=9 point=1 wave=0 zombies=0 pos=(135.4505, 6.839884, 105.4473)
27873 t=10 point=1 wave=0 zombies=0 pos=(134.8609, 6.909448, 101.104)
28871 t=11 point=1 wave=0 zombies=0 pos=(134.2724, 6.992515, 96.76448)
29872 t=12 point=1 wave=0 zombies=0 pos=(133.6839, 7.092102, 92.42915)
30874 t=13 point=1 wave=0 zombies=0 pos=(133.097, 7.216418, 88.10158)
31873 t=14 point=1 wave=0 zombies=0 pos=(132.511, 7.357517, 83.77804)
32873 t=15 point=1 wave=0 zombies=0 pos=(131.9241, 7.498943, 79.45464)
33876 t=16 point=1 wave=0 zombies=0 pos=(131.3378, 7.629629, 75.12914)
34874 t=17 point=1 wave=0 zombies=0 pos=(130.7501, 7.741935, 70.79717)
35875 t=18 point=1 wave=0 zombies=0 pos=(130.1617, 7.834419, 66.46008)
36877 t=19 point=1 wave=0 zombies=0 pos=(129.573, 7.930304, 62.12361)
37876 t=20 point=1 wave=0 zombies=0 pos=(128.985, 8.022308, 57.78665)
38876 t=21 point=1 wave=0 zombies=0 pos=(128.3973, 8.118487, 53.45093)
39880 t=22 point=1 wave=0 zombies=0 pos=(127.8084, 8.186899, 49.10717)
40877 t=23 point=1 wave=0 zombies=0 pos=(127.2199, 8.250679, 44.76301)
41877 t=24 point=1 wave=0 zombies=0 pos=(126.6315, 8.316025, 40.4184)
42871 t=25 point=1 wave=0 zombies=0 pos=(126.0427, 8.380454, 36.07384)
43872 t=26 point=1 wave=0 zombies=0 pos=(125.4548, 8.463247, 31.73389)
44872 t=27 point=1 wave=1 zombies=1 pos=(124.8672, 8.556685, 27.39701)
45873 t=28 point=1 wave=1 zombies=1 pos=(124.2798, 8.66359, 23.06466)
46873 t=29 point=2 wave=1 zombies=2 pos=(120.8829, 8.344113, 23.27797)
47874 t=30 point=2 wave=1 zombies=3 pos=(116.6906, 7.975037, 24.73624)
48874 t=31 point=2 wave=1 zombies=3 pos=(112.5092, 7.570204, 26.18997)
49875 t=32 point=2 wave=1 zombies=4 pos=(108.3186, 7.197583, 27.65144)
50875 t=33 point=2 wave=1 zombies=5 pos=(104.1135, 6.816381, 29.1133)
51876 t=34 point=2 wave=1 zombies=5 pos=(99.91589, 6.49765, 30.57759)
52876 t=35 point=2 wave=1 zombies=6 pos=(95.71384, 6.151149, 32.04103)
53877 t=36 point=2 wave=1 zombies=7 pos=(91.51017, 5.80278, 33.50298)
54870 t=37 point=2 wave=1 zombies=8 pos=(87.30759, 5.466097, 34.96546)
55871 t=38 point=2 wave=1 zombies=8 pos=(83.10795, 5.079168, 36.43215)
56871 t=39 point=2 wave=1 zombies=9 pos=(78.91237, 4.737018, 37.89773)
57872 t=40 point=2 wave=1 zombies=10 pos=(74.71471, 4.343804, 39.35985)
58872 t=41 point=3 wave=1 zombies=10 pos=(70.51402, 3.963981, 40.81744)
59873 t=42 point=3 wave=1 zombies=10 pos=(66.29808, 3.593606, 42.24232)
60873 t=43 point=3 wave=1 zombies=11 pos=(62.08953, 3.203214, 43.66883)
61874 t=44 point=3 wave=1 zombies=12 pos=(57.87433, 2.835568, 45.0935)
62874 t=45 point=3 wave=1 zombies=12 pos=(53.656, 2.459225, 46.51487)
63875 t=46 point=3 wave=1 zombies=13 pos=(49.43938, 2.117192, 47.93633)
64869 t=47 point=3 wave=1 zombies=13 pos=(45.2229, 1.75935, 49.35907)
65869 t=48 point=3 wave=1 zombies=13 pos=(41.00655, 1.415352, 50.78162)
66870 t=49 point=3 wave=1 zombies=14 pos=(36.79384, 1.014422, 52.20227)
67870 t=50 point=3 wave=1 zombies=15 pos=(32.60252, 0.693882, 53.61803)
68871 t=51 point=4 wave=1 zombies=16 pos=(28.35966, 0.328364, 54.90947)
69871 t=52 point=4 wave=1 zombies=16 pos=(24.09221, -0.041357, 56.12688)
70872 t=53 point=4 wave=1 zombies=17 pos=(19.82902, -0.438325, 57.34028)
71872 t=54 point=4 wave=1 zombies=18 pos=(15.56472, -0.848128, 58.55463)
72873 t=55 point=4 wave=1 zombies=18 pos=(11.29146, -1.28778, 59.7734)
73873 t=56 point=5 wave=1 zombies=19 pos=(8.087858, -1.559896, 59.52397)
74874 t=57 point=5 wave=1 zombies=20 pos=(7.800076, -1.327283, 55.20314)
75876 t=58 point=5 wave=1 zombies=21 pos=(7.515509, -1.105505, 50.87427)
76875 t=59 point=5 wave=1 zombies=21 pos=(7.232075, -0.872934, 46.54881)
77868 t=60 point=5 wave=1 zombies=22 pos=(6.952228, -0.632792, 42.22646)
78869 t=61 point=5 wave=1 zombies=23 pos=(6.673184, -0.507792, 37.86805)
79870 t=62 point=5 wave=1 zombies=23 pos=(6.393428, -0.445943, 33.49216)
80870 t=63 point=5 wave=1 zombies=24 pos=(6.112155, -0.421001, 29.10706)
81870 t=64 point=5 wave=1 zombies=25 pos=(5.83001, -0.368912, 24.72874)
82871 t=65 point=5 wave=1 zombies=26 pos=(5.546547, -0.275324, 20.36171)
83871 t=66 point=5 wave=1 zombies=26 pos=(5.261284, -0.115171, 16.01321)
84866 t=67 point=5 wave=1 zombies=26 pos=(4.980438, 0.039472, 11.66341)
85867 t=68 point=5 wave=1 zombies=27 pos=(4.700006, 0.14699, 7.298934)
86867 t=69 point=5 wave=1 zombies=27 pos=(4.424381, 0.21188, 2.927441)
87868 t=70 point=5 wave=1 zombies=28 pos=(4.156877, 0.263295, -1.451313)
88868 t=71 point=6 wave=1 zombies=29 pos=(4.071301, 0.278702, -2.833994)
89869 t=72 point=6 wave=1 zombies=29 pos=(4.071301, 0.278702, -2.833994)
90869 t=73 point=6 wave=1 zombies=29 pos=(4.071301, 0.278702, -2.833994)
91870 t=74 point=6 wave=1 zombies=29 pos=(4.071301, 0.278702, -2.833994)
92870 t=75 point=6 wave=1 zombies=27 pos=(4.071301, 0.278702, -2.833994)
93871 t=76 point=6 wave=1 zombies=27 pos=(4.071301, 0.278702, -2.833994)
94871 t=77 point=6 wave=1 zombies=27 pos=(4.071301, 0.278702, -2.833994)
95872 t=78 point=6 wave=1 zombies=26 pos=(4.071301, 0.278702, -2.833994)
96872 t=79 point=6 wave=1 zombies=26 pos=(4.071301, 0.278702, -2.833994)
97873 t=80 point=6 wave=1 zombies=26 pos=(4.071301, 0.278702, -2.833994)
98873 t=81 point=6 wave=1 zombies=26 pos=(4.071301, 0.278702, -2.833994)
99867 t=82 point=6 wave=1 zombies=26 pos=(4.071301, 0.278702, -2.833994)
100868 t=83 point=6 wave=1 zombies=26 pos=(4.071301, 0.278702, -2.833994)
101868 t=84 point=6 wave=1 zombies=25 pos=(4.071301, 0.278702, -2.833994)
102869 t=85 point=6 wave=1 zombies=24 pos=(4.071301, 0.278702, -2.833994)
103869 t=86 point=6 wave=1 zombies=24 pos=(4.071301, 0.278702, -2.833994)
104870 t=87 point=6 wave=1 zombies=24 pos=(4.071301, 0.278702, -2.833994)
105870 t=88 point=6 wave=1 zombies=24 pos=(4.071301, 0.278702, -2.833994)
106871 t=89 point=6 wave=1 zombies=24 pos=(4.071301, 0.278702, -2.833994)
107878 t=90 point=6 wave=1 zombies=24 pos=(4.071301, 0.278702, -2.833994)
108878 t=91 point=6 wave=1 zombies=24 pos=(4.071301, 0.278702, -2.833994)
109879 t=92 point=6 wave=1 zombies=24 pos=(4.071301, 0.278702, -2.833994)
110872 t=93 point=6 wave=1 zombies=24 pos=(4.071301, 0.278702, -2.833994)
111873 t=94 point=6 wave=1 zombies=23 pos=(4.071301, 0.278702, -2.833994)
112873 t=95 point=6 wave=1 zombies=23 pos=(4.071301, 0.278702, -2.833994)
113874 t=96 point=6 wave=1 zombies=23 pos=(4.071301, 0.278702, -2.833994)
114874 t=97 point=6 wave=1 zombies=23 pos=(4.071301, 0.278702, -2.833994)
115875 t=98 point=6 wave=1 zombies=23 pos=(4.071301, 0.278702, -2.833994)
116875 t=99 point=6 wave=1 zombies=23 pos=(4.071301, 0.278702, -2.833994)
117876 t=100 point=6 wave=1 zombies=23 pos=(4.071301, 0.278702, -2.833994)
117876 INTRO_ROUTE_DONE passed=true role=one shots=168
