13147 LOBBY
19582 RUNNING intro=true
19586 t=0 point=1 wave=0 zombies=0 pos=(136.0, 7.098076, 108.0)
20580 t=1 point=1 wave=0 zombies=0 pos=(136.0, 7.098076, 108.0)
21580 t=2 point=1 wave=0 zombies=0 pos=(136.0, 7.098076, 108.0)
22581 t=3 point=1 wave=0 zombies=0 pos=(136.0, 7.098076, 108.0)
23581 t=4 point=1 wave=0 zombies=0 pos=(136.0, 7.098076, 108.0)
24586 t=5 point=1 wave=0 zombies=0 pos=(136.0, 6.798597, 108.0)
25579 t=6 point=1 wave=0 zombies=0 pos=(136.0, 6.798597, 108.0)
26580 t=7 point=1 wave=0 zombies=0 pos=(136.0, 6.798597, 108.0)
27580 t=8 point=1 wave=0 zombies=0 pos=(136.0, 6.798597, 108.0)
28588 t=9 point=1 wave=0 zombies=0 pos=(135.4311, 6.863765, 103.8762)
29589 t=10 point=1 wave=0 zombies=0 pos=(134.8326, 6.938392, 99.53599)
30589 t=11 point=1 wave=0 zombies=0 pos=(134.2345, 7.026275, 95.19874)
31590 t=12 point=1 wave=0 zombies=0 pos=(133.6379, 7.137067, 90.86839)
32591 t=13 point=1 wave=0 zombies=0 pos=(133.0414, 7.265267, 86.54251)
33591 t=14 point=1 wave=0 zombies=0 pos=(132.4458, 7.408848, 82.22107)
34591 t=15 point=1 wave=0 zombies=0 pos=(131.8496, 7.547229, 77.89839)
35592 t=16 point=1 wave=0 zombies=0 pos=(131.2535, 7.669508, 73.57188)
36592 t=17 point=1 wave=0 zombies=0 pos=(130.6561, 7.772517, 69.23898)
37593 t=18 point=1 wave=0 zombies=0 pos=(130.0582, 7.86927, 64.90398)
38586 t=19 point=1 wave=0 zombies=0 pos=(129.4612, 7.976626, 60.57252)
39587 t=20 point=1 wave=0 zombies=0 pos=(128.8624, 8.053162, 56.23286)
40587 t=21 point=1 wave=0 zombies=0 pos=(128.2641, 8.139013, 51.89557)
41588 t=22 point=1 wave=0 zombies=0 pos=(127.6651, 8.217076, 47.55596)
42588 t=23 point=1 wave=0 zombies=0 pos=(127.0654, 8.270804, 43.21029)
43589 t=24 point=1 wave=0 zombies=0 pos=(126.4662, 8.334078, 38.8669)
44590 t=25 point=1 wave=0 zombies=0 pos=(125.8674, 8.412124, 34.52739)
45590 t=26 point=1 wave=0 zombies=0 pos=(125.2685, 8.493764, 30.18867)
46591 t=27 point=1 wave=1 zombies=1 pos=(124.6703, 8.588432, 25.85363)
47584 t=28 point=2 wave=1 zombies=1 pos=(123.5236, 8.694036, 22.42301)
48585 t=29 point=2 wave=1 zombies=2 pos=(119.3485, 8.136018, 23.85599)
49585 t=30 point=2 wave=1 zombies=3 pos=(115.1669, 7.840952, 25.30683)
50586 t=31 point=2 wave=1 zombies=3 pos=(110.9829, 7.401489, 26.75832)
51586 t=32 point=2 wave=1 zombies=4 pos=(106.7813, 7.042456, 28.21878)
52586 t=33 point=2 wave=1 zombies=5 pos=(102.5764, 6.688023, 29.67735)
53587 t=34 point=2 wave=1 zombies=6 pos=(98.37631, 6.346708, 31.13997)
54574 t=35 point=2 wave=1 zombies=6 pos=(94.17307, 6.022968, 32.59818)
55581 t=36 point=2 wave=1 zombies=7 pos=(89.96897, 5.684995, 34.05727)
56582 t=37 point=2 wave=1 zombies=8 pos=(85.76575, 5.316862, 35.5187)
57582 t=38 point=2 wave=1 zombies=8 pos=(81.56761, 4.975472, 36.9809)
58583 t=39 point=2 wave=1 zombies=9 pos=(77.36839, 4.567282, 38.44134)
59581 t=40 point=2 wave=1 zombies=9 pos=(73.17271, 4.211166, 39.90209)
60581 t=41 point=3 wave=1 zombies=10 pos=(68.96174, 3.803242, 41.34418)
61581 t=42 point=3 wave=1 zombies=10 pos=(64.74859, 3.407819, 42.76698)
62582 t=43 point=3 wave=1 zombies=11 pos=(60.53776, 3.057493, 44.19326)
63583 t=44 point=3 wave=1 zombies=12 pos=(56.32162, 2.688774, 45.61696)
64583 t=45 point=3 wave=1 zombies=12 pos=(52.10474, 2.340976, 47.03817)
65584 t=46 point=3 wave=1 zombies=13 pos=(47.88723, 1.976512, 48.46066)
66584 t=47 point=3 wave=1 zombies=14 pos=(43.67116, 1.636375, 49.88258)
67583 t=48 point=3 wave=1 zombies=14 pos=(39.45518, 1.297832, 51.30521)
68584 t=49 point=3 wave=1 zombies=14 pos=(35.25216, 0.95841, 52.72341)
69585 t=50 point=4 wave=1 zombies=15 pos=(31.05646, 0.578131, 54.13465)
70585 t=51 point=4 wave=1 zombies=16 pos=(26.78719, 0.219306, 55.35852)
71586 t=52 point=4 wave=1 zombies=16 pos=(22.5179, -0.170898, 56.57512)
72587 t=53 point=4 wave=1 zombies=17 pos=(18.25268, -0.582331, 57.78902)
73587 t=54 point=4 wave=1 zombies=18 pos=(13.99142, -1.071959, 59.00241)
74588 t=55 point=4 wave=1 zombies=18 pos=(9.716128, -1.480745, 60.22383)
75574 t=56 point=5 wave=1 zombies=18 pos=(7.974642, -1.474852, 57.94412)
76581 t=57 point=5 wave=1 zombies=19 pos=(7.690487, -1.245231, 53.61792)
77572 t=58 point=5 wave=1 zombies=19 pos=(7.411103, -1.028424, 49.36059)
78581 t=59 point=5 wave=1 zombies=18 pos=(7.124847, -0.778739, 44.96824)
79581 t=60 point=5 wave=1 zombies=19 pos=(6.846102, -0.570813, 40.63533)
80581 t=61 point=5 wave=1 zombies=20 pos=(6.567214, -0.483113, 36.26637)
81584 t=62 point=5 wave=1 zombies=20 pos=(6.28767, -0.438469, 31.8862)
82583 t=63 point=5 wave=1 zombies=21 pos=(6.005888, -0.411781, 27.50143)
83583 t=64 point=5 wave=1 zombies=22 pos=(5.724287, -0.345047, 23.12697)
84584 t=65 point=5 wave=1 zombies=23 pos=(5.440798, -0.213665, 18.77046)
85580 t=66 point=5 wave=1 zombies=23 pos=(5.157323, -0.039199, 14.42671)
86577 t=67 point=5 wave=1 zombies=24 pos=(4.88122, 0.077465, 10.13816)
87578 t=68 point=5 wave=1 zombies=25 pos=(4.601648, 0.186347, 5.773883)
88578 t=69 point=5 wave=1 zombies=25 pos=(4.331453, 0.229735, 1.396441)
89579 t=70 point=6 wave=1 zombies=26 pos=(4.075865, 0.278113, -2.759318)
90579 t=71 point=6 wave=1 zombies=27 pos=(4.071275, 0.278679, -2.832159)
91580 t=72 point=6 wave=1 zombies=27 pos=(4.071275, 0.278679, -2.832159)
92580 t=73 point=6 wave=1 zombies=27 pos=(4.071275, 0.278679, -2.832159)
93581 t=74 point=6 wave=1 zombies=27 pos=(4.071275, 0.278679, -2.832159)
94581 t=75 point=6 wave=1 zombies=26 pos=(4.071275, 0.278679, -2.832159)
95582 t=76 point=6 wave=1 zombies=26 pos=(4.071275, 0.278679, -2.832159)
96582 t=77 point=6 wave=1 zombies=26 pos=(4.071275, 0.278679, -2.832159)
97583 t=78 point=6 wave=1 zombies=26 pos=(4.071275, 0.278679, -2.832159)
98583 t=79 point=6 wave=1 zombies=26 pos=(4.071275, 0.278679, -2.832159)
99584 t=80 point=6 wave=1 zombies=26 pos=(4.071275, 0.278679, -2.832159)
100584 t=81 point=6 wave=1 zombies=26 pos=(4.071275, 0.278679, -2.832159)
101585 t=82 point=6 wave=1 zombies=26 pos=(4.071275, 0.278679, -2.832159)
102585 t=83 point=6 wave=1 zombies=25 pos=(4.071275, 0.278679, -2.832159)
103586 t=84 point=6 wave=1 zombies=24 pos=(4.071275, 0.278679, -2.832159)
104586 t=85 point=6 wave=1 zombies=24 pos=(4.071275, 0.278679, -2.832159)
105591 t=86 point=6 wave=1 zombies=24 pos=(4.071275, 0.278679, -2.832159)
106591 t=87 point=6 wave=1 zombies=24 pos=(4.071275, 0.278679, -2.832159)
107592 t=88 point=6 wave=1 zombies=23 pos=(4.071275, 0.278679, -2.832159)
108592 t=89 point=6 wave=1 zombies=23 pos=(4.071275, 0.278679, -2.832159)
109593 t=90 point=6 wave=1 zombies=23 pos=(4.071275, 0.278679, -2.832159)
110593 t=91 point=6 wave=1 zombies=22 pos=(4.071275, 0.278679, -2.832159)
111594 t=92 point=6 wave=1 zombies=22 pos=(4.071275, 0.278679, -2.832159)
112594 t=93 point=6 wave=1 zombies=21 pos=(4.071275, 0.278679, -2.832159)
113679 t=94 point=6 wave=1 zombies=21 pos=(4.071275, 0.278679, -2.832159)
114675 t=95 point=6 wave=1 zombies=21 pos=(4.071275, 0.278679, -2.832159)
115675 t=96 point=6 wave=1 zombies=20 pos=(4.071275, 0.278679, -2.832159)
116675 t=97 point=6 wave=1 zombies=20 pos=(4.071275, 0.278679, -2.832159)
117675 t=98 point=6 wave=1 zombies=20 pos=(4.071275, 0.278679, -2.832159)
118668 t=99 point=6 wave=1 zombies=20 pos=(4.071275, 0.278679, -2.832159)
119668 t=100 point=6 wave=1 zombies=20 pos=(4.071275, 0.278679, -2.832159)
119668 INTRO_ROUTE_DONE passed=true role=host shots=180
