Godot Engine v4.7.2.stable.official.ed1daf0bf - https://godotengine.org

ERROR: Failed to read the root certificate store.
   at: get_system_ca_certificates (platform/windows/os_windows.cpp:2582)
COOP_LOAD BOOT exe=C:/Users/miche/Desktop/Godot.exe
COOP_LOAD NETWORK_INITIALIZED
RENDER_OPTIMIZER { "source_meshes": 670, "batches": 19, "removed_render_nodes": 45 }
COOP_LOAD MAP_READY
COOP_LOAD JOIN_BEGIN address=127.0.0.1 port=24695
COOP_LOAD JOIN_SOCKET result=0
LOBBY
COOP_LOAD TRANSPORT_CONNECTED sending_hello
COOP_LOAD PEER_CONNECTED id=1
COOP_LOAD PEER_CONNECTED id=162745879
COOP_LOAD WELCOME
COOP_CONNECTED players=3
COOP_LOAD INITIAL_RECEIVE parts=5
COOP_LOAD INITIAL_APPLY_BEGIN
COOP_LOAD STATE_STAGE structures
COOP_LOAD STATE_STAGE players
COOP_LOAD STATE_STAGE enemies
COOP_LOAD STATE_STAGE items
COOP_LOAD STATE_STAGE barricades
COOP_LOAD INITIAL_APPLY_DONE
COOP_LOAD STATE_RECEIVE parts=5
COOP_LOAD STATE_STAGE structures
COOP_LOAD STATE_STAGE players
COOP_LOAD STATE_STAGE enemies
COOP_LOAD STATE_STAGE items
COOP_LOAD STATE_STAGE barricades
COOP_LOAD STATE_APPLY_DONE sequence=3
COOP_LOAD ROUND_BEGIN intro=true
COOP_LOAD ROUND_RUNNING players=3
COOP_RUNNING players=3
RUNNING intro=true
t=0 point=1 wave=0 zombies=0 pos=(137.3, 7.098076, 108.0)
t=1 point=1 wave=0 zombies=0 pos=(137.3, 7.098076, 108.0)
t=2 point=1 wave=0 zombies=0 pos=(137.3, 7.098076, 108.0)
t=3 point=1 wave=0 zombies=0 pos=(137.3, 7.098076, 108.0)
t=4 point=1 wave=0 zombies=0 pos=(137.3, 7.098076, 108.0)
t=5 point=1 wave=0 zombies=0 pos=(137.3, 6.798597, 108.0)
t=6 point=1 wave=0 zombies=0 pos=(137.3, 6.798597, 108.0)
t=7 point=1 wave=0 zombies=0 pos=(137.3, 6.798597, 108.0)
t=8 point=1 wave=0 zombies=0 pos=(137.3, 6.798597, 108.0)
t=9 point=1 wave=0 zombies=0 pos=(136.6808, 6.862496, 103.9567)
t=10 point=1 wave=0 zombies=0 pos=(136.0174, 6.925809, 99.62298)
t=11 point=1 wave=0 zombies=0 pos=(135.3559, 7.024086, 95.29819)
t=12 point=1 wave=0 zombies=0 pos=(134.6941, 7.114625, 90.97093)
t=13 point=1 wave=0 zombies=0 pos=(134.0344, 7.250202, 86.65768)
t=14 point=1 wave=0 zombies=0 pos=(133.3761, 7.404545, 82.35126)
t=15 point=1 wave=0 zombies=0 pos=(132.716, 7.543059, 78.0378)
t=16 point=1 wave=0 zombies=0 pos=(132.0564, 7.665839, 73.7207)
t=17 point=1 wave=0 zombies=0 pos=(131.3956, 7.769009, 69.39732)
t=18 point=1 wave=0 zombies=0 pos=(130.7336, 7.865531, 65.07149)
t=19 point=1 wave=0 zombies=0 pos=(130.0718, 7.958467, 60.74506)
t=20 point=1 wave=0 zombies=0 pos=(129.4103, 8.049496, 56.41787)
t=21 point=1 wave=0 zombies=0 pos=(128.7488, 8.135479, 52.0894)
t=22 point=1 wave=0 zombies=0 pos=(128.0867, 8.206748, 47.75727)
t=23 point=1 wave=0 zombies=0 pos=(127.4247, 8.268054, 43.42244)
t=24 point=1 wave=0 zombies=0 pos=(126.7628, 8.330615, 39.08808)
t=25 point=1 wave=0 zombies=0 pos=(126.101, 8.402583, 34.75589)
t=26 point=1 wave=0 zombies=0 pos=(125.4401, 8.488997, 30.42773)
t=27 point=1 wave=1 zombies=1 pos=(124.7795, 8.582835, 26.10141)
t=28 point=2 wave=1 zombies=1 pos=(123.7977, 8.709648, 22.32457)
t=29 point=2 wave=1 zombies=2 pos=(119.6429, 8.166121, 23.72882)
t=30 point=2 wave=1 zombies=3 pos=(115.4578, 7.840952, 25.18325)
t=31 point=2 wave=1 zombies=3 pos=(111.2773, 7.439958, 26.63502)
t=32 point=2 wave=1 zombies=4 pos=(107.0766, 7.069028, 28.09811)
t=33 point=2 wave=1 zombies=5 pos=(102.8724, 6.717959, 29.55845)
t=34 point=2 wave=1 zombies=5 pos=(98.67304, 6.367271, 31.0231)
t=35 point=2 wave=1 zombies=6 pos=(94.47048, 6.044839, 32.48307)
t=36 point=2 wave=1 zombies=7 pos=(90.26741, 5.709872, 33.94355)
t=37 point=2 wave=1 zombies=8 pos=(86.06438, 5.334039, 35.40639)
t=38 point=2 wave=1 zombies=8 pos=(81.86838, 4.999283, 36.87067)
t=39 point=2 wave=1 zombies=9 pos=(77.66944, 4.607031, 38.33245)
t=40 point=2 wave=1 zombies=10 pos=(73.47252, 4.223143, 39.79549)
t=41 point=3 wave=1 zombies=10 pos=(69.26418, 3.837487, 41.24075)
t=42 point=3 wave=1 zombies=11 pos=(65.05004, 3.424221, 42.66394)
t=43 point=3 wave=1 zombies=12 pos=(60.84146, 3.092758, 44.08991)
t=44 point=3 wave=1 zombies=13 pos=(56.62533, 2.711987, 45.51443)
t=45 point=3 wave=1 zombies=13 pos=(52.40808, 2.365211, 46.93576)
t=46 point=3 wave=1 zombies=14 pos=(48.19115, 2.004777, 48.35807)
t=47 point=3 wave=1 zombies=15 pos=(43.97432, 1.659366, 49.78017)
t=48 point=3 wave=1 zombies=15 pos=(39.75847, 1.320821, 51.2027)
t=49 point=3 wave=1 zombies=16 pos=(35.55508, 0.981582, 52.62103)
t=50 point=4 wave=1 zombies=17 pos=(31.35786, 0.578246, 54.04121)
t=51 point=4 wave=1 zombies=18 pos=(27.09439, 0.244543, 55.27313)
t=52 point=4 wave=1 zombies=18 pos=(22.82479, -0.14348, 56.48943)
t=53 point=4 wave=1 zombies=19 pos=(18.55972, -0.554339, 57.70295)
t=54 point=4 wave=1 zombies=20 pos=(14.29807, -1.017205, 58.91596)
t=55 point=4 wave=1 zombies=20 pos=(10.02158, -1.427865, 60.13692)
t=56 point=5 wave=1 zombies=21 pos=(7.950005, -1.498752, 58.31844)
t=57 point=5 wave=1 zombies=22 pos=(7.669254, -1.26795, 53.99254)
t=58 point=5 wave=1 zombies=23 pos=(7.388501, -1.047341, 49.66288)
t=59 point=5 wave=1 zombies=23 pos=(7.109996, -0.803143, 45.34156)
t=60 point=5 wave=1 zombies=24 pos=(6.834764, -0.582541, 41.01316)
t=61 point=5 wave=1 zombies=25 pos=(6.559393, -0.490176, 36.64523)
t=62 point=5 wave=1 zombies=25 pos=(6.283321, -0.440174, 32.26627)
t=63 point=5 wave=1 zombies=26 pos=(6.00523, -0.414632, 27.88093)
t=64 point=5 wave=1 zombies=27 pos=(5.727178, -0.350873, 23.50543)
t=65 point=5 wave=1 zombies=28 pos=(5.447288, -0.226341, 19.1466)
t=66 point=5 wave=1 zombies=28 pos=(5.166783, -0.051616, 14.80265)
t=67 point=5 wave=1 zombies=29 pos=(4.889359, 0.069102, 10.44185)
t=68 point=5 wave=1 zombies=30 pos=(4.613136, 0.178767, 6.077628)
t=69 point=5 wave=1 zombies=30 pos=(4.345356, 0.227142, 1.701261)
t=70 point=6 wave=1 zombies=31 pos=(4.082362, 0.276663, -2.63687)
t=71 point=6 wave=1 zombies=32 pos=(4.071131, 0.278527, -2.819584)
t=72 point=6 wave=1 zombies=32 pos=(4.071131, 0.278527, -2.819584)
t=73 point=6 wave=1 zombies=32 pos=(4.071131, 0.278527, -2.819584)
t=74 point=6 wave=1 zombies=32 pos=(4.071131, 0.278527, -2.819584)
t=75 point=6 wave=1 zombies=32 pos=(4.071131, 0.278527, -2.819584)
t=76 point=6 wave=1 zombies=32 pos=(4.071131, 0.278527, -2.819584)
t=77 point=6 wave=1 zombies=32 pos=(4.071131, 0.278527, -2.819584)
t=78 point=6 wave=1 zombies=32 pos=(4.071131, 0.278527, -2.819584)
t=79 point=6 wave=1 zombies=32 pos=(4.071131, 0.278527, -2.819584)
t=80 point=6 wave=1 zombies=32 pos=(4.071131, 0.278527, -2.819584)
t=81 point=6 wave=1 zombies=32 pos=(4.071131, 0.278527, -2.819584)
t=82 point=6 wave=1 zombies=32 pos=(4.071131, 0.278527, -2.819584)
t=83 point=6 wave=1 zombies=32 pos=(4.071131, 0.278527, -2.819584)
t=84 point=6 wave=1 zombies=32 pos=(4.071131, 0.278527, -2.819584)
t=85 point=6 wave=1 zombies=32 pos=(4.071131, 0.278527, -2.819584)
t=86 point=6 wave=1 zombies=32 pos=(4.071131, 0.278527, -2.819584)
t=87 point=6 wave=1 zombies=32 pos=(4.071131, 0.278527, -2.819584)
t=88 point=6 wave=1 zombies=32 pos=(4.071131, 0.278527, -2.819584)
t=89 point=6 wave=1 zombies=32 pos=(4.071131, 0.278527, -2.819584)
t=90 point=6 wave=1 zombies=32 pos=(4.071131, 0.278527, -2.819584)
t=91 point=6 wave=1 zombies=32 pos=(4.071131, 0.278527, -2.819584)
t=92 point=6 wave=1 zombies=32 pos=(4.071131, 0.278527, -2.819584)
t=93 point=6 wave=1 zombies=32 pos=(4.071131, 0.278527, -2.819584)
t=94 point=6 wave=1 zombies=32 pos=(4.071131, 0.278527, -2.819584)
t=95 point=6 wave=1 zombies=32 pos=(4.071131, 0.278527, -2.819584)
t=96 point=6 wave=1 zombies=32 pos=(4.071131, 0.278527, -2.819584)
t=97 point=6 wave=1 zombies=32 pos=(4.071131, 0.278527, -2.819584)
t=98 point=6 wave=1 zombies=32 pos=(4.071131, 0.278527, -2.819584)
t=99 point=6 wave=1 zombies=32 pos=(4.071131, 0.278527, -2.819584)
t=100 point=6 wave=1 zombies=32 pos=(4.071131, 0.278527, -2.819584)
INTRO_ROUTE_DONE passed=true role=one
