15697 LOBBY
15844 RUNNING intro=true
15851 t=0 point=1 wave=0 zombies=0 pos=(137.3, 7.098076, 108.0)
16812 t=1 point=1 wave=0 zombies=0 pos=(137.3, 7.098076, 108.0)
17810 t=2 point=1 wave=0 zombies=0 pos=(137.3, 7.098076, 108.0)
18811 t=3 point=1 wave=0 zombies=0 pos=(137.3, 7.098076, 108.0)
19813 t=4 point=1 wave=0 zombies=0 pos=(137.3, 7.098076, 108.0)
20819 t=5 point=1 wave=0 zombies=0 pos=(137.3, 6.798597, 108.0)
21819 t=6 point=1 wave=0 zombies=0 pos=(137.3, 6.798597, 108.0)
22819 t=7 point=1 wave=0 zombies=0 pos=(137.3, 6.798597, 108.0)
23820 t=8 point=1 wave=0 zombies=0 pos=(137.3, 6.798597, 108.0)
24821 t=9 point=1 wave=0 zombies=0 pos=(136.6808, 6.862496, 103.9567)
25821 t=10 point=1 wave=0 zombies=0 pos=(136.0174, 6.925809, 99.62297)
26822 t=11 point=1 wave=0 zombies=0 pos=(135.3559, 7.024086, 95.29816)
27822 t=12 point=1 wave=0 zombies=0 pos=(134.6941, 7.114627, 90.97092)
28823 t=13 point=1 wave=0 zombies=0 pos=(134.0344, 7.250202, 86.65768)
29823 t=14 point=1 wave=0 zombies=0 pos=(133.3761, 7.404545, 82.35126)
30824 t=15 point=1 wave=0 zombies=0 pos=(132.716, 7.543059, 78.0378)
31824 t=16 point=1 wave=0 zombies=0 pos=(132.0564, 7.665839, 73.7207)
32825 t=17 point=1 wave=0 zombies=0 pos=(131.3956, 7.769009, 69.39732)
33825 t=18 point=1 wave=0 zombies=0 pos=(130.7336, 7.865531, 65.07149)
34825 t=19 point=1 wave=0 zombies=0 pos=(130.0718, 7.958467, 60.74506)
35826 t=20 point=1 wave=0 zombies=0 pos=(129.4103, 8.049496, 56.41787)
36826 t=21 point=1 wave=0 zombies=0 pos=(128.7488, 8.135479, 52.0894)
37827 t=22 point=1 wave=0 zombies=0 pos=(128.0867, 8.206748, 47.75727)
38828 t=23 point=1 wave=0 zombies=0 pos=(127.4247, 8.268054, 43.42244)
39821 t=24 point=1 wave=0 zombies=0 pos=(126.7628, 8.330615, 39.08808)
40825 t=25 point=1 wave=0 zombies=0 pos=(126.101, 8.402583, 34.75589)
41822 t=26 point=1 wave=0 zombies=0 pos=(125.4401, 8.488997, 30.42773)
42822 t=27 point=1 wave=1 zombies=1 pos=(124.7795, 8.582835, 26.10141)
43825 t=28 point=2 wave=1 zombies=1 pos=(123.7976, 8.709641, 22.3246)
44824 t=29 point=2 wave=1 zombies=2 pos=(119.6428, 8.166105, 23.72877)
45824 t=30 point=2 wave=1 zombies=3 pos=(115.4577, 7.840953, 25.18326)
46828 t=31 point=2 wave=1 zombies=3 pos=(111.2771, 7.439946, 26.63501)
47825 t=32 point=2 wave=1 zombies=4 pos=(107.0765, 7.06901, 28.09813)
48826 t=33 point=2 wave=1 zombies=5 pos=(102.8723, 6.71795, 29.5585)
49829 t=34 point=2 wave=1 zombies=6 pos=(98.67294, 6.367263, 31.02314)
50827 t=35 point=2 wave=1 zombies=6 pos=(94.47043, 6.044835, 32.4832)
51820 t=36 point=2 wave=1 zombies=7 pos=(90.26733, 5.709866, 33.94357)
52821 t=37 point=2 wave=1 zombies=8 pos=(86.06429, 5.334034, 35.40636)
53821 t=38 point=2 wave=1 zombies=8 pos=(81.86837, 4.999283, 36.8707)
54822 t=39 point=2 wave=1 zombies=9 pos=(77.66943, 4.60703, 38.33248)
55822 t=40 point=2 wave=1 zombies=10 pos=(73.4725, 4.223139, 39.79553)
56823 t=41 point=3 wave=1 zombies=10 pos=(69.26412, 3.837485, 41.24072)
57823 t=42 point=3 wave=1 zombies=10 pos=(65.04997, 3.424217, 42.66394)
58824 t=43 point=3 wave=1 zombies=11 pos=(60.84139, 3.092758, 44.08984)
59824 t=44 point=3 wave=1 zombies=12 pos=(56.62525, 2.711982, 45.5144)
60825 t=45 point=3 wave=1 zombies=12 pos=(52.40796, 2.365203, 46.93563)
61826 t=46 point=3 wave=1 zombies=13 pos=(48.19101, 2.004764, 48.35791)
62819 t=47 point=3 wave=1 zombies=13 pos=(43.97419, 1.659357, 49.78014)
63819 t=48 point=3 wave=1 zombies=13 pos=(39.75839, 1.320815, 51.20282)
64822 t=49 point=3 wave=1 zombies=14 pos=(35.55497, 0.981574, 52.62109)
65820 t=50 point=4 wave=1 zombies=15 pos=(31.35774, 0.578244, 54.04126)
66821 t=51 point=4 wave=1 zombies=16 pos=(27.09426, 0.244533, 55.27309)
67821 t=52 point=4 wave=1 zombies=16 pos=(22.82467, -0.143491, 56.48939)
68822 t=53 point=4 wave=1 zombies=17 pos=(18.55959, -0.554351, 57.70293)
69822 t=54 point=4 wave=1 zombies=18 pos=(14.29795, -1.017226, 58.91593)
70823 t=55 point=4 wave=1 zombies=18 pos=(10.02145, -1.427878, 60.13691)
71823 t=56 point=5 wave=1 zombies=19 pos=(7.949953, -1.498758, 58.31847)
72824 t=57 point=5 wave=1 zombies=20 pos=(7.669159, -1.267958, 53.99257)
73824 t=58 point=5 wave=1 zombies=21 pos=(7.388487, -1.047344, 49.66292)
74825 t=59 point=5 wave=1 zombies=21 pos=(7.109955, -0.803147, 45.34161)
75818 t=60 point=5 wave=1 zombies=22 pos=(6.834771, -0.582542, 41.0132)
76819 t=61 point=5 wave=1 zombies=23 pos=(6.559462, -0.490177, 36.64527)
77819 t=62 point=5 wave=1 zombies=23 pos=(6.28348, -0.440172, 32.2663)
78820 t=63 point=5 wave=1 zombies=24 pos=(6.005262, -0.414631, 27.88097)
79820 t=64 point=5 wave=1 zombies=25 pos=(5.727193, -0.350873, 23.50548)
80821 t=65 point=5 wave=1 zombies=26 pos=(5.447328, -0.226338, 19.14664)
81821 t=66 point=5 wave=1 zombies=26 pos=(5.166801, -0.051616, 14.8027)
82817 t=67 point=5 wave=1 zombies=26 pos=(4.889315, 0.069097, 10.4419)
83818 t=68 point=5 wave=1 zombies=27 pos=(4.613033, 0.178756, 6.077685)
84818 t=69 point=5 wave=1 zombies=27 pos=(4.345265, 0.227147, 1.701322)
85819 t=70 point=6 wave=1 zombies=28 pos=(4.082412, 0.276663, -2.636818)
86819 t=71 point=6 wave=1 zombies=29 pos=(4.071182, 0.278527, -2.819532)
87820 t=72 point=6 wave=1 zombies=29 pos=(4.071182, 0.278527, -2.819532)
88820 t=73 point=6 wave=1 zombies=29 pos=(4.071182, 0.278527, -2.819532)
89821 t=74 point=6 wave=1 zombies=29 pos=(4.071182, 0.278527, -2.819532)
90821 t=75 point=6 wave=1 zombies=27 pos=(4.071182, 0.278527, -2.819532)
91821 t=76 point=6 wave=1 zombies=27 pos=(4.071182, 0.278527, -2.819532)
92822 t=77 point=6 wave=1 zombies=27 pos=(4.071182, 0.278527, -2.819532)
93822 t=78 point=6 wave=1 zombies=26 pos=(4.071182, 0.278527, -2.819532)
94823 t=79 point=6 wave=1 zombies=26 pos=(4.071182, 0.278527, -2.819532)
95817 t=80 point=6 wave=1 zombies=26 pos=(4.071182, 0.278527, -2.819532)
96818 t=81 point=6 wave=1 zombies=26 pos=(4.071182, 0.278527, -2.819532)
97818 t=82 point=6 wave=1 zombies=26 pos=(4.071182, 0.278527, -2.819532)
98819 t=83 point=6 wave=1 zombies=26 pos=(4.071182, 0.278527, -2.819532)
99819 t=84 point=6 wave=1 zombies=25 pos=(4.071182, 0.278527, -2.819532)
100820 t=85 point=6 wave=1 zombies=24 pos=(4.071182, 0.278527, -2.819532)
101820 t=86 point=6 wave=1 zombies=24 pos=(4.071182, 0.278527, -2.819532)
102821 t=87 point=6 wave=1 zombies=24 pos=(4.071182, 0.278527, -2.819532)
103821 t=88 point=6 wave=1 zombies=24 pos=(4.071182, 0.278527, -2.819532)
104822 t=89 point=6 wave=1 zombies=24 pos=(4.071182, 0.278527, -2.819532)
105822 t=90 point=6 wave=1 zombies=24 pos=(4.071182, 0.278527, -2.819532)
106822 t=91 point=6 wave=1 zombies=24 pos=(4.071182, 0.278527, -2.819532)
107823 t=92 point=6 wave=1 zombies=24 pos=(4.071182, 0.278527, -2.819532)
108823 t=93 point=6 wave=1 zombies=24 pos=(4.071182, 0.278527, -2.819532)
109824 t=94 point=6 wave=1 zombies=23 pos=(4.071182, 0.278527, -2.819532)
110824 t=95 point=6 wave=1 zombies=23 pos=(4.071182, 0.278527, -2.819532)
111825 t=96 point=6 wave=1 zombies=23 pos=(4.071182, 0.278527, -2.819532)
112825 t=97 point=6 wave=1 zombies=23 pos=(4.071182, 0.278527, -2.819532)
113826 t=98 point=6 wave=1 zombies=23 pos=(4.071182, 0.278527, -2.819532)
114826 t=99 point=6 wave=1 zombies=23 pos=(4.071182, 0.278527, -2.819532)
115827 t=100 point=6 wave=1 zombies=23 pos=(4.071182, 0.278527, -2.819532)
115827 INTRO_ROUTE_DONE passed=true role=two shots=168
