Godot Engine v4.7.2.stable.official.ed1daf0bf - https://godotengine.org

ERROR: Failed to read the root certificate store.
   at: get_system_ca_certificates (platform/windows/os_windows.cpp:2582)
COOP_LOAD BOOT exe=C:/Users/miche/Desktop/Godot.exe
COOP_LOAD NETWORK_INITIALIZED
RENDER_OPTIMIZER { "source_meshes": 670, "batches": 19, "removed_render_nodes": 45 }
COOP_LOAD MAP_READY
COOP_LOAD JOIN_BEGIN address=127.0.0.1 port=24695
COOP_LOAD JOIN_SOCKET result=0
LOBBY
COOP_LOAD TRANSPORT_CONNECTED sending_hello
COOP_LOAD PEER_CONNECTED id=1
COOP_LOAD WELCOME
COOP_CONNECTED players=2
COOP_LOAD INITIAL_RECEIVE parts=5
COOP_LOAD INITIAL_APPLY_BEGIN
COOP_LOAD STATE_STAGE structures
COOP_LOAD STATE_STAGE players
COOP_LOAD STATE_STAGE enemies
COOP_LOAD STATE_STAGE items
COOP_LOAD STATE_STAGE barricades
COOP_LOAD PEER_CONNECTED id=97545835
COOP_LOAD INITIAL_APPLY_DONE
COOP_LOAD STATE_RECEIVE parts=5
COOP_LOAD STATE_STAGE structures
COOP_LOAD STATE_STAGE players
COOP_LOAD STATE_STAGE enemies
COOP_LOAD STATE_STAGE items
COOP_LOAD STATE_STAGE barricades
COOP_LOAD STATE_APPLY_DONE sequence=3
COOP_LOAD ROUND_BEGIN intro=true
COOP_LOAD ROUND_RUNNING players=3
COOP_RUNNING players=3
RUNNING intro=true
t=0 point=1 wave=0 zombies=0 pos=(136.0, 7.07536, 109.5)
t=1 point=1 wave=0 zombies=0 pos=(136.0, 7.07536, 109.5)
t=2 point=1 wave=0 zombies=0 pos=(136.0, 7.07536, 109.5)
t=3 point=1 wave=0 zombies=0 pos=(136.0, 7.07536, 109.5)
t=4 point=1 wave=0 zombies=0 pos=(136.0, 7.07536, 109.5)
t=5 point=1 wave=0 zombies=0 pos=(136.0, 6.775881, 109.5)
t=6 point=1 wave=0 zombies=0 pos=(136.0, 6.775881, 109.5)
t=7 point=1 wave=0 zombies=0 pos=(136.0, 6.775881, 109.5)
t=8 point=1 wave=0 zombies=0 pos=(136.0, 6.775881, 109.5)
t=9 point=1 wave=0 zombies=0 pos=(135.4505, 6.839884, 105.4473)
t=10 point=1 wave=0 zombies=0 pos=(134.8609, 6.909448, 101.104)
t=11 point=1 wave=0 zombies=0 pos=(134.2724, 6.992515, 96.76448)
t=12 point=1 wave=0 zombies=0 pos=(133.6839, 7.092102, 92.42915)
t=13 point=1 wave=0 zombies=0 pos=(133.097, 7.216418, 88.10158)
t=14 point=1 wave=0 zombies=0 pos=(132.511, 7.357517, 83.77804)
t=15 point=1 wave=0 zombies=0 pos=(131.9241, 7.498943, 79.45464)
t=16 point=1 wave=0 zombies=0 pos=(131.3378, 7.629629, 75.12914)
t=17 point=1 wave=0 zombies=0 pos=(130.7501, 7.741935, 70.79717)
t=18 point=1 wave=0 zombies=0 pos=(130.1617, 7.834419, 66.46008)
t=19 point=1 wave=0 zombies=0 pos=(129.573, 7.930304, 62.12361)
t=20 point=1 wave=0 zombies=0 pos=(128.985, 8.022308, 57.78665)
t=21 point=1 wave=0 zombies=0 pos=(128.3973, 8.118487, 53.45093)
t=22 point=1 wave=0 zombies=0 pos=(127.8084, 8.186899, 49.10717)
t=23 point=1 wave=0 zombies=0 pos=(127.2199, 8.250679, 44.76301)
t=24 point=1 wave=0 zombies=0 pos=(126.6315, 8.316025, 40.4184)
t=25 point=1 wave=0 zombies=0 pos=(126.0427, 8.380454, 36.07384)
t=26 point=1 wave=0 zombies=0 pos=(125.4548, 8.463247, 31.73389)
t=27 point=1 wave=1 zombies=1 pos=(124.8672, 8.556685, 27.39701)
t=28 point=1 wave=1 zombies=1 pos=(124.2798, 8.663589, 23.06465)
t=29 point=2 wave=1 zombies=2 pos=(120.883, 8.344118, 23.27788)
t=30 point=2 wave=1 zombies=3 pos=(116.6906, 7.975043, 24.73613)
t=31 point=2 wave=1 zombies=3 pos=(112.5091, 7.570205, 26.18983)
t=32 point=2 wave=1 zombies=4 pos=(108.3187, 7.197587, 27.65141)
t=33 point=2 wave=1 zombies=5 pos=(104.1136, 6.816388, 29.11329)
t=34 point=2 wave=1 zombies=5 pos=(99.91593, 6.497667, 30.57747)
t=35 point=2 wave=1 zombies=6 pos=(95.71391, 6.151156, 32.04092)
t=36 point=2 wave=1 zombies=7 pos=(91.51024, 5.802784, 33.50288)
t=37 point=2 wave=1 zombies=8 pos=(87.30766, 5.466102, 34.96545)
t=38 point=2 wave=1 zombies=8 pos=(83.10805, 5.079171, 36.4322)
t=39 point=2 wave=1 zombies=9 pos=(78.91244, 4.737025, 37.8978)
t=40 point=2 wave=1 zombies=10 pos=(74.71474, 4.343812, 39.3598)
t=41 point=3 wave=1 zombies=10 pos=(70.51405, 3.963982, 40.81738)
t=42 point=3 wave=1 zombies=11 pos=(66.29816, 3.593611, 42.24239)
t=43 point=3 wave=1 zombies=12 pos=(62.08962, 3.203223, 43.66896)
t=44 point=3 wave=1 zombies=13 pos=(57.87438, 2.835573, 45.09357)
t=45 point=3 wave=1 zombies=13 pos=(53.65602, 2.459227, 46.51489)
t=46 point=3 wave=1 zombies=14 pos=(49.43939, 2.117193, 47.93636)
t=47 point=3 wave=1 zombies=15 pos=(45.22291, 1.759351, 49.35908)
t=48 point=3 wave=1 zombies=15 pos=(41.00655, 1.415352, 50.78163)
t=49 point=3 wave=1 zombies=16 pos=(36.79382, 1.014422, 52.20223)
t=50 point=3 wave=1 zombies=17 pos=(32.60252, 0.693881, 53.61808)
t=51 point=4 wave=1 zombies=18 pos=(28.35966, 0.328364, 54.90947)
t=52 point=4 wave=1 zombies=18 pos=(24.0922, -0.041357, 56.12687)
t=53 point=4 wave=1 zombies=19 pos=(19.82899, -0.438328, 57.34024)
t=54 point=4 wave=1 zombies=20 pos=(15.56468, -0.848132, 58.55447)
t=55 point=4 wave=1 zombies=20 pos=(11.29144, -1.287783, 59.77331)
t=56 point=5 wave=1 zombies=21 pos=(8.087853, -1.559898, 59.524)
t=57 point=5 wave=1 zombies=22 pos=(7.799989, -1.32729, 55.20316)
t=58 point=5 wave=1 zombies=23 pos=(7.515379, -1.105515, 50.87427)
t=59 point=5 wave=1 zombies=23 pos=(7.231993, -0.872938, 46.5488)
t=60 point=5 wave=1 zombies=24 pos=(6.952202, -0.632792, 42.22646)
t=61 point=5 wave=1 zombies=25 pos=(6.673292, -0.507792, 37.86802)
t=62 point=5 wave=1 zombies=25 pos=(6.393621, -0.445942, 33.49212)
t=63 point=5 wave=1 zombies=26 pos=(6.1124, -0.420994, 29.10703)
t=64 point=5 wave=1 zombies=27 pos=(5.83029, -0.368901, 24.7287)
t=65 point=5 wave=1 zombies=28 pos=(5.546889, -0.275296, 20.36166)
t=66 point=5 wave=1 zombies=28 pos=(5.261524, -0.115148, 16.01317)
t=67 point=5 wave=1 zombies=29 pos=(4.980546, 0.039482, 11.66338)
t=68 point=5 wave=1 zombies=30 pos=(4.699999, 0.14699, 7.29891)
t=69 point=5 wave=1 zombies=30 pos=(4.424318, 0.211882, 2.927419)
t=70 point=5 wave=1 zombies=31 pos=(4.156793, 0.263294, -1.451335)
t=71 point=6 wave=1 zombies=32 pos=(4.071273, 0.278702, -2.834019)
t=72 point=6 wave=1 zombies=32 pos=(4.071273, 0.278702, -2.834019)
t=73 point=6 wave=1 zombies=32 pos=(4.071273, 0.278702, -2.834019)
t=74 point=6 wave=1 zombies=32 pos=(4.071273, 0.278702, -2.834019)
t=75 point=6 wave=1 zombies=32 pos=(4.071273, 0.278702, -2.834019)
t=76 point=6 wave=1 zombies=32 pos=(4.071273, 0.278702, -2.834019)
t=77 point=6 wave=1 zombies=32 pos=(4.071273, 0.278702, -2.834019)
t=78 point=6 wave=1 zombies=32 pos=(4.071273, 0.278702, -2.834019)
t=79 point=6 wave=1 zombies=32 pos=(4.071273, 0.278702, -2.834019)
t=80 point=6 wave=1 zombies=32 pos=(4.071273, 0.278702, -2.834019)
t=81 point=6 wave=1 zombies=32 pos=(4.071273, 0.278702, -2.834019)
t=82 point=6 wave=1 zombies=32 pos=(4.071273, 0.278702, -2.834019)
t=83 point=6 wave=1 zombies=32 pos=(4.071273, 0.278702, -2.834019)
t=84 point=6 wave=1 zombies=32 pos=(4.071273, 0.278702, -2.834019)
t=85 point=6 wave=1 zombies=32 pos=(4.071273, 0.278702, -2.834019)
t=86 point=6 wave=1 zombies=32 pos=(4.071273, 0.278702, -2.834019)
t=87 point=6 wave=1 zombies=32 pos=(4.071273, 0.278702, -2.834019)
t=88 point=6 wave=1 zombies=32 pos=(4.071273, 0.278702, -2.834019)
t=89 point=6 wave=1 zombies=32 pos=(4.071273, 0.278702, -2.834019)
t=90 point=6 wave=1 zombies=32 pos=(4.071273, 0.278702, -2.834019)
t=91 point=6 wave=1 zombies=32 pos=(4.071273, 0.278702, -2.834019)
t=92 point=6 wave=1 zombies=32 pos=(4.071273, 0.278702, -2.834019)
t=93 point=6 wave=1 zombies=32 pos=(4.071273, 0.278702, -2.834019)
t=94 point=6 wave=1 zombies=32 pos=(4.071273, 0.278702, -2.834019)
t=95 point=6 wave=1 zombies=32 pos=(4.071273, 0.278702, -2.834019)
t=96 point=6 wave=1 zombies=32 pos=(4.071273, 0.278702, -2.834019)
t=97 point=6 wave=1 zombies=32 pos=(4.071273, 0.278702, -2.834019)
t=98 point=6 wave=1 zombies=32 pos=(4.071273, 0.278702, -2.834019)
t=99 point=6 wave=1 zombies=32 pos=(4.071273, 0.278702, -2.834019)
t=100 point=6 wave=1 zombies=32 pos=(4.071273, 0.278702, -2.834019)
INTRO_ROUTE_DONE passed=true role=two
