Godot Engine v4.7.2.stable.official.ed1daf0bf - https://godotengine.org
Vulkan 1.3.277 - Forward+ - Using Device #0: NVIDIA - NVIDIA GeForce RTX 3060 Ti

ERROR: Failed to read the root certificate store.
   at: get_system_ca_certificates (platform/windows/os_windows.cpp:2582)
COOP_LOAD BOOT exe=C:/Users/miche/Desktop/Godot.exe
COOP_LOAD NETWORK_INITIALIZED
ERROR: Condition "f.is_null()" is true.
   at: _save_to_cache (servers/rendering/renderer_rd/shader_rd.cpp:696)
   GDScript backtrace (most recent call first):
       [0] build (res://scripts/cornfield.gd:62)
       [1] _ready (res://scripts/main.gd:96)
       [2] run (res://tests/melee_weapons.gd:29)
ERROR: Condition "f.is_null()" is true.
   at: _save_to_cache (servers/rendering/renderer_rd/shader_rd.cpp:696)
   GDScript backtrace (most recent call first):
       [0] optimize (res://scripts/render_optimizer.gd:84)
       [1] _ready (res://scripts/main.gd:98)
       [2] run (res://tests/melee_weapons.gd:29)
RENDER_OPTIMIZER { "source_meshes": 671, "batches": 13, "removed_render_nodes": 32 }
ERROR: Condition "f.is_null()" is true.
   at: _save_to_cache (servers/rendering/renderer_rd/shader_rd.cpp:696)
ERROR: Condition "f.is_null()" is true.
   at: _save_to_cache (servers/rendering/renderer_rd/shader_rd.cpp:696)
ERROR: Condition "f.is_null()" is true.
   at: _save_to_cache (servers/rendering/renderer_rd/shader_rd.cpp:696)
ERROR: Condition "f.is_null()" is true.
   at: _save_to_cache (servers/rendering/renderer_rd/shader_rd.cpp:696)
COOP_LOAD MAP_READY
PASS: Messer starts unlocked; axe is earned
PASS: Locked axe cannot be equipped
PASS: Vendor sells the axe for 180 points
PASS: Vendor refuses melee ammunition without charging
PASS: knife equips its own visible model
PASS: knife has a melee HUD
PASS: knife never reloads or uses ammunition
PASS: knife has a visible swing
PASS: hatchet equips its own visible model
PASS: hatchet has a melee HUD
PASS: hatchet never reloads or uses ammunition
PASS: hatchet has a visible swing
PASS: Ammunition pickups while holding melee supply the last firearm
PASS: Melee does not bypass full ammunition capacity
PASS: Melee allows ammunition when the firearm has room
PASS: knife left-click deals its melee damage
PASS: knife records melee attribution without gunshot statistics
PASS: knife Q and left-click share a cooldown
PASS: knife weapon switching cannot bypass cooldown
PASS: hatchet left-click deals its melee damage
PASS: hatchet records melee attribution without gunshot statistics
PASS: hatchet Q and left-click share a cooldown
PASS: hatchet weapon switching cannot bypass cooldown
PASS: Knife stab deals its stronger damage
PASS: Stab has its own longer recovery
PASS: Switching mouse buttons cannot bypass stab recovery
PASS: Right mouse action triggers knife stab instead of aiming
PASS: Stab points the blade forward
PASS: Melee cannot hit a distant enemy
PASS: Walls block melee strikes
PASS: Host applies remote melee damage with the correct owner
PASS: Remote melee swings have no muzzle flash
MELEE_WEAPONS_DONE checks=32 failures=0
