Godot Engine v4.7.2.stable.official.ed1daf0bf - https://godotengine.org

ERROR: Failed to read the root certificate store.
   at: get_system_ca_certificates (platform/windows/os_windows.cpp:2582)
[   0% ] first_scan_filesystem | Started Projektinitialisierung (5 steps)
[   0% ] first_scan_filesystem | Lese Dateistrucktur …
[  16% ] first_scan_filesystem | Globale Klassennamen laden …
[  33% ] first_scan_filesystem | Verifiziere GDExtensions…
[  50% ] first_scan_filesystem | Autoload-Skripte erzeugen …
[  66% ] first_scan_filesystem | Plugins initialisieren…
[  83% ] first_scan_filesystem | Dateiscan starten …
[ DONE ] first_scan_filesystem

[   0% ] update_scripts_classes | Started Globale Klassen registrieren … (9 steps)
[   0% ] update_scripts_classes | Hud
[  10% ] update_scripts_classes | Inventory
[  20% ] update_scripts_classes | 
[  30% ] update_scripts_classes | 
[  40% ] update_scripts_classes | 
[  50% ] update_scripts_classes | RunStats
[  60% ] update_scripts_classes | Zombie
[  70% ] update_scripts_classes | 
[  80% ] update_scripts_classes | 
[ DONE ] update_scripts_classes

[   0% ] _update_scan_actions | Started Aktionen scannen … (15 steps)
[   0% ] _update_scan_actions | cash_bundle.glb
[   6% ] _update_scan_actions | forest_key.glb
[  12% ] _update_scan_actions | hut_door_leaf.glb
[  18% ] _update_scan_actions | mushroom_krause_glucke.glb
[  25% ] _update_scan_actions | mushroom_maronenroehrling.glb
[  31% ] _update_scan_actions | mushroom_morchel.glb
[  37% ] _update_scan_actions | mushroom_parasol.glb
[  43% ] _update_scan_actions | mushroom_pfifferling.glb
[  50% ] _update_scan_actions | mushroom_reizker.glb
[  56% ] _update_scan_actions | mushroom_tintenpilz.glb
[  62% ] _update_scan_actions | mushroom_violetter_roetelritterling.glb
[  68% ] _update_scan_actions | owl_real.glb
[  75% ] _update_scan_actions | pond_trough.glb
[  81% ] _update_scan_actions | sandbag.glb
[  87% ] _update_scan_actions | tower_standard.glb
[ DONE ] _update_scan_actions

[   0% ] loading_editor_layout | Started Editor laden (5 steps)
[   0% ] loading_editor_layout | Editor-Layout laden …
[  16% ] loading_editor_layout | Docks laden …
[  33% ] loading_editor_layout | Öffne Szenen neu…
[  50% ] loading_editor_layout | Zentrales Editor-Layout laden …
[  66% ] loading_editor_layout | Pluginfensterlayout laden …
[  83% ] loading_editor_layout | Editorlayout bereit.
[ DONE ] loading_editor_layout

ERROR: Cannot save file 'C:/Users/miche/AppData/Roaming/Godot/editor_settings-4.7.tres'.
   at: save (scene/resources/resource_format_text.cpp:1768)
ERROR: Error saving editor settings to C:/Users/miche/AppData/Roaming/Godot/editor_settings-4.7.tres
   at: save (editor/settings/editor_settings.cpp:1525)
