Godot Engine v4.7.2.stable.official.ed1daf0bf - https://godotengine.org

ERROR: Failed to read the root certificate store.
   at: get_system_ca_certificates (platform/windows/os_windows.cpp:2582)
COOP_LOAD BOOT exe=C:/Users/miche/Desktop/Godot.exe
COOP_LOAD NETWORK_INITIALIZED
RENDER_OPTIMIZER { "source_meshes": 674, "batches": 18, "removed_render_nodes": 44 }
COOP_LOAD MAP_READY
PASS: pistol starts with the correct ownership
PASS: pistol has weapon geometry
PASS: revolver starts with the correct ownership
PASS: revolver has weapon geometry
PASS: smg starts with the correct ownership
PASS: smg has weapon geometry
PASS: ak47 starts with the correct ownership
PASS: ak47 has weapon geometry
PASS: shotgun starts with the correct ownership
PASS: shotgun has weapon geometry
PASS: marksman starts with the correct ownership
PASS: marksman has weapon geometry
PASS: lmg starts with the correct ownership
PASS: lmg has weapon geometry
PASS: breacher starts with the correct ownership
PASS: breacher has weapon geometry
PASS: titanbreaker starts with the correct ownership
PASS: titanbreaker has weapon geometry
PASS: knife starts with the correct ownership
PASS: knife has weapon geometry
PASS: hatchet starts with the correct ownership
PASS: hatchet has weapon geometry
PASS: ranger has a rigged animated NPC
PASS: camp has a rigged animated NPC
PASS: mechanic has a rigged animated NPC
PASS: secret has a rigged animated NPC
PASS: World loot cannot bypass merchant unlocks
PASS: Remote merchant purchase rejected atomically
PASS: Camp merchant reachable in actual world
PASS: NPC interaction opens shop and pauses solo
PASS: Shop page renders: Handel
PASS: Shop icon loads without intercepting clicks: Waldaxt
PASS: Shop icon loads without intercepting clicks: Revolver
PASS: Shop icon loads without intercepting clicks: MP5
PASS: Shop icon loads without intercepting clicks: Schrotflinte
PASS: Shop icon loads without intercepting clicks: AK-47
PASS: Shop icon loads without intercepting clicks: Waldläufer .308
PASS: Shop icon loads without intercepting clicks: Munition · Pistole
PASS: Shop icon loads without intercepting clicks: Verband
PASS: Shop icon loads without intercepting clicks: Handgranate
PASS: Shop page renders: Aufträge
PASS: Shop icon loads without intercepting clicks: Am Feuer · 20 P
PASS: Shop icon loads without intercepting clicks: Die Linie halten · 140 P
PASS: Shop icon loads without intercepting clicks: Eine ruhige Hand · 90 P
PASS: Shop icon loads without intercepting clicks: Die lange Schicht · 160 P
PASS: Shop icon loads without intercepting clicks: Das letzte Licht · 240 P
PASS: Shop page renders: Training
PASS: Shop page renders: Türme
PASS: Shop page renders: Skins
PASS: Shop icon loads without intercepting clicks: Waldtarn
PASS: Shop icon loads without intercepting clicks: Originalfinish
PASS: Live shop refresh preserves the button under the pointer
PASS: Leaving merchant restores controls
PASS: Points alone cannot bypass quest and wave gates
PASS: Unaccepted quest has no turn-in marker
PASS: Accepting a quest does not claim its reward
PASS: Accepted quest plays its dedicated sound
PASS: Completed accepted quest marks its giver in world and minimap state
PASS: Other givers and undiscovered secret shop remain unmarked
PASS: Completed quest pays exactly once
PASS: Quest reward plays completion sound
PASS: Claimed reward removes the turn-in marker
PASS: Repeated quest claim cannot duplicate points
PASS: Rejected duplicate reward stays silent
PASS: Quest completion still requires surviving wave one
PASS: Insufficient funds preserve ownership and balance
PASS: Eligible weapon purchase charges once with bounded starting ammunition
PASS: Purchased weapon plays gun pickup sound
PASS: Shop adds ammunition for every owned weapon after purchase
PASS: Duplicate purchase never charges again
PASS: Wave safety net does not refill premium ammunition
PASS: Full ammunition cannot consume purchase points
PASS: Training cannot be bought at another NPC
PASS: Legacy weapon upgrade ID cannot bypass progression
PASS: Training applies and charges at the mechanic
PASS: Tower quest requires actual defence work
PASS: Valid oriented tower placement: 
PASS: Non-finite tower rotation rejected
PASS: Existing tower rotates authoritatively
PASS: Defence tutorial observes real placement and rotation
PASS: Defence quest completes with a built line and rotated tower
PASS: Turret upgrades require the mechanic
PASS: Mechanic upgrades deployed tower transactionally
PASS: Supply objective reachable
PASS: World interaction collects shared delivery
PASS: Delivery must be returned to claim its reward
PASS: Secret merchant discovered by reaching the actual NPC
PASS: Top weapon additionally requires a defeated titan
PASS: Earned late-game titan weapon can be purchased
PASS: Purchased skin is cosmetic and equips its material
PASS: Owned skin can be equipped again without repurchasing
PASS: Progression snapshot preserves shared goals and individual skin ownership
PASS: Titan rifle applies its specialist damage through a real bullet hit
PASS: Heavy optic has its own aiming magnification
PASS: Rotated turret acquires an enemy inside its new firing arc
PASS: Rotated turret does not fire behind its covered sector
PASS: Mara can be reached beside the small campfire
PASS: Quest-only ranger cannot be used as a hidden shop
PASS: Mara opens her own quest-only conversation
PASS: Real mushroom pickups complete Mara's first quest
PASS: Mara pays her reward exactly once
PROGRESSION_DONE checks=101 failures=0
