Godot Engine v4.7.2.stable.official.ed1daf0bf - https://godotengine.org

RENDER_OPTIMIZER { "source_meshes": 689, "batches": 17, "removed_render_nodes": 40 }
MENU_T first load 10.5 s
MENU hurt hp=88.0 dist=1.17 state=attack can_hit=true
PASS: A zombie next to the player takes health
PASS: Death shows the game-over card
RENDER_OPTIMIZER { "source_meshes": 689, "batches": 17, "removed_render_nodes": 40 }
MENU_T reload after death (9.3 s) 20.2 s
PASS: Nochmal starts a fresh round directly, without menu or intro
PASS: Pause halts the game
RENDER_OPTIMIZER { "source_meshes": 689, "batches": 17, "removed_render_nodes": 40 }
MENU_T reload to main menu (9.5 s) 29.7 s
PASS: Hauptmenü shows the start menu again
COOP_HOST_READY port=24599
PASS: Hosting a coop session works (0)
COOP_RUNNING players=1
PASS: Coop host starts solo
PASS: Host death ends the coop round
RENDER_OPTIMIZER { "source_meshes": 689, "batches": 17, "removed_render_nodes": 40 }
MENU_T coop reload (14.0 s) 43.7 s
COOP_RUNNING players=1
PASS: Neue Runde reloads and the host auto-starts the next coop round
PASS: Second coop round starts
RENDER_OPTIMIZER { "source_meshes": 689, "batches": 17, "removed_render_nodes": 40 }
MENU_T leave coop 55.5 s
PASS: Leaving coop returns to the offline start menu
MENU_FLOW_DONE checks=11 failures=0
