Godot Engine v4.7.2.stable.official.ed1daf0bf - https://godotengine.org

ERROR: Failed to read the root certificate store.
   at: get_system_ca_certificates (platform/windows/os_windows.cpp:2582)
COOP_LOAD BOOT exe=C:/Users/miche/Desktop/Godot.exe
COOP_LOAD NETWORK_INITIALIZED
RENDER_OPTIMIZER { "source_meshes": 676, "batches": 19, "removed_render_nodes": 45 }
COOP_LOAD MAP_READY
ROAM 0 position=(-53.66826, 0.774821, -130.5292) cells=1 stops=1
ROAM 1000 position=(-197.7513, -23.85673, 55.55718) cells=4 stops=2
ROAM 2000 position=(19.67001, 2.959235, -28.07274) cells=7 stops=5
ROAM 3000 position=(-162.1712, -12.56931, -2.781384) cells=7 stops=7
ROAM 4000 position=(-124.7178, -8.291122, -7.155995) cells=8 stops=8
ROAM 5000 position=(-141.4155, -19.25567, 129.3737) cells=8 stops=10
ROAM 6000 position=(100.1408, 10.24543, -74.12564) cells=8 stops=10
ROAM 7000 position=(71.32269, 4.235137, 44.72151) cells=9 stops=13
ROAM 8000 position=(-124.9849, -14.41624, 90.90323) cells=9 stops=15
ROAM 9000 position=(-224.0445, -15.84675, -81.49249) cells=9 stops=17
ROAM 10000 position=(24.55238, -2.663255, 119.1254) cells=9 stops=18
ROAM 11000 position=(92.98253, 10.16164, -99.87279) cells=9 stops=19
ROAM 12000 position=(128.2591, 8.53954, 41.94175) cells=9 stops=22
ROAM 13000 position=(-50.12774, 1.543183, -161.3228) cells=9 stops=25
ROAM 14000 position=(-106.1211, -8.725189, 35.95135) cells=9 stops=27
ROAM 15000 position=(-244.9675, -19.29163, -73.90873) cells=9 stops=29
ROAM 16000 position=(-21.98293, -6.26378, 132.5345) cells=9 stops=30
ROAM 17000 position=(85.56198, 11.2, -187.0412) cells=9 stops=31
ROAM_DONE cells=9 tiles=149 stops=33
