Godot Engine v4.7.2.stable.official.ed1daf0bf - https://godotengine.org

ERROR: Failed to read the root certificate store.
   at: get_system_ca_certificates (platform/windows/os_windows.cpp:2582)
COOP_LOAD BOOT exe=C:/Users/miche/Desktop/Godot.exe
COOP_LOAD NETWORK_INITIALIZED
RENDER_OPTIMIZER { "source_meshes": 676, "batches": 19, "removed_render_nodes": 45 }
COOP_LOAD MAP_READY
ROAM 0 position=(-53.66826, 0.774821, -130.5292) cells=1 stops=1
ROAM 1000 position=(46.83904, 2.469111, 41.64171) cells=4 stops=11
ROAM 2000 position=(-24.89185, -3.45054, 52.96789) cells=4 stops=14
ROAM 3000 position=(7.036633, -0.85001, 53.35524) cells=4 stops=17
ROAM 4000 position=(13.35773, -0.505759, 55.5478) cells=4 stops=20
ROAM 5000 position=(-28.08323, -3.705933, 61.4005) cells=4 stops=23
ROAM 6000 position=(51.68321, 2.737112, 45.87773) cells=4 stops=26
ROAM 7000 position=(-42.39542, -5.722433, 86.96126) cells=5 stops=27
ROAM 8000 position=(50.60402, 2.621391, 46.47216) cells=6 stops=30
ROAM 9000 position=(-59.35965, -5.389803, 51.31398) cells=6 stops=33
ROAM 10000 position=(55.84425, 3.28595, 38.28963) cells=6 stops=35
ROAM 11000 position=(-34.43425, -4.062285, 54.52422) cells=6 stops=38
ROAM 12000 position=(24.42953, 0.642951, 47.09508) cells=6 stops=41
ROAM 13000 position=(-3.321661, -1.860557, 56.45721) cells=6 stops=44
ROAM 14000 position=(-12.07198, -2.733237, 60.2146) cells=6 stops=47
ROAM 15000 position=(39.16686, 1.536641, 52.77188) cells=6 stops=50
ROAM 16000 position=(-51.83526, -5.211973, 55.08236) cells=6 stops=53
ROAM 17000 position=(63.1935, 4.198399, 33.79842) cells=6 stops=55
ROAM_DONE cells=6 tiles=37 stops=58
