23:26:50 generating ['zombie_titan', 'zombie_colossus', 'zombie_bloater'] up to anims
23:26:51 zombie_titan anim crawl 340 01a0da76-c2dd-77a0-a251-04d3741679ff
23:26:51 zombie_bloater anim crawl 340 01a0da76-c2d8-73ce-b165-19af7c72f8e4
23:26:52 zombie_colossus anim crawl 340 01a0da76-c2d8-73d0-b0b7-ac5c5423f412
23:26:53 zombie_titan anim_crawl IN_PROGRESS 10%
23:26:53 zombie_bloater anim_crawl IN_PROGRESS 10%
23:26:53 zombie_colossus anim_crawl IN_PROGRESS 10%
23:27:05 zombie_titan anim_crawl IN_PROGRESS 42%
23:27:05 zombie_bloater anim_crawl IN_PROGRESS 42%
23:27:05 zombie_colossus anim_crawl IN_PROGRESS 42%
23:27:17 zombie_titan anim_crawl IN_PROGRESS 74%
23:27:17 zombie_bloater anim_crawl IN_PROGRESS 74%
23:27:18 zombie_colossus anim_crawl IN_PROGRESS 74%
23:27:30 zombie_titan anim_crawl SUCCEEDED 100%
23:27:30 zombie_titan anim_crawl done, credits 3
Downloading C:\Users\miche\Desktop\Developement\RemZ\assets\raw\zombie_titan_v3\anim_crawl.glb...
23:27:30 zombie_bloater anim_crawl SUCCEEDED 100%
23:27:30 zombie_bloater anim_crawl done, credits 3
Downloading C:\Users\miche\Desktop\Developement\RemZ\assets\raw\zombie_bloater_v3\anim_crawl.glb...
23:27:30 zombie_colossus anim_crawl SUCCEEDED 100%
23:27:30 zombie_colossus anim_crawl done, credits 3
Downloading C:\Users\miche\Desktop\Developement\RemZ\assets\raw\zombie_colossus_v3\anim_crawl.glb...
DOWNLOADED: C:\Users\miche\Desktop\Developement\RemZ\assets\raw\zombie_bloater_v3\anim_crawl.glb (21.7 MB)
23:27:39 zombie_bloater READY up to anims
DOWNLOADED: C:\Users\miche\Desktop\Developement\RemZ\assets\raw\zombie_titan_v3\anim_crawl.glb (24.6 MB)
23:27:40 zombie_titan READY up to anims
DOWNLOADED: C:\Users\miche\Desktop\Developement\RemZ\assets\raw\zombie_colossus_v3\anim_crawl.glb (27.8 MB)
23:27:41 zombie_colossus READY up to anims
Balance: {'balance': 644}
ZOMBIES_V3_DONE ok=3 failed=[]
EXIT 0
