09:19:40 preview tree_birch
TASK_CREATED: 01a0d76f-2943-7745-b962-5a7b15acb77e
  [███░░░░░░░░░░░░░░░░░] 18% — IN_PROGRESS (0s, poll #1)
  [█████░░░░░░░░░░░░░░░] 28% — IN_PROGRESS (5s, poll #2)
  [██████████░░░░░░░░░░] 50% — IN_PROGRESS (12.5s, poll #3)
  [████████████████░░░░] 82% — IN_PROGRESS (23.75s, poll #4)
  [███████████████████░] 99% — IN_PROGRESS (40.625s, poll #5)
  [███████████████████░] 99% — IN_PROGRESS (55.625s, poll #6)
  [███████████████████░] 99% — IN_PROGRESS (70.625s, poll #7)
  [████████████████████] 100% — SUCCEEDED (85.625s, poll #8)
09:21:10 refine tree_birch
TASK_CREATED: 01a0d770-8504-7285-aa36-bb47ddab5508
  [░░░░░░░░░░░░░░░░░░░░] 0% — IN_PROGRESS (0s, poll #1)
  [░░░░░░░░░░░░░░░░░░░░] 0% — IN_PROGRESS (5s, poll #2)
  [█░░░░░░░░░░░░░░░░░░░] 5% — IN_PROGRESS (12.5s, poll #3)
  [████████░░░░░░░░░░░░] 40% — IN_PROGRESS (23.75s, poll #4)
  [███████████░░░░░░░░░] 55% — IN_PROGRESS (40.625s, poll #5)
  [███████████░░░░░░░░░] 55% — IN_PROGRESS (65.9375s, poll #6)
  [███████████████░░░░░] 78% — IN_PROGRESS (95.9375s, poll #7)
  [████████████████████] 100% — SUCCEEDED (125.9375s, poll #8)
Downloading C:\Users\miche\Desktop\Developement\RemZ\assets\raw\tree_birch\model.glb...
DOWNLOADED: C:\Users\miche\Desktop\Developement\RemZ\assets\raw\tree_birch\model.glb (11.3 MB)
Downloading C:\Users\miche\Desktop\Developement\RemZ\assets\raw\tree_birch\thumb.png...
DOWNLOADED: C:\Users\miche\Desktop\Developement\RemZ\assets\raw\tree_birch\thumb.png (0.1 MB)
09:23:21 DONE tree_birch
