20:56:30 preview pistol_v2
TASK_CREATED: 01a0b0ba-413e-7157-9251-698774a239ce
  [███░░░░░░░░░░░░░░░░░] 18% — IN_PROGRESS (0s, poll #1)
  [█████░░░░░░░░░░░░░░░] 28% — IN_PROGRESS (5s, poll #2)
  [██████████░░░░░░░░░░] 50% — IN_PROGRESS (12.5s, poll #3)
  [████████████████░░░░] 82% — IN_PROGRESS (23.75s, poll #4)
  [███████████████████░] 99% — IN_PROGRESS (40.625s, poll #5)
  [███████████████████░] 99% — IN_PROGRESS (55.625s, poll #6)
  [███████████████████░] 99% — IN_PROGRESS (70.625s, poll #7)
  [███████████████████░] 99% — IN_PROGRESS (85.625s, poll #8)
  [███████████████████░] 99% — IN_PROGRESS (100.625s, poll #9)
  [███████████████████░] 99% — IN_PROGRESS (115.625s, poll #10)
  [███████████████████░] 99% — IN_PROGRESS (130.625s, poll #11)
  [███████████████████░] 99% — IN_PROGRESS (145.625s, poll #12)
  [███████████████████░] 99% — IN_PROGRESS (160.625s, poll #13)
  [████████████████████] 100% — SUCCEEDED (175.625s, poll #14)
20:59:31 refine pistol_v2
TASK_CREATED: 01a0b0bd-0224-7798-9f12-938a03f4baa0
  [░░░░░░░░░░░░░░░░░░░░] 0% — IN_PROGRESS (0s, poll #1)
  [░░░░░░░░░░░░░░░░░░░░] 0% — IN_PROGRESS (5s, poll #2)
  [█░░░░░░░░░░░░░░░░░░░] 5% — IN_PROGRESS (12.5s, poll #3)
  [█░░░░░░░░░░░░░░░░░░░] 5% — IN_PROGRESS (23.75s, poll #4)
  [████████░░░░░░░░░░░░] 40% — IN_PROGRESS (40.625s, poll #5)
  [████████░░░░░░░░░░░░] 40% — IN_PROGRESS (65.9375s, poll #6)
  [████████░░░░░░░░░░░░] 40% — IN_PROGRESS (95.9375s, poll #7)
  [███████████░░░░░░░░░] 55% — IN_PROGRESS (125.9375s, poll #8)
  [███████████████████░] 99% — IN_PROGRESS (155.9375s, poll #9)
  [████████████████████] 100% — SUCCEEDED (170.9375s, poll #10)
Downloading C:\Users\miche\Desktop\Developement\RemZ\assets\raw\pistol_v2\model.glb...
DOWNLOADED: C:\Users\miche\Desktop\Developement\RemZ\assets\raw\pistol_v2\model.glb (6.1 MB)
Downloading C:\Users\miche\Desktop\Developement\RemZ\assets\raw\pistol_v2\thumb.png...
DOWNLOADED: C:\Users\miche\Desktop\Developement\RemZ\assets\raw\pistol_v2\thumb.png (0.1 MB)
21:02:29 DONE pistol_v2
21:02:29 preview revolver_v2
TASK_CREATED: 01a0b0bf-b973-708c-b8c0-769fddb32250
  [███░░░░░░░░░░░░░░░░░] 18% — IN_PROGRESS (0s, poll #1)
  [█████░░░░░░░░░░░░░░░] 28% — IN_PROGRESS (5s, poll #2)
  [██████████░░░░░░░░░░] 50% — IN_PROGRESS (12.5s, poll #3)
  [████████████████░░░░] 82% — IN_PROGRESS (23.75s, poll #4)
  [███████████████████░] 99% — IN_PROGRESS (40.625s, poll #5)
  [███████████████████░] 99% — IN_PROGRESS (55.625s, poll #6)
  [███████████████████░] 99% — IN_PROGRESS (70.625s, poll #7)
  [███████████████████░] 99% — IN_PROGRESS (85.625s, poll #8)
  [████████████████████] 100% — SUCCEEDED (100.625s, poll #9)
21:04:14 refine revolver_v2
TASK_CREATED: 01a0b0c1-517f-72e9-8ae8-adc252743a09
  [░░░░░░░░░░░░░░░░░░░░] 0% — IN_PROGRESS (0s, poll #1)
  [░░░░░░░░░░░░░░░░░░░░] 0% — IN_PROGRESS (5s, poll #2)
  [░░░░░░░░░░░░░░░░░░░░] 0% — IN_PROGRESS (12.5s, poll #3)
  [█░░░░░░░░░░░░░░░░░░░] 5% — IN_PROGRESS (23.75s, poll #4)
  [████████░░░░░░░░░░░░] 40% — IN_PROGRESS (40.625s, poll #5)
  [████████░░░░░░░░░░░░] 40% — IN_PROGRESS (65.9375s, poll #6)
  [████████░░░░░░░░░░░░] 40% — IN_PROGRESS (95.9375s, poll #7)
  [███████████░░░░░░░░░] 55% — IN_PROGRESS (125.9375s, poll #8)
  [████████████████████] 100% — SUCCEEDED (155.9375s, poll #9)
Downloading C:\Users\miche\Desktop\Developement\RemZ\assets\raw\revolver_v2\model.glb...
DOWNLOADED: C:\Users\miche\Desktop\Developement\RemZ\assets\raw\revolver_v2\model.glb (8.6 MB)
Downloading C:\Users\miche\Desktop\Developement\RemZ\assets\raw\revolver_v2\thumb.png...
DOWNLOADED: C:\Users\miche\Desktop\Developement\RemZ\assets\raw\revolver_v2\thumb.png (0.1 MB)
21:06:56 DONE revolver_v2
21:06:56 preview smg_v2
TASK_CREATED: 01a0b0c3-cda0-76e2-b5fd-454e41ab3f2e
  [███░░░░░░░░░░░░░░░░░] 18% — IN_PROGRESS (0s, poll #1)
  [█████░░░░░░░░░░░░░░░] 28% — IN_PROGRESS (5s, poll #2)
  [██████████░░░░░░░░░░] 50% — IN_PROGRESS (12.5s, poll #3)
  [████████████████░░░░] 82% — IN_PROGRESS (23.75s, poll #4)
  [███████████████████░] 99% — IN_PROGRESS (40.625s, poll #5)
  [███████████████████░] 99% — IN_PROGRESS (55.625s, poll #6)
  [███████████████████░] 99% — IN_PROGRESS (70.625s, poll #7)
  [████████████████████] 100% — SUCCEEDED (85.625s, poll #8)
21:08:26 refine smg_v2
TASK_CREATED: 01a0b0c5-2c72-779f-a729-96f8b89d52a2
  [░░░░░░░░░░░░░░░░░░░░] 0% — IN_PROGRESS (0s, poll #1)
  [░░░░░░░░░░░░░░░░░░░░] 0% — IN_PROGRESS (5s, poll #2)
  [░░░░░░░░░░░░░░░░░░░░] 0% — IN_PROGRESS (12.5s, poll #3)
  [█░░░░░░░░░░░░░░░░░░░] 5% — IN_PROGRESS (23.75s, poll #4)
  [█░░░░░░░░░░░░░░░░░░░] 5% — IN_PROGRESS (40.625s, poll #5)
  [█████████░░░░░░░░░░░] 45% — IN_PROGRESS (65.9375s, poll #6)
  [███████████████░░░░░] 75% — IN_PROGRESS (95.9375s, poll #7)
  [███████████████████░] 99% — IN_PROGRESS (125.9375s, poll #8)
  [████████████████████] 100% — SUCCEEDED (140.9375s, poll #9)
Downloading C:\Users\miche\Desktop\Developement\RemZ\assets\raw\smg_v2\model.glb...
DOWNLOADED: C:\Users\miche\Desktop\Developement\RemZ\assets\raw\smg_v2\model.glb (7.6 MB)
Downloading C:\Users\miche\Desktop\Developement\RemZ\assets\raw\smg_v2\thumb.png...
DOWNLOADED: C:\Users\miche\Desktop\Developement\RemZ\assets\raw\smg_v2\thumb.png (0.1 MB)
21:10:54 DONE smg_v2
21:10:54 preview ak47_v2
TASK_CREATED: 01a0b0c7-70ae-770e-87d5-a960fcf98a25
  [███░░░░░░░░░░░░░░░░░] 18% — IN_PROGRESS (0s, poll #1)
  [█████░░░░░░░░░░░░░░░] 28% — IN_PROGRESS (5s, poll #2)
  [██████████░░░░░░░░░░] 50% — IN_PROGRESS (12.5s, poll #3)
  [████████████████░░░░] 82% — IN_PROGRESS (23.75s, poll #4)
  [██████████████████░░] 93% — IN_PROGRESS (40.625s, poll #5)
  [████████████████████] 100% — SUCCEEDED (65.9375s, poll #6)
21:12:04 refine ak47_v2
TASK_CREATED: 01a0b0c8-8054-71af-9f2e-b1e2ed54b27e
  [░░░░░░░░░░░░░░░░░░░░] 0% — IN_PROGRESS (0s, poll #1)
  [░░░░░░░░░░░░░░░░░░░░] 0% — IN_PROGRESS (5s, poll #2)
  [█░░░░░░░░░░░░░░░░░░░] 5% — IN_PROGRESS (12.5s, poll #3)
  [████████░░░░░░░░░░░░] 40% — IN_PROGRESS (23.75s, poll #4)
  [████████░░░░░░░░░░░░] 40% — IN_PROGRESS (40.625s, poll #5)
  [████████░░░░░░░░░░░░] 40% — IN_PROGRESS (65.9375s, poll #6)
  [█████████░░░░░░░░░░░] 45% — IN_PROGRESS (95.9375s, poll #7)
  [███████████████░░░░░] 78% — IN_PROGRESS (125.9375s, poll #8)
  [████████████████████] 100% — SUCCEEDED (155.9375s, poll #9)
Downloading C:\Users\miche\Desktop\Developement\RemZ\assets\raw\ak47_v2\model.glb...
DOWNLOADED: C:\Users\miche\Desktop\Developement\RemZ\assets\raw\ak47_v2\model.glb (9.4 MB)
Downloading C:\Users\miche\Desktop\Developement\RemZ\assets\raw\ak47_v2\thumb.png...
DOWNLOADED: C:\Users\miche\Desktop\Developement\RemZ\assets\raw\ak47_v2\thumb.png (0.0 MB)
21:14:46 DONE ak47_v2
21:14:46 preview rifle_v2
TASK_CREATED: 01a0b0ca-fab3-7106-a192-be7978c533d6
  [███░░░░░░░░░░░░░░░░░] 18% — IN_PROGRESS (0s, poll #1)
  [█████░░░░░░░░░░░░░░░] 28% — IN_PROGRESS (5s, poll #2)
  [██████████░░░░░░░░░░] 50% — IN_PROGRESS (12.5s, poll #3)
  [████████████████░░░░] 82% — IN_PROGRESS (23.75s, poll #4)
  [███████████████████░] 99% — IN_PROGRESS (40.625s, poll #5)
  [███████████████████░] 99% — IN_PROGRESS (55.625s, poll #6)
  [████████████████████] 100% — SUCCEEDED (70.625s, poll #7)
21:16:01 refine rifle_v2
TASK_CREATED: 01a0b0cc-1d40-7391-a485-e24ad66de360
  [░░░░░░░░░░░░░░░░░░░░] 0% — IN_PROGRESS (0s, poll #1)
  [░░░░░░░░░░░░░░░░░░░░] 0% — IN_PROGRESS (5s, poll #2)
  [█░░░░░░░░░░░░░░░░░░░] 5% — IN_PROGRESS (12.5s, poll #3)
  [████████░░░░░░░░░░░░] 40% — IN_PROGRESS (23.75s, poll #4)
  [███████████░░░░░░░░░] 55% — IN_PROGRESS (40.625s, poll #5)
  [███████████████░░░░░] 78% — IN_PROGRESS (65.9375s, poll #6)
  [████████████████████] 100% — SUCCEEDED (95.9375s, poll #7)
Downloading C:\Users\miche\Desktop\Developement\RemZ\assets\raw\rifle_v2\model.glb...
DOWNLOADED: C:\Users\miche\Desktop\Developement\RemZ\assets\raw\rifle_v2\model.glb (9.3 MB)
Downloading C:\Users\miche\Desktop\Developement\RemZ\assets\raw\rifle_v2\thumb.png...
DOWNLOADED: C:\Users\miche\Desktop\Developement\RemZ\assets\raw\rifle_v2\thumb.png (0.0 MB)
21:17:45 DONE rifle_v2
GROUP_DONE weapons
