Godot Engine v4.7.2.stable.official.ed1daf0bf - https://godotengine.org

ERROR: Failed to read the root certificate store.
   at: get_system_ca_certificates (platform/windows/os_windows.cpp:2582)
[   0% ] first_scan_filesystem | Started Projektinitialisierung (5 steps)
[   0% ] first_scan_filesystem | Lese Dateistrucktur …
[  16% ] first_scan_filesystem | Globale Klassennamen laden …
[  33% ] first_scan_filesystem | Verifiziere GDExtensions…
[  50% ] first_scan_filesystem | Autoload-Skripte erzeugen …
[  66% ] first_scan_filesystem | Plugins initialisieren…
[  83% ] first_scan_filesystem | Dateiscan starten …
[ DONE ] first_scan_filesystem

[   0% ] update_scripts_classes | Started Globale Klassen registrieren … (7 steps)
[   0% ] update_scripts_classes | Door
[  12% ] update_scripts_classes | ForestKey
[  25% ] update_scripts_classes | 
[  37% ] update_scripts_classes | Pickup
[  50% ] update_scripts_classes | WorldModels
[  62% ] update_scripts_classes | 
[  75% ] update_scripts_classes | 
[ DONE ] update_scripts_classes

[   0% ] _update_scan_actions | Started Aktionen scannen … (3 steps)
[   0% ] _update_scan_actions | forest_key.glb
[  25% ] _update_scan_actions | sandbag.glb
[  50% ] _update_scan_actions | tower_standard.glb
[ DONE ] _update_scan_actions

[   0% ] reimport | Started Assets (erneut) importieren (3 steps)
[   0% ] reimport | Dateien zum Neuimport vorbereiten …
[  25% ] reimport | Dateien zum Neuimport vorbereiten …
[  50% ] reimport | Dateien zum Neuimport vorbereiten …
[   0% ] reimport | Vor-Neuimport-Operationen ausführen …
[   0% ] reimport | forest_key.glb
[   0% ] import | Started Szene importieren (104 steps)
[   0% ] import | Importiere Szene…
[   1% ] import | Eigenes Skript wird ausgeführt …
[  99% ] import | Speichern …
[ DONE ] import

[  25% ] reimport | sandbag.glb
[   0% ] import | Started Szene importieren (104 steps)
[   0% ] import | Importiere Szene…
[   1% ] import | Eigenes Skript wird ausgeführt …
[  99% ] import | Speichern …
[ DONE ] import

[  50% ] reimport | tower_standard.glb
[   0% ] import | Started Szene importieren (104 steps)
[   0% ] import | Importiere Szene…
[   1% ] import | Eigenes Skript wird ausgeführt …
[  99% ] import | Speichern …
[ DONE ] import

[  75% ] reimport | Asset-Import fertigstellen …
[ DONE ] reimport

[   0% ] reimport | Started Assets (erneut) importieren (3 steps)
[   0% ] reimport | Nach-Neuimport-Operationen ausführen …
[ DONE ] reimport

[   0% ] loading_editor_layout | Started Editor laden (5 steps)
[   0% ] loading_editor_layout | Editor-Layout laden …
[  16% ] loading_editor_layout | Docks laden …
[  33% ] loading_editor_layout | Öffne Szenen neu…
[  50% ] loading_editor_layout | Zentrales Editor-Layout laden …
[  66% ] loading_editor_layout | Pluginfensterlayout laden …
[  83% ] loading_editor_layout | Editorlayout bereit.
[ DONE ] loading_editor_layout

ERROR: Cannot save file 'C:/Users/miche/AppData/Roaming/Godot/editor_settings-4.7.tres'.
   at: save (scene/resources/resource_format_text.cpp:1768)
ERROR: Error saving editor settings to C:/Users/miche/AppData/Roaming/Godot/editor_settings-4.7.tres
   at: save (editor/settings/editor_settings.cpp:1525)
