Godot Engine v4.7.2.stable.official.ed1daf0bf - https://godotengine.org

ERROR: Failed to read the root certificate store.
   at: get_system_ca_certificates (platform/windows/os_windows.cpp:2582)
COOP_LOAD BOOT exe=C:/Users/miche/Desktop/Godot.exe
COOP_LOAD NETWORK_INITIALIZED
PASS: Payload needs several packets
PASS: Reverse arrival reassembles exact data
PASS: Duplicate snapshot does not apply twice
PASS: Missing fragment never applies partial state
PASS: New complete snapshot recovers after packet loss
PASS: Late older snapshot cannot roll back state
PASS: Previous round packets are ignored
PASS: Invalid fragment and allocation limits are rejected
PASS: Incomplete snapshot memory stays bounded
PASS: Reliable world state cannot be overwritten by older movement packets
COOP_LOAD INITIAL_RECEIVE parts=21
PASS: Partial initial state never starts loading
COOP_LOAD INITIAL_APPLY_BEGIN
PASS: Chunked reliable initial state reconstructs the complete world
PASS: Duplicate initial transfer cannot reload the world
PASS: Oversized initial transfer is rejected
NETWORK_PACKETS_DONE checks=14 failures=0
