Godot Engine v4.7.2.stable.official.ed1daf0bf - https://godotengine.org

ERROR: Failed to read the root certificate store.
   at: get_system_ca_certificates (platform/windows/os_windows.cpp:2582)
COOP_LOAD BOOT exe=C:/Users/miche/Desktop/Godot.exe
COOP_LOAD NETWORK_INITIALIZED
RENDER_OPTIMIZER { "source_meshes": 670, "batches": 19, "removed_render_nodes": 42 }
COOP_LOAD MAP_READY
PASS: Full refill charges exactly the quoted total
PASS: pistol magazine and reserve reach their limits
PASS: revolver magazine and reserve reach their limits
PASS: smg magazine and reserve reach their limits
PASS: ak47 magazine and reserve reach their limits
PASS: shotgun magazine and reserve reach their limits
PASS: marksman magazine and reserve reach their limits
PASS: lmg magazine and reserve reach their limits
PASS: breacher magazine and reserve reach their limits
PASS: titanbreaker magazine and reserve reach their limits
PASS: Refill cancels affected reloads and keeps grenades separate
PASS: Already full cannot charge twice
PASS: Small budget buys proportional rounds at existing ammo prices
PASS: Partial refill prioritizes current weapon and magazine without overdraft
PASS: Zero budget never grants free ammunition
PASS: Locked weapon receives no ammunition
PASS: Remote purchase is rejected atomically
PASS: Mechanic cannot perform vendor refill
PASS: Host refills only requesting peer's ammunition and debits that peer
AUTOREFILL_DONE checks=19 failures=0
