Godot Engine v4.7.2.stable.official.ed1daf0bf - https://godotengine.org

ERROR: Failed to read the root certificate store.
   at: get_system_ca_certificates (platform/windows/os_windows.cpp:2582)
COOP_LOAD BOOT exe=C:/Users/miche/Desktop/Godot.exe
COOP_LOAD NETWORK_INITIALIZED
RENDER_OPTIMIZER { "source_meshes": 670, "batches": 19, "removed_render_nodes": 42 }
COOP_LOAD MAP_READY
PASS: grenade remains when full (coop=false)
PASS: grenade is collected after space opens without exceeding capacity (coop=false)
PASS: grenade cannot be collected twice (coop=false)
PASS: ammo remains when full (coop=false)
PASS: ammo is collected after space opens without exceeding capacity (coop=false)
PASS: ammo cannot be collected twice (coop=false)
PASS: medkit remains when full (coop=false)
PASS: medkit is collected after space opens without exceeding capacity (coop=false)
PASS: medkit cannot be collected twice (coop=false)
PASS: World ammunition stays when full (coop=false)
PASS: World ammunition can be collected later (coop=false)
PASS: grenade remains when full (coop=true)
PASS: grenade is collected after space opens without exceeding capacity (coop=true)
PASS: grenade cannot be collected twice (coop=true)
PASS: ammo remains when full (coop=true)
PASS: ammo is collected after space opens without exceeding capacity (coop=true)
PASS: ammo cannot be collected twice (coop=true)
PASS: medkit remains when full (coop=true)
PASS: medkit is collected after space opens without exceeding capacity (coop=true)
PASS: medkit cannot be collected twice (coop=true)
PASS: World ammunition stays when full (coop=true)
PASS: World ammunition can be collected later (coop=true)
PASS: Standing on a drop with full pockets leaves it available
PASS: Drop is retried without leaving and re-entering its area
PICKUP_CAPACITY_DONE checks=24 failures=0
