13:50:29 preview mushroom_fly
TASK_CREATED: 01a0af34-3a68-7554-b7ee-c3bd05bab40d
  [███░░░░░░░░░░░░░░░░░] 18% — IN_PROGRESS (0s, poll #1)
  [█████░░░░░░░░░░░░░░░] 28% — IN_PROGRESS (5s, poll #2)
  [██████████░░░░░░░░░░] 50% — IN_PROGRESS (12.5s, poll #3)
  [████████████████░░░░] 82% — IN_PROGRESS (23.75s, poll #4)
  [███████████████████░] 99% — IN_PROGRESS (40.625s, poll #5)
  [███████████████████░] 99% — IN_PROGRESS (55.625s, poll #6)
  [███████████████████░] 99% — IN_PROGRESS (70.625s, poll #7)
  [███████████████████░] 99% — IN_PROGRESS (85.625s, poll #8)
  [████████████████████] 100% — SUCCEEDED (100.625s, poll #9)
13:52:14 refine mushroom_fly
TASK_CREATED: 01a0af35-d1ac-7646-b152-ad3318a70001
  [░░░░░░░░░░░░░░░░░░░░] 0% — IN_PROGRESS (0s, poll #1)
  [░░░░░░░░░░░░░░░░░░░░] 0% — IN_PROGRESS (5s, poll #2)
  [░░░░░░░░░░░░░░░░░░░░] 0% — IN_PROGRESS (12.5s, poll #3)
  [█░░░░░░░░░░░░░░░░░░░] 5% — IN_PROGRESS (23.75s, poll #4)
  [█░░░░░░░░░░░░░░░░░░░] 5% — IN_PROGRESS (40.625s, poll #5)
  [█████████░░░░░░░░░░░] 45% — IN_PROGRESS (65.9375s, poll #6)
  [███████████████████░] 99% — IN_PROGRESS (95.9375s, poll #7)
  [████████████████████] 100% — SUCCEEDED (110.9375s, poll #8)
Downloading C:\Users\M Konrad\Desktop\Development\RemZ\assets\raw\mushroom_fly\model.glb...
DOWNLOADED: C:\Users\M Konrad\Desktop\Development\RemZ\assets\raw\mushroom_fly\model.glb (3.7 MB)
Downloading C:\Users\M Konrad\Desktop\Development\RemZ\assets\raw\mushroom_fly\thumb.png...
DOWNLOADED: C:\Users\M Konrad\Desktop\Development\RemZ\assets\raw\mushroom_fly\thumb.png (0.2 MB)
13:54:11 DONE mushroom_fly
