13:47:14 preview mushroom_cluster
TASK_CREATED: 01a0af31-3e44-730b-a061-22b8c2171f98
  [███░░░░░░░░░░░░░░░░░] 18% — IN_PROGRESS (0s, poll #1)
  [█████░░░░░░░░░░░░░░░] 28% — IN_PROGRESS (5s, poll #2)
  [██████████░░░░░░░░░░] 50% — IN_PROGRESS (12.5s, poll #3)
  [████████████████░░░░] 82% — IN_PROGRESS (23.75s, poll #4)
  [███████████████████░] 99% — IN_PROGRESS (40.625s, poll #5)
  [███████████████████░] 99% — IN_PROGRESS (55.625s, poll #6)
  [███████████████████░] 99% — IN_PROGRESS (70.625s, poll #7)
  [████████████████████] 100% — SUCCEEDED (85.625s, poll #8)
13:48:44 refine mushroom_cluster
TASK_CREATED: 01a0af32-9b8a-71d1-9d22-bda68d41583d
  [░░░░░░░░░░░░░░░░░░░░] 0% — IN_PROGRESS (0s, poll #1)
  [░░░░░░░░░░░░░░░░░░░░] 0% — IN_PROGRESS (5s, poll #2)
  [█░░░░░░░░░░░░░░░░░░░] 5% — IN_PROGRESS (12.5s, poll #3)
  [█░░░░░░░░░░░░░░░░░░░] 5% — IN_PROGRESS (23.75s, poll #4)
  [█░░░░░░░░░░░░░░░░░░░] 5% — IN_PROGRESS (40.625s, poll #5)
  [███████████░░░░░░░░░] 55% — IN_PROGRESS (65.9375s, poll #6)
  [████████████████████] 100% — SUCCEEDED (95.9375s, poll #7)
Downloading C:\Users\M Konrad\Desktop\Development\RemZ\assets\raw\mushroom_cluster\model.glb...
DOWNLOADED: C:\Users\M Konrad\Desktop\Development\RemZ\assets\raw\mushroom_cluster\model.glb (4.1 MB)
Downloading C:\Users\M Konrad\Desktop\Development\RemZ\assets\raw\mushroom_cluster\thumb.png...
DOWNLOADED: C:\Users\M Konrad\Desktop\Development\RemZ\assets\raw\mushroom_cluster\thumb.png (0.2 MB)
13:50:27 DONE mushroom_cluster
