Godot Engine v4.7.2.stable.official.ed1daf0bf - https://godotengine.org

ERROR: Failed to read the root certificate store.
   at: get_system_ca_certificates (platform/windows/os_windows.cpp:2582)
[   0% ] first_scan_filesystem | Started Projektinitialisierung (5 steps)
[   0% ] first_scan_filesystem | Lese Dateistrucktur …
[  16% ] first_scan_filesystem | Globale Klassennamen laden …
[  33% ] first_scan_filesystem | Verifiziere GDExtensions…
[  50% ] first_scan_filesystem | Autoload-Skripte erzeugen …
[  66% ] first_scan_filesystem | Plugins initialisieren…
[  83% ] first_scan_filesystem | Dateiscan starten …
[ DONE ] first_scan_filesystem

[   0% ] update_scripts_classes | Started Globale Klassen registrieren … (17 steps)
[   0% ] update_scripts_classes | 
[   5% ] update_scripts_classes | Hud
[  11% ] update_scripts_classes | Inventory
[  16% ] update_scripts_classes | ItemIcons
[  22% ] update_scripts_classes | 
[  27% ] update_scripts_classes | 
[  33% ] update_scripts_classes | 
[  38% ] update_scripts_classes | 
[  44% ] update_scripts_classes | Player
[  50% ] update_scripts_classes | Progression
[  55% ] update_scripts_classes | Sfx
[  61% ] update_scripts_classes | Skills
[  66% ] update_scripts_classes | ViewmodelHands
[  72% ] update_scripts_classes | Weapons
[  77% ] update_scripts_classes | 
[  83% ] update_scripts_classes | 
[  88% ] update_scripts_classes | 
[ DONE ] update_scripts_classes

[   0% ] _update_scan_actions | Started Aktionen scannen … (8 steps)
[   0% ] _update_scan_actions | krause_glucke.svg
[  11% ] _update_scan_actions | maronenroehrling.svg
[  22% ] _update_scan_actions | morchel.svg
[  33% ] _update_scan_actions | parasol.svg
[  44% ] _update_scan_actions | pfifferling.svg
[  55% ] _update_scan_actions | reizker.svg
[  66% ] _update_scan_actions | tintenpilz.svg
[  77% ] _update_scan_actions | violetter_roetelritterling.svg
[ DONE ] _update_scan_actions

[   0% ] reimport | Started Assets (erneut) importieren (8 steps)
[   0% ] reimport | Dateien zum Neuimport vorbereiten …
[  11% ] reimport | Dateien zum Neuimport vorbereiten …
[  22% ] reimport | Dateien zum Neuimport vorbereiten …
[  33% ] reimport | Dateien zum Neuimport vorbereiten …
[  44% ] reimport | Dateien zum Neuimport vorbereiten …
[  55% ] reimport | Dateien zum Neuimport vorbereiten …
[  66% ] reimport | Dateien zum Neuimport vorbereiten …
[  77% ] reimport | Dateien zum Neuimport vorbereiten …
[   0% ] reimport | Vor-Neuimport-Operationen ausführen …
[   0% ] reimport | krause_glucke.svg
[  11% ] reimport | maronenroehrling.svg
[  22% ] reimport | morchel.svg
[  33% ] reimport | parasol.svg
[  44% ] reimport | pfifferling.svg
[  55% ] reimport | reizker.svg
[  66% ] reimport | tintenpilz.svg
[  77% ] reimport | violetter_roetelritterling.svg
[  88% ] reimport | Asset-Import fertigstellen …
[ DONE ] reimport

[   0% ] reimport | Started Assets (erneut) importieren (8 steps)
[   0% ] reimport | Nach-Neuimport-Operationen ausführen …
[ DONE ] reimport

[   0% ] loading_editor_layout | Started Editor laden (5 steps)
[   0% ] loading_editor_layout | Editor-Layout laden …
[  16% ] loading_editor_layout | Docks laden …
[  33% ] loading_editor_layout | Öffne Szenen neu…
[  50% ] loading_editor_layout | Zentrales Editor-Layout laden …
[  66% ] loading_editor_layout | Pluginfensterlayout laden …
[  83% ] loading_editor_layout | Editorlayout bereit.
[ DONE ] loading_editor_layout

ERROR: Cannot save file 'C:/Users/miche/AppData/Roaming/Godot/editor_settings-4.7.tres'.
   at: save (scene/resources/resource_format_text.cpp:1768)
ERROR: Error saving editor settings to C:/Users/miche/AppData/Roaming/Godot/editor_settings-4.7.tres
   at: save (editor/settings/editor_settings.cpp:1525)
