Godot Engine v4.7.2.stable.official.ed1daf0bf - https://godotengine.org
Vulkan 1.3.277 - Forward+ - Using Device #0: NVIDIA - NVIDIA GeForce RTX 3060 Ti

ERROR: Failed to read the root certificate store.
   at: get_system_ca_certificates (platform/windows/os_windows.cpp:2582)
COOP_LOAD BOOT exe=C:/Users/miche/Desktop/Developement/RemZ/builds/windows/RemZ.exe
COOP_LOAD NETWORK_INITIALIZED
RENDER_OPTIMIZER { "source_meshes": 672, "batches": 19, "removed_render_nodes": 45 }
COOP_LOAD MAP_READY
FPS_SAMPLE 187.1 flags=["--autotest", "--smoke-test", "--no-intro", "--no-music"]
VIEW 0 fps=188
VIEW 1 fps=82
VIEW 2 fps=136
VIEW 3 fps=81
VIEW 4 fps=142
VIEW 5 fps=79
VIEW 6 fps=97
VIEW 7 fps=102
VIEW 8 fps=92
ZOMBIE at (18.32177, -0.125874, 42.73569)
ZOMBIE at (19.43678, -0.161568, 45.24268)
ZOMBIE at (24.08837, 0.093486, 50.77946)
ZOMBIE at (-59.60418, -7.05068, 77.03603)
ZOMBIE at (26.39888, 0.212026, 51.37872)
ZOMBIE at (28.90327, 0.410535, 51.21462)
ZOMBIE at (-55.84111, 0.885264, -166.1317)
ZOMBIE at (22.10761, 0.050555, 50.26405)
ZOMBIE at (112.9132, 8.252202, 11.58856)
ZOMBIE at (-72.53982, -8.374663, 78.80932)
ZOMBIE at (-60.79213, 0.536794, -162.781)
ZOMBIE at (112.9177, 7.570324, 26.66432)
AUTOTEST_DONE zombies=9 fps=92
