Godot Engine v4.7.2.stable.official.ed1daf0bf - https://godotengine.org
Vulkan 1.3.277 - Forward+ - Using Device #0: NVIDIA - NVIDIA GeForce RTX 3060 Ti

ERROR: Failed to read the root certificate store.
   at: get_system_ca_certificates (platform/windows/os_windows.cpp:2582)
COOP_LOAD BOOT exe=C:/Users/miche/Desktop/Developement/RemZ/builds/windows/RemZ.exe
COOP_LOAD NETWORK_INITIALIZED
RENDER_OPTIMIZER { "source_meshes": 672, "batches": 19, "removed_render_nodes": 45 }
COOP_LOAD MAP_READY
FPS_SAMPLE 172.9 flags=["--autotest", "--smoke-test", "--no-intro", "--no-music"]
VIEW 0 fps=174
VIEW 1 fps=85
VIEW 2 fps=77
VIEW 3 fps=87
VIEW 4 fps=72
VIEW 5 fps=98
VIEW 6 fps=90
VIEW 7 fps=109
VIEW 8 fps=81
ZOMBIE at (20.66199, -0.062159, 48.2791)
ZOMBIE at (20.96255, -0.033649, 49.53774)
ZOMBIE at (21.79473, 0.084216, 49.23766)
ZOMBIE at (-80.85352, -0.681348, -156.8857)
ZOMBIE at (25.90995, 0.178785, 51.23299)
ZOMBIE at (29.14056, 0.43607, 51.24649)
ZOMBIE at (-69.07228, -8.229475, 80.00682)
ZOMBIE at (31.74849, -1.229602, 93.89937)
ZOMBIE at (-54.83986, 1.076899, -171.4907)
ZOMBIE at (-72.79184, -8.518551, 80.51283)
ZOMBIE at (-70.12308, -7.965267, 76.20387)
AUTOTEST_DONE zombies=9 fps=81
