Godot Engine v4.7.2.stable.official.ed1daf0bf - https://godotengine.org

ERROR: Failed to read the root certificate store.
   at: get_system_ca_certificates (platform/windows/os_windows.cpp:2582)
COOP_LOAD BOOT exe=C:/Users/miche/Desktop/Godot.exe
COOP_LOAD NETWORK_INITIALIZED
RENDER_OPTIMIZER { "source_meshes": 672, "batches": 19, "removed_render_nodes": 45 }
COOP_LOAD MAP_READY
PASS: Invalid IP rejected without entering a session
COOP_LOAD HOST_CREATE port=24687
COOP_HOST_READY port=24687
COOP_LOAD HOST_READY
PASS: Host binds an ENet UDP socket
ERROR: Couldn't create an ENet host.
   at: _create (modules/enet/enet_connection.cpp:319)
   GDScript backtrace (most recent call first):
       [0] host_run (res://tests/multiplayer.gd:128)
       [1] run (res://tests/multiplayer.gd:54)
PASS: A second host cannot bind the same port
COOP_LOAD PEER_CONNECTED id=142886714
COOP_LOAD PEER_CONNECTED id=1372589566
COOP_PEER_ACCEPTED count=2
COOP_LOAD PEER_CONNECTED id=221675477
COOP_PEER_ACCEPTED count=3
COOP_PEER_ACCEPTED count=4
COOP_LOAD INITIAL_SEND peer=142886714 raw=25616 bytes=3958 parts=5
COOP_LOAD INITIAL_SEND peer=1372589566 raw=25616 bytes=3958 parts=5
COOP_LOAD INITIAL_SEND peer=221675477 raw=25616 bytes=3958 parts=5
COOP_LOAD CLIENT_READY peer=142886714
COOP_LOAD CLIENT_READY peer=1372589566
COOP_LOAD CLIENT_READY peer=221675477
PASS: Host plus three clients share the lobby
PASS: All four maps are ready
COOP_LOAD ROUND_START_SEND players=4
COOP_LOAD STATE_SEND peer=142886714 raw=25616 bytes=3961 parts=5
COOP_LOAD STATE_SEND peer=1372589566 raw=25616 bytes=3961 parts=5
COOP_LOAD STATE_SEND peer=221675477 raw=25616 bytes=3961 parts=5
COOP_LOAD ROUND_BEGIN intro=false
COOP_LOAD ROUND_RUNNING players=4
COOP_RUNNING players=4
ERROR: Parse JSON failed. Error at line 0: Unknown error getting token
   at: parse_string (core/io/json.cpp:629)
   GDScript backtrace (most recent call first):
       [0] read_json (res://tests/multiplayer.gd:43)
       [1] command_clients (res://tests/multiplayer.gd:65)
       [2] wait_seconds (res://tests/multiplayer.gd:34)
PASS: c1 sees four players and three avatars
PASS: c2 sees four players and three avatars
PASS: c3 sees four players and three avatars
PASS: Host pause menu leaves world clock running
PASS: host opens pause without pausing the world
PASS: host focus loss does not stack menus during pause
PASS: Other player moves while host opens pause
PASS: host world advances during pause
PASS: host resumes after pause
PASS: host opens inventory without pausing the world
PASS: host focus loss does not stack menus during inventory
PASS: Other player moves while host opens inventory
PASS: host world advances during inventory
PASS: host resumes after inventory
PASS: host opens shop without pausing the world
PASS: host focus loss does not stack menus during shop
PASS: Other player moves while host opens shop
PASS: host world advances during shop
PASS: host resumes after shop
PASS: host opens barricades without pausing the world
PASS: host focus loss does not stack menus during barricades
PASS: Other player moves while host opens barricades
PASS: host world advances during barricades
PASS: host resumes after barricades
PASS: Client walking replicates through host collision
PASS: Legacy remote weapon unlock rejected
PASS: Remote NPC purchase cannot bypass proximity
PASS: Eligible NPC weapon purchase is charged once by host
PASS: Duplicate purchase cannot spend twice
PASS: Purchased weapon skin replicates to owner
PASS: After purchase receives measured peer pings, zero host ping and no stale disconnected ping
PASS: After purchase receives all authoritative leaderboard rows, points and counters
PASS: Individual quest state reaches the other peers
PASS: Client menus do not pause the common world
PASS: Remote AK shot damages the host zombie
PASS: Exactly one round consumed on host
PASS: c2 receives the same zombie
PASS: c3 receives the same zombie
PASS: Remote reload completes on the host
PASS: Locked weapon request rejected
PASS: Impossible movement request rejected
PASS: Host rare mushroom availability and exact location reach the client
PASS: Contended pickup granted exactly once
PASS: Remote shot kills wildlife and creates host meat
PASS: Competing clients receive meat exactly once
PASS: Client starts host cooking at camp
PASS: Cooked meat reaches the client inventory
PASS: Client eating applies healing on the host
PASS: Client collects a team key on host
PASS: Team key propagated to another client
PASS: Different client opens door with the shared key
PASS: Remote barricade purchase builds real collision
PASS: Remote repair restores host barricade
PASS: Door and barricade states reach other peers
PASS: Remote tower placement creates one host tower and charges builder
PASS: Duplicate remote tower placement rejected
PASS: Client mounts turret on host
PASS: Mounted seat replicates to controlling client
PASS: Second player cannot steal an occupied turret
PASS: Remote dismount frees turret
PASS: Remote turret upgrade requires the mechanic
PASS: Remote tower rotation is authoritative
PASS: Tower heading replicates to other players
PASS: NPC turret upgrade applies on host
PASS: Remote tower repair restores shared health
PASS: Host turret fire and target damage replicate (host=9 client=9 target_hp=9775.0)
PASS: Client mouse aim and trigger deal authoritative turret damage
PASS: Client right mouse reaches the host's turret precision state
PASS: Client turret zoom survives weapon processing and snapshots
PASS: Other clients receive the turret aiming state
PASS: Releasing right mouse restores host precision and client view
PASS: c1 receives full titan health and exact attack phase
PASS: c1 sees the same boss model, size and appearance
PASS: c1 hears one arrival and one attack cry from the host
PASS: c2 receives full titan health and exact attack phase
PASS: c2 sees the same boss model, size and appearance
PASS: c2 hears one arrival and one attack cry from the host
PASS: c3 receives full titan health and exact attack phase
PASS: c3 sees the same boss model, size and appearance
PASS: c3 hears one arrival and one attack cry from the host
PASS: Boss impact event reaches client
PASS: c1 receives exactly one synchronized footstep, rage cry and slam
PASS: c2 receives exactly one synchronized footstep, rage cry and slam
PASS: c3 receives exactly one synchronized footstep, rage cry and slam
PASS: Titan headshot and contributor assist belong to their respective players
PASS: c1 hears death and delayed body impact without replica duplicates
PASS: c1 receives measured peer pings, zero host ping and no stale disconnected ping
PASS: c1 receives all authoritative leaderboard rows, points and counters
PASS: c2 hears death and delayed body impact without replica duplicates
PASS: c2 receives measured peer pings, zero host ping and no stale disconnected ping
PASS: c2 receives all authoritative leaderboard rows, points and counters
PASS: c3 hears death and delayed body impact without replica duplicates
PASS: c3 receives measured peer pings, zero host ping and no stale disconnected ping
PASS: c3 receives all authoritative leaderboard rows, points and counters
COOP_LOAD PEER_DISCONNECTED id=1372589566
COOP_LOAD PEER_CONNECTED id=289217822
COOP_PEER_ACCEPTED count=4
COOP_LOAD INITIAL_SEND peer=289217822 raw=27780 bytes=5014 parts=6
COOP_LOAD CLIENT_READY peer=289217822
PASS: A player can reconnect to an ongoing round
PASS: Late join restores doors, keys, barricades and enemies
PASS: Late join restores upgraded tower and exact structure health
PASS: Late join does not replay earlier titan roars or impacts
PASS: Collected gold bolete remains absent for late joiners
PASS: Late join restores hunted animals and remaining meat
PASS: Late join receives measured peer pings, zero host ping and no stale disconnected ping
PASS: Late join receives all authoritative leaderboard rows, points and counters
PASS: Destroyed tower disappears on other peers
PASS: flame can be built by a remote client
PASS: flame uses host-validated type and price
PASS: flame type and occupation reach other peers
PASS: flame destruction releases remote operator
ERROR: FAIL: mortar can be built by a remote client
   at: push_error (core/variant/variant_utility.cpp:1023)
   GDScript backtrace (most recent call first):
       [0] check (res://tests/multiplayer.gd:31)
       [1] host_run (res://tests/multiplayer.gd:426)
       [2] wait_seconds (res://tests/multiplayer.gd:34)
SCRIPT ERROR: Invalid access of index '0' on a base object of type: 'Array'.
   at: host_run (res://tests/multiplayer.gd:427)
   GDScript backtrace (most recent call first):
       [0] host_run (res://tests/multiplayer.gd:427)
       [1] wait_seconds (res://tests/multiplayer.gd:34)
