Godot Engine v4.7.2.stable.official.ed1daf0bf - https://godotengine.org

ERROR: Failed to read the root certificate store.
   at: get_system_ca_certificates (platform/windows/os_windows.cpp:2582)
COOP_LOAD BOOT exe=C:/Users/miche/Desktop/Developement/RemZ/builds/crash-test/RemZ.exe
COOP_LOAD NETWORK_INITIALIZED
PACKED_TEST_BEGIN horde_hit_precision
ERROR: The object does not have any 'meta' values with the key 'headshot'.
   at: get_meta (core/object/object.cpp:1053)
ERROR: The object does not have any 'meta' values with the key 'headshot'.
   at: get_meta (core/object/object.cpp:1053)
ERROR: The object does not have any 'meta' values with the key 'headshot'.
   at: get_meta (core/object/object.cpp:1053)
ERROR: The object does not have any 'meta' values with the key 'headshot'.
   at: get_meta (core/object/object.cpp:1053)
ERROR: The object does not have any 'meta' values with the key 'headshot'.
   at: get_meta (core/object/object.cpp:1053)
ERROR: The object does not have any 'meta' values with the key 'headshot'.
   at: get_meta (core/object/object.cpp:1053)
ERROR: The object does not have any 'meta' values with the key 'headshot'.
   at: get_meta (core/object/object.cpp:1053)
ERROR: The object does not have any 'meta' values with the key 'headshot'.
   at: get_meta (core/object/object.cpp:1053)
ERROR: The object does not have any 'meta' values with the key 'headshot'.
   at: get_meta (core/object/object.cpp:1053)
ERROR: The object does not have any 'meta' values with the key 'headshot'.
   at: get_meta (core/object/object.cpp:1053)
ERROR: The object does not have any 'meta' values with the key 'headshot'.
   at: get_meta (core/object/object.cpp:1053)
ERROR: The object does not have any 'meta' values with the key 'headshot'.
   at: get_meta (core/object/object.cpp:1053)
ERROR: The object does not have any 'meta' values with the key 'headshot'.
   at: get_meta (core/object/object.cpp:1053)
ERROR: The object does not have any 'meta' values with the key 'headshot'.
   at: get_meta (core/object/object.cpp:1053)
ERROR: The object does not have any 'meta' values with the key 'headshot'.
   at: get_meta (core/object/object.cpp:1053)
ERROR: The object does not have any 'meta' values with the key 'headshot'.
   at: get_meta (core/object/object.cpp:1053)
ERROR: The object does not have any 'meta' values with the key 'headshot'.
   at: get_meta (core/object/object.cpp:1053)
ERROR: The object does not have any 'meta' values with the key 'headshot'.
   at: get_meta (core/object/object.cpp:1053)
ERROR: The object does not have any 'meta' values with the key 'headshot'.
   at: get_meta (core/object/object.cpp:1053)
ERROR: The object does not have any 'meta' values with the key 'headshot'.
   at: get_meta (core/object/object.cpp:1053)
ERROR: The object does not have any 'meta' values with the key 'headshot'.
   at: get_meta (core/object/object.cpp:1053)
