Godot Engine v4.7.2.stable.official.ed1daf0bf - https://godotengine.org

COOP_LOAD BOOT exe=C:/Users/miche/Desktop/Developement/RemZ/builds/windows/RemZ.exe
COOP_LOAD NETWORK_INITIALIZED
RENDER_OPTIMIZER { "source_meshes": 666, "batches": 17, "removed_render_nodes": 41 }
EOS_CHECK runtime=true credentials=true
COOP_LOAD EOS_PLATFORM_START
COOP_LOAD EOS_PLATFORM_READY
COOP_LOAD EOS_RELAY_CONTROL allowed
COOP_LOAD EOS LogEOSConnect: DeviceId access credentials already exist for the current user profile on the local device.
COOP_LOAD EOS_LOGIN_OK
EOS_CHECK login=true puid=set
COOP_LOAD MAP_READY
EOS_CHECK nat_type=2
COOP_LOAD EOS_LOBBY_CREATED code=47UKNL
EOS_CHECK lobby=true code=47UKNL
COOP_LOAD EOS_LOBBY_SEARCH_EMPTY code=47UKNL results=0
COOP_LOAD EOS LogEOSRTC: TickTracker Ticks have been delayed. TimePeriod=[10.000031s] TickIntervalThreshold=[40ms] MaxTickInterval=[576ms] MaxExecutionTime=[1ms] TicksCount=[1346] ExpectedTicksCount=[1346]
COOP_LOAD EOS_LOBBY_FOUND code=47UKNL
EOS_CHECK search=true host=Check
COOP_LOAD EOS_LOBBY_DESTROY
EOS_CHECK_DONE ok=true
COOP_LOAD EOS LogEOSP2P: Leave all connections due to P2P network shutdown
