Godot Engine v4.7.2.stable.official.ed1daf0bf - https://godotengine.org

ERROR: Failed to read the root certificate store.
   at: get_system_ca_certificates (platform/windows/os_windows.cpp:2582)
COOP_LOAD BOOT exe=C:/Users/miche/Desktop/Developement/RemZ/builds/crash-test/RemZ.exe
COOP_LOAD NETWORK_INITIALIZED
PACKED_TEST_BEGIN coop_intro_route
RENDER_OPTIMIZER { "source_meshes": 670, "batches": 19, "removed_render_nodes": 45 }
COOP_LOAD MAP_READY
COOP_LOAD JOIN_BEGIN address=127.0.0.1 port=24695
COOP_LOAD JOIN_SOCKET result=0
LOBBY
COOP_LOAD TRANSPORT_CONNECTED sending_hello
COOP_LOAD PEER_CONNECTED id=1
COOP_LOAD PEER_CONNECTED id=931589948
COOP_LOAD WELCOME
COOP_CONNECTED players=3
COOP_LOAD INITIAL_RECEIVE parts=5
COOP_LOAD INITIAL_APPLY_BEGIN
COOP_LOAD STATE_STAGE structures
COOP_LOAD STATE_STAGE players
COOP_LOAD STATE_STAGE enemies
COOP_LOAD STATE_STAGE items
COOP_LOAD STATE_STAGE barricades
COOP_LOAD INITIAL_APPLY_DONE
COOP_LOAD STATE_RECEIVE parts=5
COOP_LOAD STATE_STAGE structures
COOP_LOAD STATE_STAGE players
COOP_LOAD STATE_STAGE enemies
COOP_LOAD STATE_STAGE items
COOP_LOAD STATE_STAGE barricades
COOP_LOAD STATE_APPLY_DONE sequence=3
COOP_LOAD ROUND_BEGIN intro=true
COOP_LOAD ROUND_RUNNING players=3
COOP_RUNNING players=3
RUNNING intro=true
t=0 point=1 wave=0 zombies=0 pos=(137.3, 7.098076, 108.0)
t=1 point=1 wave=0 zombies=0 pos=(137.3, 7.098076, 108.0)
t=2 point=1 wave=0 zombies=0 pos=(137.3, 7.098076, 108.0)
t=3 point=1 wave=0 zombies=0 pos=(137.3, 7.098076, 108.0)
t=4 point=1 wave=0 zombies=0 pos=(137.3, 7.098076, 108.0)
t=5 point=1 wave=0 zombies=0 pos=(137.3, 6.798597, 108.0)
t=6 point=1 wave=0 zombies=0 pos=(137.3, 6.798597, 108.0)
t=7 point=1 wave=0 zombies=0 pos=(137.3, 6.798597, 108.0)
t=8 point=1 wave=0 zombies=0 pos=(137.3, 6.798597, 108.0)
t=9 point=1 wave=0 zombies=0 pos=(136.6808, 6.862496, 103.9567)
t=10 point=1 wave=0 zombies=0 pos=(136.0174, 6.925809, 99.62297)
t=11 point=1 wave=0 zombies=0 pos=(135.3559, 7.024086, 95.29816)
t=12 point=1 wave=0 zombies=0 pos=(134.6941, 7.114627, 90.97092)
t=13 point=1 wave=0 zombies=0 pos=(134.0344, 7.250202, 86.65768)
t=14 point=1 wave=0 zombies=0 pos=(133.3761, 7.404545, 82.35126)
t=15 point=1 wave=0 zombies=0 pos=(132.716, 7.543059, 78.0378)
t=16 point=1 wave=0 zombies=0 pos=(132.0564, 7.665839, 73.7207)
t=17 point=1 wave=0 zombies=0 pos=(131.3956, 7.769009, 69.39732)
t=18 point=1 wave=0 zombies=0 pos=(130.7336, 7.865531, 65.07149)
t=19 point=1 wave=0 zombies=0 pos=(130.0718, 7.958467, 60.74506)
t=20 point=1 wave=0 zombies=0 pos=(129.4103, 8.049496, 56.41787)
t=21 point=1 wave=0 zombies=0 pos=(128.7488, 8.135479, 52.0894)
t=22 point=1 wave=0 zombies=0 pos=(128.0867, 8.206748, 47.75727)
t=23 point=1 wave=0 zombies=0 pos=(127.4247, 8.268054, 43.42244)
t=24 point=1 wave=0 zombies=0 pos=(126.7628, 8.330615, 39.08808)
t=25 point=1 wave=0 zombies=0 pos=(126.101, 8.402583, 34.75589)
t=26 point=1 wave=0 zombies=0 pos=(125.4401, 8.488997, 30.42773)
t=27 point=1 wave=1 zombies=1 pos=(124.7795, 8.582835, 26.10141)
t=28 point=2 wave=1 zombies=1 pos=(123.7977, 8.709648, 22.32455)
t=29 point=2 wave=1 zombies=2 pos=(119.6429, 8.166117, 23.72863)
t=30 point=2 wave=1 zombies=3 pos=(115.4578, 7.840952, 25.1831)
t=31 point=2 wave=1 zombies=3 pos=(111.2772, 7.43997, 26.63489)
t=32 point=2 wave=1 zombies=4 pos=(107.0766, 7.069023, 28.098)
t=33 point=2 wave=1 zombies=5 pos=(102.8725, 6.717963, 29.55838)
t=34 point=2 wave=1 zombies=5 pos=(98.67307, 6.367275, 31.02299)
t=35 point=2 wave=1 zombies=6 pos=(94.47047, 6.044838, 32.48296)
t=36 point=2 wave=1 zombies=7 pos=(90.26739, 5.70987, 33.94341)
t=37 point=2 wave=1 zombies=8 pos=(86.06438, 5.334044, 35.40635)
t=38 point=2 wave=1 zombies=8 pos=(81.86842, 4.999287, 36.87064)
t=39 point=2 wave=1 zombies=9 pos=(77.66949, 4.607042, 38.33247)
t=40 point=2 wave=1 zombies=9 pos=(73.47256, 4.223146, 39.79545)
t=41 point=3 wave=1 zombies=9 pos=(69.26421, 3.837489, 41.24074)
t=42 point=3 wave=1 zombies=10 pos=(65.05006, 3.42422, 42.66396)
t=43 point=3 wave=1 zombies=11 pos=(60.84148, 3.092763, 44.08988)
t=44 point=3 wave=1 zombies=12 pos=(56.62536, 2.711989, 45.51441)
t=45 point=3 wave=1 zombies=12 pos=(52.40807, 2.365211, 46.93563)
t=46 point=3 wave=1 zombies=13 pos=(48.19114, 2.004775, 48.35796)
t=47 point=3 wave=1 zombies=14 pos=(43.97429, 1.659365, 49.7801)
t=48 point=3 wave=1 zombies=14 pos=(39.7585, 1.320823, 51.20272)
t=49 point=3 wave=1 zombies=14 pos=(35.55508, 0.981582, 52.62099)
t=50 point=4 wave=1 zombies=15 pos=(31.35786, 0.578248, 54.04118)
t=51 point=4 wave=1 zombies=16 pos=(27.0944, 0.244544, 55.27313)
t=52 point=4 wave=1 zombies=16 pos=(22.82481, -0.143478, 56.48948)
t=53 point=4 wave=1 zombies=17 pos=(18.55975, -0.554337, 57.70306)
t=54 point=4 wave=1 zombies=18 pos=(14.29809, -1.017201, 58.91604)
t=55 point=4 wave=1 zombies=18 pos=(10.02157, -1.427867, 60.13694)
t=56 point=5 wave=1 zombies=18 pos=(7.95003, -1.498752, 58.31846)
t=57 point=5 wave=1 zombies=19 pos=(7.669205, -1.267954, 53.99257)
t=58 point=5 wave=1 zombies=20 pos=(7.388457, -1.047346, 49.6629)
t=59 point=5 wave=1 zombies=18 pos=(7.10988, -0.803149, 45.34159)
t=60 point=5 wave=1 zombies=19 pos=(6.834676, -0.582542, 41.01318)
t=61 point=5 wave=1 zombies=20 pos=(6.559212, -0.490177, 36.64525)
t=62 point=5 wave=1 zombies=20 pos=(6.283141, -0.440175, 32.26628)
t=63 point=5 wave=1 zombies=21 pos=(6.005157, -0.414635, 27.88094)
t=64 point=5 wave=1 zombies=22 pos=(5.727176, -0.350874, 23.50544)
t=65 point=5 wave=1 zombies=23 pos=(5.447359, -0.226334, 19.14661)
t=66 point=5 wave=1 zombies=23 pos=(5.166972, -0.051605, 14.80267)
t=67 point=5 wave=1 zombies=24 pos=(4.889513, 0.069112, 10.44187)
t=68 point=5 wave=1 zombies=25 pos=(4.613202, 0.17877, 6.077653)
t=69 point=5 wave=1 zombies=25 pos=(4.345376, 0.227141, 1.701289)
t=70 point=6 wave=1 zombies=26 pos=(4.082409, 0.276663, -2.636842)
t=71 point=6 wave=1 zombies=27 pos=(4.071173, 0.278527, -2.819556)
t=72 point=6 wave=1 zombies=27 pos=(4.071173, 0.278527, -2.819556)
t=73 point=6 wave=1 zombies=27 pos=(4.071173, 0.278527, -2.819556)
t=74 point=6 wave=1 zombies=27 pos=(4.071173, 0.278527, -2.819556)
t=75 point=6 wave=1 zombies=27 pos=(4.071173, 0.278527, -2.819556)
t=76 point=6 wave=1 zombies=26 pos=(4.071173, 0.278527, -2.819556)
t=77 point=6 wave=1 zombies=26 pos=(4.071173, 0.278527, -2.819556)
t=78 point=6 wave=1 zombies=26 pos=(4.071173, 0.278527, -2.819556)
t=79 point=6 wave=1 zombies=26 pos=(4.071173, 0.278527, -2.819556)
t=80 point=6 wave=1 zombies=26 pos=(4.071173, 0.278527, -2.819556)
t=81 point=6 wave=1 zombies=26 pos=(4.071173, 0.278527, -2.819556)
t=82 point=6 wave=1 zombies=26 pos=(4.071173, 0.278527, -2.819556)
t=83 point=6 wave=1 zombies=25 pos=(4.071173, 0.278527, -2.819556)
t=84 point=6 wave=1 zombies=24 pos=(4.071173, 0.278527, -2.819556)
t=85 point=6 wave=1 zombies=24 pos=(4.071173, 0.278527, -2.819556)
t=86 point=6 wave=1 zombies=24 pos=(4.071173, 0.278527, -2.819556)
t=87 point=6 wave=1 zombies=24 pos=(4.071173, 0.278527, -2.819556)
t=88 point=6 wave=1 zombies=24 pos=(4.071173, 0.278527, -2.819556)
t=89 point=6 wave=1 zombies=23 pos=(4.071173, 0.278527, -2.819556)
t=90 point=6 wave=1 zombies=23 pos=(4.071173, 0.278527, -2.819556)
t=91 point=6 wave=1 zombies=22 pos=(4.071173, 0.278527, -2.819556)
t=92 point=6 wave=1 zombies=22 pos=(4.071173, 0.278527, -2.819556)
t=93 point=6 wave=1 zombies=21 pos=(4.071173, 0.278527, -2.819556)
t=94 point=6 wave=1 zombies=21 pos=(4.071173, 0.278527, -2.819556)
t=95 point=6 wave=1 zombies=21 pos=(4.071173, 0.278527, -2.819556)
t=96 point=6 wave=1 zombies=20 pos=(4.071173, 0.278527, -2.819556)
t=97 point=6 wave=1 zombies=20 pos=(4.071173, 0.278527, -2.819556)
t=98 point=6 wave=1 zombies=20 pos=(4.071173, 0.278527, -2.819556)
t=99 point=6 wave=1 zombies=20 pos=(4.071173, 0.278527, -2.819556)
t=100 point=6 wave=1 zombies=20 pos=(4.071173, 0.278527, -2.819556)
INTRO_ROUTE_DONE passed=true role=one shots=168
