Godot Engine v4.7.2.stable.official.ed1daf0bf - https://godotengine.org

ERROR: Failed to read the root certificate store.
   at: get_system_ca_certificates (platform/windows/os_windows.cpp:2582)
PASS: Beam connects both endpoints: (6.0, 0.0, 0.0)
PASS: Beam thickness stays constant after rotation
PASS: Beam connects both endpoints: (0.0, 0.0, 6.0)
PASS: Beam thickness stays constant after rotation
PASS: Beam connects both endpoints: (4.0, 1.2, 5.0)
PASS: Beam thickness stays constant after rotation
PASS: Beam connects both endpoints: (-3.0, -2.0, 7.0)
PASS: Beam thickness stays constant after rotation
FAIL: All wall rails keep their intended dimensions: Palisade_ne
FAIL: Lintel rests on gate post 0: Palisade_ne
FAIL: Lintel rests on gate post 1: Palisade_ne
FAIL: All wall rails keep their intended dimensions: Palisade_e
FAIL: Lintel rests on gate post 0: Palisade_e
FAIL: Lintel rests on gate post 1: Palisade_e
FAIL: All wall rails keep their intended dimensions: Palisade_s
FAIL: Lintel rests on gate post 0: Palisade_s
FAIL: Lintel rests on gate post 1: Palisade_s
FAIL: All wall rails keep their intended dimensions: Palisade_w
FAIL: Lintel rests on gate post 0: Palisade_w
FAIL: Lintel rests on gate post 1: Palisade_w
PERIMETER_BEAMS_DONE checks=20 failures=12
