Godot Engine v4.7.2.stable.official.ed1daf0bf - https://godotengine.org
Vulkan 1.3.277 - Forward+ - Using Device #0: NVIDIA - NVIDIA GeForce RTX 3060 Ti

ERROR: Failed to read the root certificate store.
   at: get_system_ca_certificates (platform/windows/os_windows.cpp:2582)
COOP_LOAD BOOT exe=C:/Users/miche/Desktop/Godot.exe
COOP_LOAD NETWORK_INITIALIZED
PLANES_NATURE { "flowers": 14541, "mushrooms": 484, "deer": 10, "stags": 4 } batches=1252
PLANES_NAV polygons=9852
PLANES_SURVIVAL_READY
COOP_LOAD MAP_READY
PLANES_READY trees=393 birds=24 crops={ "corn": 238551, "wheat": 412659, "grass": 795017, "undergrowth": 18813, "woodland_grass": 21884 }
PASS: Forest reticle is active
PASS: Fresh quickbar contains only owned starter items
PASS: Fourteen deer/stags and twenty-four birds are huntable
PASS: Camp has a cooking grate and brewing pot
PASS: Vendor uses Forest trading and selling tabs
PASS: Mechanic offers training and defence kits
PASS: Picking a named flower supplies real brewing inventory
PASS: Shooting a deer leaves collectable meat
PASS: Meat is added to the hunter's inventory
PASS: Collected venison cooks on the camp grill
PASS: Collected flowers brew into Meadow Tea at the pot
PASS: Tea consumption heals and consumes exactly one drink
PASS: All six surveyed targets have individual hit volumes
PASS: Playable boundary includes shooting house
PASS: Generic solid building proxy is removed
PASS: Shooting house is locked before finding a key
FAIL: Random woodland key can be picked up from its stump
FAIL: Key opens the physical door and shooting shutters
FAIL: Player can walk up the steps and through the unlocked doorway
FAIL: Shooting log starts personal sniper challenge
FAIL: House contains one marksman
FAIL: House contains one titanbreaker
FAIL: House contains one shotgun
RANGE_RAY 0 distance=311.035888671875 collider=@StaticBody3D@3725:<StaticBody3D#643490137871> at=(-120.9156, -16.2629, 302.5048)
PASS: Non-sniper hit does not count for target 0
RANGE_RAY 1 distance=311.012756347656 collider=@StaticBody3D@3737:<StaticBody3D#643825682211> at=(-120.1195, -16.26288, 304.9444)
PASS: Non-sniper hit does not count for target 1
RANGE_RAY 2 distance=310.989624023438 collider=@StaticBody3D@3749:<StaticBody3D#644161226551> at=(-119.3234, -16.26287, 307.384)
PASS: Non-sniper hit does not count for target 2
RANGE_RAY 3 distance=310.966522216797 collider=@StaticBody3D@3761:<StaticBody3D#644496770891> at=(-118.5274, -16.26286, 309.8236)
PASS: Non-sniper hit does not count for target 3
RANGE_RAY 4 distance=310.943450927734 collider=@StaticBody3D@3773:<StaticBody3D#644832315231> at=(-117.7312, -16.26284, 312.2633)
PASS: Non-sniper hit does not count for target 4
RANGE_RAY 5 distance=310.92041015625 collider=@StaticBody3D@3785:<StaticBody3D#645167859571> at=(-116.9352, -16.26283, 314.7029)
PASS: Non-sniper hit does not count for target 5
FAIL: All six targets are visible through shooting ports without terrain/wall obstruction
FAIL: Six unique sniper targets complete challenge
FAIL: Challenge pays money and persistent class XP
PASS: Challenge reward cannot be duplicated
PASS: Wave 6 includes its Forest boss encounter
PASS: Wave 12 includes its Forest boss encounter
PASS: Wave 15 includes its Forest boss encounter
PASS: Wave 24 includes its Forest boss encounter
PASS: Wave 25 includes its Forest boss encounter
PASS: Titanbreaker base damage doubled
PASS: Mortar range doubled
PASS: Tree trunk blocks a physical ray through the walking height
PASS: First segment has a valid free build site
PASS: Adjacent palisade snaps flush and passes real placement collision checks
PASS: Mouse wheel rotates the carried palisade preview
PASS: Revive restores substantial health and protects briefly from another hit
PASS: Zombie traverses the camp depression: (5.0, 28.0)
PASS: Zombie traverses the camp depression: (30.0, 25.0)
PLANES_PARITY checks=47 failures=10
