Godot Engine v4.7.2.stable.official.ed1daf0bf - https://godotengine.org
Vulkan 1.3.277 - Forward+ - Using Device #0: NVIDIA - NVIDIA GeForce RTX 3060 Ti

ERROR: Failed to read the root certificate store.
   at: get_system_ca_certificates (platform/windows/os_windows.cpp:2582)
COOP_LOAD BOOT exe=C:/Users/miche/Desktop/Godot.exe
COOP_LOAD NETWORK_INITIALIZED
ERROR: Condition "!viewport->canvas_map.has(p_canvas)" is true.
   at: viewport_set_canvas_transform (servers/rendering/renderer_viewport.cpp:1342)
   GDScript backtrace (most recent call first):
       [0] _ready (res://scripts/planes_minimap.gd:29)
       [1] _interface (res://scripts/planes.gd:219)
       [2] _ready (res://scripts/planes.gd:90)
PLANES_READY trees=401 birds=14 crops={ "corn": 238551, "wheat": 412858, "grass": 797186, "undergrowth": 18921, "woodland_grass": 22042 }
PLANES_PERF {"draws":1091,"fps":91.0718611627691,"id":"sennhof","mean_ms":10.98034,"median_ms":11.04,"p95_ms":11.414,"primitives":7389272}
PLANES_PERF {"draws":1005,"fps":101.719983195859,"id":"junction","mean_ms":9.83090999999999,"median_ms":9.905,"p95_ms":10.192,"primitives":5767045}
PLANES_PERF {"draws":1238,"fps":109.258392273684,"id":"core","mean_ms":9.152615,"median_ms":9.269,"p95_ms":9.545,"primitives":5149327}
PLANES_PERF {"draws":775,"fps":163.798419836644,"id":"grove","mean_ms":6.105065,"median_ms":5.977,"p95_ms":6.583,"primitives":2364515}
PLANES_PERF {"draws":900,"fps":165.920990083732,"id":"village","mean_ms":6.026965,"median_ms":5.908,"p95_ms":6.483,"primitives":2793903}
PLANES_PERF {"draws":638,"fps":148.987555069525,"id":"woodland-detail","mean_ms":6.71197,"median_ms":6.591,"p95_ms":7.146,"primitives":2146902}
PLANES_PERF {"draws":331,"fps":328.964682351702,"id":"houses-detail","mean_ms":3.03984,"median_ms":2.913,"p95_ms":3.557,"primitives":214900}
PLANES_PERF {"draws":847,"fps":162.627408410276,"id":"canopy-detail","mean_ms":6.149025,"median_ms":5.991,"p95_ms":6.556,"primitives":2529791}
PLANES_PERF {"draws":1370,"fps":133.326133722112,"id":"meadow-detail","mean_ms":7.500405,"median_ms":7.397,"p95_ms":7.921,"primitives":3175172}
PLANES_PERF_DONE canopy-after2
