Godot Engine v4.7.2.stable.official.ed1daf0bf - https://godotengine.org

ERROR: Failed to read the root certificate store.
   at: get_system_ca_certificates (platform/windows/os_windows.cpp:2582)
COOP_LOAD BOOT exe=C:/Users/miche/Desktop/Godot.exe
COOP_LOAD NETWORK_INITIALIZED
PLANES_NATURE { "flowers": 14541, "mushrooms": 484, "deer": 6, "stags": 2 } batches=1252
PLANES_NAV repaired_detail_faces=2
PLANES_NAV polygons=9124
PLANES_SURVIVAL_READY
COOP_LOAD MAP_READY
PLANES_READY trees=393 birds=14 crops={ "corn": 238551, "wheat": 412659, "grass": 795017, "undergrowth": 18813, "woodland_grass": 21884 }
COOP_LOAD HOST_CREATE port=24731
COOP_HOST_READY port=24731
COOP_LOAD HOST_READY
PASS: Host opens the Planes lobby
COOP_LOAD PEER_CONNECTED id=134595588
COOP_PEER_ACCEPTED count=2
COOP_LOAD INITIAL_SEND peer=134595588 raw=8372 bytes=1782 parts=2
COOP_LOAD CLIENT_READY peer=134595588
COOP_LOAD ROUND_START_SEND players=2
COOP_LOAD STATE_SEND peer=134595588 raw=8372 bytes=1782 parts=2
COOP_LOAD ROUND_BEGIN intro=false
COOP_LOAD ROUND_RUNNING players=2
COOP_RUNNING players=2
PASS: Both peers enter Planes with two players
PASS: Co-op starts without pausing the world
PASS: Host retains the connected teammate
COOP_LOAD STATE_SEND peer=134595588 raw=8608 bytes=1929 parts=3
COOP_LOAD STATE_SEND peer=134595588 raw=8608 bytes=1959 parts=3
COOP_LOAD STATE_SEND peer=134595588 raw=8608 bytes=1959 parts=3
PASS: Client purchases debit only the buyer
PASS: Purchased kits belong to the requesting player
COOP_LOAD STATE_SEND peer=134595588 raw=8608 bytes=1963 parts=3
PASS: Remote actor has a valid field build site
COOP_LOAD STATE_SEND peer=134595588 raw=8896 bytes=2053 parts=3
COOP_LOAD STATE_SEND peer=134595588 raw=8896 bytes=2052 parts=3
PASS: Host creates one wall and consumes one kit despite duplicate requests
PASS: Construction advances the builder's quest progress
COOP_LOAD STATE_SEND peer=134595588 raw=8920 bytes=2068 parts=3
COOP_LOAD STATE_SEND peer=134595588 raw=8940 bytes=2074 parts=3
COOP_LOAD STATE_SEND peer=134595588 raw=8964 bytes=2077 parts=3
COOP_LOAD STATE_SEND peer=134595588 raw=8964 bytes=2076 parts=3
PASS: Host validates quest and pays its owner exactly once
PASS: Client quest does not grant host XP
PASS: Shared wave completes on the host
COOP_LOAD STATE_SEND peer=134595588 raw=8732 bytes=1949 parts=3
PASS: Host revives the client through the shared co-op system
COOP_LOAD STATE_SEND peer=134595588 raw=8732 bytes=1966 parts=3
COOP_LOAD STATE_SEND peer=134595588 raw=8740 bytes=1971 parts=3
COOP_LOAD STATE_SEND peer=134595588 raw=8740 bytes=1970 parts=3
PASS: Host harvests a client-selected wild plant
PASS: Duplicate collection grants only one flower
COOP_LOAD STATE_SEND peer=134595588 raw=8740 bytes=1951 parts=3
PASS: Remote player has a valid tower site
PASS: Client tower purchase creates one authoritative tower
PASS: Tower construction belongs to the builder's quests
COOP_LOAD STATE_SEND peer=134595588 raw=9032 bytes=2088 parts=3
PASS: Team victory ends the 25-wave session
PLANES_NATURE { "flowers": 14541, "mushrooms": 484, "deer": 6, "stags": 2 } batches=1252
SCRIPT ERROR: Invalid access to property or key 'actors' on a base object of type 'Nil'.
   at: _process (res://scripts/field_bird.gd:161)
   GDScript backtrace (most recent call first):
       [0] _process (res://scripts/field_bird.gd:161)
SCRIPT ERROR: Invalid access to property or key 'actors' on a base object of type 'Nil'.
   at: _process (res://scripts/field_bird.gd:161)
   GDScript backtrace (most recent call first):
       [0] _process (res://scripts/field_bird.gd:161)
SCRIPT ERROR: Invalid access to property or key 'actors' on a base object of type 'Nil'.
   at: _process (res://scripts/field_bird.gd:161)
   GDScript backtrace (most recent call first):
       [0] _process (res://scripts/field_bird.gd:161)
SCRIPT ERROR: Invalid access to property or key 'actors' on a base object of type 'Nil'.
   at: _process (res://scripts/field_bird.gd:161)
   GDScript backtrace (most recent call first):
       [0] _process (res://scripts/field_bird.gd:161)
SCRIPT ERROR: Invalid access to property or key 'actors' on a base object of type 'Nil'.
   at: _process (res://scripts/field_bird.gd:161)
   GDScript backtrace (most recent call first):
       [0] _process (res://scripts/field_bird.gd:161)
SCRIPT ERROR: Invalid access to property or key 'actors' on a base object of type 'Nil'.
   at: _process (res://scripts/field_bird.gd:161)
   GDScript backtrace (most recent call first):
       [0] _process (res://scripts/field_bird.gd:161)
SCRIPT ERROR: Invalid access to property or key 'actors' on a base object of type 'Nil'.
   at: _process (res://scripts/field_bird.gd:161)
   GDScript backtrace (most recent call first):
       [0] _process (res://scripts/field_bird.gd:161)
PLANES_NAV polygons=9124
SCRIPT ERROR: Invalid access to property or key 'weapons' on a base object of type 'Nil'.
   at: _process (res://scripts/class_progression.gd:37)
   GDScript backtrace (most recent call first):
       [0] _process (res://scripts/class_progression.gd:37)
PLANES_SURVIVAL_READY
COOP_LOAD MAP_READY
PLANES_READY trees=393 birds=14 crops={ "corn": 238551, "wheat": 412659, "grass": 795017, "undergrowth": 18813, "woodland_grass": 21884 }
COOP_LOAD INITIAL_SEND peer=134595588 raw=8372 bytes=1782 parts=2
COOP_LOAD CLIENT_READY peer=134595588
COOP_LOAD ROUND_START_SEND players=2
COOP_LOAD STATE_SEND peer=134595588 raw=8372 bytes=1781 parts=2
COOP_LOAD ROUND_BEGIN intro=false
COOP_LOAD ROUND_RUNNING players=2
COOP_RUNNING players=2
PASS: Co-op rematch resets world structures and waves
COOP_LOAD PEER_DISCONNECTED id=134595588
PLANES_COOP_DONE host=true checks=20 failures=0
