Godot Engine v4.7.2.stable.official.ed1daf0bf - https://godotengine.org

ERROR: Failed to read the root certificate store.
   at: get_system_ca_certificates (platform/windows/os_windows.cpp:2582)
COOP_LOAD BOOT exe=C:/Users/miche/Desktop/Godot.exe
COOP_LOAD NETWORK_INITIALIZED
RENDER_OPTIMIZER { "source_meshes": 666, "batches": 17, "removed_render_nodes": 41 }
COOP_LOAD MAP_READY
COOP_LOAD JOIN_BEGIN address=127.0.0.1 port=24731
COOP_LOAD JOIN_SOCKET result=0
PASS: Client connects from the Forest menu
COOP_LOAD TRANSPORT_CONNECTED sending_hello
COOP_LOAD PEER_CONNECTED id=1
COOP_LOAD WELCOME
PLANES_NATURE { "flowers": 14541, "mushrooms": 484, "deer": 6, "stags": 2 } batches=1252
PLANES_NAV repaired_detail_faces=2
PLANES_NAV polygons=9124
PLANES_SURVIVAL_READY
COOP_LOAD MAP_READY
PLANES_READY trees=393 birds=14 crops={ "corn": 238551, "wheat": 412659, "grass": 795017, "undergrowth": 18813, "woodland_grass": 21884 }
COOP_LOAD PEER_DISCONNECTED id=1
COOP_LOAD LEAVE_BEGIN phase=lobby reason=The host ended the connection.
COOP_LOAD LEAVE_PEER_DETACHED
COOP_LOAD LEAVE_PEER_CLOSED
COOP_LOAD LEAVE_RELOAD
RENDER_OPTIMIZER { "source_meshes": 666, "batches": 17, "removed_render_nodes": 41 }
COOP_LOAD MAP_READY
