Godot Engine v4.7.2.stable.official.ed1daf0bf - https://godotengine.org

ERROR: Failed to read the root certificate store.
   at: get_system_ca_certificates (platform/windows/os_windows.cpp:2582)
COOP_LOAD BOOT exe=C:/Users/miche/Desktop/Godot.exe
COOP_LOAD NETWORK_INITIALIZED
RENDER_OPTIMIZER { "source_meshes": 666, "batches": 17, "removed_render_nodes": 41 }
COOP_LOAD MAP_READY
PASS: The player starts up with one self revive
PASS: A fatal hit puts the player down, not dead
PASS: The bleed-out clock starts and the game goes on
PASS: Going down is announced
PASS: The radio calls the down and the statistics count it
PASS: The HUD shows the down panel
PASS: Down means crouched
PASS: A hit while down bleeds the clock instead of the health (19.00)
PASS: Health stays at zero while down
PASS: No regeneration while down
PASS: Holding E fills the bar
PASS: Letting go drains it
PASS: Four seconds of E get the player back up with 65 HP (down false hp 65.0 revives 0 hold 0.00)
PASS: Regeneration waits after getting up
PASS: The down panel is gone
FAIL: A cleared wave restores the self revive
PASS: Brief protection after standing up
PASS: Immediate follow-up hit cannot down the revived player
PASS: Down again in the next wave (down true alive true hp 0.0)
FAIL: A wave cleared while down gets the player up with at least 65 percent health
FAIL: Down with no self revive left
FAIL: Holding E does nothing without a self revive
PASS: Bleeding out ends the round
PASS: ... with the death screen
DOWNED_DONE checks=24 failures=4
