Godot Engine v4.7.2.stable.official.ed1daf0bf - https://godotengine.org

ERROR: Failed to read the root certificate store.
   at: get_system_ca_certificates (platform/windows/os_windows.cpp:2582)
COOP_LOAD BOOT exe=C:/Users/miche/Desktop/Godot.exe
COOP_LOAD NETWORK_INITIALIZED
RENDER_OPTIMIZER { "source_meshes": 666, "batches": 17, "removed_render_nodes": 41 }
COOP_LOAD MAP_READY
COOP_LOAD JOIN_BEGIN address=127.0.0.1 port=24731
COOP_LOAD JOIN_SOCKET result=0
PASS: Client connects from the Forest menu
COOP_LOAD TRANSPORT_CONNECTED sending_hello
COOP_LOAD PEER_CONNECTED id=1
COOP_LOAD WELCOME
PLANES_NATURE { "flowers": 14541, "mushrooms": 484, "deer": 6, "stags": 2 } batches=1252
PLANES_NAV repaired_detail_faces=2
PLANES_NAV polygons=9124
PLANES_SURVIVAL_READY
COOP_LOAD MAP_READY
PLANES_READY trees=393 birds=14 crops={ "corn": 238551, "wheat": 412659, "grass": 795017, "undergrowth": 18813, "woodland_grass": 21884 }
COOP_LOAD INITIAL_RECEIVE parts=2
COOP_LOAD INITIAL_APPLY_BEGIN
COOP_LOAD STATE_STAGE structures
COOP_LOAD STATE_STAGE players
COOP_LOAD STATE_STAGE enemies
COOP_LOAD STATE_STAGE items
COOP_LOAD STATE_STAGE barricades
COOP_LOAD INITIAL_APPLY_DONE
COOP_LOAD STATE_RECEIVE parts=2
COOP_LOAD STATE_STAGE structures
COOP_LOAD STATE_STAGE players
COOP_LOAD STATE_STAGE enemies
COOP_LOAD STATE_STAGE items
COOP_LOAD STATE_STAGE barricades
COOP_LOAD STATE_APPLY_DONE sequence=2
COOP_LOAD ROUND_BEGIN intro=false
COOP_LOAD ROUND_RUNNING players=2
COOP_RUNNING players=2
PASS: Both peers enter Planes with two players
PASS: Co-op starts without pausing the world
PASS: Client receives wave and zombie state
PASS: Client receives day-night and weather state
COOP_LOAD STATE_RECEIVE parts=3
COOP_LOAD STATE_STAGE structures
COOP_LOAD STATE_STAGE players
COOP_LOAD STATE_STAGE enemies
COOP_LOAD STATE_STAGE items
COOP_LOAD STATE_STAGE barricades
COOP_LOAD STATE_APPLY_DONE sequence=43
COOP_LOAD STATE_RECEIVE parts=3
COOP_LOAD STATE_APPLY_DONE sequence=50
COOP_LOAD STATE_RECEIVE parts=3
COOP_LOAD STATE_APPLY_DONE sequence=51
PASS: Client receives its purchased inventory and balance
COOP_LOAD STATE_RECEIVE parts=3
COOP_LOAD STATE_STAGE structures
COOP_LOAD STATE_STAGE players
COOP_LOAD STATE_STAGE enemies
COOP_LOAD STATE_STAGE items
COOP_LOAD STATE_STAGE barricades
COOP_LOAD STATE_APPLY_DONE sequence=72
COOP_LOAD STATE_RECEIVE parts=3
COOP_LOAD STATE_APPLY_DONE sequence=78
COOP_LOAD STATE_RECEIVE parts=3
COOP_LOAD STATE_APPLY_DONE sequence=79
PASS: Built wall and consumed kit replicate to client
COOP_LOAD STATE_RECEIVE parts=3
COOP_LOAD STATE_STAGE structures
COOP_LOAD STATE_STAGE players
COOP_LOAD STATE_STAGE enemies
COOP_LOAD STATE_STAGE items
COOP_LOAD STATE_STAGE barricades
COOP_LOAD STATE_APPLY_DONE sequence=101
COOP_LOAD STATE_RECEIVE parts=3
COOP_LOAD STATE_APPLY_DONE sequence=108
COOP_LOAD STATE_RECEIVE parts=3
COOP_LOAD STATE_APPLY_DONE sequence=109
COOP_LOAD STATE_RECEIVE parts=3
COOP_LOAD STATE_APPLY_DONE sequence=110
PASS: Client sees the completed field quest and reward
PASS: Client profile receives quest XP exactly once
COOP_LOAD STATE_RECEIVE parts=3
COOP_LOAD STATE_STAGE structures
COOP_LOAD STATE_STAGE players
COOP_LOAD STATE_STAGE enemies
COOP_LOAD STATE_STAGE items
COOP_LOAD STATE_STAGE barricades
COOP_LOAD STATE_APPLY_DONE sequence=132
PASS: Wave progress and class XP reach the client
PASS: Client receives its revived state
COOP_LOAD STATE_RECEIVE parts=3
COOP_LOAD STATE_STAGE structures
COOP_LOAD STATE_STAGE players
COOP_LOAD STATE_STAGE enemies
COOP_LOAD STATE_STAGE items
COOP_LOAD STATE_STAGE barricades
COOP_LOAD STATE_APPLY_DONE sequence=197
COOP_LOAD STATE_RECEIVE parts=3
COOP_LOAD STATE_APPLY_DONE sequence=203
COOP_LOAD STATE_RECEIVE parts=3
COOP_LOAD STATE_APPLY_DONE sequence=204
PASS: Collected plant disappears for the client without duplicate rewards
COOP_LOAD STATE_RECEIVE parts=3
COOP_LOAD STATE_STAGE structures
COOP_LOAD STATE_STAGE players
COOP_LOAD STATE_STAGE enemies
COOP_LOAD STATE_STAGE items
COOP_LOAD STATE_STAGE barricades
COOP_LOAD STATE_APPLY_DONE sequence=226
PASS: Tower placement replicates to the client
PASS: Attributed kill awards XP to the client profile
COOP_LOAD STATE_RECEIVE parts=3
COOP_LOAD STATE_APPLY_DONE sequence=275
PASS: Client receives victory and mission XP
PLANES_NATURE { "flowers": 14541, "mushrooms": 484, "deer": 6, "stags": 2 } batches=1252
PLANES_NAV polygons=9124
PLANES_SURVIVAL_READY
COOP_LOAD MAP_READY
PLANES_READY trees=393 birds=14 crops={ "corn": 238551, "wheat": 412659, "grass": 795017, "undergrowth": 18813, "woodland_grass": 21884 }
COOP_LOAD INITIAL_RECEIVE parts=2
COOP_LOAD INITIAL_APPLY_BEGIN
COOP_LOAD STATE_STAGE structures
COOP_LOAD STATE_STAGE players
COOP_LOAD STATE_STAGE enemies
COOP_LOAD STATE_STAGE items
COOP_LOAD STATE_STAGE barricades
COOP_LOAD INITIAL_APPLY_DONE
COOP_LOAD STATE_RECEIVE parts=2
COOP_LOAD STATE_STAGE structures
COOP_LOAD STATE_STAGE players
COOP_LOAD STATE_STAGE enemies
COOP_LOAD STATE_STAGE items
COOP_LOAD STATE_STAGE barricades
COOP_LOAD STATE_APPLY_DONE sequence=277
COOP_LOAD ROUND_BEGIN intro=false
COOP_LOAD ROUND_RUNNING players=2
COOP_RUNNING players=2
PASS: Client rejoins the rematch with persistent class progress
PLANES_COOP_DONE host=false checks=16 failures=0
