Godot Engine v4.7.2.stable.official.ed1daf0bf - https://godotengine.org

ERROR: Failed to read the root certificate store.
   at: get_system_ca_certificates (platform/windows/os_windows.cpp:2582)
COOP_LOAD BOOT exe=C:/Users/miche/Desktop/Godot.exe
COOP_LOAD NETWORK_INITIALIZED
PLANES_NATURE { "flowers": 14655, "mushrooms": 504, "deer": 6, "stags": 2 } batches=2039
PLANES_READY trees=401 birds=14 crops={ "corn": 238551, "wheat": 412858, "grass": 797186, "undergrowth": 18921, "woodland_grass": 22042 }
PASS: Nature and shared menus preserve peaceful entry
PASS: Meadows and woods contain existing flower and mushroom models
PASS: Plant clusters remain on suitable terrain away from roads, crops and buildings
PASS: Six deer and two stags populate the map
PASS: All deer retain the existing skeletal grazing and running animations
PASS: Ravens and owls are spread across the map
PASS: A nearby stag reacts to the actual player and flees
PASS: Escape opens the shared Forest pause shell
PASS: Shared settings controls are attached to the pause menu
PASS: Pause card fits inside 720p
PASS: Escape closes the shared menu and restores control
PASS: Ctrl+Shift+D opens the actual shared cheat menu in exploration
PASS: Forest-only objectives are absent from Planes cheats
PASS: Cheat points work while paused
PASS: Weapon cheat equips a loaded minigun during exploration
PASS: Every shared weapon can be unlocked
PASS: Weather cheats work before survival starts
PASS: Escape closes only the cheat modal and restores gameplay
PLANES_NAV polygons=13686
PASS: Cheat spawn creates an armored enemy on Planes navigation
ERROR: Parameter "material" is null.
   at: material_get_instance_shader_parameters (servers/rendering/dummy/storage/material_storage.cpp:264)
PLANES_SURVIVAL_READY
PASS: Wave cheat starts the next survival wave and closes cleanly
PASS: Returning to exploration restores normal controls
PASS: Shared pause menu still works after leaving survival
PLANES_LIFE_DONE checks=22 failures=0
