Godot Engine v4.7.2.stable.official.ed1daf0bf - https://godotengine.org

ERROR: Failed to read the root certificate store.
   at: get_system_ca_certificates (platform/windows/os_windows.cpp:2582)
COOP_LOAD BOOT exe=C:/Users/miche/Desktop/Godot.exe
COOP_LOAD NETWORK_INITIALIZED
PASS: Test campaign does not read or overwrite player progress
PASS: Six regions; Forest is playable
PASS: Construction region cannot launch: north_end
PASS: Construction region cannot launch: core
PASS: Construction region cannot launch: east_end
PASS: Construction region cannot launch: suburbs_lake
PASS: Invalid selection preserves current map
PASS: Twenty-four rounds do not clear a region
PASS: Replay cannot erase a victory or personal best
PASS: Atomic save replacement survives a reload
RENDER_OPTIMIZER { "source_meshes": 666, "batches": 17, "removed_render_nodes": 41 }
COOP_LOAD MAP_READY
PASS: Start game opens the campaign map without starting the world
PASS: Initial opening neither highlights nor focuses Forest
PASS: Selectable map fills its complete panel without side gutters
PASS: Opaque campaign backing hides world-space hut labels even during the entrance
PASS: Forest entry button fits within the initial viewport
PASS: Visible paused map plays a quiet crow recording
PASS: Artwork and clickable region agree: forest
PASS: Artwork and clickable region agree: north_end
PASS: Artwork and clickable region agree: core
PASS: Artwork and clickable region agree: east_end
PASS: Artwork and clickable region agree: planes
PASS: Artwork and clickable region agree: suburbs_lake
PASS: Locked region is inspectable but cannot launch
PASS: Reopening selection has no default region or launch action
PASS: Back returns to the menu
PASS: Hidden atlas stops its crow recording immediately
PASS: Keyboard focus previews the actionable Forest selection
PASS: Forest launches the existing hut level
PASS: Map ambience stops when gameplay begins
PASS: Round 24 gives intermission and persists progress
PASS: Final round retains its complete boss/horde plan
PASS: Pending final-round enemies prevent victory
PASS: A living final-round enemy prevents victory
PASS: Last enemy of round 25 ends in victory
PASS: Victory records campaign completion and run statistics
PASS: No round 26 or duplicate rewards after victory
PASS: Victory offers return to the campaign map
RENDER_OPTIMIZER { "source_meshes": 666, "batches": 17, "removed_render_nodes": 41 }
COOP_LOAD MAP_READY
PASS: Victory returns to map selection after rebuilding the level
COOP_LOAD HOST_CREATE port=24761
COOP_HOST_READY port=24761
COOP_LOAD HOST_READY
PASS: Campaign co-op host opens
COOP_LOAD ROUND_START_SEND players=1
COOP_LOAD ROUND_BEGIN intro=false
COOP_LOAD ROUND_RUNNING players=1
COOP_RUNNING players=1
PASS: Clicking the Forest polygon starts the host's selected map
PASS: Host publishes campaign victory
PASS: Co-op snapshot includes outcome and stable region ID
CAMPAIGN_MAP_DONE checks=42 failures=0
