Godot Engine v4.7.2.stable.official.ed1daf0bf - https://godotengine.org

ERROR: Failed to read the root certificate store.
   at: get_system_ca_certificates (platform/windows/os_windows.cpp:2582)
COOP_LOAD BOOT exe=C:/Users/miche/Desktop/Godot.exe
COOP_LOAD NETWORK_INITIALIZED
PLANES_NATURE { "flowers": 14541, "mushrooms": 484, "deer": 6, "stags": 2 } batches=1252
PLANES_NAV repaired_detail_faces=2
PLANES_NAV polygons=9124
SCRIPT ERROR: Invalid assignment of property or key 'bindings' with value of type 'Array' on a base object of type 'CanvasLayer (quickbar.gd)'.
   at: start_survival (res://scripts/planes.gd:411)
   GDScript backtrace (most recent call first):
       [0] start_survival (res://scripts/planes.gd:411)
       [1] ensure_navigation (res://scripts/planes.gd:560)
       [2] prepare (res://scripts/planes_navigation.gd:77)
PLANES_READY trees=393 birds=14 crops={ "corn": 238551, "wheat": 412659, "grass": 795017, "undergrowth": 18813, "woodland_grass": 21884 }
FAIL: Entry starts survival automatically
FAIL: Loading ends directly in a playable round without a view menu
PASS: Field knife is available from the start
PASS: Mouse wheel equips the visible field knife
PASS: Combat HUD anchors the crosshair centrally and health above the bottom edge
PASS: Surveyed terrain has a connected navigation mesh
PASS: Field merchants and defence tools start without a predefined strongpoint
PASS: New survival run starts with pistol and 150 R
