Godot Engine v4.7.2.stable.official.ed1daf0bf - https://godotengine.org

ERROR: Failed to read the root certificate store.
   at: get_system_ca_certificates (platform/windows/os_windows.cpp:2582)
COOP_LOAD BOOT exe=C:/Users/miche/Desktop/Godot.exe
COOP_LOAD NETWORK_INITIALIZED
PASS: Residential footprints are outside the playable outline
PASS: At least ten metres clearance before every building
PASS: Eastern uphill extension is accessible: (310.0, -225.0)
PASS: Eastern uphill extension is accessible: (400.0, -165.0)
PASS: Eastern uphill extension is accessible: (505.0, 50.0)
PASS: Junction, fields and target stand remain accessible: (-107.0, 18.0)
PASS: Junction, fields and target stand remain accessible: (0.0, 0.0)
PASS: Junction, fields and target stand remain accessible: (175.0, 218.0)
PASS: Junction, fields and target stand remain accessible: (250.0, 100.0)
PLANES_NATURE { "flowers": 14541, "mushrooms": 484, "deer": 6, "stags": 2 } batches=1252
SCRIPT ERROR: Parse Error: Cannot infer the type of "d" variable because the value doesn't have a set type.
   at: GDScript::reload (res://scripts/planes_progression.gd:290)
   GDScript backtrace (most recent call first):
       [0] _ready (res://scripts/planes.gd:106)
ERROR: Failed to load script "res://scripts/planes_progression.gd" with error "Parse error".
   at: load (modules/gdscript/gdscript_resource_format.cpp:46)
   GDScript backtrace (most recent call first):
       [0] _ready (res://scripts/planes.gd:106)
SCRIPT ERROR: Invalid call. Nonexistent function 'new' in base 'GDScript'.
   at: _ready (res://scripts/planes.gd:106)
   GDScript backtrace (most recent call first):
       [0] _ready (res://scripts/planes.gd:106)
