Godot Engine v4.7.2.stable.official.ed1daf0bf - https://godotengine.org
Vulkan 1.3.277 - Forward+ - Using Device #0: NVIDIA - NVIDIA GeForce RTX 3060 Ti

ERROR: Failed to read the root certificate store.
   at: get_system_ca_certificates (platform/windows/os_windows.cpp:2582)
COOP_LOAD BOOT exe=C:/Users/miche/Desktop/Godot.exe
COOP_LOAD NETWORK_INITIALIZED
PASS: Residential footprints are outside the playable outline
PASS: Junction, fields and target stand remain accessible: (-107.0, 18.0)
PASS: Junction, fields and target stand remain accessible: (0.0, 0.0)
PASS: Junction, fields and target stand remain accessible: (175.0, 218.0)
PASS: Junction, fields and target stand remain accessible: (250.0, 100.0)
PLANES_NATURE { "flowers": 14628, "mushrooms": 503, "deer": 6, "stags": 2 } batches=1253
PLANES_READY trees=401 birds=14 crops={ "corn": 238551, "wheat": 412660, "grass": 797296, "undergrowth": 18921, "woodland_grass": 22042 }
PASS: Actual player controller blocks residential entry at height 0.1
PASS: Actual player controller blocks residential entry at height 3.0
PASS: Actual player controller blocks residential entry at height 25.0
PASS: Cheat spawn outside boundary rejected
PASS: Corner/overshoot confined: (-1000.0, -1000.0)
PASS: Corner/overshoot confined: (1000.0, 1000.0)
PASS: Corner/overshoot confined: (40.0, -260.0)
PASS: Corner/overshoot confined: (310.0, -210.0)
BOUNDARY_DONE checks=13 failures=0
