Godot Engine v4.7.2.stable.official.ed1daf0bf - https://godotengine.org

ERROR: Failed to read the root certificate store.
   at: get_system_ca_certificates (platform/windows/os_windows.cpp:2582)
COOP_LOAD BOOT exe=C:/Users/miche/Desktop/Godot.exe
COOP_LOAD NETWORK_INITIALIZED
SCRIPT ERROR: Parse Error: Could not preload resource script "res://scripts/quickbar.gd".
   at: GDScript::reload (res://scripts/main.gd:283)
   GDScript backtrace (most recent call first):
       [0] run (res://tests/compile_all.gd:17)
SCRIPT ERROR: Parse Error: Could not resolve script "res://scripts/quickbar.gd".
   at: GDScript::reload (res://scripts/main.gd:283)
   GDScript backtrace (most recent call first):
       [0] run (res://tests/compile_all.gd:17)
ERROR: Failed to load script "res://scripts/main.gd" with error "Parse error".
   at: load (modules/gdscript/gdscript_resource_format.cpp:46)
   GDScript backtrace (most recent call first):
       [0] run (res://tests/compile_all.gd:17)
SCRIPT ERROR: Parse Error: Used space character for indentation instead of tab as used before in the file.
   at: GDScript::reload (res://scripts/planes.gd:576)
   GDScript backtrace (most recent call first):
       [0] run (res://tests/compile_all.gd:17)
ERROR: Failed to load script "res://scripts/planes.gd" with error "Parse error".
   at: load (modules/gdscript/gdscript_resource_format.cpp:46)
   GDScript backtrace (most recent call first):
       [0] run (res://tests/compile_all.gd:17)
SCRIPT ERROR: Parse Error: Used space character for indentation instead of tab as used before in the file.
   at: GDScript::reload (res://scripts/quickbar.gd:230)
   GDScript backtrace (most recent call first):
       [0] run (res://tests/compile_all.gd:17)
ERROR: Failed to load script "res://scripts/quickbar.gd" with error "Parse error".
   at: load (modules/gdscript/gdscript_resource_format.cpp:46)
   GDScript backtrace (most recent call first):
       [0] run (res://tests/compile_all.gd:17)
SCRIPT ERROR: Parse Error: Could not resolve super class inheritance from "res://scripts/planes.gd".
   at: GDScript::reload (res://tests/planes_cleanup.gd:2)
   GDScript backtrace (most recent call first):
       [0] run (res://tests/compile_all.gd:17)
ERROR: Failed to load script "res://tests/planes_cleanup.gd" with error "Parse error".
   at: load (modules/gdscript/gdscript_resource_format.cpp:46)
   GDScript backtrace (most recent call first):
       [0] run (res://tests/compile_all.gd:17)
FAIL: does not compile: res://scripts/main.gd
FAIL: does not compile: res://scripts/planes.gd
FAIL: does not compile: res://scripts/quickbar.gd
FAIL: does not compile: res://tests/planes_cleanup.gd
COMPILE_ALL scripts=345 broken=4
