Godot Engine v4.7.2.stable.official.ed1daf0bf - https://godotengine.org

ERROR: Failed to read the root certificate store.
   at: get_system_ca_certificates (platform/windows/os_windows.cpp:2582)
COOP_LOAD BOOT exe=C:/Users/miche/Desktop/Godot.exe
COOP_LOAD NETWORK_INITIALIZED
RENDER_OPTIMIZER { "source_meshes": 666, "batches": 17, "removed_render_nodes": 41 }
COOP_LOAD MAP_READY
COOP_LOAD JOIN_BEGIN address=127.0.0.1 port=24731
COOP_LOAD JOIN_SOCKET result=0
PASS: Client connects from the Forest menu
COOP_LOAD TRANSPORT_CONNECTED sending_hello
COOP_LOAD PEER_CONNECTED id=1
COOP_LOAD WELCOME
PLANES_NATURE { "flowers": 14541, "mushrooms": 484, "deer": 6, "stags": 2 } batches=1252
PLANES_NAV repaired_detail_faces=2
PLANES_NAV polygons=9124
PLANES_SURVIVAL_READY
COOP_LOAD MAP_READY
PLANES_READY trees=393 birds=14 crops={ "corn": 238551, "wheat": 412659, "grass": 795017, "undergrowth": 18813, "woodland_grass": 21884 }
COOP_LOAD INITIAL_RECEIVE parts=2
COOP_LOAD INITIAL_APPLY_BEGIN
COOP_LOAD STATE_STAGE structures
SCRIPT ERROR: Invalid assignment of property or key 'visible' with value of type 'bool' on a base object of type 'Nil'.
   at: apply_snapshot (res://scripts/rare_market.gd:348)
   GDScript backtrace (most recent call first):
       [0] apply_snapshot (res://scripts/rare_market.gd:348)
       [1] apply_snapshot (res://scripts/planes_progression.gd:504)
       [2] apply_snapshot (res://scripts/coop_world.gd:774)
       [3] _world_state (res://scripts/net_session.gd:878)
       [4] _initial_state (res://scripts/net_session.gd:572)
       [5] _initial_part (res://scripts/net_session.gd:561)
COOP_LOAD STATE_STAGE players
COOP_LOAD STATE_STAGE enemies
COOP_LOAD STATE_STAGE items
COOP_LOAD STATE_STAGE barricades
COOP_LOAD INITIAL_APPLY_DONE
COOP_LOAD STATE_RECEIVE parts=2
COOP_LOAD STATE_STAGE structures
SCRIPT ERROR: Invalid assignment of property or key 'visible' with value of type 'bool' on a base object of type 'Nil'.
   at: apply_snapshot (res://scripts/rare_market.gd:348)
   GDScript backtrace (most recent call first):
       [0] apply_snapshot (res://scripts/rare_market.gd:348)
       [1] apply_snapshot (res://scripts/planes_progression.gd:504)
       [2] apply_snapshot (res://scripts/coop_world.gd:774)
       [3] _world_state (res://scripts/net_session.gd:878)
       [4] _initial_part (res://scripts/net_session.gd:563)
COOP_LOAD STATE_STAGE players
COOP_LOAD STATE_STAGE enemies
COOP_LOAD STATE_STAGE items
COOP_LOAD STATE_STAGE barricades
COOP_LOAD STATE_APPLY_DONE sequence=2
COOP_LOAD ROUND_BEGIN intro=false
COOP_LOAD ROUND_RUNNING players=2
COOP_RUNNING players=2
SCRIPT ERROR: Invalid assignment of property or key 'visible' with value of type 'bool' on a base object of type 'Nil'.
   at: apply_snapshot (res://scripts/rare_market.gd:348)
   GDScript backtrace (most recent call first):
       [0] apply_snapshot (res://scripts/rare_market.gd:348)
       [1] apply_snapshot (res://scripts/planes_progression.gd:504)
       [2] apply_snapshot (res://scripts/coop_world.gd:774)
       [3] _snapshot_part (res://scripts/net_session.gd:871)
SCRIPT ERROR: Invalid assignment of property or key 'visible' with value of type 'bool' on a base object of type 'Nil'.
   at: apply_snapshot (res://scripts/rare_market.gd:348)
   GDScript backtrace (most recent call first):
       [0] apply_snapshot (res://scripts/rare_market.gd:348)
       [1] apply_snapshot (res://scripts/planes_progression.gd:504)
       [2] apply_snapshot (res://scripts/coop_world.gd:774)
       [3] _snapshot_part (res://scripts/net_session.gd:871)
PASS: Both peers enter Planes with two players
SCRIPT ERROR: Invalid assignment of property or key 'visible' with value of type 'bool' on a base object of type 'Nil'.
   at: apply_snapshot (res://scripts/rare_market.gd:348)
   GDScript backtrace (most recent call first):
       [0] apply_snapshot (res://scripts/rare_market.gd:348)
       [1] apply_snapshot (res://scripts/planes_progression.gd:504)
       [2] apply_snapshot (res://scripts/coop_world.gd:774)
       [3] _snapshot_part (res://scripts/net_session.gd:871)
SCRIPT ERROR: Invalid assignment of property or key 'visible' with value of type 'bool' on a base object of type 'Nil'.
   at: apply_snapshot (res://scripts/rare_market.gd:348)
   GDScript backtrace (most recent call first):
       [0] apply_snapshot (res://scripts/rare_market.gd:348)
       [1] apply_snapshot (res://scripts/planes_progression.gd:504)
       [2] apply_snapshot (res://scripts/coop_world.gd:774)
       [3] _snapshot_part (res://scripts/net_session.gd:871)
SCRIPT ERROR: Invalid assignment of property or key 'visible' with value of type 'bool' on a base object of type 'Nil'.
   at: apply_snapshot (res://scripts/rare_market.gd:348)
   GDScript backtrace (most recent call first):
       [0] apply_snapshot (res://scripts/rare_market.gd:348)
       [1] apply_snapshot (res://scripts/planes_progression.gd:504)
       [2] apply_snapshot (res://scripts/coop_world.gd:774)
       [3] _snapshot_part (res://scripts/net_session.gd:871)
SCRIPT ERROR: Invalid assignment of property or key 'visible' with value of type 'bool' on a base object of type 'Nil'.
   at: apply_snapshot (res://scripts/rare_market.gd:348)
   GDScript backtrace (most recent call first):
       [0] apply_snapshot (res://scripts/rare_market.gd:348)
       [1] apply_snapshot (res://scripts/planes_progression.gd:504)
       [2] apply_snapshot (res://scripts/coop_world.gd:774)
       [3] _snapshot_part (res://scripts/net_session.gd:871)
SCRIPT ERROR: Invalid assignment of property or key 'visible' with value of type 'bool' on a base object of type 'Nil'.
   at: apply_snapshot (res://scripts/rare_market.gd:348)
   GDScript backtrace (most recent call first):
       [0] apply_snapshot (res://scripts/rare_market.gd:348)
       [1] apply_snapshot (res://scripts/planes_progression.gd:504)
       [2] apply_snapshot (res://scripts/coop_world.gd:774)
       [3] _snapshot_part (res://scripts/net_session.gd:871)
SCRIPT ERROR: Invalid assignment of property or key 'visible' with value of type 'bool' on a base object of type 'Nil'.
   at: apply_snapshot (res://scripts/rare_market.gd:348)
   GDScript backtrace (most recent call first):
       [0] apply_snapshot (res://scripts/rare_market.gd:348)
       [1] apply_snapshot (res://scripts/planes_progression.gd:504)
       [2] apply_snapshot (res://scripts/coop_world.gd:774)
       [3] _snapshot_part (res://scripts/net_session.gd:871)
SCRIPT ERROR: Invalid assignment of property or key 'visible' with value of type 'bool' on a base object of type 'Nil'.
   at: apply_snapshot (res://scripts/rare_market.gd:348)
   GDScript backtrace (most recent call first):
       [0] apply_snapshot (res://scripts/rare_market.gd:348)
       [1] apply_snapshot (res://scripts/planes_progression.gd:504)
       [2] apply_snapshot (res://scripts/coop_world.gd:774)
       [3] _snapshot_part (res://scripts/net_session.gd:871)
SCRIPT ERROR: Invalid assignment of property or key 'visible' with value of type 'bool' on a base object of type 'Nil'.
   at: apply_snapshot (res://scripts/rare_market.gd:348)
   GDScript backtrace (most recent call first):
       [0] apply_snapshot (res://scripts/rare_market.gd:348)
       [1] apply_snapshot (res://scripts/planes_progression.gd:504)
       [2] apply_snapshot (res://scripts/coop_world.gd:774)
       [3] _snapshot_part (res://scripts/net_session.gd:871)
SCRIPT ERROR: Invalid assignment of property or key 'visible' with value of type 'bool' on a base object of type 'Nil'.
   at: apply_snapshot (res://scripts/rare_market.gd:348)
   GDScript backtrace (most recent call first):
       [0] apply_snapshot (res://scripts/rare_market.gd:348)
       [1] apply_snapshot (res://scripts/planes_progression.gd:504)
       [2] apply_snapshot (res://scripts/coop_world.gd:774)
       [3] _snapshot_part (res://scripts/net_session.gd:871)
SCRIPT ERROR: Invalid assignment of property or key 'visible' with value of type 'bool' on a base object of type 'Nil'.
   at: apply_snapshot (res://scripts/rare_market.gd:348)
   GDScript backtrace (most recent call first):
       [0] apply_snapshot (res://scripts/rare_market.gd:348)
       [1] apply_snapshot (res://scripts/planes_progression.gd:504)
       [2] apply_snapshot (res://scripts/coop_world.gd:774)
       [3] _snapshot_part (res://scripts/net_session.gd:871)
SCRIPT ERROR: Invalid assignment of property or key 'visible' with value of type 'bool' on a base object of type 'Nil'.
   at: apply_snapshot (res://scripts/rare_market.gd:348)
   GDScript backtrace (most recent call first):
       [0] apply_snapshot (res://scripts/rare_market.gd:348)
       [1] apply_snapshot (res://scripts/planes_progression.gd:504)
       [2] apply_snapshot (res://scripts/coop_world.gd:774)
       [3] _snapshot_part (res://scripts/net_session.gd:871)
SCRIPT ERROR: Invalid assignment of property or key 'visible' with value of type 'bool' on a base object of type 'Nil'.
   at: apply_snapshot (res://scripts/rare_market.gd:348)
   GDScript backtrace (most recent call first):
       [0] apply_snapshot (res://scripts/rare_market.gd:348)
       [1] apply_snapshot (res://scripts/planes_progression.gd:504)
       [2] apply_snapshot (res://scripts/coop_world.gd:774)
       [3] _snapshot_part (res://scripts/net_session.gd:871)
SCRIPT ERROR: Invalid assignment of property or key 'visible' with value of type 'bool' on a base object of type 'Nil'.
   at: apply_snapshot (res://scripts/rare_market.gd:348)
   GDScript backtrace (most recent call first):
       [0] apply_snapshot (res://scripts/rare_market.gd:348)
       [1] apply_snapshot (res://scripts/planes_progression.gd:504)
       [2] apply_snapshot (res://scripts/coop_world.gd:774)
       [3] _snapshot_part (res://scripts/net_session.gd:871)
SCRIPT ERROR: Invalid assignment of property or key 'visible' with value of type 'bool' on a base object of type 'Nil'.
   at: apply_snapshot (res://scripts/rare_market.gd:348)
   GDScript backtrace (most recent call first):
       [0] apply_snapshot (res://scripts/rare_market.gd:348)
       [1] apply_snapshot (res://scripts/planes_progression.gd:504)
       [2] apply_snapshot (res://scripts/coop_world.gd:774)
       [3] _snapshot_part (res://scripts/net_session.gd:871)
SCRIPT ERROR: Invalid assignment of property or key 'visible' with value of type 'bool' on a base object of type 'Nil'.
   at: apply_snapshot (res://scripts/rare_market.gd:348)
   GDScript backtrace (most recent call first):
       [0] apply_snapshot (res://scripts/rare_market.gd:348)
       [1] apply_snapshot (res://scripts/planes_progression.gd:504)
       [2] apply_snapshot (res://scripts/coop_world.gd:774)
       [3] _snapshot_part (res://scripts/net_session.gd:871)
SCRIPT ERROR: Invalid assignment of property or key 'visible' with value of type 'bool' on a base object of type 'Nil'.
   at: apply_snapshot (res://scripts/rare_market.gd:348)
   GDScript backtrace (most recent call first):
       [0] apply_snapshot (res://scripts/rare_market.gd:348)
       [1] apply_snapshot (res://scripts/planes_progression.gd:504)
       [2] apply_snapshot (res://scripts/coop_world.gd:774)
       [3] _snapshot_part (res://scripts/net_session.gd:871)
SCRIPT ERROR: Invalid assignment of property or key 'visible' with value of type 'bool' on a base object of type 'Nil'.
   at: apply_snapshot (res://scripts/rare_market.gd:348)
   GDScript backtrace (most recent call first):
       [0] apply_snapshot (res://scripts/rare_market.gd:348)
       [1] apply_snapshot (res://scripts/planes_progression.gd:504)
       [2] apply_snapshot (res://scripts/coop_world.gd:774)
       [3] _snapshot_part (res://scripts/net_session.gd:871)
SCRIPT ERROR: Invalid assignment of property or key 'visible' with value of type 'bool' on a base object of type 'Nil'.
   at: apply_snapshot (res://scripts/rare_market.gd:348)
   GDScript backtrace (most recent call first):
       [0] apply_snapshot (res://scripts/rare_market.gd:348)
       [1] apply_snapshot (res://scripts/planes_progression.gd:504)
       [2] apply_snapshot (res://scripts/coop_world.gd:774)
       [3] _snapshot_part (res://scripts/net_session.gd:871)
SCRIPT ERROR: Invalid assignment of property or key 'visible' with value of type 'bool' on a base object of type 'Nil'.
   at: apply_snapshot (res://scripts/rare_market.gd:348)
   GDScript backtrace (most recent call first):
       [0] apply_snapshot (res://scripts/rare_market.gd:348)
       [1] apply_snapshot (res://scripts/planes_progression.gd:504)
       [2] apply_snapshot (res://scripts/coop_world.gd:774)
       [3] _snapshot_part (res://scripts/net_session.gd:871)
PASS: Co-op starts without pausing the world
SCRIPT ERROR: Invalid assignment of property or key 'visible' with value of type 'bool' on a base object of type 'Nil'.
   at: apply_snapshot (res://scripts/rare_market.gd:348)
   GDScript backtrace (most recent call first):
       [0] apply_snapshot (res://scripts/rare_market.gd:348)
       [1] apply_snapshot (res://scripts/planes_progression.gd:504)
       [2] apply_snapshot (res://scripts/coop_world.gd:774)
       [3] _snapshot_part (res://scripts/net_session.gd:871)
SCRIPT ERROR: Invalid assignment of property or key 'visible' with value of type 'bool' on a base object of type 'Nil'.
   at: apply_snapshot (res://scripts/rare_market.gd:348)
   GDScript backtrace (most recent call first):
       [0] apply_snapshot (res://scripts/rare_market.gd:348)
       [1] apply_snapshot (res://scripts/planes_progression.gd:504)
       [2] apply_snapshot (res://scripts/coop_world.gd:774)
       [3] _snapshot_part (res://scripts/net_session.gd:871)
SCRIPT ERROR: Invalid assignment of property or key 'visible' with value of type 'bool' on a base object of type 'Nil'.
   at: apply_snapshot (res://scripts/rare_market.gd:348)
   GDScript backtrace (most recent call first):
       [0] apply_snapshot (res://scripts/rare_market.gd:348)
       [1] apply_snapshot (res://scripts/planes_progression.gd:504)
       [2] apply_snapshot (res://scripts/coop_world.gd:774)
       [3] _snapshot_part (res://scripts/net_session.gd:871)
SCRIPT ERROR: Invalid assignment of property or key 'visible' with value of type 'bool' on a base object of type 'Nil'.
   at: apply_snapshot (res://scripts/rare_market.gd:348)
   GDScript backtrace (most recent call first):
       [0] apply_snapshot (res://scripts/rare_market.gd:348)
       [1] apply_snapshot (res://scripts/planes_progression.gd:504)
       [2] apply_snapshot (res://scripts/coop_world.gd:774)
       [3] _snapshot_part (res://scripts/net_session.gd:871)
SCRIPT ERROR: Invalid assignment of property or key 'visible' with value of type 'bool' on a base object of type 'Nil'.
   at: apply_snapshot (res://scripts/rare_market.gd:348)
   GDScript backtrace (most recent call first):
       [0] apply_snapshot (res://scripts/rare_market.gd:348)
       [1] apply_snapshot (res://scripts/planes_progression.gd:504)
       [2] apply_snapshot (res://scripts/coop_world.gd:774)
       [3] _snapshot_part (res://scripts/net_session.gd:871)
SCRIPT ERROR: Invalid assignment of property or key 'visible' with value of type 'bool' on a base object of type 'Nil'.
   at: apply_snapshot (res://scripts/rare_market.gd:348)
   GDScript backtrace (most recent call first):
       [0] apply_snapshot (res://scripts/rare_market.gd:348)
       [1] apply_snapshot (res://scripts/planes_progression.gd:504)
       [2] apply_snapshot (res://scripts/coop_world.gd:774)
       [3] _snapshot_part (res://scripts/net_session.gd:871)
SCRIPT ERROR: Invalid assignment of property or key 'visible' with value of type 'bool' on a base object of type 'Nil'.
   at: apply_snapshot (res://scripts/rare_market.gd:348)
   GDScript backtrace (most recent call first):
       [0] apply_snapshot (res://scripts/rare_market.gd:348)
       [1] apply_snapshot (res://scripts/planes_progression.gd:504)
       [2] apply_snapshot (res://scripts/coop_world.gd:774)
       [3] _snapshot_part (res://scripts/net_session.gd:871)
SCRIPT ERROR: Invalid assignment of property or key 'visible' with value of type 'bool' on a base object of type 'Nil'.
   at: apply_snapshot (res://scripts/rare_market.gd:348)
   GDScript backtrace (most recent call first):
       [0] apply_snapshot (res://scripts/rare_market.gd:348)
       [1] apply_snapshot (res://scripts/planes_progression.gd:504)
       [2] apply_snapshot (res://scripts/coop_world.gd:774)
       [3] _snapshot_part (res://scripts/net_session.gd:871)
SCRIPT ERROR: Invalid assignment of property or key 'visible' with value of type 'bool' on a base object of type 'Nil'.
   at: apply_snapshot (res://scripts/rare_market.gd:348)
   GDScript backtrace (most recent call first):
       [0] apply_snapshot (res://scripts/rare_market.gd:348)
       [1] apply_snapshot (res://scripts/planes_progression.gd:504)
       [2] apply_snapshot (res://scripts/coop_world.gd:774)
       [3] _snapshot_part (res://scripts/net_session.gd:871)
SCRIPT ERROR: Invalid assignment of property or key 'visible' with value of type 'bool' on a base object of type 'Nil'.
   at: apply_snapshot (res://scripts/rare_market.gd:348)
   GDScript backtrace (most recent call first):
       [0] apply_snapshot (res://scripts/rare_market.gd:348)
       [1] apply_snapshot (res://scripts/planes_progression.gd:504)
       [2] apply_snapshot (res://scripts/coop_world.gd:774)
       [3] _snapshot_part (res://scripts/net_session.gd:871)
SCRIPT ERROR: Invalid assignment of property or key 'visible' with value of type 'bool' on a base object of type 'Nil'.
   at: apply_snapshot (res://scripts/rare_market.gd:348)
   GDScript backtrace (most recent call first):
       [0] apply_snapshot (res://scripts/rare_market.gd:348)
       [1] apply_snapshot (res://scripts/planes_progression.gd:504)
       [2] apply_snapshot (res://scripts/coop_world.gd:774)
       [3] _snapshot_part (res://scripts/net_session.gd:871)
SCRIPT ERROR: Invalid assignment of property or key 'visible' with value of type 'bool' on a base object of type 'Nil'.
   at: apply_snapshot (res://scripts/rare_market.gd:348)
   GDScript backtrace (most recent call first):
       [0] apply_snapshot (res://scripts/rare_market.gd:348)
       [1] apply_snapshot (res://scripts/planes_progression.gd:504)
       [2] apply_snapshot (res://scripts/coop_world.gd:774)
       [3] _snapshot_part (res://scripts/net_session.gd:871)
SCRIPT ERROR: Invalid assignment of property or key 'visible' with value of type 'bool' on a base object of type 'Nil'.
   at: apply_snapshot (res://scripts/rare_market.gd:348)
   GDScript backtrace (most recent call first):
       [0] apply_snapshot (res://scripts/rare_market.gd:348)
       [1] apply_snapshot (res://scripts/planes_progression.gd:504)
       [2] apply_snapshot (res://scripts/coop_world.gd:774)
       [3] _snapshot_part (res://scripts/net_session.gd:871)
SCRIPT ERROR: Invalid assignment of property or key 'visible' with value of type 'bool' on a base object of type 'Nil'.
   at: apply_snapshot (res://scripts/rare_market.gd:348)
   GDScript backtrace (most recent call first):
       [0] apply_snapshot (res://scripts/rare_market.gd:348)
       [1] apply_snapshot (res://scripts/planes_progression.gd:504)
       [2] apply_snapshot (res://scripts/coop_world.gd:774)
       [3] _snapshot_part (res://scripts/net_session.gd:871)
SCRIPT ERROR: Invalid assignment of property or key 'visible' with value of type 'bool' on a base object of type 'Nil'.
   at: apply_snapshot (res://scripts/rare_market.gd:348)
   GDScript backtrace (most recent call first):
       [0] apply_snapshot (res://scripts/rare_market.gd:348)
       [1] apply_snapshot (res://scripts/planes_progression.gd:504)
       [2] apply_snapshot (res://scripts/coop_world.gd:774)
       [3] _snapshot_part (res://scripts/net_session.gd:871)
SCRIPT ERROR: Invalid assignment of property or key 'visible' with value of type 'bool' on a base object of type 'Nil'.
   at: apply_snapshot (res://scripts/rare_market.gd:348)
   GDScript backtrace (most recent call first):
       [0] apply_snapshot (res://scripts/rare_market.gd:348)
       [1] apply_snapshot (res://scripts/planes_progression.gd:504)
       [2] apply_snapshot (res://scripts/coop_world.gd:774)
       [3] _snapshot_part (res://scripts/net_session.gd:871)
SCRIPT ERROR: Invalid assignment of property or key 'visible' with value of type 'bool' on a base object of type 'Nil'.
   at: apply_snapshot (res://scripts/rare_market.gd:348)
   GDScript backtrace (most recent call first):
       [0] apply_snapshot (res://scripts/rare_market.gd:348)
       [1] apply_snapshot (res://scripts/planes_progression.gd:504)
       [2] apply_snapshot (res://scripts/coop_world.gd:774)
       [3] _snapshot_part (res://scripts/net_session.gd:871)
SCRIPT ERROR: Invalid assignment of property or key 'visible' with value of type 'bool' on a base object of type 'Nil'.
   at: apply_snapshot (res://scripts/rare_market.gd:348)
   GDScript backtrace (most recent call first):
       [0] apply_snapshot (res://scripts/rare_market.gd:348)
       [1] apply_snapshot (res://scripts/planes_progression.gd:504)
       [2] apply_snapshot (res://scripts/coop_world.gd:774)
       [3] _snapshot_part (res://scripts/net_session.gd:871)
SCRIPT ERROR: Invalid assignment of property or key 'visible' with value of type 'bool' on a base object of type 'Nil'.
   at: apply_snapshot (res://scripts/rare_market.gd:348)
   GDScript backtrace (most recent call first):
       [0] apply_snapshot (res://scripts/rare_market.gd:348)
       [1] apply_snapshot (res://scripts/planes_progression.gd:504)
       [2] apply_snapshot (res://scripts/coop_world.gd:774)
       [3] _snapshot_part (res://scripts/net_session.gd:871)
PASS: Client receives wave and zombie state
PASS: Client receives day-night and weather state
SCRIPT ERROR: Invalid assignment of property or key 'visible' with value of type 'bool' on a base object of type 'Nil'.
   at: apply_snapshot (res://scripts/rare_market.gd:348)
   GDScript backtrace (most recent call first):
       [0] apply_snapshot (res://scripts/rare_market.gd:348)
       [1] apply_snapshot (res://scripts/planes_progression.gd:504)
       [2] apply_snapshot (res://scripts/coop_world.gd:774)
       [3] _snapshot_part (res://scripts/net_session.gd:871)
SCRIPT ERROR: Invalid assignment of property or key 'visible' with value of type 'bool' on a base object of type 'Nil'.
   at: apply_snapshot (res://scripts/rare_market.gd:348)
   GDScript backtrace (most recent call first):
       [0] apply_snapshot (res://scripts/rare_market.gd:348)
       [1] apply_snapshot (res://scripts/planes_progression.gd:504)
       [2] apply_snapshot (res://scripts/coop_world.gd:774)
       [3] _snapshot_part (res://scripts/net_session.gd:871)
PLANES_COOP_DONE host=false checks=5 failures=0
