Godot Engine v4.7.2.stable.official.ed1daf0bf - https://godotengine.org

ERROR: Failed to read the root certificate store.
   at: get_system_ca_certificates (platform/windows/os_windows.cpp:2582)
[   0% ] first_scan_filesystem | Started Projektinitialisierung (5 steps)
[   0% ] first_scan_filesystem | Lese Dateistrucktur …
[  16% ] first_scan_filesystem | Globale Klassennamen laden …
[  33% ] first_scan_filesystem | Verifiziere GDExtensions…
[  50% ] first_scan_filesystem | Autoload-Skripte erzeugen …
[  66% ] first_scan_filesystem | Plugins initialisieren…
[  83% ] first_scan_filesystem | Dateiscan starten …
[ DONE ] first_scan_filesystem

[   0% ] update_scripts_classes | Started Globale Klassen registrieren … (18 steps)
[   0% ] update_scripts_classes | MapSelection
[   5% ] update_scripts_classes | 
[  10% ] update_scripts_classes | 
[  15% ] update_scripts_classes | 
[  21% ] update_scripts_classes | 
[  26% ] update_scripts_classes | 
[  31% ] update_scripts_classes | 
[  36% ] update_scripts_classes | 
[  42% ] update_scripts_classes | 
[  47% ] update_scripts_classes | 
[  52% ] update_scripts_classes | 
[  57% ] update_scripts_classes | 
[  63% ] update_scripts_classes | 
[  68% ] update_scripts_classes | 
[  73% ] update_scripts_classes | 
[  78% ] update_scripts_classes | 
[  84% ] update_scripts_classes | 
[  89% ] update_scripts_classes | 
[ DONE ] update_scripts_classes

[   0% ] _update_scan_actions | Started Aktionen scannen … (2 steps)
[   0% ] _update_scan_actions | crops.png
[  33% ] _update_scan_actions | ground.png
[ DONE ] _update_scan_actions

[   0% ] loading_editor_layout | Started Editor laden (5 steps)
[   0% ] loading_editor_layout | Editor-Layout laden …
[  16% ] loading_editor_layout | Docks laden …
[  33% ] loading_editor_layout | Öffne Szenen neu…
[  50% ] loading_editor_layout | Zentrales Editor-Layout laden …
[  66% ] loading_editor_layout | Pluginfensterlayout laden …
[  83% ] loading_editor_layout | Editorlayout bereit.
[ DONE ] loading_editor_layout

