Godot Engine v4.7.2.stable.official.ed1daf0bf - https://godotengine.org

ERROR: Failed to read the root certificate store.
   at: get_system_ca_certificates (platform/windows/os_windows.cpp:2582)
COOP_LOAD BOOT exe=C:/Users/miche/Desktop/Godot.exe
COOP_LOAD NETWORK_INITIALIZED
PLANES_NATURE { "flowers": 14541, "mushrooms": 484, "deer": 6, "stags": 2 } batches=1252
PLANES_NAV repaired_detail_faces=2
PLANES_NAV polygons=9124
PLANES_SURVIVAL_READY
PLANES_READY trees=393 birds=14 crops={ "corn": 238551, "wheat": 412659, "grass": 795017, "undergrowth": 18813, "woodland_grass": 21884 }
PASS: Shared Forest ten-slot bar includes knife on 0
PASS: Slot ten equips the knife
PASS: Shared clock advances and updates HUD
PASS: Night reduces sunlight
PASS: Weather dims the shared day-night lighting
PASS: Forest night music plays
PASS: Daytime intermission uses Forest morning music
PASS: Combat uses Forest combat music
PASS: Fifth wave uses Forest boss music
PASS: I inventory supports shared slot assignment
PASS: Owned equipment can be assigned to slots
PASS: Quest tracker shows accepted field progress
PASS: Pause freezes the world clock
PASS: Forest music continues through pause and game over
PASS: Death plays Forest game-over track
PLANES_ATMOSPHERE_DONE checks=15 failures=0
