Godot Engine v4.7.2.stable.official.ed1daf0bf - https://godotengine.org

ERROR: Failed to read the root certificate store.
   at: get_system_ca_certificates (platform/windows/os_windows.cpp:2582)
COOP_LOAD BOOT exe=C:/Users/miche/Desktop/Godot.exe
COOP_LOAD NETWORK_INITIALIZED
PLANES_NATURE { "flowers": 14541, "mushrooms": 484, "deer": 10, "stags": 4 } batches=1252
PLANES_NAV polygons=9852
PLANES_SURVIVAL_READY
COOP_LOAD MAP_READY
PLANES_READY trees=393 birds=24 crops={ "corn": 238551, "wheat": 412659, "grass": 795017, "undergrowth": 18813, "woodland_grass": 21884 }
PASS: Planes retains the selected Forest profile and XP
PASS: Selected class build is applied
PASS: Shared Forest XP bar and level are present
FAIL: Kill uses Forest XP and triggers a level-up
PASS: Level-up is shown in the shared HUD
PASS: Completing a Planes wave awards Forest wave XP
PASS: Completed wave cannot award XP twice
PASS: Field quest awards shared XP under a map-specific ID
PASS: Quest reward cannot be claimed twice
FAIL: Wave 25 awards wave, mission and Planes achievement XP exactly once
FAIL: Planes milestone achievements persist in the shared character profile
PLANES_SURVIVAL_READY
PASS: Retry preserves XP and starts a new class session
PASS: New run can earn wave rewards again
PASS: Death updates the shared profile once
PASS: Repeated game-over cannot duplicate death statistics
PASS: Exploration ends the XP session
PASS: Progress saves successfully to an isolated profile
PASS: Saved XP survives profile reload
RENDER_OPTIMIZER { "source_meshes": 666, "batches": 17, "removed_render_nodes": 41 }
COOP_LOAD MAP_READY
PASS: Returning to Forest retains the earned level and XP
PLANES_XP_DONE checks=19 failures=3
