RemZ audited Windows release
Confirmed available UTC: 2026-10-06T19:53:20.720255+00:00
Project: https://keknyan.itch.io/remz
Channel: keknyan/remz:windows
itch upload: 19367070
itch build: 2077621
User version: remz-windows-20261006-2133-release-audit
Source commit: c8f6461297b4848ea6d1c8b4b965e2dd8b4f537d
Source working tree at metadata generation: clean
Engine: Godot 4.7.2 stable
Network: protocol 8 / remz-dev-20261006-release-audit / Co-op 2026.10.06-H

Validation:
summary: Planes exploration recovery, earthworm animation boundaries, and safe client shutdown when an online host disconnects; complete release audit.
source_suites: 155/155 source and rendered cases; 10,342 reported assertions
integration: 10/10: restarts, both expedition finales, Forest four-player, Planes classic/rematch and late join, classes, earthworms, drones, field trials
native_package: Forest and Planes native startup; 68 assertions on the exact exported PCK; native four-player session with external probe, 15 assertions, normal clean shutdowns
online: 3/3 through Epic forced relay: source host/client (12+4 assertions), native Forest and native Planes running rounds and clean host-disconnect shutdowns
network_compatibility: 36 assertions for old protocol rejection, mismatched build rejection, and current handshake
performance: 18 shader assertions passed; 15 Forest stress stages and 5 Planes combat views measured; heavy-load FPS dips and first-use outliers documented
compile: 383 scripts, 0 broken
localization: 2634 German catalogue entries, 0 problems
The final export passed fresh native startup, PCK, four-player and both-map EOS checks after the host-disconnect correction.
Release audit: 41 files checked; no unrelated secrets found.
Performance limits and test scope are explicitly recorded in the report; perfection and guaranteed FPS are not claimed.
Upload completed; itch.io confirmed this exact version available.

Shipped runtime files (bytes, SHA-256):
RemZ.exe 109350400 7675c91308166f553ccce8689961f8d3757c1c16f3deef4f8c70f0d91674517f
RemZ.pck 3189513691 12055bf9af4fc21a7ff6b325226d1c51bb04382d264ea8e2ce91c0b6289d76c5
libeosg.windows.template_release.x86_64.dll 1144320 b599c4fce153849093efcdc13917075f76f8ef171d47e6a2522346d61221527b
EOSSDK-Win64-Shipping.dll 19531704 9c498fe31c8df1d9085dfa9c71c6d50ec6b569acdb29f1decb97be105b6341dc
xaudio2_9redist.dll 847440 0e01f400baa09694cacfd2cfbff0d721c17b56785d2d6e29b6fdd117f70ccc1e

Shipped audit reports (SHA-256):
RELEASE_AUDIT_2026_10_06.md eb79aaab533a917739354c13eebb0f2753a7919bc6e9acbc537308f522510c95
RELEASE_AUDIT_RESULTS.json 1be00bf213b12d5829ed62943c1b3d7b15b4b766ef7471ff18777a3d49799a8f

Server confirmation:
+-----------------------------------+
|       New version available       |
+-----------------------------------+
| Current version: 15.31.0 (stable) |
| Latest version:  15.32.0 (stable) |
|                                   |
| Run `butler upgrade` to get it.   |
+-----------------------------------+
+---------+-----------+----------------------------+------------------------------------------+
| CHANNEL |  UPLOAD   |           BUILD            |                 VERSION                  |
+---------+-----------+----------------------------+------------------------------------------+
| windows | #19367070 | √ #2077621 (from #2077034) | remz-windows-20261006-2133-release-audit |
+---------+-----------+----------------------------+------------------------------------------+

Report: docs/RELEASE_AUDIT_2026_10_06.md
Case records: docs/RELEASE_AUDIT_RESULTS.json
