Godot Engine v4.7.2.stable.official.ed1daf0bf - https://godotengine.org
Vulkan 1.3.277 - Forward+ - Using Device #0: NVIDIA - NVIDIA GeForce RTX 3060 Ti

ERROR: Failed to read the root certificate store.
   at: get_system_ca_certificates (platform/windows/os_windows.cpp:2582)
COOP_LOAD BOOT exe=C:/Users/miche/Desktop/Developement/RemZ/builds/windows/RemZ.exe
COOP_LOAD NETWORK_INITIALIZED
RENDER_OPTIMIZER { "source_meshes": 672, "batches": 19, "removed_render_nodes": 45 }
COOP_LOAD MAP_READY
FPS_SAMPLE 187.0 flags=["--autotest", "--smoke-test", "--no-intro", "--no-music"]
VIEW 0 fps=188
VIEW 1 fps=91
VIEW 2 fps=131
VIEW 3 fps=72
VIEW 4 fps=134
VIEW 5 fps=78
VIEW 6 fps=96
VIEW 7 fps=81
VIEW 8 fps=92
ZOMBIE at (20.79992, -0.04428, 48.33212)
ZOMBIE at (21.9005, 0.062252, 49.95436)
ZOMBIE at (20.84276, -0.032343, 47.40919)
ZOMBIE at (100.9089, 6.84411, 28.03542)
ZOMBIE at (29.0344, 0.421381, 51.23449)
ZOMBIE at (26.06325, 0.189433, 51.29194)
ZOMBIE at (-108.7934, -6.591619, -19.19412)
ZOMBIE at (-72.3158, -8.515868, 80.61524)
ZOMBIE at (113.9582, 8.476531, 11.00178)
ZOMBIE at (-91.66999, -10.76616, 87.37749)
ZOMBIE at (-51.29679, 0.894894, -152.5049)
AUTOTEST_DONE zombies=9 fps=92
