Godot Engine v4.7.2.stable.official.ed1daf0bf - https://godotengine.org
Vulkan 1.3.277 - Forward+ - Using Device #0: NVIDIA - NVIDIA GeForce RTX 3060 Ti

ERROR: Failed to read the root certificate store.
   at: get_system_ca_certificates (platform/windows/os_windows.cpp:2582)
COOP_LOAD BOOT exe=C:/Users/miche/Desktop/Godot.exe
COOP_LOAD NETWORK_INITIALIZED
RENDER_OPTIMIZER { "source_meshes": 674, "batches": 13, "removed_render_nodes": 32 }
COOP_LOAD MAP_READY
PASS: Merchant hidden and nonblocking before wave five
PASS: Hidden merchant cannot be traded with
PASS: Wave five spawns merchant with first legendary and fire ammo
PASS: Merchant actually walks through the forest along navigation paths
PASS: Merchant has a retargeted skeletal walk animation
PASS: Nearby customer stops merchant for trading
PASS: Moving merchant is reachable through the real interaction check
PASS: Legendary purchase charges once, consumes shared stock and equips
PASS: Precision talisman supplies its actual combat modifier
PASS: Owned talisman equips without another payment
PASS: Fire pack enables twenty-four special shots
PASS: Same wave never replenishes depleted stock
PASS: Higher level rare ammunition remains gated
PASS: Remote purchase cannot debit or grant rare items
PASS: Full special-ammo inventory preserves money and stock
PASS: Normal mode saves special ammunition
PASS: Real missed firearm shot consumes one special round
PASS: Real bullet hit applies burn and consumes exactly one charge
PASS: Burn shows particles on the actual zombie
PASS: Repeated pellets refresh burn without multiplying its thirty-six damage
PASS: Frost slows a normal zombie
PASS: Frost expires and restores movement
PASS: Titans resist most of the frost slowdown
PASS: Burn kill preserves the shooter and never grants a phantom headshot
PASS: Only active talisman applies; bark reduces actual incoming damage
PASS: Tower kills cannot farm lifesteal
PASS: Bloodstone heals real weapon kills
PASS: Wind relic affects reload and movement
PASS: Phoenix prevents one lethal hit
PASS: Changing talismans cannot reset Phoenix cooldown
PASS: Next wave restores Phoenix charge
PASS: Next wave replenishes market
PASS: Solo shop pause also freezes trader and damage-over-time
PASS: Wanderer opens his dedicated rare-item menu
PASS: Remote purchase consumes shared stock but grants only buyer's ammunition
PASS: Second buyer cannot purchase the sold-out pack
PASS: Snapshot includes roaming position, stock and separate inventories
PASS: Late-join state restores sold-out stock and ammunition
ERROR: Condition "f.is_null()" is true.
   at: _save_to_cache (servers/rendering/renderer_rd/shader_rd.cpp:696)
ERROR: Condition "f.is_null()" is true.
   at: _save_to_cache (servers/rendering/renderer_rd/shader_rd.cpp:696)
RARE_MARKET_DONE checks=38 failures=0
