Godot Engine v4.7.2.stable.official.ed1daf0bf - https://godotengine.org

COOP_LOAD BOOT exe=C:/Users/miche/Desktop/Godot.exe
COOP_LOAD NETWORK_INITIALIZED
RENDER_OPTIMIZER { "source_meshes": 671, "batches": 9, "removed_render_nodes": 24 }
COOP_LOAD MAP_READY
PASS: Merchant hidden and nonblocking before wave five
PASS: Hidden merchant cannot be traded with
PASS: Wave five spawns merchant with three legendaries and fire ammo (3 relics)
PASS: Night stock in the north forest only carries goods offered there at night
PASS: Daylight and a new forest quarter reroll the assortment
PASS: Merchant actually walks through the forest along navigation paths
PASS: Merchant destinations are random forest spots clear of every road (40/40)
PASS: Merchant greets with the secret vendor voice line
PASS: Merchant has a retargeted skeletal walk animation
PASS: Nearby customer stops merchant for trading
PASS: Moving merchant is reachable through the real interaction check
PASS: Legendary purchase charges once, consumes shared stock and equips
PASS: Precision talisman supplies its actual combat modifier
PASS: Owned talisman equips without another payment
PASS: Fire pack enables twenty-four special shots
PASS: Same wave never replenishes depleted stock
PASS: Higher level rare ammunition remains gated
PASS: Remote purchase cannot debit or grant rare items
PASS: Full special-ammo inventory preserves money and stock
PASS: Normal mode saves special ammunition
PASS: Real missed firearm shot consumes one special round
PASS: Real bullet hit applies burn and consumes exactly one charge
PASS: Burn shows particles on the actual zombie
PASS: Repeated pellets refresh burn without multiplying its thirty-six damage
PASS: Frost slows a normal zombie
PASS: Frost expires and restores movement
PASS: Titans resist most of the frost slowdown
PASS: Burn kill preserves the shooter and never grants a phantom headshot
PASS: Only active talisman applies; bark reduces actual incoming damage
PASS: Tower kills cannot farm lifesteal
PASS: Bloodstone heals real weapon kills
PASS: Wind relic affects reload and movement
PASS: Phoenix prevents one lethal hit
PASS: All 14 legendaries can be bought, charge their price and equip (14 ok)
PASS: Glutkern raises the damage multiplier used by real bullet hits
PASS: Hirschkrone raises the movement speed multiplier
PASS: Rabenfeder shortens the actual reload timer
PASS: Wurzelband cuts real incoming damage by a quarter
PASS: Moosmantel reduces damage and adds tempo
PASS: Nebellaterne guards and adds damage
PASS: Eulenauge tightens spread and recoil
PASS: Stahlherz cuts the real recoil kick (3.182 -> 1.573)
PASS: Wegzoll pays 20 % more for a real kill (6 -> 7)
PASS: Changing talismans cannot reset Phoenix cooldown
PASS: Next wave restores Phoenix charge
PASS: Next wave replenishes market
PASS: Solo shop pause also freezes trader and damage-over-time
PASS: Wanderer opens his dedicated rare-item menu
PASS: Remote purchase consumes shared stock but grants only buyer's ammunition
PASS: Second buyer cannot purchase the sold-out pack
PASS: Snapshot includes roaming position, stock and separate inventories
PASS: Late-join state restores sold-out stock and ammunition
RARE_MARKET_DONE checks=52 failures=0
ERROR: 1 RID allocations of type 'P10JoltBody3D' were leaked at exit.
WARNING: 1 ObjectDB instance was leaked at exit (run with `--verbose` for details).
   at: cleanup (core/object/object.cpp:2536)
