Godot Engine v4.7.2.stable.official.ed1daf0bf - https://godotengine.org

ERROR: Failed to read the root certificate store.
   at: get_system_ca_certificates (platform/windows/os_windows.cpp:2582)
[   0% ] first_scan_filesystem | Started Projektinitialisierung (5 steps)
[   0% ] first_scan_filesystem | Lese Dateistrucktur …
[  16% ] first_scan_filesystem | Globale Klassennamen laden …
[  33% ] first_scan_filesystem | Verifiziere GDExtensions…
[  50% ] first_scan_filesystem | Autoload-Skripte erzeugen …
[  66% ] first_scan_filesystem | Plugins initialisieren…
[  83% ] first_scan_filesystem | Dateiscan starten …
[ DONE ] first_scan_filesystem

[   0% ] update_scripts_classes | Started Globale Klassen registrieren … (34 steps)
[   0% ] update_scripts_classes | 
[   2% ] update_scripts_classes | 
[   5% ] update_scripts_classes | ForestKeys
[   8% ] update_scripts_classes | Hud
[  11% ] update_scripts_classes | Inventory
[  14% ] update_scripts_classes | ItemIcons
[  17% ] update_scripts_classes | 
[  20% ] update_scripts_classes | 
[  22% ] update_scripts_classes | Pickup
[  25% ] update_scripts_classes | Player
[  28% ] update_scripts_classes | Progression
[  31% ] update_scripts_classes | 
[  34% ] update_scripts_classes | 
[  37% ] update_scripts_classes | 
[  40% ] update_scripts_classes | Titan
[  42% ] update_scripts_classes | ViewmodelViewport
[  45% ] update_scripts_classes | Weapons
[  48% ] update_scripts_classes | WeaponEffects
[  51% ] update_scripts_classes | 
[  54% ] update_scripts_classes | WorldNpc
[  57% ] update_scripts_classes | Zombie
[  60% ] update_scripts_classes | 
[  62% ] update_scripts_classes | 
[  65% ] update_scripts_classes | 
[  68% ] update_scripts_classes | 
[  71% ] update_scripts_classes | 
[  74% ] update_scripts_classes | 
[  77% ] update_scripts_classes | 
[  80% ] update_scripts_classes | 
[  82% ] update_scripts_classes | 
[  85% ] update_scripts_classes | 
[  88% ] update_scripts_classes | 
[  91% ] update_scripts_classes | 
[  94% ] update_scripts_classes | 
[ DONE ] update_scripts_classes

[   0% ] reimport | Started Assets (erneut) importieren (1 steps)
[   0% ] reimport | Dateien zum Neuimport vorbereiten …
[   0% ] reimport | Vor-Neuimport-Operationen ausführen …
[   0% ] reimport | relic.svg
[  50% ] reimport | Asset-Import fertigstellen …
[ DONE ] reimport

[   0% ] reimport | Started Assets (erneut) importieren (1 steps)
[   0% ] reimport | Nach-Neuimport-Operationen ausführen …
[ DONE ] reimport

[   0% ] loading_editor_layout | Started Editor laden (5 steps)
[   0% ] loading_editor_layout | Editor-Layout laden …
[  16% ] loading_editor_layout | Docks laden …
[  33% ] loading_editor_layout | Öffne Szenen neu…
[  50% ] loading_editor_layout | Zentrales Editor-Layout laden …
[  66% ] loading_editor_layout | Pluginfensterlayout laden …
[  83% ] loading_editor_layout | Editorlayout bereit.
[ DONE ] loading_editor_layout

ERROR: Cannot save file 'C:/Users/miche/AppData/Roaming/Godot/editor_settings-4.7.tres'.
   at: save (scene/resources/resource_format_text.cpp:1768)
ERROR: Error saving editor settings to C:/Users/miche/AppData/Roaming/Godot/editor_settings-4.7.tres
   at: save (editor/settings/editor_settings.cpp:1525)
