Godot Engine v4.7.2.stable.official.ed1daf0bf - https://godotengine.org
Vulkan 1.3.277 - Forward+ - Using Device #0: NVIDIA - NVIDIA GeForce RTX 3060 Ti

ERROR: Failed to read the root certificate store.
   at: get_system_ca_certificates (platform/windows/os_windows.cpp:2582)
ITEM_ICON ammo
ITEM_ICON medicine
ITEM_ICON grenade
ITEM_ICON steinpilz
ITEM_ICON fliegenpilz
ITEM_ICON barricade
ITEM_ICON tower
ITEM_ICON pistol
ITEM_ICON revolver
ITEM_ICON smg
ITEM_ICON ak47
ITEM_ICON shotgun
ITEM_ICON marksman
ITEM_ICON lmg
ITEM_ICON breacher
ITEM_ICON titanbreaker
ITEM_ICONS_DONE
