15:47:36 preview revolver
TASK_CREATED: 01a0af9f-7415-757e-9364-22b8c9e9506b
  [███░░░░░░░░░░░░░░░░░] 18% — IN_PROGRESS (0s, poll #1)
  [█████░░░░░░░░░░░░░░░] 28% — IN_PROGRESS (5s, poll #2)
  [██████████░░░░░░░░░░] 50% — IN_PROGRESS (12.5s, poll #3)
  [████████████████░░░░] 82% — IN_PROGRESS (23.75s, poll #4)
  [███████████████████░] 99% — IN_PROGRESS (40.625s, poll #5)
  [███████████████████░] 99% — IN_PROGRESS (55.625s, poll #6)
  [███████████████████░] 99% — IN_PROGRESS (70.625s, poll #7)
  [███████████████████░] 99% — IN_PROGRESS (85.625s, poll #8)
  [████████████████████] 100% — SUCCEEDED (100.625s, poll #9)
15:49:22 refine revolver
TASK_CREATED: 01a0afa1-0e87-755c-8f63-2194ffee0da3
  [░░░░░░░░░░░░░░░░░░░░] 0% — IN_PROGRESS (0s, poll #1)
  [░░░░░░░░░░░░░░░░░░░░] 0% — IN_PROGRESS (5s, poll #2)
  [░░░░░░░░░░░░░░░░░░░░] 0% — IN_PROGRESS (12.5s, poll #3)
  [█░░░░░░░░░░░░░░░░░░░] 5% — IN_PROGRESS (23.75s, poll #4)
  [████████░░░░░░░░░░░░] 40% — IN_PROGRESS (40.625s, poll #5)
  [████████░░░░░░░░░░░░] 40% — IN_PROGRESS (65.9375s, poll #6)
  [█████████░░░░░░░░░░░] 45% — IN_PROGRESS (95.9375s, poll #7)
  [███████████████░░░░░] 75% — IN_PROGRESS (125.9375s, poll #8)
  [████████████████████] 100% — SUCCEEDED (155.9375s, poll #9)
Downloading C:\Users\M Konrad\Desktop\Development\RemZ\assets\raw\revolver\model.glb...
DOWNLOADED: C:\Users\M Konrad\Desktop\Development\RemZ\assets\raw\revolver\model.glb (3.1 MB)
Downloading C:\Users\M Konrad\Desktop\Development\RemZ\assets\raw\revolver\thumb.png...
DOWNLOADED: C:\Users\M Konrad\Desktop\Development\RemZ\assets\raw\revolver\thumb.png (0.0 MB)
15:52:03 DONE revolver
