Godot Engine v4.7.2.stable.official.ed1daf0bf - https://godotengine.org
Vulkan 1.3.277 - Forward+ - Using Device #0: NVIDIA - NVIDIA GeForce RTX 3060 Ti

ERROR: Failed to read the root certificate store.
   at: get_system_ca_certificates (platform/windows/os_windows.cpp:2582)
COOP_LOAD BOOT exe=C:/Users/miche/Desktop/Developement/RemZ/builds/windows/RemZ.exe
COOP_LOAD NETWORK_INITIALIZED
RENDER_OPTIMIZER { "source_meshes": 670, "batches": 19, "removed_render_nodes": 45 }
COOP_LOAD MAP_READY
FPS_SAMPLE 160.2 flags=["--autotest", "--smoke-test", "--no-intro", "--no-music"]
VIEW 0 fps=166
VIEW 1 fps=85
VIEW 2 fps=135
VIEW 3 fps=63
VIEW 4 fps=132
VIEW 5 fps=55
VIEW 6 fps=109
VIEW 7 fps=33
VIEW 8 fps=99
ZOMBIE at (19.54, -0.152953, 45.94637)
ZOMBIE at (20.63835, -0.061481, 47.91149)
ZOMBIE at (24.11443, 0.093403, 50.78659)
ZOMBIE at (100.9356, 6.583323, 29.2756)
ZOMBIE at (107.9497, 7.167861, 27.62947)
ZOMBIE at (28.69036, 0.400063, 51.19419)
ZOMBIE at (94.95107, 6.080141, 33.55241)
ZOMBIE at (-54.86896, 0.874112, -162.6597)
ZOMBIE at (-45.59144, 1.412555, -160.6451)
ZOMBIE at (55.7154, 0.714378, 95.65826)
ZOMBIE at (-69.20637, -7.995794, 78.06618)
AUTOTEST_DONE zombies=9 fps=99
