Godot Engine v4.7.2.stable.official.ed1daf0bf - https://godotengine.org

ERROR: Failed to read the root certificate store.
   at: get_system_ca_certificates (platform/windows/os_windows.cpp:2582)
[   0% ] first_scan_filesystem | Started Projektinitialisierung (5 steps)
[   0% ] first_scan_filesystem | Lese Dateistrucktur …
[  16% ] first_scan_filesystem | Globale Klassennamen laden …
[  33% ] first_scan_filesystem | Verifiziere GDExtensions…
[  50% ] first_scan_filesystem | Autoload-Skripte erzeugen …
WARNING: 'res://assets/models/knife_real.glb': In external resource #0, invalid UID: 'uid://dtogwot2l5wmj' - using text path instead: 'res://assets/models/knife_real_0.webp'.
   at: open (core/io/resource_format_binary.cpp:1025)
WARNING: 'res://assets/models/knife_real.glb': In external resource #1, invalid UID: 'uid://btptm5tipvhx8' - using text path instead: 'res://assets/models/knife_real_1.webp'.
   at: open (core/io/resource_format_binary.cpp:1025)
WARNING: 'res://assets/models/knife_real.glb': In external resource #2, invalid UID: 'uid://dkisxnugl57p3' - using text path instead: 'res://assets/models/knife_real_2.webp'.
   at: open (core/io/resource_format_binary.cpp:1025)
[  66% ] first_scan_filesystem | Plugins initialisieren…
[  83% ] first_scan_filesystem | Dateiscan starten …
[ DONE ] first_scan_filesystem

[   0% ] _update_scan_actions | Started Aktionen scannen … (2 steps)
[   0% ] _update_scan_actions | scarecrow_real.glb
[  33% ] _update_scan_actions | zombie_titan_texture_0.webp
[ DONE ] _update_scan_actions

[   0% ] reimport | Started Assets (erneut) importieren (1 steps)
[   0% ] reimport | Dateien zum Neuimport vorbereiten …
[   0% ] reimport | Vor-Neuimport-Operationen ausführen …
[   0% ] reimport | scarecrow_real.glb
[   0% ] import | Started Szene importieren (104 steps)
[   0% ] import | Importiere Szene…
[   1% ] import | Eigenes Skript wird ausgeführt …
[  99% ] import | Speichern …
[ DONE ] import

[  50% ] reimport | Asset-Import fertigstellen …
[ DONE ] reimport

[   0% ] reimport | Started Assets (erneut) importieren (1 steps)
[   0% ] reimport | Nach-Neuimport-Operationen ausführen …
[ DONE ] reimport

[   0% ] loading_editor_layout | Started Editor laden (5 steps)
[   0% ] loading_editor_layout | Editor-Layout laden …
[  16% ] loading_editor_layout | Docks laden …
[  33% ] loading_editor_layout | Öffne Szenen neu…
[  50% ] loading_editor_layout | Zentrales Editor-Layout laden …
[  66% ] loading_editor_layout | Pluginfensterlayout laden …
[  83% ] loading_editor_layout | Editorlayout bereit.
[ DONE ] loading_editor_layout

ERROR: Cannot save file 'C:/Users/miche/AppData/Roaming/Godot/editor_settings-4.7.tres'.
   at: save (scene/resources/resource_format_text.cpp:1768)
ERROR: Error saving editor settings to C:/Users/miche/AppData/Roaming/Godot/editor_settings-4.7.tres
   at: save (editor/settings/editor_settings.cpp:1525)
