Godot Engine v4.7.2.stable.official.ed1daf0bf - https://godotengine.org
Vulkan 1.3.277 - Forward+ - Using Device #0: NVIDIA - NVIDIA GeForce RTX 3060 Ti

ERROR: Failed to read the root certificate store.
   at: get_system_ca_certificates (platform/windows/os_windows.cpp:2582)
COOP_LOAD BOOT exe=C:/Users/miche/Desktop/Godot.exe
COOP_LOAD NETWORK_INITIALIZED
RENDER_OPTIMIZER { "source_meshes": 675, "batches": 19, "removed_render_nodes": 39 }
ERROR: Condition "f.is_null()" is true.
   at: _save_to_cache (servers/rendering/renderer_rd/shader_rd.cpp:696)
   GDScript backtrace (most recent call first):
       [0] step (res://scripts/boot_screen.gd:82)
       [1] _boot_mark (res://scripts/main.gd:88)
       [2] _ready (res://scripts/main.gd:269)
       [3] run (res://tests/secret_night.gd:15)
NAV_WAIT paused=false region_enabled=true server_enabled=true iteration=2 polygons=25344 map=RID(6519760355328) registered_map=RID(6519760355328)
COOP_LOAD MAP_READY
PASS: User Goa track is loaded and loops
PASS: At the camp the first note is distant and muffled
PASS: Distance filter is routed through a private music bus
PASS: Wave 5 enters the mandatory sidequest
PASS: Combat and wave event are deferred
PASS: Direct start and cheat cannot bypass the quest
PASS: Time stays at night
PASS: Remote interactions are rejected
PASS: Reaching the party reveals the totems
PASS: Dance floor reveals the loud, clear track
PASS: Walking away makes the same track distant again
PASS: Wrong totem cannot advance progression
PASS: Nearby correct totem activates
PASS: Nearby correct totem activates
PASS: Nearby correct totem activates
PASS: Three totems unlock the bar
PASS: Clear-head drink unlocks the finale
PASS: Co-op finale waits for every living teammate
PASS: Co-op finale accepts the gathered team
PASS: Downed teammate does not deadlock finale
PASS: Finale does not progress away from dance floor
PASS: Final dance begins the last track instead of ending abruptly
PASS: The ending cannot be skipped at the campfire
PASS: Last track and lights fade together
PASS: Party guests dissolve during the farewell
PASS: Solo pause freezes the ending
PASS: Late join restores the current farewell without replaying the opening
PASS: Late join retains the original world time
PASS: Heimweg unlocks only after the final track
PASS: Music and rain actually end before the return journey
PASS: Disco lights and guests are gone
PASS: Mushroom haze clears with the farewell
PASS: Joining on the way home does not restart the party
PASS: A player left at the party blocks premature wave release
PASS: Gathered team begins a shared awakening
PASS: Repeated interaction cannot skip awakening
PASS: Wave stays locked throughout awakening
PASS: Awakening progress survives snapshots
PASS: Awakening waits if a teammate leaves the camp
PASS: Completion releases twenty seconds to prepare
PASS: Every teammate receives the reward exactly once
PASS: Repeated completion or snapshot cannot duplicate rewards
PASS: Original world time restored
PASS: No party effects remain after completion
PASS: Completion cannot be replayed
PASS: Original fifth wave resumes once
SECRET_NIGHT_DONE checks=46 failures=0
