Godot Engine v4.7.2.stable.official.ed1daf0bf - https://godotengine.org
Vulkan 1.3.277 - Forward+ - Using Device #0: NVIDIA - NVIDIA GeForce RTX 3060 Ti

ERROR: Failed to read the root certificate store.
   at: get_system_ca_certificates (platform/windows/os_windows.cpp:2582)
COOP_LOAD BOOT exe=C:/Users/miche/Desktop/Godot.exe
COOP_LOAD NETWORK_INITIALIZED
RENDER_OPTIMIZER { "source_meshes": 675, "batches": 19, "removed_render_nodes": 39 }
ERROR: Condition "f.is_null()" is true.
   at: _save_to_cache (servers/rendering/renderer_rd/shader_rd.cpp:696)
   GDScript backtrace (most recent call first):
       [0] step (res://scripts/boot_screen.gd:82)
       [1] _boot_mark (res://scripts/main.gd:88)
       [2] _ready (res://scripts/main.gd:269)
       [3] run (res://tests/secret_night.gd:15)
COOP_LOAD MAP_READY
PASS: Wave 5 enters the mandatory sidequest
PASS: Combat and wave event are deferred
PASS: Direct start and cheat cannot bypass the quest
PASS: Time stays at night
PASS: Remote interactions are rejected
PASS: Reaching the party reveals the totems
PASS: Wrong totem cannot advance progression
PASS: Nearby correct totem activates
PASS: Nearby correct totem activates
PASS: Nearby correct totem activates
PASS: Three totems unlock the bar
PASS: Clear-head drink unlocks the finale
PASS: Finale does not progress away from dance floor
PASS: Finale unlocks the return journey
PASS: Reconnect snapshot preserves progress
PASS: Return at the fire completes the quest
PASS: Completion releases a safe countdown
PASS: Original world time restored
PASS: Completion cannot be replayed
PASS: Original fifth wave resumes once
SECRET_NIGHT_DONE checks=20 failures=0
