15:39:22 preview smg
TASK_CREATED: 01a0af97-eb32-7214-acdf-48a274bfe64c
  [███░░░░░░░░░░░░░░░░░] 18% — IN_PROGRESS (0s, poll #1)
  [█████░░░░░░░░░░░░░░░] 28% — IN_PROGRESS (5s, poll #2)
  [██████████░░░░░░░░░░] 50% — IN_PROGRESS (12.5s, poll #3)
  [████████████████░░░░] 82% — IN_PROGRESS (23.75s, poll #4)
  [███████████████████░] 99% — IN_PROGRESS (40.625s, poll #5)
  [███████████████████░] 99% — IN_PROGRESS (55.625s, poll #6)
  [███████████████████░] 99% — IN_PROGRESS (70.625s, poll #7)
  [███████████████████░] 99% — IN_PROGRESS (85.625s, poll #8)
  [███████████████████░] 99% — IN_PROGRESS (100.625s, poll #9)
  [███████████████████░] 99% — IN_PROGRESS (115.625s, poll #10)
  [███████████████████░] 99% — IN_PROGRESS (130.625s, poll #11)
  [███████████████████░] 99% — IN_PROGRESS (145.625s, poll #12)
  [███████████████████░] 99% — IN_PROGRESS (160.625s, poll #13)
  [███████████████████░] 99% — IN_PROGRESS (175.625s, poll #14)
  [███████████████████░] 99% — IN_PROGRESS (190.625s, poll #15)
  [███████████████████░] 99% — IN_PROGRESS (205.625s, poll #16)
  [███████████████████░] 99% — IN_PROGRESS (220.625s, poll #17)
  [████████████████████] 100% — SUCCEEDED (235.625s, poll #18)
15:43:24 refine smg
TASK_CREATED: 01a0af9b-9673-7595-b844-8f859b3d5065
  [░░░░░░░░░░░░░░░░░░░░] 0% — IN_PROGRESS (0s, poll #1)
  [░░░░░░░░░░░░░░░░░░░░] 0% — IN_PROGRESS (5s, poll #2)
  [█░░░░░░░░░░░░░░░░░░░] 5% — IN_PROGRESS (12.5s, poll #3)
  [█░░░░░░░░░░░░░░░░░░░] 5% — IN_PROGRESS (23.75s, poll #4)
  [████████░░░░░░░░░░░░] 40% — IN_PROGRESS (40.625s, poll #5)
  [████████░░░░░░░░░░░░] 40% — IN_PROGRESS (65.9375s, poll #6)
  [████████░░░░░░░░░░░░] 40% — IN_PROGRESS (95.9375s, poll #7)
  [████████░░░░░░░░░░░░] 40% — IN_PROGRESS (125.9375s, poll #8)
  [████████░░░░░░░░░░░░] 40% — IN_PROGRESS (155.9375s, poll #9)
  [████████░░░░░░░░░░░░] 40% — IN_PROGRESS (185.9375s, poll #10)
  [███████████░░░░░░░░░] 55% — IN_PROGRESS (215.9375s, poll #11)
  [████████████████████] 100% — SUCCEEDED (245.9375s, poll #12)
Downloading C:\Users\M Konrad\Desktop\Development\RemZ\assets\raw\smg\model.glb...
DOWNLOADED: C:\Users\M Konrad\Desktop\Development\RemZ\assets\raw\smg\model.glb (3.4 MB)
Downloading C:\Users\M Konrad\Desktop\Development\RemZ\assets\raw\smg\thumb.png...
DOWNLOADED: C:\Users\M Konrad\Desktop\Development\RemZ\assets\raw\smg\thumb.png (0.1 MB)
15:47:35 DONE smg
