12:43:14 preview stump
TASK_CREATED: 01a0aef6-a7c1-732f-99c2-72bea650cafa
  [███░░░░░░░░░░░░░░░░░] 18% — IN_PROGRESS (0s, poll #1)
  [█████░░░░░░░░░░░░░░░] 28% — IN_PROGRESS (5s, poll #2)
  [██████████░░░░░░░░░░] 50% — IN_PROGRESS (12.5s, poll #3)
  [████████████████░░░░] 82% — IN_PROGRESS (23.75s, poll #4)
  [███████████████████░] 99% — IN_PROGRESS (40.625s, poll #5)
  [███████████████████░] 99% — IN_PROGRESS (55.625s, poll #6)
  [███████████████████░] 99% — IN_PROGRESS (70.625s, poll #7)
  [███████████████████░] 99% — IN_PROGRESS (85.625s, poll #8)
  [███████████████████░] 99% — IN_PROGRESS (100.625s, poll #9)
  [███████████████████░] 99% — IN_PROGRESS (115.625s, poll #10)
  [███████████████████░] 99% — IN_PROGRESS (130.625s, poll #11)
  [███████████████████░] 99% — IN_PROGRESS (145.625s, poll #12)
  [████████████████████] 100% — SUCCEEDED (160.625s, poll #13)
12:46:00 refine stump
TASK_CREATED: 01a0aef9-2ba4-759a-9b75-ca845fb23eca
  [░░░░░░░░░░░░░░░░░░░░] 0% — IN_PROGRESS (0s, poll #1)
  [░░░░░░░░░░░░░░░░░░░░] 0% — IN_PROGRESS (5s, poll #2)
  [█░░░░░░░░░░░░░░░░░░░] 5% — IN_PROGRESS (12.5s, poll #3)
  [█░░░░░░░░░░░░░░░░░░░] 5% — IN_PROGRESS (23.75s, poll #4)
  [█░░░░░░░░░░░░░░░░░░░] 5% — IN_PROGRESS (40.625s, poll #5)
  [█░░░░░░░░░░░░░░░░░░░] 5% — IN_PROGRESS (65.9375s, poll #6)
  [█░░░░░░░░░░░░░░░░░░░] 5% — IN_PROGRESS (95.9375s, poll #7)
  [█████████░░░░░░░░░░░] 45% — IN_PROGRESS (125.9375s, poll #8)
  [█████████░░░░░░░░░░░] 45% — IN_PROGRESS (155.9375s, poll #9)
  [███████████░░░░░░░░░] 55% — IN_PROGRESS (185.9375s, poll #10)
  [███████████████░░░░░] 75% — IN_PROGRESS (215.9375s, poll #11)
  [███████████████████░] 99% — IN_PROGRESS (245.9375s, poll #12)
  [███████████████████░] 99% — IN_PROGRESS (260.9375s, poll #13)
  [███████████████████░] 99% — IN_PROGRESS (275.9375s, poll #14)
  [████████████████████] 100% — SUCCEEDED (290.9375s, poll #15)
Downloading C:\Users\M Konrad\Desktop\Development\RemZ\assets\raw\stump\model.glb...
DOWNLOADED: C:\Users\M Konrad\Desktop\Development\RemZ\assets\raw\stump\model.glb (4.5 MB)
Downloading C:\Users\M Konrad\Desktop\Development\RemZ\assets\raw\stump\thumb.png...
DOWNLOADED: C:\Users\M Konrad\Desktop\Development\RemZ\assets\raw\stump\thumb.png (0.2 MB)
12:50:59 DONE stump
