Godot Engine v4.7.2.stable.official.ed1daf0bf - https://godotengine.org

COOP_LOAD BOOT exe=C:/Users/miche/Desktop/Godot.exe
COOP_LOAD NETWORK_INITIALIZED
RENDER_OPTIMIZER { "source_meshes": 666, "batches": 17, "removed_render_nodes": 41 }
COOP_LOAD MAP_READY
PASS: Closed barricade prevents aggro through the gate
PASS: Zombie retains its gate target behind a closed barrier
PASS: Nearby exposed player takes priority over committed siege target
PASS: Zombie swings at player instead of remembered barricade
PASS: Aggro attack actually damages player
PASS: Acquired player stays targeted beyond initial aggro radius
PASS: Distant player releases aggro
PASS: Zombie resumes approaching its remembered barricade
PASS: Hunt waits until all enemies have spawned
PASS: Normal horde keeps its siege behaviour
PASS: Last enemy gets a grace period
PASS: Timeout releases the last enemy from stale gate targets
PASS: Straggler pursues distant player instead of old gate
PASS: Straggler actually moves toward exposed player
PASS: Hunting zombie still attacks a gate that blocks the route
PASS: Approaching the gate does not erase the route to the player
PASS: New wave resets the hunt timer
AGGRO_DONE checks=17 failures=0
ERROR: 1 RID allocations of type 'P10JoltBody3D' were leaked at exit.
WARNING: 1 ObjectDB instance was leaked at exit (run with `--verbose` for details).
   at: cleanup (core/object/object.cpp:2536)
