Godot Engine v4.7.2.stable.official.ed1daf0bf - https://godotengine.org
Vulkan 1.3.277 - Forward+ - Using Device #0: NVIDIA - NVIDIA GeForce RTX 3060 Ti

COOP_LOAD BOOT exe=C:/Users/miche/Desktop/Godot.exe
COOP_LOAD NETWORK_INITIALIZED
RENDER_OPTIMIZER { "source_meshes": 666, "batches": 17, "removed_render_nodes": 41 }
COOP_LOAD MAP_READY
BATCH26_SHOT lineup_rain (1920, 1009)
PASS: Saved lineup_rain
BATCH26_SHOT stalker_hidden_night (1920, 1009)
PASS: Saved stalker_hidden_night
BATCH26_SHOT stalker_lit_night (1920, 1009)
PASS: Saved stalker_lit_night
BATCH26_SHOT storm_dusk (1920, 1009)
PASS: Saved storm_dusk
BATCH26_SHOT storm_flash (1920, 1009)
PASS: Saved storm_flash
PASS: The blood moon is up for the shot
BATCH26_SHOT blood_moon (1920, 1009)
PASS: Saved blood_moon
BATCH26_SHOT fog_meadow (1920, 1009)
PASS: Saved fog_meadow
BATCH26_SHOT titan_crawl (1920, 1009)
PASS: Saved titan_crawl
BATCH26_SHOT titan_tree (1920, 1009)
PASS: Saved titan_tree
BATCH26_SHOT sandbags_acid (1920, 1009)
PASS: Saved sandbags_acid
BATCH26_VISUAL_DONE checks=11 failures=0
ERROR: 1 RID allocations of type 'P10JoltBody3D' were leaked at exit.
WARNING: 1 ObjectDB instance was leaked at exit (run with `--verbose` for details).
   at: cleanup (core/object/object.cpp:2536)
