Godot Engine v4.7.2.stable.official.ed1daf0bf - https://godotengine.org
Vulkan 1.3.277 - Forward+ - Using Device #0: NVIDIA - NVIDIA GeForce RTX 3060 Ti

COOP_LOAD BOOT exe=C:/Users/miche/Desktop/Godot.exe
COOP_LOAD NETWORK_INITIALIZED
RENDER_OPTIMIZER { "source_meshes": 666, "batches": 17, "removed_render_nodes": 41 }
COOP_LOAD MAP_READY
BATCH28_SHOT stag_running (1920, 1009)
PASS: Saved stag_running
PASS: zombie_stag: lowest point 0.06 m relative to its feet
BATCH28_SHOT dog_running (1920, 1009)
PASS: Saved dog_running
PASS: zombie_dog: lowest point 0.02 m relative to its feet
BATCH28_SHOT tree_flight (1920, 1009)
PASS: Saved tree_flight
BATCH28_SHOT tree_landed (1920, 1009)
PASS: Saved tree_landed
PASS: 24 liberty caps around the party
BATCH28_SHOT liberty_caps (1920, 1009)
PASS: Saved liberty_caps
PASS: At the bar the prompt offers drinks ([E] Bar · drinks and fireworks)
PASS: Solo: the bar pauses the game like a shop
BATCH28_SHOT bar_menu (1920, 1009)
PASS: Saved bar_menu
PASS: A click on the Goa Sunrise buys it while paused (270 R)
BATCH28_SHOT bar_after_order (1920, 1009)
PASS: Saved bar_after_order
PASS: Closing the bar resumes the game
PASS: The party launches its own fireworks (4)
BATCH28_SHOT party_fireworks (1920, 1009)
PASS: Saved party_fireworks
BATCH28_SHOT party_fireworks_2 (1920, 1009)
PASS: Saved party_fireworks_2
BATCH28_VISUAL_DONE checks=17 failures=0
ERROR: 1 RID allocations of type 'P10JoltBody3D' were leaked at exit.
WARNING: 1 ObjectDB instance was leaked at exit (run with `--verbose` for details).
   at: cleanup (core/object/object.cpp:2536)
