Godot Engine v4.7.2.stable.official.ed1daf0bf - https://godotengine.org
Vulkan 1.3.277 - Forward+ - Using Device #0: NVIDIA - NVIDIA GeForce RTX 3060 Ti

COOP_LOAD BOOT exe=C:/Users/miche/Desktop/Godot.exe
COOP_LOAD NETWORK_INITIALIZED
BATCH29_SOURCE zombie_businessman loaded in 420 ms
BATCH29_SHOT bake_zombie_businessman
BATCH29_SOURCE zombie_wastelander loaded in 1130 ms
BATCH29_SHOT bake_zombie_wastelander
BATCH29_SOURCE zombie_wraith loaded in 1351 ms
BATCH29_SHOT bake_zombie_wraith
BATCH29_SOURCE zombie_bride loaded in 940 ms
BATCH29_SHOT bake_zombie_bride
RENDER_OPTIMIZER { "source_meshes": 666, "batches": 17, "removed_render_nodes": 41 }
COOP_LOAD MAP_READY
BATCH29_SHOT lineup_idle
BATCH29_SHOT lineup_walk
BATCH29_SHOT lineup_attack
BATCH29_SHOT lineup_scream
BATCH29_SHOT lineup_arise
BATCH29_SHOT portrait_zombie_businessman
BATCH29_SHOT portrait_zombie_wanderer
BATCH29_SHOT portrait_zombie_wastelander
BATCH29_SHOT portrait_zombie_wraith
BATCH29_SHOT portrait_zombie_bride
BATCH29_SHOT rise_0.05
BATCH29_SHOT rise_0.50
BATCH29_SHOT rise_0.90
BATCH29_SHOT rise_1.25
BATCH29_SHOT rise_1.60
BATCH29_VISUAL_DONE
ERROR: 1 RID allocations of type 'P10JoltBody3D' were leaked at exit.
WARNING: 1 ObjectDB instance was leaked at exit (run with `--verbose` for details).
   at: cleanup (core/object/object.cpp:2536)
EXIT 0
