Godot Engine v4.7.2.stable.official.ed1daf0bf - https://godotengine.org

COOP_LOAD BOOT exe=C:/Users/miche/Desktop/Godot.exe
COOP_LOAD NETWORK_INITIALIZED
RENDER_OPTIMIZER { "source_meshes": 666, "batches": 17, "removed_render_nodes": 41 }
COOP_LOAD MAP_READY
PASS: Shortcut opens the cheat menu and pauses solo gameplay
PASS: Opening the menu does not toggle the secret vendor
PASS: Points button credits 1000 points and updates the displayed balance while paused
PASS: Points button can be used repeatedly without closing or resuming the game
PASS: Every weapon has its own cheat button (19)
PASS: The weapon button unlocks the minigun and puts it in the hands
PASS: The minigun comes with a full belt and a full reserve (150 + 300)
PASS: The menu stays open and names what was handed out
PASS: Pressing an owned weapon fills it up again
PASS: An overheated plasma rifle comes back cold and loaded
PASS: 'Alle Waffen' unlocks every weapon with a full magazine and reserve
PASS: 'Alle Waffen' leaves the weapon in the hands and the menu open
PASS: The Golden Bolete toggle places one in the forest and marks it on the map
PASS: Turning the toggle off removes the map marker
PASS: A Golden Bolete that is already out keeps its spot
PASS: The keys button hands out both hut keys
PASS: No hut key is left in the forest and the menu stays open
PASS: Holding the shortcut does not repeatedly toggle the menu
PASS: Shortcut closes the menu and restores gameplay
PASS: Wave has living enemies and pending spawns
PASS: Skip button resumes gameplay
PASS: Skipping kills every living zombie and updates the enemy count
PASS: Skipped enemies use normal death behaviour
PASS: Skipped enemies use normal death behaviour
PASS: Skip completes the current wave and immediately starts the next
PASS: Only the next wave remains queued
PASS: Normal wave completion still works
PASS: Skipping intermission starts the next wave without duplicate rewards
PASS: Intro cannot reset a skipped wave back to wave one
PASS: Escape closes only the cheat menu
PASS: Cheat menu does not replace another modal
PASS: Cannot skip waves after game over
CHEAT_MENU_DONE checks=32 failures=0
ERROR: 1 RID allocations of type 'P10JoltBody3D' were leaked at exit.
WARNING: 1 ObjectDB instance was leaked at exit (run with `--verbose` for details).
   at: cleanup (core/object/object.cpp:2536)
