Godot Engine v4.7.2.stable.official.ed1daf0bf - https://godotengine.org

COOP_LOAD BOOT exe=C:/Users/miche/Desktop/Godot.exe
COOP_LOAD NETWORK_INITIALIZED
PASS: Diagnostic file exists before any connection attempt
RENDER_OPTIMIZER { "source_meshes": 666, "batches": 17, "removed_render_nodes": 41 }
COOP_LOAD MAP_READY
COOP_LOAD JOIN_BEGIN address=127.0.0.1 port=24699
COOP_LOAD JOIN_SOCKET result=0
PASS: Start connection to an absent host
COOP_LOAD LEAVE_BEGIN phase=connecting reason=Cancelled
COOP_LOAD LEAVE_PEER_DETACHED
COOP_LOAD LEAVE_PEER_CLOSED
COOP_LOAD LEAVE_DONE reused_loaded_map
PASS: Cancel returns within one second
PASS: Cancel preserves the already loaded map
PASS: Cancellation leaves a clean offline lobby
COOP_LOAD JOIN_BEGIN address=127.0.0.1 port=24699
COOP_LOAD JOIN_SOCKET result=0
PASS: Start connection to an absent host
COOP_LOAD LEAVE_BEGIN phase=connecting reason=Cancelled
COOP_LOAD LEAVE_PEER_DETACHED
COOP_LOAD LEAVE_PEER_CLOSED
COOP_LOAD LEAVE_DONE reused_loaded_map
PASS: Cancel returns within one second
PASS: Cancel preserves the already loaded map
PASS: Cancellation leaves a clean offline lobby
COOP_LOAD JOIN_BEGIN address=127.0.0.1 port=24699
COOP_LOAD JOIN_SOCKET result=0
PASS: Start connection to an absent host
COOP_LOAD LEAVE_BEGIN phase=connecting reason=Cancelled
COOP_LOAD LEAVE_PEER_DETACHED
COOP_LOAD LEAVE_PEER_CLOSED
COOP_LOAD LEAVE_DONE reused_loaded_map
PASS: Cancel returns within one second
PASS: Cancel preserves the already loaded map
PASS: Cancellation leaves a clean offline lobby
COOP_LOAD JOIN_BEGIN address=127.0.0.1 port=24699
COOP_LOAD JOIN_SOCKET result=0
PASS: Connection can be retried after cancellation
COOP_LOAD LEAVE_BEGIN phase=connecting reason=No answer from the host. Check the Hamachi connection and that UDP 24699 is allowed in the Windows Firewall.
COOP_LOAD LEAVE_PEER_DETACHED
COOP_LOAD LEAVE_PEER_CLOSED
COOP_LOAD LEAVE_DONE reused_loaded_map
PASS: Connection timeout does not reload or freeze the map
COOP_LOAD JOIN_BEGIN address=127.0.0.1 port=24699
COOP_LOAD JOIN_SOCKET result=0
PASS: Connection can be retried after timeout
COOP_LOAD LEAVE_BEGIN phase=connecting reason=Connection failed. Check the Hamachi IP, the network and the UDP port.
COOP_LOAD LEAVE_PEER_DETACHED
COOP_LOAD LEAVE_PEER_CLOSED
COOP_LOAD LEAVE_DONE reused_loaded_map
PASS: Failure signal safely detaches ENet outside its callback
COOP_LOAD HOST_CREATE port=24699
COOP_HOST_READY port=24699
COOP_LOAD HOST_READY
PASS: Host can be created after repeated failed joins
COOP_LOAD LEAVE_BEGIN phase=lobby reason=Left the session.
COOP_LOAD LEAVE_PEER_DETACHED
COOP_LOAD LEAVE_PEER_CLOSED
COOP_LOAD LEAVE_DONE reused_loaded_map
PASS: Leaving an unstarted host also preserves the map
PASS: Connection and cancellation stages are immediately readable from disk
CONNECTION_CANCEL_DONE checks=20 failures=0
