Godot Engine v4.7.2.stable.official.ed1daf0bf - https://godotengine.org

COOP_LOAD BOOT exe=C:/Users/miche/Desktop/Godot.exe
COOP_LOAD NETWORK_INITIALIZED
RENDER_OPTIMIZER { "source_meshes": 666, "batches": 17, "removed_render_nodes": 41 }
COOP_LOAD MAP_READY
DBG spawn true line (7.5, -1.453857, 57.0) gate (7.5, -1.935363, 66.0) player (7.5, -0.927061, 53.0)
DBG t=0 pos=(7.474612, -1.59039, 59.32288) state=walk target=@Node3D@11821:<Node3D#758313414477> d=2.33 pending=0.00 attack_t=-0.98 vel=(0.012639, 0.0, -1.749954) hp=450 alert=0.0 nav_done=false next=(7.486158, -1.031223, 57.7403)
DBG t=1 pos=(7.476832, -1.500804, 57.81154) state=walk target=@Node3D@11821:<Node3D#758313414477> d=0.81 pending=0.00 attack_t=-2.00 vel=(0.0, 0.0, 0.0) hp=450 alert=0.0 nav_done=false next=(7.476699, -1.002332, 54.85422)
DBG t=2 pos=(7.476832, -1.500804, 57.81154) state=walk target=@Node3D@11821:<Node3D#758313414477> d=0.81 pending=0.00 attack_t=-3.00 vel=(0.0, 0.0, 0.0) hp=450 alert=0.0 nav_done=false next=(7.476699, -1.002332, 54.85422)
DBG t=3 pos=(7.476832, -1.500804, 57.81154) state=walk target=@Node3D@11821:<Node3D#758313414477> d=0.81 pending=0.00 attack_t=-4.00 vel=(0.0, 0.0, 0.0) hp=450 alert=0.0 nav_done=false next=(7.476699, -1.002332, 54.85422)
DBG t=4 pos=(7.476832, -1.500804, 57.81154) state=walk target=@Node3D@11821:<Node3D#758313414477> d=0.81 pending=0.00 attack_t=-5.00 vel=(0.0, 0.0, 0.0) hp=450 alert=0.0 nav_done=false next=(7.476699, -1.002332, 54.85422)
DBG t=5 pos=(7.476832, -1.500804, 57.81154) state=walk target=@Node3D@11821:<Node3D#758313414477> d=0.81 pending=0.00 attack_t=-6.00 vel=(0.0, 0.0, 0.0) hp=450 alert=0.0 nav_done=false next=(7.476699, -1.002332, 54.85422)
DBG t=6 pos=(7.476832, -1.500804, 57.81154) state=walk target=@Node3D@11821:<Node3D#758313414477> d=0.81 pending=0.00 attack_t=-7.00 vel=(0.0, 0.0, 0.0) hp=450 alert=0.0 nav_done=false next=(7.476699, -1.002332, 54.85422)
DBG t=7 pos=(7.476832, -1.500804, 57.81154) state=walk target=@Node3D@11821:<Node3D#758313414477> d=0.81 pending=0.00 attack_t=-8.00 vel=(0.0, 0.0, 0.0) hp=450 alert=0.0 nav_done=false next=(7.476699, -1.002332, 54.85422)
DBG t=8 pos=(7.476832, -1.500804, 57.81154) state=walk target=@Node3D@11821:<Node3D#758313414477> d=0.81 pending=0.00 attack_t=-9.02 vel=(0.0, 0.0, 0.0) hp=450 alert=0.0 nav_done=false next=(7.476699, -1.002332, 54.85422)
DBG t=9 pos=(7.476832, -1.500804, 57.81154) state=walk target=@Node3D@11821:<Node3D#758313414477> d=0.81 pending=0.00 attack_t=-10.02 vel=(0.0, 0.0, 0.0) hp=450 alert=0.0 nav_done=false next=(7.476699, -1.002332, 54.85422)
DBG t=10 pos=(7.476832, -1.500804, 57.81154) state=walk target=@Node3D@11821:<Node3D#758313414477> d=0.81 pending=0.00 attack_t=-11.03 vel=(0.0, 0.0, 0.0) hp=450 alert=0.0 nav_done=false next=(7.476699, -1.002332, 54.85422)
DBG t=11 pos=(7.476832, -1.500804, 57.81154) state=walk target=@Node3D@11821:<Node3D#758313414477> d=0.81 pending=0.00 attack_t=-12.03 vel=(0.0, 0.0, 0.0) hp=450 alert=0.0 nav_done=false next=(7.476699, -1.002332, 54.85422)
DBG t=12 pos=(7.476832, -1.500804, 57.81154) state=walk target=@Node3D@11821:<Node3D#758313414477> d=0.81 pending=0.00 attack_t=-13.03 vel=(0.0, 0.0, 0.0) hp=450 alert=0.0 nav_done=false next=(7.476699, -1.002332, 54.85422)
DBG t=13 pos=(7.476832, -1.500804, 57.81154) state=walk target=@Node3D@11821:<Node3D#758313414477> d=0.81 pending=0.00 attack_t=-14.05 vel=(0.0, 0.0, 0.0) hp=450 alert=0.0 nav_done=false next=(7.476699, -1.002332, 54.85422)
DBG t=14 pos=(7.476832, -1.500804, 57.81154) state=walk target=@Node3D@11821:<Node3D#758313414477> d=0.81 pending=0.00 attack_t=-15.05 vel=(0.0, 0.0, 0.0) hp=450 alert=0.0 nav_done=false next=(7.476699, -1.002332, 54.85422)
DBG t=15 pos=(7.476832, -1.500804, 57.81154) state=walk target=@Node3D@11821:<Node3D#758313414477> d=0.81 pending=0.00 attack_t=-16.07 vel=(0.0, 0.0, 0.0) hp=450 alert=0.0 nav_done=false next=(7.476699, -1.002332, 54.85422)
ERROR: 1 RID allocations of type 'P10JoltBody3D' were leaked at exit.
WARNING: 1 ObjectDB instance was leaked at exit (run with `--verbose` for details).
   at: cleanup (core/object/object.cpp:2536)
