Godot Engine v4.7.2.stable.official.ed1daf0bf - https://godotengine.org

COOP_LOAD BOOT exe=C:/Users/miche/Desktop/Godot.exe
COOP_LOAD NETWORK_INITIALIZED
DEATH_CLIP zombie_shambler death len=2.23 travel_z=1.084 spread_mid=12.52 spread_end=10.50 plank=false
DEATH_CLIP zombie_shambler death2 len=2.27 travel_z=-0.837 spread_mid=5.64 spread_end=17.67 plank=false
DEATH_CLIP zombie_shambler death3 len=3.53 travel_z=-1.205 spread_mid=17.59 spread_end=15.29 plank=true
DEATH_CLIP zombie_shambler death4 len=4.47 travel_z=-1.083 spread_mid=13.46 spread_end=9.19 plank=false
DEATH_CLIP zombie_shambler death5 len=3.53 travel_z=1.081 spread_mid=5.17 spread_end=5.37 plank=false
DEATH_CLIP zombie_farmer death len=2.23 travel_z=1.109 spread_mid=12.45 spread_end=9.64 plank=false
DEATH_CLIP zombie_farmer death2 len=2.27 travel_z=-0.872 spread_mid=4.93 spread_end=18.77 plank=false
DEATH_CLIP zombie_farmer death3 len=3.53 travel_z=-1.254 spread_mid=18.61 spread_end=16.46 plank=true
DEATH_CLIP zombie_farmer death4 len=4.47 travel_z=-1.126 spread_mid=12.43 spread_end=8.34 plank=false
DEATH_CLIP zombie_farmer death5 len=3.53 travel_z=1.117 spread_mid=4.64 spread_end=4.59 plank=false
DEATH_CLIP zombie_hiker death len=2.23 travel_z=1.044 spread_mid=13.55 spread_end=10.71 plank=false
DEATH_CLIP zombie_hiker death2 len=2.27 travel_z=-0.909 spread_mid=5.43 spread_end=19.56 plank=false
DEATH_CLIP zombie_hiker death3 len=3.53 travel_z=-1.314 spread_mid=19.38 spread_end=17.31 plank=true
DEATH_CLIP zombie_hiker death4 len=4.47 travel_z=-1.175 spread_mid=13.41 spread_end=9.00 plank=false
DEATH_CLIP zombie_hiker death5 len=3.53 travel_z=1.046 spread_mid=4.85 spread_end=4.86 plank=false
DEATH_CLIP zombie_grandma death len=2.23 travel_z=1.094 spread_mid=13.61 spread_end=11.47 plank=false
DEATH_CLIP zombie_grandma death2 len=2.27 travel_z=-0.803 spread_mid=5.99 spread_end=17.85 plank=false
DEATH_CLIP zombie_grandma death3 len=3.53 travel_z=-1.170 spread_mid=17.51 spread_end=16.02 plank=true
DEATH_CLIP zombie_grandma death4 len=4.47 travel_z=-1.047 spread_mid=13.39 spread_end=9.33 plank=false
DEATH_CLIP zombie_grandma death5 len=3.53 travel_z=1.103 spread_mid=5.86 spread_end=6.00 plank=false
DEATH_CLIP zombie_runner death len=2.23 travel_z=1.093 spread_mid=13.50 spread_end=11.45 plank=false
DEATH_CLIP zombie_runner death2 len=3.53 travel_z=-1.222 spread_mid=17.72 spread_end=15.73 plank=true
DEATH_CLIP zombie_runner death3 len=2.27 travel_z=-0.851 spread_mid=6.53 spread_end=18.12 plank=false
DEATH_CLIP zombie_runner death4 len=4.47 travel_z=-1.097 spread_mid=13.97 spread_end=9.74 plank=false
DEATH_CLIP zombie_runner death5 len=3.53 travel_z=1.101 spread_mid=6.39 spread_end=6.58 plank=false
DEATH_CLIP zombie_jogger death len=2.23 travel_z=1.129 spread_mid=13.56 spread_end=11.21 plank=false
DEATH_CLIP zombie_jogger death2 len=3.53 travel_z=-1.261 spread_mid=19.19 spread_end=16.75 plank=true
DEATH_CLIP zombie_jogger death3 len=2.27 travel_z=-0.875 spread_mid=6.11 spread_end=19.38 plank=false
DEATH_CLIP zombie_jogger death4 len=4.47 travel_z=-1.130 spread_mid=14.42 spread_end=9.79 plank=false
DEATH_CLIP zombie_jogger death5 len=3.53 travel_z=1.136 spread_mid=5.55 spread_end=5.73 plank=false
DEATH_CLIP zombie_nurse death len=2.23 travel_z=1.085 spread_mid=14.65 spread_end=12.33 plank=true
DEATH_CLIP zombie_nurse death2 len=3.53 travel_z=-1.196 spread_mid=19.55 spread_end=17.69 plank=true
DEATH_CLIP zombie_nurse death3 len=2.27 travel_z=-0.842 spread_mid=6.10 spread_end=19.78 plank=false
DEATH_CLIP zombie_nurse death4 len=4.47 travel_z=-1.080 spread_mid=14.84 spread_end=10.00 plank=true
DEATH_CLIP zombie_nurse death5 len=3.53 travel_z=1.101 spread_mid=5.14 spread_end=5.41 plank=false
DEATH_CLIP zombie_soldier death len=2.23 travel_z=1.114 spread_mid=12.61 spread_end=10.63 plank=false
DEATH_CLIP zombie_soldier death2 len=2.27 travel_z=-0.869 spread_mid=5.33 spread_end=17.45 plank=false
DEATH_CLIP zombie_soldier death3 len=3.53 travel_z=-1.244 spread_mid=17.47 spread_end=15.41 plank=true
DEATH_CLIP zombie_soldier death4 len=4.47 travel_z=-1.119 spread_mid=13.21 spread_end=8.95 plank=false
DEATH_CLIP zombie_soldier death5 len=3.53 travel_z=1.130 spread_mid=4.82 spread_end=4.99 plank=false
DEATH_CLIP zombie_forester death len=2.23 travel_z=1.061 spread_mid=12.54 spread_end=10.35 plank=false
DEATH_CLIP zombie_forester death2 len=2.27 travel_z=-0.819 spread_mid=5.23 spread_end=17.74 plank=false
DEATH_CLIP zombie_forester death3 len=3.53 travel_z=-1.180 spread_mid=17.72 spread_end=15.61 plank=true
DEATH_CLIP zombie_forester death4 len=4.47 travel_z=-1.060 spread_mid=13.08 spread_end=8.73 plank=false
DEATH_CLIP zombie_forester death5 len=3.53 travel_z=1.072 spread_mid=4.56 spread_end=4.71 plank=false
DEATH_CLIP zombie_bloater death len=2.23 travel_z=0.851 spread_mid=11.99 spread_end=10.21 plank=false
DEATH_CLIP zombie_bloater death2 len=2.27 travel_z=-0.652 spread_mid=6.14 spread_end=16.23 plank=false
DEATH_CLIP zombie_bloater death3 len=3.53 travel_z=-0.913 spread_mid=15.39 spread_end=13.42 plank=true
DEATH_CLIP zombie_bloater death4 len=4.47 travel_z=-0.825 spread_mid=12.72 spread_end=9.15 plank=false
DEATH_CLIP zombie_bloater death5 len=3.53 travel_z=0.818 spread_mid=6.53 spread_end=6.74 plank=false
DEATH_CLIP_AUDIT_DONE
