Godot Engine v4.7.2.stable.official.ed1daf0bf - https://godotengine.org

COOP_LOAD BOOT exe=C:/Users/miche/Desktop/Godot.exe
COOP_LOAD NETWORK_INITIALIZED
RENDER_OPTIMIZER { "source_meshes": 666, "batches": 17, "removed_render_nodes": 41 }
COOP_LOAD MAP_READY
PASS: fw_battery_40 purchase charges price and grants one box
PASS: fw_battery_40 has Meshy model
PASS: fw_battery_40 can be equipped with visible box
PASS: fw_battery_90 purchase charges price and grants one box
PASS: fw_battery_90 has Meshy model
PASS: fw_battery_90 can be equipped with visible box
PASS: Flat open placement consumes one battery: 
PASS: Ignition instantiates battery timeline
PASS: Overlapping placement rejected without spending stock
PASS: Second battery can be placed with clearance: 
PASS: Concurrent battery limit preserves stock
PASS: fw_battery_40 launch sequence lasts exact advertised duration
PASS: fw_battery_40 late join resumes in middle of sequence
PASS: Late join restores only live shells without stick models
PASS: Late join restores only live shells without stick models
PASS: Late join restores only live shells without stick models
PASS: Late join restores only live shells without stick models
PASS: Late join restores only live shells without stick models
PASS: Late join restores only live shells without stick models
PASS: Late join restores only live shells without stick models
PASS: Live shell count stays bounded
PASS: Repeated timeline update does not duplicate salvos
PASS: Snapshot replica resumes identical salvo index
PASS: Final salvo ends firing at advertised duration
PASS: Finished battery cleans up
PASS: fw_battery_90 launch sequence lasts exact advertised duration
PASS: fw_battery_90 late join resumes in middle of sequence
PASS: Late join restores only live shells without stick models
PASS: Late join restores only live shells without stick models
PASS: Late join restores only live shells without stick models
PASS: Late join restores only live shells without stick models
PASS: Late join restores only live shells without stick models
PASS: Late join restores only live shells without stick models
PASS: Late join restores only live shells without stick models
PASS: Late join restores only live shells without stick models
PASS: Live shell count stays bounded
PASS: Repeated timeline update does not duplicate salvos
PASS: Snapshot replica resumes identical salvo index
PASS: Final salvo ends firing at advertised duration
PASS: Finished battery cleans up
BATTERIES_DONE checks=40 failures=0
ERROR: 1 RID allocations of type 'P10JoltBody3D' were leaked at exit.
WARNING: 1 ObjectDB instance was leaked at exit (run with `--verbose` for details).
   at: cleanup (core/object/object.cpp:2536)
