Godot Engine v4.7.2.stable.official.ed1daf0bf - https://godotengine.org

COOP_LOAD BOOT exe=C:/Users/miche/Desktop/Godot.exe
COOP_LOAD NETWORK_INITIALIZED
RENDER_OPTIMIZER { "source_meshes": 666, "batches": 17, "removed_render_nodes": 41 }
COOP_LOAD MAP_READY
PASS: Vendor purchase grants exactly one rocket and deducts its price
PASS: Purchase explains inventory selection
PASS: Cracker pack grants five individual uses
PASS: Unknown item never spends points
PASS: Insufficient funds cannot create stock
PASS: Pack that exceeds capacity is rejected atomically
PASS: Shared firework bag capacity is enforced
PASS: Remote shopping is rejected
PASS: Inventory selection equips firework, closes menu and resumes play
PASS: Cancel restores the weapon without consuming an item
PASS: Selection and cancellation do not consume stock
PASS: Choosing a weapon in the inventory restores its first-person model
PASS: Outdoor rocket consumes exactly one unit and creates one effect
PASS: Duplicate ignition during cooldown cannot consume twice
PASS: Downed players cannot ignite fireworks
PASS: Menus prevent accidental ignition
PASS: Ceiling blocks rocket placement without consuming it
PASS: Cracker ignition consumes one piece from its pack
PASS: Cracker trajectory lands on actual terrain
PASS: Snapshot carries all players' stocks and active fireworks
PASS: Repeated snapshots do not duplicate effects
PASS: Late-join timeline reconstructs already expanded bursts
PASS: Expired effects disappear from clients
PASS: Coop command consumes only the sender's stock
PASS: Non-finite aim is rejected
PASS: World snapshot includes fireworks
PASS: Meshy model imported: firework_rocket
PASS: Meshy model imported: firework_cracker
PASS: Left click ignites selected firework without firing the weapon
PASS: Thrown cracker cannot cross a nearby wall
PASS: Effect limit refuses extra fireworks without consuming stock
FIREWORKS_DONE checks=31 failures=0
ERROR: 1 RID allocations of type 'P10JoltBody3D' were leaked at exit.
WARNING: 1 ObjectDB instance was leaked at exit (run with `--verbose` for details).
   at: cleanup (core/object/object.cpp:2536)
