Godot Engine v4.7.2.stable.official.ed1daf0bf - https://godotengine.org

COOP_LOAD BOOT exe=C:/Users/miche/Desktop/Godot.exe
COOP_LOAD NETWORK_INITIALIZED
RENDER_OPTIMIZER { "source_meshes": 666, "batches": 17, "removed_render_nodes": 41 }
COOP_LOAD MAP_READY
PASS: Training costs twice the listed base and grows per tier
PASS: Find 'pond_box' has a position
PASS: Find 'trip_mushroom' has a position
PASS: Find 'maze_crate' has a position
PASS: Supply box lies at the pond shore
PASS: Crate stands on a cleared passage inside the maize maze
PASS: Crate is not on an entrance row
PASS: Strange mushroom grows in the forest off the tracks
PASS: Strange mushroom is a walk away from the fire
PASS: Standing at the box offers it as the interaction
PASS: Box prompt names it
PASS: Box stays shut without Mara's quest
PASS: Opening the box records the goal and hides it
PASS: Pond quest completes on the goal
PASS: An opened box is no longer offered
PASS: Standing at the mushroom offers it
PASS: Eating the strange mushroom starts the hallucination
PASS: The view swims at full strength mid-trip
PASS: The hallucination fades out again
PASS: Mushroom quest completes
PASS: Standing at the crate offers it
PASS: Maize quest completes
PASS: Co-op snapshot carries the finds
PASS: Flashlight switches on at 19:00 with the F hint
PASS: The player may switch it off again for the rest of the night
PASS: The next evening switches it on again
PASS: Zombie spawns outside the palisade
PASS: The palisade blocks the swing at the player behind it
PASS: The nearest gate takes its share of the wall hit
PASS: The wall hit raises the gate's attack alert
PASS: The HUD draws a red arrow with the gate's name
PASS: The arrow disappears once the attack stops
PASS: Headshot kill marks the head as burst
PASS: The head bone collapses after the animation update
PASS: A body shot keeps the head
FOREST_FINDS_DONE checks=35 failures=0
ERROR: 1 RID allocations of type 'P10JoltBody3D' were leaked at exit.
WARNING: 1 ObjectDB instance was leaked at exit (run with `--verbose` for details).
   at: cleanup (core/object/object.cpp:2536)
EXIT 0
