Godot Engine v4.7.2.stable.official.ed1daf0bf - https://godotengine.org
Vulkan 1.3.277 - Forward+ - Using Device #0: NVIDIA - NVIDIA GeForce RTX 3060 Ti

COOP_LOAD BOOT exe=C:/Users/miche/Desktop/Godot.exe
COOP_LOAD NETWORK_INITIALIZED
RENDER_OPTIMIZER { "source_meshes": 666, "batches": 17, "removed_render_nodes": 41 }
COOP_LOAD MAP_READY
GORE_SHOT 00-lineup
GORE_DIR front local_z=-0.93 clip=death4 travel_z=-1.08307440776844
GORE_DIR behind local_z=-0.89 clip=death travel_z=1.08391074836254
GORE_DIR headshot local_z=-0.54 clip=death2 travel_z=-0.83669226057827
GORE_DIR arm local_z=-0.30 clip=hit travel_z=-
GORE_DIR leg local_z=-0.08 clip=death5 travel_z=1.08130275152507
GORE_CLIPS front=death4 behind=death headshot=death2 leg=death5 arm_alive=true arm_severed=true
GORE_SHOT 01-t0.3
GORE_SHOT 01-t0.6
GORE_SHOT 02-t1.0
GORE_SHOT 02-t1.5
GORE_SHOT 03-t2.2
GORE_SHOT 04-t3.2
GORE_SHOT 10-arm-alive-front
GORE_SHOT 11-arm-alive-side
GORE_SHOT 12-leg-corpse
GORE_SHOT 13-headshot-corpse
GORE_SHOT 14-front-corpse
GORE_SHOT 15-behind-corpse
GORE_SHOT 16-chunk
GORE_CHUNKS 2
GORE_VISUAL_DONE
ERROR: 1 RID allocations of type 'P10JoltBody3D' were leaked at exit.
WARNING: 1 ObjectDB instance was leaked at exit (run with `--verbose` for details).
   at: cleanup (core/object/object.cpp:2536)
