Godot Engine v4.7.2.stable.official.ed1daf0bf - https://godotengine.org

COOP_LOAD BOOT exe=C:/Users/miche/Desktop/Godot.exe
COOP_LOAD NETWORK_INITIALIZED
RENDER_OPTIMIZER { "source_meshes": 666, "batches": 17, "removed_render_nodes": 41 }
COOP_LOAD MAP_READY
PASS: Deer, stags and birds registered
PASS: Actual pistol ray damages an animal
PASS: Wounded animal flees
PASS: Death creates one meat drop
PASS: First hunt unlocks Jaeger achievement
PASS: Hunting does not inflate zombie kills
PASS: Repeated damage cannot duplicate drops or achievement progress
PASS: Remote pickup rejected
PASS: Meat can be found for E interaction
PASS: Stag yields four portions
PASS: Collected meat cannot be taken twice
PASS: Cooking requires proximity to the grill
PASS: Existing camp grill is reachable
PASS: Grill reserves exactly one raw portion via E (Grill · 6 s left)
PASS: Repeated E cannot start overlapping cooking jobs
PASS: Cooking takes time
PASS: Finished cooking adds a cooked portion
PASS: Full health preserves food
PASS: Cooked meat heals and is consumed
PASS: Vendor buys raw meat
PASS: Vendor buys cooked meat at higher price
PASS: No sale without stock
PASS: Flying bird has a hittable body
PASS: Bird drops one portion on the ground
PASS: Snapshot restores food, uncollected meat and dead animals
PASS: Quickbar refuses food not owned
PASS: Quickbar eats owned food through the normal transaction (hp=65.0 active=true paused=false placing=false)
PASS: Inventory presents both foods with their own slots
PASS: Clicking raw meat only explains grilling
PASS: Inventory button consumes cooked food and refreshes
PASS: Turret bullet can hunt an animal
PASS: Mortar blast damages nearby wildlife
HUNTING_DONE checks=32 failures=0
ERROR: 1 RID allocations of type 'P10JoltBody3D' were leaked at exit.
WARNING: 1 ObjectDB instance was leaked at exit (run with `--verbose` for details).
   at: cleanup (core/object/object.cpp:2536)
