Godot Engine v4.7.2.stable.official.ed1daf0bf - https://godotengine.org

COOP_LOAD BOOT exe=C:/Users/miche/Desktop/Godot.exe
COOP_LOAD NETWORK_INITIALIZED
RENDER_OPTIMIZER { "source_meshes": 666, "batches": 17, "removed_render_nodes": 41 }
COOP_LOAD MAP_READY
PASS: All and four category filters available
PASS: Filter only contains category 1
PASS: Empty state matches category 1
PASS: Filter only contains category 2
PASS: Empty state matches category 2
PASS: Filter only contains category 3
PASS: Empty state matches category 3
PASS: Filter only contains category 4
PASS: Empty state matches category 4
PASS: Every item belongs to exactly one category
PASS: Name sorting direction 1
PASS: Name sorting direction 2
PASS: Filtered sorted weapon remains usable
PASS: Refresh retains filter and sort
PASS: Filtered food remains usable
PASS: Reopening retains selected view
INVENTORY_FILTERS_DONE checks=16 failures=0
ERROR: 1 RID allocations of type 'P10JoltBody3D' were leaked at exit.
WARNING: 1 ObjectDB instance was leaked at exit (run with `--verbose` for details).
   at: cleanup (core/object/object.cpp:2536)
