Godot Engine v4.7.2.stable.official.ed1daf0bf - https://godotengine.org

COOP_LOAD BOOT exe=C:/Users/miche/Desktop/Godot.exe
COOP_LOAD NETWORK_INITIALIZED
PASS: Starts in de whatever the Windows locale (de_DE)
PASS: German catalogue is loaded (2229 messages)
PASS: Plain msgid resolves per language
PASS: Formatted segment resolves per language
PASS: String arguments are translated on the receiving side: Barrikade Wiesentor durchbrochen!
PASS: Nested segments and msgid arguments resolve
PASS: Segments embedded in BBCode and concatenations resolve
PASS: Lang.raw keeps a player name untouched
PASS: A wrong argument count falls back instead of breaking the frame
PASS: Unknown text stays as it is
PASS: TranslationServer (what labels use) follows the language
PASS: Switching back restores English
RENDER_OPTIMIZER { "source_meshes": 666, "batches": 17, "removed_render_nodes": 41 }
COOP_LOAD MAP_READY
PASS: Settings offer a language choice
PASS: Language names are native and the current one is selected
PASS: Choosing English switches the language
PASS: Start button follows the switch live
PASS: Test runs never write the player's settings file
PASS: Switching back restores the test language
PASS: campaign / Forest: 20 texts, all translated
PASS: campaign / construction: 21 texts, all translated
PASS: class talents / gunslinger: 81 texts, all translated
PASS: class requirement / gunslinger: 5 texts, all translated
PASS: class talents / assault: 81 texts, all translated
PASS: class requirement / assault: 5 texts, all translated
PASS: class talents / breacher: 81 texts, all translated
PASS: class requirement / breacher: 5 texts, all translated
PASS: class talents / marksman: 81 texts, all translated
PASS: class requirement / marksman: 5 texts, all translated
PASS: class talents / assassin: 91 texts, all translated
PASS: class requirement / assassin: 5 texts, all translated
PASS: class gallery: 55 texts, all translated
PASS: character profiles: 7 texts, all translated
PASS: class progress: 77 texts, all translated
PASS: start menu / briefing: 31 texts, all translated
  start menu / multiplayer: no German for Version: Co-op 2026.09.29-P  (shown: Version: Co-op 2026.09.29-P)
FAIL: start menu / multiplayer: 1 problem(s) above
PASS: start menu / difficulty: 18 texts, all translated
PASS: start menu / controls: 70 texts, all translated
PASS: start menu / settings: 39 texts, all translated
PASS: start menu / records: 101 texts, all translated
PASS: start menu / achievements: 198 texts, all translated
PASS: HUD: 15 texts, all translated
PASS: quest tracker: 2 texts, all translated
PASS: world labels: 70 texts, all translated
PASS: inventory: 23 texts, all translated
PASS: Skill key away from Mechanic explains where training is
PASS: HUD message: 16 texts, all translated
PASS: wanderer / Trade: 9 texts, all translated
PASS: wanderer / Fireworks: 26 texts, all translated
PASS: wanderer / Sell: 12 texts, all translated
PASS: wanderer / Quests: 6 texts, all translated
PASS: wanderer / Training: 7 texts, all translated
PASS: wanderer / Towers: 21 texts, all translated
PASS: wanderer / Mods: 6 texts, all translated
PASS: wanderer / Skins: 10 texts, all translated
PASS: wanderer / Rarities: 21 texts, all translated
PASS: ranger / Trade: 9 texts, all translated
PASS: ranger / Fireworks: 26 texts, all translated
PASS: ranger / Sell: 12 texts, all translated
PASS: ranger / Quests: 31 texts, all translated
PASS: ranger / Training: 7 texts, all translated
PASS: ranger / Towers: 21 texts, all translated
PASS: ranger / Mods: 6 texts, all translated
PASS: ranger / Skins: 10 texts, all translated
PASS: ranger / Rarities: 21 texts, all translated
PASS: camp / Trade: 272 texts, all translated
PASS: camp / Fireworks: 30 texts, all translated
PASS: camp / Sell: 16 texts, all translated
PASS: camp / Quests: 37 texts, all translated
PASS: camp / Training: 11 texts, all translated
PASS: camp / Towers: 25 texts, all translated
PASS: camp / Mods: 10 texts, all translated
PASS: camp / Skins: 17 texts, all translated
PASS: camp / Rarities: 25 texts, all translated
PASS: mechanic / Trade: 10 texts, all translated
PASS: mechanic / Fireworks: 29 texts, all translated
PASS: mechanic / Sell: 15 texts, all translated
PASS: mechanic / Quests: 41 texts, all translated
PASS: mechanic / Training: 30 texts, all translated
PASS: mechanic / Towers: 23 texts, all translated
PASS: mechanic / Mods: 63 texts, all translated
PASS: mechanic / Skins: 13 texts, all translated
PASS: mechanic / Rarities: 24 texts, all translated
PASS: secret / Trade: 128 texts, all translated
PASS: secret / Fireworks: 30 texts, all translated
PASS: secret / Sell: 16 texts, all translated
PASS: secret / Quests: 27 texts, all translated
PASS: secret / Training: 11 texts, all translated
PASS: secret / Towers: 25 texts, all translated
PASS: secret / Mods: 52 texts, all translated
PASS: secret / Skins: 20 texts, all translated
PASS: secret / Rarities: 25 texts, all translated
PASS: barricade planner: 30 texts, all translated
PASS: cheat menu: 99 texts, all translated
PASS: tower build menu: 36 texts, all translated
PASS: tower build menu / roof slot: 38 texts, all translated
PASS: drone console: 10 texts, all translated
PASS: leaderboard: 21 texts, all translated
PASS: pause / briefing: 31 texts, all translated
PASS: pause / difficulty: 17 texts, all translated
PASS: pause / controls: 69 texts, all translated
PASS: pause / settings: 38 texts, all translated
PASS: pause / achievements: 197 texts, all translated
PASS: game over / summary: 0 texts, all translated
PASS: game over / high scores: 0 texts, all translated
LANGUAGE_DONE lang=de checks=104 failures=1
ERROR: 1 RID allocations of type 'P10JoltBody3D' were leaked at exit.
WARNING: 1 ObjectDB instance was leaked at exit (run with `--verbose` for details).
   at: cleanup (core/object/object.cpp:2536)
