Godot Engine v4.7.2.stable.official.ed1daf0bf - https://godotengine.org

COOP_LOAD BOOT exe=C:/Users/miche/Desktop/Godot.exe
COOP_LOAD NETWORK_INITIALIZED
RENDER_OPTIMIZER { "source_meshes": 666, "batches": 17, "removed_render_nodes": 41 }
COOP_LOAD MAP_READY
PASS: Invalid IP rejected without entering a session
COOP_LOAD HOST_CREATE port=24687
COOP_HOST_READY port=24687
COOP_LOAD HOST_READY
PASS: Host binds an ENet UDP socket
ERROR: Couldn't create an ENet host.
   at: _create (modules/enet/enet_connection.cpp:319)
   GDScript backtrace (most recent call first):
       [0] host_run (res://tests/multiplayer.gd:128)
       [1] run (res://tests/multiplayer.gd:54)
PASS: A second host cannot bind the same port
ERROR: FAIL: Host plus three clients share the lobby
   at: push_error (core/variant/variant_utility.cpp:1023)
   GDScript backtrace (most recent call first):
       [0] check (res://tests/multiplayer.gd:31)
       [1] host_run (res://tests/multiplayer.gd:135)
       [2] wait_seconds (res://tests/multiplayer.gd:34)
ERROR: 1 RID allocations of type 'P10JoltBody3D' were leaked at exit.
WARNING: 1 ObjectDB instance was leaked at exit (run with `--verbose` for details).
   at: cleanup (core/object/object.cpp:2536)
