Godot Engine v4.7.2.stable.official.ed1daf0bf - https://godotengine.org

COOP_LOAD BOOT exe=C:/Users/miche/Desktop/Godot.exe
COOP_LOAD NETWORK_INITIALIZED
RENDER_OPTIMIZER { "source_meshes": 666, "batches": 17, "removed_render_nodes": 41 }
COOP_LOAD MAP_READY
PASS: spitter is a type with its own model
PASS: screamer is a type with its own model
PASS: stalker is a type with its own model
PASS: zombie_dog is a type with its own model
PASS: zombie_stag is a type with its own model
PASS: The helmet model exists
PASS: Beasts are the dog and the stag
PASS: Kind helpers
PASS: Dogs run in from wave 3 on odd waves, up to six
PASS: The stag crosses the fields from wave 6, never in a boss wave
PASS: Screamers walk in from wave 6
PASS: Helmets from wave 10, up to 45 %%
PASS: No stalkers on a clear day
PASS: Stalkers rise out of the maize in the fog
PASS: Wave 7 in the fog: 3 dogs, 1 screamer, 1 stag, 5 stalkers ({ "zombie_dog": 3, "zombie_stag": 1, "screamer": 1, "stalker": 5, "shambler": 3, "spitter": 6, "runner": 20, "nurse": 9, "brute": 5, "soldier": 2 })
PASS: The stalkers are marked for the maize
PASS: Spitters take a share of the horde from wave 4 (5 in wave 12)
PASS: The intermission preview counts wave 3 exactly
PASS: The intermission preview counts wave 4 exactly
PASS: The intermission preview counts wave 6 exactly
PASS: The intermission preview counts wave 7 exactly
PASS: The intermission preview counts wave 10 exactly
PASS: A stalker rises inside the standing maize
PASS: The stalker starts as a shimmer, off the map
PASS: Without a beam it stays hidden
PASS: The flashlight beam finds it
PASS: In the beam it is fully visible (1.00)
PASS: Turned away, the beam misses it
PASS: ... and it fades again (0.07)
PASS: A dead stalker is plain to see
PASS: An armored shambler spawns
PASS: It wears a helmet on its head bone
PASS: A headshot rings off the helmet, a fifth reaches the body
PASS: The last hit knocks the helmet off
PASS: The helmet tumbles away as a chunk
PASS: Without a helmet the head takes the full round
PASS: A replica builds the host's helmet from the snapshot
PASS: ... and drops it when the host says so
PASS: Zombie snapshots carry the helmet fields
PASS: A zombie stag spawns
PASS: The stag is a rig-less beast
PASS: The stag stands 1.75 m tall on the ground (bounds 1.81)
PASS: The gallop follows the real displacement
PASS: The stag charges a player in the open (after 0.5 s)
PASS: The charge rams the player (rams 1, hp 54)
PASS: A dead beast falls onto its side
PASS: A farm dog spawns
PASS: The dog is a small beast
PASS: The dog bites (hp 84 after 1.4 s)
PASS: A spitter stands ten metres from a gate
PASS: The spitter lobs a glob that lands as an acid pool (after 1.1 s)
PASS: The acid eats the gate (300 -> 110)
PASS: The pool reports its structure damage
PASS: A screamer sees the player from 14 m
PASS: The screamer stops and cries out (after 0.0 s)
PASS: The player is marked for the horde
PASS: Three runners join the wave from the nearest lane
PASS: The cry is announced
PASS: The radio calls the mark
PASS: The HUD shows the mark
PASS: The mark fades
NEW_ZOMBIES_DONE checks=61 failures=0
ERROR: Condition "p.d == 0" is true. Returning: Point2()
   at: unproject_position (scene/3d/camera_3d.cpp:495)
   GDScript backtrace (most recent call first):
       [0] _draw_pings (res://scripts/hud.gd:1132)
ERROR: 1 RID allocations of type 'P10JoltBody3D' were leaked at exit.
WARNING: 1 ObjectDB instance was leaked at exit (run with `--verbose` for details).
   at: cleanup (core/object/object.cpp:2536)
