Godot Engine v4.7.2.stable.official.ed1daf0bf - https://godotengine.org

COOP_LOAD BOOT exe=C:/Users/miche/Desktop/Godot.exe
COOP_LOAD NETWORK_INITIALIZED
ERROR: Parameter "mem" is null.
   at: alloc_static (core/os/memory.cpp:104)
   GDScript backtrace (most recent call first):
       [0] _tree_scene (res://scripts/main.gd:815)
       [1] _build_clutter (res://scripts/main.gd:2313)
       [2] _ready (res://scripts/main.gd:164)
       [3] run (res://tests/online_lobby.gd:58)
ERROR: Parameter "mem_new" is null.
   at: _alloc_exact (./core/templates/cowdata.h:476)
   GDScript backtrace (most recent call first):
       [0] _tree_scene (res://scripts/main.gd:815)
       [1] _build_clutter (res://scripts/main.gd:2313)
       [2] _ready (res://scripts/main.gd:164)
       [3] run (res://tests/online_lobby.gd:58)
ERROR: Expected Image data size of 2048x2048x1 (DXT1 RGB8 with 11 mipmaps) = 2796216 bytes, got 0 bytes instead.
   at: initialize_data (core/io/image.cpp:2455)
   GDScript backtrace (most recent call first):
       [0] _tree_scene (res://scripts/main.gd:815)
       [1] _build_clutter (res://scripts/main.gd:2313)
       [2] _ready (res://scripts/main.gd:164)
       [3] run (res://tests/online_lobby.gd:58)
ERROR: Failed loading resource: res://.godot/imported/bark_debris_01_b_bark_debris_01_diff_2k.jpg-687469f30f69d97a2305e8c52441c3b4.s3tc.ctex.
   at: _load (core/io/resource_loader.cpp:317)
   GDScript backtrace (most recent call first):
       [0] _tree_scene (res://scripts/main.gd:815)
       [1] _build_clutter (res://scripts/main.gd:2313)
       [2] _ready (res://scripts/main.gd:164)
       [3] run (res://tests/online_lobby.gd:58)
ERROR: Failed loading resource: res://assets/trees/bark_debris_01_b_bark_debris_01_diff_2k.jpg.
   at: _load (core/io/resource_loader.cpp:317)
   GDScript backtrace (most recent call first):
       [0] _tree_scene (res://scripts/main.gd:815)
       [1] _build_clutter (res://scripts/main.gd:2313)
       [2] _ready (res://scripts/main.gd:164)
       [3] run (res://tests/online_lobby.gd:58)
ERROR: Parameter "mem" is null.
   at: alloc_static (core/os/memory.cpp:104)
   GDScript backtrace (most recent call first):
       [0] _tree_scene (res://scripts/main.gd:815)
       [1] _build_clutter (res://scripts/main.gd:2313)
       [2] _ready (res://scripts/main.gd:164)
       [3] run (res://tests/online_lobby.gd:58)
ERROR: Parameter "mem_new" is null.
   at: _alloc_exact (./core/templates/cowdata.h:476)
   GDScript backtrace (most recent call first):
       [0] _tree_scene (res://scripts/main.gd:815)
       [1] _build_clutter (res://scripts/main.gd:2313)
       [2] _ready (res://scripts/main.gd:164)
       [3] run (res://tests/online_lobby.gd:58)
ERROR: Expected Image data size of 2048x2048x1 (DXT1 RGB8 with 11 mipmaps) = 2796216 bytes, got 0 bytes instead.
   at: initialize_data (core/io/image.cpp:2455)
   GDScript backtrace (most recent call first):
       [0] _tree_scene (res://scripts/main.gd:815)
       [1] _build_clutter (res://scripts/main.gd:2313)
       [2] _ready (res://scripts/main.gd:164)
       [3] run (res://tests/online_lobby.gd:58)
ERROR: Failed loading resource: res://.godot/imported/bark_debris_01_b_bark_debris_01_arm_2k.jpg-bb7401256b4108ea775e4680c1416a7a.s3tc.ctex.
   at: _load (core/io/resource_loader.cpp:317)
   GDScript backtrace (most recent call first):
       [0] _tree_scene (res://scripts/main.gd:815)
       [1] _build_clutter (res://scripts/main.gd:2313)
       [2] _ready (res://scripts/main.gd:164)
       [3] run (res://tests/online_lobby.gd:58)
ERROR: Failed loading resource: res://assets/trees/bark_debris_01_b_bark_debris_01_arm_2k.jpg.
   at: _load (core/io/resource_loader.cpp:317)
   GDScript backtrace (most recent call first):
       [0] _tree_scene (res://scripts/main.gd:815)
       [1] _build_clutter (res://scripts/main.gd:2313)
       [2] _ready (res://scripts/main.gd:164)
       [3] run (res://tests/online_lobby.gd:58)
ERROR: Parameter "mem" is null.
   at: alloc_static (core/os/memory.cpp:104)
   GDScript backtrace (most recent call first):
       [0] _tree_scene (res://scripts/main.gd:815)
       [1] _build_clutter (res://scripts/main.gd:2313)
       [2] _ready (res://scripts/main.gd:164)
       [3] run (res://tests/online_lobby.gd:58)
ERROR: Parameter "mem_new" is null.
   at: _alloc_exact (./core/templates/cowdata.h:476)
   GDScript backtrace (most recent call first):
       [0] _tree_scene (res://scripts/main.gd:815)
       [1] _build_clutter (res://scripts/main.gd:2313)
       [2] _ready (res://scripts/main.gd:164)
       [3] run (res://tests/online_lobby.gd:58)
ERROR: Expected Image data size of 2048x2048x1 (RGTC RedGreen8 with 11 mipmaps) = 5592432 bytes, got 0 bytes instead.
   at: initialize_data (core/io/image.cpp:2455)
   GDScript backtrace (most recent call first):
       [0] _tree_scene (res://scripts/main.gd:815)
       [1] _build_clutter (res://scripts/main.gd:2313)
       [2] _ready (res://scripts/main.gd:164)
       [3] run (res://tests/online_lobby.gd:58)
ERROR: Failed loading resource: res://.godot/imported/bark_debris_01_b_bark_debris_01_nor_gl_2k.jpg-497c72c9a060fb1c45fd9dfe13b8ba45.s3tc.ctex.
   at: _load (core/io/resource_loader.cpp:317)
   GDScript backtrace (most recent call first):
       [0] _tree_scene (res://scripts/main.gd:815)
       [1] _build_clutter (res://scripts/main.gd:2313)
       [2] _ready (res://scripts/main.gd:164)
       [3] run (res://tests/online_lobby.gd:58)
ERROR: Failed loading resource: res://assets/trees/bark_debris_01_b_bark_debris_01_nor_gl_2k.jpg.
   at: _load (core/io/resource_loader.cpp:317)
   GDScript backtrace (most recent call first):
       [0] _tree_scene (res://scripts/main.gd:815)
       [1] _build_clutter (res://scripts/main.gd:2313)
       [2] _ready (res://scripts/main.gd:164)
       [3] run (res://tests/online_lobby.gd:58)
ERROR: Can't load dependency: 'res://assets/trees/bark_debris_01_b_bark_debris_01_diff_2k.jpg'.
   at: parse_variant (core/io/resource_format_binary.cpp:444)
   GDScript backtrace (most recent call first):
       [0] _tree_scene (res://scripts/main.gd:815)
       [1] _build_clutter (res://scripts/main.gd:2313)
       [2] _ready (res://scripts/main.gd:164)
       [3] run (res://tests/online_lobby.gd:58)
ERROR: Failed loading resource: res://.godot/imported/bark_debris_01_b.glb-d3e8281fa79c5bdf7cae5f9d88d983be.scn.
   at: _load (core/io/resource_loader.cpp:317)
   GDScript backtrace (most recent call first):
       [0] _tree_scene (res://scripts/main.gd:815)
       [1] _build_clutter (res://scripts/main.gd:2313)
       [2] _ready (res://scripts/main.gd:164)
       [3] run (res://tests/online_lobby.gd:58)
ERROR: Failed loading resource: res://assets/trees/bark_debris_01_b.glb.
   at: _load (core/io/resource_loader.cpp:317)
   GDScript backtrace (most recent call first):
       [0] _tree_scene (res://scripts/main.gd:815)
       [1] _build_clutter (res://scripts/main.gd:2313)
       [2] _ready (res://scripts/main.gd:164)
       [3] run (res://tests/online_lobby.gd:58)
ERROR: Parameter "mem" is null.
   at: alloc_static (core/os/memory.cpp:104)
   GDScript backtrace (most recent call first):
       [0] _tree_scene (res://scripts/main.gd:815)
       [1] _build_clutter (res://scripts/main.gd:2313)
       [2] _ready (res://scripts/main.gd:164)
       [3] run (res://tests/online_lobby.gd:58)
ERROR: Parameter "mem_new" is null.
   at: _alloc_exact (./core/templates/cowdata.h:476)
   GDScript backtrace (most recent call first):
       [0] _tree_scene (res://scripts/main.gd:815)
       [1] _build_clutter (res://scripts/main.gd:2313)
       [2] _ready (res://scripts/main.gd:164)
       [3] run (res://tests/online_lobby.gd:58)
ERROR: Expected Image data size of 2048x2048x1 (DXT1 RGB8 with 11 mipmaps) = 2796216 bytes, got 0 bytes instead.
   at: initialize_data (core/io/image.cpp:2455)
   GDScript backtrace (most recent call first):
       [0] _tree_scene (res://scripts/main.gd:815)
       [1] _build_clutter (res://scripts/main.gd:2313)
       [2] _ready (res://scripts/main.gd:164)
       [3] run (res://tests/online_lobby.gd:58)
ERROR: Failed loading resource: res://.godot/imported/bark_debris_01_c_bark_debris_01_diff_2k.jpg-4487e685b22a73a4d8318db4e9a16f54.s3tc.ctex.
   at: _load (core/io/resource_loader.cpp:317)
   GDScript backtrace (most recent call first):
       [0] _tree_scene (res://scripts/main.gd:815)
       [1] _build_clutter (res://scripts/main.gd:2313)
       [2] _ready (res://scripts/main.gd:164)
       [3] run (res://tests/online_lobby.gd:58)
ERROR: Failed loading resource: res://assets/trees/bark_debris_01_c_bark_debris_01_diff_2k.jpg.
   at: _load (core/io/resource_loader.cpp:317)
   GDScript backtrace (most recent call first):
       [0] _tree_scene (res://scripts/main.gd:815)
       [1] _build_clutter (res://scripts/main.gd:2313)
       [2] _ready (res://scripts/main.gd:164)
       [3] run (res://tests/online_lobby.gd:58)
ERROR: Parameter "mem" is null.
   at: alloc_static (core/os/memory.cpp:104)
   GDScript backtrace (most recent call first):
       [0] _tree_scene (res://scripts/main.gd:815)
       [1] _build_clutter (res://scripts/main.gd:2313)
       [2] _ready (res://scripts/main.gd:164)
       [3] run (res://tests/online_lobby.gd:58)
ERROR: Parameter "mem_new" is null.
   at: _alloc_exact (./core/templates/cowdata.h:476)
   GDScript backtrace (most recent call first):
       [0] _tree_scene (res://scripts/main.gd:815)
       [1] _build_clutter (res://scripts/main.gd:2313)
       [2] _ready (res://scripts/main.gd:164)
       [3] run (res://tests/online_lobby.gd:58)
ERROR: Expected Image data size of 2048x2048x1 (DXT1 RGB8 with 11 mipmaps) = 2796216 bytes, got 0 bytes instead.
   at: initialize_data (core/io/image.cpp:2455)
   GDScript backtrace (most recent call first):
       [0] _tree_scene (res://scripts/main.gd:815)
       [1] _build_clutter (res://scripts/main.gd:2313)
       [2] _ready (res://scripts/main.gd:164)
       [3] run (res://tests/online_lobby.gd:58)
ERROR: Failed loading resource: res://.godot/imported/bark_debris_01_c_bark_debris_01_arm_2k.jpg-97bb63c886044610e3abbb4f1a8b2527.s3tc.ctex.
   at: _load (core/io/resource_loader.cpp:317)
   GDScript backtrace (most recent call first):
       [0] _tree_scene (res://scripts/main.gd:815)
       [1] _build_clutter (res://scripts/main.gd:2313)
       [2] _ready (res://scripts/main.gd:164)
       [3] run (res://tests/online_lobby.gd:58)
ERROR: Failed loading resource: res://assets/trees/bark_debris_01_c_bark_debris_01_arm_2k.jpg.
   at: _load (core/io/resource_loader.cpp:317)
   GDScript backtrace (most recent call first):
       [0] _tree_scene (res://scripts/main.gd:815)
       [1] _build_clutter (res://scripts/main.gd:2313)
       [2] _ready (res://scripts/main.gd:164)
       [3] run (res://tests/online_lobby.gd:58)
ERROR: Parameter "mem" is null.
   at: alloc_static (core/os/memory.cpp:104)
   GDScript backtrace (most recent call first):
       [0] _tree_scene (res://scripts/main.gd:815)
       [1] _build_clutter (res://scripts/main.gd:2313)
       [2] _ready (res://scripts/main.gd:164)
       [3] run (res://tests/online_lobby.gd:58)
ERROR: Parameter "mem_new" is null.
   at: _alloc_exact (./core/templates/cowdata.h:476)
   GDScript backtrace (most recent call first):
       [0] _tree_scene (res://scripts/main.gd:815)
       [1] _build_clutter (res://scripts/main.gd:2313)
       [2] _ready (res://scripts/main.gd:164)
       [3] run (res://tests/online_lobby.gd:58)
ERROR: Expected Image data size of 2048x2048x1 (RGTC RedGreen8 with 11 mipmaps) = 5592432 bytes, got 0 bytes instead.
   at: initialize_data (core/io/image.cpp:2455)
   GDScript backtrace (most recent call first):
       [0] _tree_scene (res://scripts/main.gd:815)
       [1] _build_clutter (res://scripts/main.gd:2313)
       [2] _ready (res://scripts/main.gd:164)
       [3] run (res://tests/online_lobby.gd:58)
ERROR: Failed loading resource: res://.godot/imported/bark_debris_01_c_bark_debris_01_nor_gl_2k.jpg-24289c870f894eb3b1f7cf02a4751046.s3tc.ctex.
   at: _load (core/io/resource_loader.cpp:317)
   GDScript backtrace (most recent call first):
       [0] _tree_scene (res://scripts/main.gd:815)
       [1] _build_clutter (res://scripts/main.gd:2313)
       [2] _ready (res://scripts/main.gd:164)
       [3] run (res://tests/online_lobby.gd:58)
ERROR: Failed loading resource: res://assets/trees/bark_debris_01_c_bark_debris_01_nor_gl_2k.jpg.
   at: _load (core/io/resource_loader.cpp:317)
   GDScript backtrace (most recent call first):
       [0] _tree_scene (res://scripts/main.gd:815)
       [1] _build_clutter (res://scripts/main.gd:2313)
       [2] _ready (res://scripts/main.gd:164)
       [3] run (res://tests/online_lobby.gd:58)
ERROR: Can't load dependency: 'res://assets/trees/bark_debris_01_c_bark_debris_01_diff_2k.jpg'.
   at: parse_variant (core/io/resource_format_binary.cpp:444)
   GDScript backtrace (most recent call first):
       [0] _tree_scene (res://scripts/main.gd:815)
       [1] _build_clutter (res://scripts/main.gd:2313)
       [2] _ready (res://scripts/main.gd:164)
       [3] run (res://tests/online_lobby.gd:58)
ERROR: Failed loading resource: res://.godot/imported/bark_debris_01_c.glb-8ab39dbfe1c2f5919944c1f220226633.scn.
   at: _load (core/io/resource_loader.cpp:317)
   GDScript backtrace (most recent call first):
       [0] _tree_scene (res://scripts/main.gd:815)
       [1] _build_clutter (res://scripts/main.gd:2313)
       [2] _ready (res://scripts/main.gd:164)
       [3] run (res://tests/online_lobby.gd:58)
ERROR: Failed loading resource: res://assets/trees/bark_debris_01_c.glb.
   at: _load (core/io/resource_loader.cpp:317)
   GDScript backtrace (most recent call first):
       [0] _tree_scene (res://scripts/main.gd:815)
       [1] _build_clutter (res://scripts/main.gd:2313)
       [2] _ready (res://scripts/main.gd:164)
       [3] run (res://tests/online_lobby.gd:58)
ERROR: Parameter "mem" is null.
   at: alloc_static (core/os/memory.cpp:104)
   GDScript backtrace (most recent call first):
       [0] _tree_scene (res://scripts/main.gd:815)
       [1] _place_real (res://scripts/main.gd:946)
       [2] _build_clutter (res://scripts/main.gd:2330)
       [3] _ready (res://scripts/main.gd:164)
       [4] run (res://tests/online_lobby.gd:58)
ERROR: Parameter "mem_new" is null.
   at: _alloc_exact (./core/templates/cowdata.h:476)
   GDScript backtrace (most recent call first):
       [0] _tree_scene (res://scripts/main.gd:815)
       [1] _place_real (res://scripts/main.gd:946)
       [2] _build_clutter (res://scripts/main.gd:2330)
       [3] _ready (res://scripts/main.gd:164)
       [4] run (res://tests/online_lobby.gd:58)
ERROR: Expected Image data size of 2048x2048x1 (DXT1 RGB8 with 11 mipmaps) = 2796216 bytes, got 0 bytes instead.
   at: initialize_data (core/io/image.cpp:2455)
   GDScript backtrace (most recent call first):
       [0] _tree_scene (res://scripts/main.gd:815)
       [1] _place_real (res://scripts/main.gd:946)
       [2] _build_clutter (res://scripts/main.gd:2330)
       [3] _ready (res://scripts/main.gd:164)
       [4] run (res://tests/online_lobby.gd:58)
ERROR: Failed loading resource: res://.godot/imported/boulder_01_boulder_01_diff_2k.jpg-4f1138028b7463909658d431fdbeb684.s3tc.ctex.
   at: _load (core/io/resource_loader.cpp:317)
   GDScript backtrace (most recent call first):
       [0] _tree_scene (res://scripts/main.gd:815)
       [1] _place_real (res://scripts/main.gd:946)
       [2] _build_clutter (res://scripts/main.gd:2330)
       [3] _ready (res://scripts/main.gd:164)
       [4] run (res://tests/online_lobby.gd:58)
ERROR: Failed loading resource: res://assets/trees/boulder_01_boulder_01_diff_2k.jpg.
   at: _load (core/io/resource_loader.cpp:317)
   GDScript backtrace (most recent call first):
       [0] _tree_scene (res://scripts/main.gd:815)
       [1] _place_real (res://scripts/main.gd:946)
       [2] _build_clutter (res://scripts/main.gd:2330)
       [3] _ready (res://scripts/main.gd:164)
       [4] run (res://tests/online_lobby.gd:58)
ERROR: Parameter "mem" is null.
   at: alloc_static (core/os/memory.cpp:104)
   GDScript backtrace (most recent call first):
       [0] _tree_scene (res://scripts/main.gd:815)
       [1] _place_real (res://scripts/main.gd:946)
       [2] _build_clutter (res://scripts/main.gd:2330)
       [3] _ready (res://scripts/main.gd:164)
       [4] run (res://tests/online_lobby.gd:58)
ERROR: Parameter "mem_new" is null.
   at: _alloc_exact (./core/templates/cowdata.h:476)
   GDScript backtrace (most recent call first):
       [0] _tree_scene (res://scripts/main.gd:815)
       [1] _place_real (res://scripts/main.gd:946)
       [2] _build_clutter (res://scripts/main.gd:2330)
       [3] _ready (res://scripts/main.gd:164)
       [4] run (res://tests/online_lobby.gd:58)
ERROR: Expected Image data size of 2048x2048x1 (DXT1 RGB8 with 11 mipmaps) = 2796216 bytes, got 0 bytes instead.
   at: initialize_data (core/io/image.cpp:2455)
   GDScript backtrace (most recent call first):
       [0] _tree_scene (res://scripts/main.gd:815)
       [1] _place_real (res://scripts/main.gd:946)
       [2] _build_clutter (res://scripts/main.gd:2330)
       [3] _ready (res://scripts/main.gd:164)
       [4] run (res://tests/online_lobby.gd:58)
ERROR: Failed loading resource: res://.godot/imported/boulder_01_boulder_01_arm_2k.jpg-0f54567123371331292158f861905c7e.s3tc.ctex.
   at: _load (core/io/resource_loader.cpp:317)
   GDScript backtrace (most recent call first):
       [0] _tree_scene (res://scripts/main.gd:815)
       [1] _place_real (res://scripts/main.gd:946)
       [2] _build_clutter (res://scripts/main.gd:2330)
       [3] _ready (res://scripts/main.gd:164)
       [4] run (res://tests/online_lobby.gd:58)
ERROR: Failed loading resource: res://assets/trees/boulder_01_boulder_01_arm_2k.jpg.
   at: _load (core/io/resource_loader.cpp:317)
   GDScript backtrace (most recent call first):
       [0] _tree_scene (res://scripts/main.gd:815)
       [1] _place_real (res://scripts/main.gd:946)
       [2] _build_clutter (res://scripts/main.gd:2330)
       [3] _ready (res://scripts/main.gd:164)
       [4] run (res://tests/online_lobby.gd:58)
ERROR: Parameter "mem" is null.
   at: alloc_static (core/os/memory.cpp:104)
   GDScript backtrace (most recent call first):
       [0] _tree_scene (res://scripts/main.gd:815)
       [1] _place_real (res://scripts/main.gd:946)
       [2] _build_clutter (res://scripts/main.gd:2330)
       [3] _ready (res://scripts/main.gd:164)
       [4] run (res://tests/online_lobby.gd:58)
ERROR: Parameter "mem_new" is null.
   at: _alloc_exact (./core/templates/cowdata.h:476)
   GDScript backtrace (most recent call first):
       [0] _tree_scene (res://scripts/main.gd:815)
       [1] _place_real (res://scripts/main.gd:946)
       [2] _build_clutter (res://scripts/main.gd:2330)
       [3] _ready (res://scripts/main.gd:164)
       [4] run (res://tests/online_lobby.gd:58)
ERROR: Expected Image data size of 2048x2048x1 (RGTC RedGreen8 with 11 mipmaps) = 5592432 bytes, got 0 bytes instead.
   at: initialize_data (core/io/image.cpp:2455)
   GDScript backtrace (most recent call first):
       [0] _tree_scene (res://scripts/main.gd:815)
       [1] _place_real (res://scripts/main.gd:946)
       [2] _build_clutter (res://scripts/main.gd:2330)
       [3] _ready (res://scripts/main.gd:164)
       [4] run (res://tests/online_lobby.gd:58)
ERROR: Failed loading resource: res://.godot/imported/boulder_01_boulder_01_nor_gl_2k.jpg-2d16a1eafe94ac38763dbaa238ea36aa.s3tc.ctex.
   at: _load (core/io/resource_loader.cpp:317)
   GDScript backtrace (most recent call first):
       [0] _tree_scene (res://scripts/main.gd:815)
       [1] _place_real (res://scripts/main.gd:946)
       [2] _build_clutter (res://scripts/main.gd:2330)
       [3] _ready (res://scripts/main.gd:164)
       [4] run (res://tests/online_lobby.gd:58)
ERROR: Failed loading resource: res://assets/trees/boulder_01_boulder_01_nor_gl_2k.jpg.
   at: _load (core/io/resource_loader.cpp:317)
   GDScript backtrace (most recent call first):
       [0] _tree_scene (res://scripts/main.gd:815)
       [1] _place_real (res://scripts/main.gd:946)
       [2] _build_clutter (res://scripts/main.gd:2330)
       [3] _ready (res://scripts/main.gd:164)
       [4] run (res://tests/online_lobby.gd:58)
ERROR: Can't load dependency: 'res://assets/trees/boulder_01_boulder_01_diff_2k.jpg'.
   at: parse_variant (core/io/resource_format_binary.cpp:444)
   GDScript backtrace (most recent call first):
       [0] _tree_scene (res://scripts/main.gd:815)
       [1] _place_real (res://scripts/main.gd:946)
       [2] _build_clutter (res://scripts/main.gd:2330)
       [3] _ready (res://scripts/main.gd:164)
       [4] run (res://tests/online_lobby.gd:58)
ERROR: Failed loading resource: res://.godot/imported/boulder_01.glb-03467706eace451c635b5c0da22dea57.scn.
   at: _load (core/io/resource_loader.cpp:317)
   GDScript backtrace (most recent call first):
       [0] _tree_scene (res://scripts/main.gd:815)
       [1] _place_real (res://scripts/main.gd:946)
       [2] _build_clutter (res://scripts/main.gd:2330)
       [3] _ready (res://scripts/main.gd:164)
       [4] run (res://tests/online_lobby.gd:58)
ERROR: Failed loading resource: res://assets/trees/boulder_01.glb.
   at: _load (core/io/resource_loader.cpp:317)
   GDScript backtrace (most recent call first):
       [0] _tree_scene (res://scripts/main.gd:815)
       [1] _place_real (res://scripts/main.gd:946)
       [2] _build_clutter (res://scripts/main.gd:2330)
       [3] _ready (res://scripts/main.gd:164)
       [4] run (res://tests/online_lobby.gd:58)
ERROR: Parameter "mem" is null.
   at: alloc_static (core/os/memory.cpp:104)
   GDScript backtrace (most recent call first):
       [0] _tree_scene (res://scripts/main.gd:815)
       [1] _place_real (res://scripts/main.gd:946)
       [2] _build_clutter (res://scripts/main.gd:2330)
       [3] _ready (res://scripts/main.gd:164)
       [4] run (res://tests/online_lobby.gd:58)
ERROR: Parameter "mem_new" is null.
   at: _alloc_exact (./core/templates/cowdata.h:476)
   GDScript backtrace (most recent call first):
       [0] _tree_scene (res://scripts/main.gd:815)
       [1] _place_real (res://scripts/main.gd:946)
       [2] _build_clutter (res://scripts/main.gd:2330)
       [3] _ready (res://scripts/main.gd:164)
       [4] run (res://tests/online_lobby.gd:58)
ERROR: Expected Image data size of 2048x2048x1 (DXT1 RGB8 with 11 mipmaps) = 2796216 bytes, got 0 bytes instead.
   at: initialize_data (core/io/image.cpp:2455)
   GDScript backtrace (most recent call first):
       [0] _tree_scene (res://scripts/main.gd:815)
       [1] _place_real (res://scripts/main.gd:946)
       [2] _build_clutter (res://scripts/main.gd:2330)
       [3] _ready (res://scripts/main.gd:164)
       [4] run (res://tests/online_lobby.gd:58)
ERROR: Failed loading resource: res://.godot/imported/tree_stump_01_tree_stump_01_diff_2k.jpg-85e721f81f4355c1ca823b9b2217b9b8.s3tc.ctex.
   at: _load (core/io/resource_loader.cpp:317)
   GDScript backtrace (most recent call first):
       [0] _tree_scene (res://scripts/main.gd:815)
       [1] _place_real (res://scripts/main.gd:946)
       [2] _build_clutter (res://scripts/main.gd:2330)
       [3] _ready (res://scripts/main.gd:164)
       [4] run (res://tests/online_lobby.gd:58)
ERROR: Failed loading resource: res://assets/trees/tree_stump_01_tree_stump_01_diff_2k.jpg.
   at: _load (core/io/resource_loader.cpp:317)
   GDScript backtrace (most recent call first):
       [0] _tree_scene (res://scripts/main.gd:815)
       [1] _place_real (res://scripts/main.gd:946)
       [2] _build_clutter (res://scripts/main.gd:2330)
       [3] _ready (res://scripts/main.gd:164)
       [4] run (res://tests/online_lobby.gd:58)
ERROR: Parameter "mem" is null.
   at: alloc_static (core/os/memory.cpp:104)
   GDScript backtrace (most recent call first):
       [0] _tree_scene (res://scripts/main.gd:815)
       [1] _place_real (res://scripts/main.gd:946)
       [2] _build_clutter (res://scripts/main.gd:2330)
       [3] _ready (res://scripts/main.gd:164)
       [4] run (res://tests/online_lobby.gd:58)
ERROR: Parameter "mem_new" is null.
   at: _alloc_exact (./core/templates/cowdata.h:476)
   GDScript backtrace (most recent call first):
       [0] _tree_scene (res://scripts/main.gd:815)
       [1] _place_real (res://scripts/main.gd:946)
       [2] _build_clutter (res://scripts/main.gd:2330)
       [3] _ready (res://scripts/main.gd:164)
       [4] run (res://tests/online_lobby.gd:58)
ERROR: Expected Image data size of 2048x2048x1 (DXT1 RGB8 with 11 mipmaps) = 2796216 bytes, got 0 bytes instead.
   at: initialize_data (core/io/image.cpp:2455)
   GDScript backtrace (most recent call first):
       [0] _tree_scene (res://scripts/main.gd:815)
       [1] _place_real (res://scripts/main.gd:946)
       [2] _build_clutter (res://scripts/main.gd:2330)
       [3] _ready (res://scripts/main.gd:164)
       [4] run (res://tests/online_lobby.gd:58)
ERROR: Failed loading resource: res://.godot/imported/tree_stump_01_tree_stump_01_arm_2k.jpg-b6186dd6ec89e9ab4bbf6f862c57e6b7.s3tc.ctex.
   at: _load (core/io/resource_loader.cpp:317)
   GDScript backtrace (most recent call first):
       [0] _tree_scene (res://scripts/main.gd:815)
       [1] _place_real (res://scripts/main.gd:946)
       [2] _build_clutter (res://scripts/main.gd:2330)
       [3] _ready (res://scripts/main.gd:164)
       [4] run (res://tests/online_lobby.gd:58)
ERROR: Failed loading resource: res://assets/trees/tree_stump_01_tree_stump_01_arm_2k.jpg.
   at: _load (core/io/resource_loader.cpp:317)
   GDScript backtrace (most recent call first):
       [0] _tree_scene (res://scripts/main.gd:815)
       [1] _place_real (res://scripts/main.gd:946)
       [2] _build_clutter (res://scripts/main.gd:2330)
       [3] _ready (res://scripts/main.gd:164)
       [4] run (res://tests/online_lobby.gd:58)
ERROR: Parameter "mem" is null.
   at: alloc_static (core/os/memory.cpp:104)
   GDScript backtrace (most recent call first):
       [0] _tree_scene (res://scripts/main.gd:815)
       [1] _place_real (res://scripts/main.gd:946)
       [2] _build_clutter (res://scripts/main.gd:2330)
       [3] _ready (res://scripts/main.gd:164)
       [4] run (res://tests/online_lobby.gd:58)
ERROR: Parameter "mem_new" is null.
   at: _alloc_exact (./core/templates/cowdata.h:476)
   GDScript backtrace (most recent call first):
       [0] _tree_scene (res://scripts/main.gd:815)
       [1] _place_real (res://scripts/main.gd:946)
       [2] _build_clutter (res://scripts/main.gd:2330)
       [3] _ready (res://scripts/main.gd:164)
       [4] run (res://tests/online_lobby.gd:58)
ERROR: Expected Image data size of 2048x2048x1 (RGTC RedGreen8 with 11 mipmaps) = 5592432 bytes, got 0 bytes instead.
   at: initialize_data (core/io/image.cpp:2455)
   GDScript backtrace (most recent call first):
       [0] _tree_scene (res://scripts/main.gd:815)
       [1] _place_real (res://scripts/main.gd:946)
       [2] _build_clutter (res://scripts/main.gd:2330)
       [3] _ready (res://scripts/main.gd:164)
       [4] run (res://tests/online_lobby.gd:58)
ERROR: Failed loading resource: res://.godot/imported/tree_stump_01_tree_stump_01_nor_gl_2k.jpg-5745c916d65c50517f62b4421fddbf8a.s3tc.ctex.
   at: _load (core/io/resource_loader.cpp:317)
   GDScript backtrace (most recent call first):
       [0] _tree_scene (res://scripts/main.gd:815)
       [1] _place_real (res://scripts/main.gd:946)
       [2] _build_clutter (res://scripts/main.gd:2330)
       [3] _ready (res://scripts/main.gd:164)
       [4] run (res://tests/online_lobby.gd:58)
ERROR: Failed loading resource: res://assets/trees/tree_stump_01_tree_stump_01_nor_gl_2k.jpg.
   at: _load (core/io/resource_loader.cpp:317)
   GDScript backtrace (most recent call first):
       [0] _tree_scene (res://scripts/main.gd:815)
       [1] _place_real (res://scripts/main.gd:946)
       [2] _build_clutter (res://scripts/main.gd:2330)
       [3] _ready (res://scripts/main.gd:164)
       [4] run (res://tests/online_lobby.gd:58)
ERROR: Can't load dependency: 'res://assets/trees/tree_stump_01_tree_stump_01_diff_2k.jpg'.
   at: parse_variant (core/io/resource_format_binary.cpp:444)
   GDScript backtrace (most recent call first):
       [0] _tree_scene (res://scripts/main.gd:815)
       [1] _place_real (res://scripts/main.gd:946)
       [2] _build_clutter (res://scripts/main.gd:2330)
       [3] _ready (res://scripts/main.gd:164)
       [4] run (res://tests/online_lobby.gd:58)
ERROR: Failed loading resource: res://.godot/imported/tree_stump_01.glb-d4f6001c478f7c62132d79d34cda242f.scn.
   at: _load (core/io/resource_loader.cpp:317)
   GDScript backtrace (most recent call first):
       [0] _tree_scene (res://scripts/main.gd:815)
       [1] _place_real (res://scripts/main.gd:946)
       [2] _build_clutter (res://scripts/main.gd:2330)
       [3] _ready (res://scripts/main.gd:164)
       [4] run (res://tests/online_lobby.gd:58)
ERROR: Failed loading resource: res://assets/trees/tree_stump_01.glb.
   at: _load (core/io/resource_loader.cpp:317)
   GDScript backtrace (most recent call first):
       [0] _tree_scene (res://scripts/main.gd:815)
       [1] _place_real (res://scripts/main.gd:946)
       [2] _build_clutter (res://scripts/main.gd:2330)
       [3] _ready (res://scripts/main.gd:164)
       [4] run (res://tests/online_lobby.gd:58)
ERROR: Parameter "mem" is null.
   at: alloc_static (core/os/memory.cpp:104)
   GDScript backtrace (most recent call first):
       [0] _tree_scene (res://scripts/main.gd:815)
       [1] _place_real (res://scripts/main.gd:946)
       [2] _build_clutter (res://scripts/main.gd:2330)
       [3] _ready (res://scripts/main.gd:164)
       [4] run (res://tests/online_lobby.gd:58)
ERROR: Parameter "mem_new" is null.
   at: _alloc_exact (./core/templates/cowdata.h:476)
   GDScript backtrace (most recent call first):
       [0] _tree_scene (res://scripts/main.gd:815)
       [1] _place_real (res://scripts/main.gd:946)
       [2] _build_clutter (res://scripts/main.gd:2330)
       [3] _ready (res://scripts/main.gd:164)
       [4] run (res://tests/online_lobby.gd:58)
ERROR: Expected Image data size of 2048x2048x1 (DXT1 RGB8 with 11 mipmaps) = 2796216 bytes, got 0 bytes instead.
   at: initialize_data (core/io/image.cpp:2455)
   GDScript backtrace (most recent call first):
       [0] _tree_scene (res://scripts/main.gd:815)
       [1] _place_real (res://scripts/main.gd:946)
       [2] _build_clutter (res://scripts/main.gd:2330)
       [3] _ready (res://scripts/main.gd:164)
       [4] run (res://tests/online_lobby.gd:58)
ERROR: Failed loading resource: res://.godot/imported/dead_tree_trunk_02_dead_tree_trunk_02_diff_2k.jpg-04529cb93c935152c5702c5257c64ddc.s3tc.ctex.
   at: _load (core/io/resource_loader.cpp:317)
   GDScript backtrace (most recent call first):
       [0] _tree_scene (res://scripts/main.gd:815)
       [1] _place_real (res://scripts/main.gd:946)
       [2] _build_clutter (res://scripts/main.gd:2330)
       [3] _ready (res://scripts/main.gd:164)
       [4] run (res://tests/online_lobby.gd:58)
ERROR: Failed loading resource: res://assets/trees/dead_tree_trunk_02_dead_tree_trunk_02_diff_2k.jpg.
   at: _load (core/io/resource_loader.cpp:317)
   GDScript backtrace (most recent call first):
       [0] _tree_scene (res://scripts/main.gd:815)
       [1] _place_real (res://scripts/main.gd:946)
       [2] _build_clutter (res://scripts/main.gd:2330)
       [3] _ready (res://scripts/main.gd:164)
       [4] run (res://tests/online_lobby.gd:58)
ERROR: Parameter "mem" is null.
   at: alloc_static (core/os/memory.cpp:104)
   GDScript backtrace (most recent call first):
       [0] _tree_scene (res://scripts/main.gd:815)
       [1] _place_real (res://scripts/main.gd:946)
       [2] _build_clutter (res://scripts/main.gd:2330)
       [3] _ready (res://scripts/main.gd:164)
       [4] run (res://tests/online_lobby.gd:58)
ERROR: Parameter "mem_new" is null.
   at: _alloc_exact (./core/templates/cowdata.h:476)
   GDScript backtrace (most recent call first):
       [0] _tree_scene (res://scripts/main.gd:815)
       [1] _place_real (res://scripts/main.gd:946)
       [2] _build_clutter (res://scripts/main.gd:2330)
       [3] _ready (res://scripts/main.gd:164)
       [4] run (res://tests/online_lobby.gd:58)
ERROR: Expected Image data size of 2048x2048x1 (DXT1 RGB8 with 11 mipmaps) = 2796216 bytes, got 0 bytes instead.
   at: initialize_data (core/io/image.cpp:2455)
   GDScript backtrace (most recent call first):
       [0] _tree_scene (res://scripts/main.gd:815)
       [1] _place_real (res://scripts/main.gd:946)
       [2] _build_clutter (res://scripts/main.gd:2330)
       [3] _ready (res://scripts/main.gd:164)
       [4] run (res://tests/online_lobby.gd:58)
ERROR: Failed loading resource: res://.godot/imported/dead_tree_trunk_02_dead_tree_trunk_02_arm_2k.jpg-899ea121621194ef5a6054590f307f1c.s3tc.ctex.
   at: _load (core/io/resource_loader.cpp:317)
   GDScript backtrace (most recent call first):
       [0] _tree_scene (res://scripts/main.gd:815)
       [1] _place_real (res://scripts/main.gd:946)
       [2] _build_clutter (res://scripts/main.gd:2330)
       [3] _ready (res://scripts/main.gd:164)
       [4] run (res://tests/online_lobby.gd:58)
ERROR: Failed loading resource: res://assets/trees/dead_tree_trunk_02_dead_tree_trunk_02_arm_2k.jpg.
   at: _load (core/io/resource_loader.cpp:317)
   GDScript backtrace (most recent call first):
       [0] _tree_scene (res://scripts/main.gd:815)
       [1] _place_real (res://scripts/main.gd:946)
       [2] _build_clutter (res://scripts/main.gd:2330)
       [3] _ready (res://scripts/main.gd:164)
       [4] run (res://tests/online_lobby.gd:58)
ERROR: Parameter "mem" is null.
   at: alloc_static (core/os/memory.cpp:104)
   GDScript backtrace (most recent call first):
       [0] _tree_scene (res://scripts/main.gd:815)
       [1] _place_real (res://scripts/main.gd:946)
       [2] _build_clutter (res://scripts/main.gd:2330)
       [3] _ready (res://scripts/main.gd:164)
       [4] run (res://tests/online_lobby.gd:58)
ERROR: Parameter "mem_new" is null.
   at: _alloc_exact (./core/templates/cowdata.h:476)
   GDScript backtrace (most recent call first):
       [0] _tree_scene (res://scripts/main.gd:815)
       [1] _place_real (res://scripts/main.gd:946)
       [2] _build_clutter (res://scripts/main.gd:2330)
       [3] _ready (res://scripts/main.gd:164)
       [4] run (res://tests/online_lobby.gd:58)
ERROR: Expected Image data size of 2048x2048x1 (RGTC RedGreen8 with 11 mipmaps) = 5592432 bytes, got 0 bytes instead.
   at: initialize_data (core/io/image.cpp:2455)
   GDScript backtrace (most recent call first):
       [0] _tree_scene (res://scripts/main.gd:815)
       [1] _place_real (res://scripts/main.gd:946)
       [2] _build_clutter (res://scripts/main.gd:2330)
       [3] _ready (res://scripts/main.gd:164)
       [4] run (res://tests/online_lobby.gd:58)
ERROR: Failed loading resource: res://.godot/imported/dead_tree_trunk_02_dead_tree_trunk_02_nor_gl_2k.jpg-785618cc650ed6335a59e6a6a2d0ec01.s3tc.ctex.
   at: _load (core/io/resource_loader.cpp:317)
   GDScript backtrace (most recent call first):
       [0] _tree_scene (res://scripts/main.gd:815)
       [1] _place_real (res://scripts/main.gd:946)
       [2] _build_clutter (res://scripts/main.gd:2330)
       [3] _ready (res://scripts/main.gd:164)
       [4] run (res://tests/online_lobby.gd:58)
ERROR: Failed loading resource: res://assets/trees/dead_tree_trunk_02_dead_tree_trunk_02_nor_gl_2k.jpg.
   at: _load (core/io/resource_loader.cpp:317)
   GDScript backtrace (most recent call first):
       [0] _tree_scene (res://scripts/main.gd:815)
       [1] _place_real (res://scripts/main.gd:946)
       [2] _build_clutter (res://scripts/main.gd:2330)
       [3] _ready (res://scripts/main.gd:164)
       [4] run (res://tests/online_lobby.gd:58)
ERROR: Can't load dependency: 'res://assets/trees/dead_tree_trunk_02_dead_tree_trunk_02_diff_2k.jpg'.
   at: parse_variant (core/io/resource_format_binary.cpp:444)
   GDScript backtrace (most recent call first):
       [0] _tree_scene (res://scripts/main.gd:815)
       [1] _place_real (res://scripts/main.gd:946)
       [2] _build_clutter (res://scripts/main.gd:2330)
       [3] _ready (res://scripts/main.gd:164)
       [4] run (res://tests/online_lobby.gd:58)
ERROR: Failed loading resource: res://.godot/imported/dead_tree_trunk_02.glb-daf529e950d9d4aff8c5c888359b1156.scn.
   at: _load (core/io/resource_loader.cpp:317)
   GDScript backtrace (most recent call first):
       [0] _tree_scene (res://scripts/main.gd:815)
       [1] _place_real (res://scripts/main.gd:946)
       [2] _build_clutter (res://scripts/main.gd:2330)
       [3] _ready (res://scripts/main.gd:164)
       [4] run (res://tests/online_lobby.gd:58)
ERROR: Failed loading resource: res://assets/trees/dead_tree_trunk_02.glb.
   at: _load (core/io/resource_loader.cpp:317)
   GDScript backtrace (most recent call first):
       [0] _tree_scene (res://scripts/main.gd:815)
       [1] _place_real (res://scripts/main.gd:946)
       [2] _build_clutter (res://scripts/main.gd:2330)
       [3] _ready (res://scripts/main.gd:164)
       [4] run (res://tests/online_lobby.gd:58)
RENDER_OPTIMIZER { "source_meshes": 643, "batches": 17, "removed_render_nodes": 41 }
COOP_LOAD MAP_READY
PASS: Generated code 5K67HX has six letters from the safe alphabet
PASS: 200 generated codes are distinct
PASS: Normalisation upper-cases and strips separators
PASS: Ambiguous letters O, 0, I and 1 are never part of a code
PASS: A valid code has exactly six letters
PASS: Version tag carries protocol, build and map fingerprint
PASS: Env parsing accepts export, quotes, CRLF and trailing comments
PASS: An equals sign inside a value survives
PASS: Complete credentials are recognised and the product name defaults to RemZ
PASS: A missing client id makes the credentials incomplete
PASS: The editor finds the local credentials (eos.cfg or .env)
PASS: A missing runtime reports itself as unavailable
PASS: Hosting online without the runtime is refused without touching the session
PASS: The refused online host leaves the offline peer in place
PASS: The menu status explains why the online lobby is unavailable
PASS: Joining online without the runtime is refused as well
PASS: A short code is rejected before anything is contacted
PASS: Missing credentials give a different reason than a missing runtime
PASS: Hosting online without credentials is refused
COOP_LOAD HOST_CREATE port=24701
COOP_HOST_READY port=24701
COOP_LOAD HOST_READY
PASS: ENet host opens while the online lobby is unavailable
PASS: Host ping is zero, an unknown peer has none
PASS: An open ENet session blocks the online buttons
PASS: A pong from a peer outside the roster is ignored
COOP_LOAD LEAVE_BEGIN phase=lobby reason=Left the session.
COOP_LOAD LEAVE_PEER_DETACHED
COOP_LOAD LEAVE_PEER_CLOSED
COOP_LOAD LEAVE_DONE reused_loaded_map
PASS: Leaving the ENet session resets the transport and keeps the map
PASS: Leaving without a lobby is harmless
COOP_LOAD ONLINE_CANCELLED
PASS: Cancel while signing in clears the pending attempt
PASS: A step finishing after the cancel is ignored
COOP_LOAD HOST_CREATE port=24701
COOP_HOST_READY port=24701
COOP_LOAD HOST_READY
PASS: ENet host works again right after the cancelled online attempt
COOP_LOAD LEAVE_BEGIN phase=lobby reason=Left the session.
COOP_LOAD LEAVE_PEER_DETACHED
COOP_LOAD LEAVE_PEER_CLOSED
COOP_LOAD LEAVE_DONE reused_loaded_map
COOP_LOAD PEER_CONNECTED id=2
PASS: Before the first pong an online peer shows no ping
PASS: The application ping measures the round trip
COOP_LOAD PEER_DISCONNECTED id=2
PASS: A disconnect forgets the peer's ping
COOP_LOAD PEER_CONNECTED id=2
PASS: Every RPC shape reached the transport (10 packets)
RPC_PACKETS largest=957 bytes (_initial_part) limit=1164
PASS: The largest RPC packet (957 bytes, _initial_part) fits the EOS P2P limit of 1164
PASS: _initial_part carries the whole 900-byte chunk (957 bytes)
PASS: _snapshot_part carries the whole 900-byte chunk (953 bytes)
PASS: The tab offers the online lobby and the direct connection
PASS: The online section has its own buttons and the code field
PASS: The direct section keeps IP, port, host and join
PASS: Direct mode shows the IP form only
PASS: Online mode shows the lobby form only
PASS: Without a session the code panel is hidden and the buttons follow availability
PASS: An unavailable runtime greys out only the online buttons
PASS: Start and leave stay hidden outside a session
ONLINE_LOBBY_DONE checks=43 failures=0
ERROR: 1 RID allocations of type 'P10JoltBody3D' were leaked at exit.
WARNING: 1 ObjectDB instance was leaked at exit (run with `--verbose` for details).
   at: cleanup (core/object/object.cpp:2536)
