Godot Engine v4.7.2.stable.official.ed1daf0bf - https://godotengine.org

COOP_LOAD BOOT exe=C:/Users/miche/Desktop/Godot.exe
COOP_LOAD NETWORK_INITIALIZED
RENDER_OPTIMIZER { "source_meshes": 666, "batches": 17, "removed_render_nodes": 41 }
COOP_LOAD MAP_READY
PASS: The radio starts silent
PASS: X and the middle mouse button are bound to the ping
PASS: A ping is recorded
PASS: The radio log shows the line
PASS: The line carries the author and the text (Player: Regroup on me!)
PASS: Looking at an open gate: hold it (Hold Meadow Gate!)
PASS: A gate under attack: under attack
PASS: A gate under attack below half health: breaking
PASS: Looking at a zombie: enemy spotted
PASS: Looking at the ground: move here
PASS: Looking at the sky: regroup on me
PASS: A repeated callout waits for its cooldown
PASS: ... and speaks again afterwards
PASS: A teammate's callout names both players (Anna: Michel was spotted by a screamer!)
PASS: ... in German too
PASS: A gate's name is translated on the receiving side
PASS: The marker list stays bounded
PASS: Markers and log lines expire
PASS: The marker layer redraws without errors
PINGS_DONE checks=19 failures=0
ERROR: 1 RID allocations of type 'P10JoltBody3D' were leaked at exit.
WARNING: 1 ObjectDB instance was leaked at exit (run with `--verbose` for details).
   at: cleanup (core/object/object.cpp:2536)
