Godot Engine v4.7.2.stable.official.ed1daf0bf - https://godotengine.org

COOP_LOAD BOOT exe=C:/Users/miche/Desktop/Godot.exe
COOP_LOAD NETWORK_INITIALIZED
RENDER_OPTIMIZER { "source_meshes": 666, "batches": 17, "removed_render_nodes": 41 }
COOP_LOAD MAP_READY
PASS: Hut menu offers ground and six roof sockets
PASS: Every tower type is offered (13)
PASS: Selecting a roof weapon starts compact preview
PASS: Selecting roof socket turns view toward preview
PASS: Roof preview snaps to socket and validates
PASS: standard builds on roof
PASS: standard has compact Meshy weapon
PASS: standard preserves roof height and exact cost
PASS: standard duplicate socket rejects without charging
PASS: standard automatic roof turret cannot teleport player
PASS: standard repair works from hut
PASS: standard alignment works from hut
PASS: standard remote repair denied
PASS: standard remote rotation denied
PASS: searchlight builds on roof
PASS: searchlight has compact Meshy weapon
PASS: searchlight preserves roof height and exact cost
PASS: searchlight duplicate socket rejects without charging
PASS: searchlight automatic roof turret cannot teleport player
PASS: searchlight repair works from hut
PASS: searchlight alignment works from hut
PASS: searchlight remote repair denied
PASS: searchlight remote rotation denied
PASS: flame builds on roof
PASS: flame has compact Meshy weapon
PASS: flame preserves roof height and exact cost
PASS: flame duplicate socket rejects without charging
PASS: flame automatic roof turret cannot teleport player
PASS: flame repair works from hut
PASS: flame alignment works from hut
PASS: flame remote repair denied
PASS: flame remote rotation denied
PASS: mortar builds on roof
PASS: mortar has compact Meshy weapon
PASS: mortar preserves roof height and exact cost
PASS: mortar duplicate socket rejects without charging
PASS: mortar automatic roof turret cannot teleport player
PASS: mortar repair works from hut
PASS: mortar alignment works from hut
PASS: mortar remote repair denied
PASS: mortar remote rotation denied
PASS: sniper builds on roof
PASS: sniper has compact Meshy weapon
PASS: sniper preserves roof height and exact cost
PASS: sniper duplicate socket rejects without charging
PASS: sniper automatic roof turret cannot teleport player
PASS: sniper repair works from hut
PASS: sniper alignment works from hut
PASS: sniper remote repair denied
PASS: sniper remote rotation denied
PASS: Construction leaves hut health and transform unchanged
PASS: Forged or nonfinite roof position rejected
PASS: Forged or nonfinite roof position rejected
PASS: Forged or nonfinite roof position rejected
PASS: Forged or nonfinite roof position rejected
PASS: Roof construction requires hut proximity
PASS: Insufficient funds rejected
PASS: Roof respects wave unlocks
PASS: Nonfinite rotation rejected
PASS: Unknown weapon rejected
PASS: Dead builders rejected
PASS: Destroyed hut rejects roof construction
PASS: All six independent sockets usable
PASS: Roof shares existing team tower limit
PASS: Occupied roof socket disables purchase but allows alignment
PASS: Damaged roof turret enables menu repair
PASS: Menu repair operates selected roof turret
PASS: Menu alignment starts compact roof preview
PASS: Late join reconstructs compact roof tower 1
PASS: Late join reconstructs compact roof tower 2
PASS: Late join reconstructs compact roof tower 3
PASS: Late join reconstructs compact roof tower 4
PASS: Late join reconstructs compact roof tower 5
PASS: Late join reconstructs compact roof tower 6
PASS: standard sees actual ground enemy from roof
PASS: standard automatically acquires, aims and fires from roof
PASS: standard roof weapon damages actual ground enemy
PASS: searchlight sees actual ground enemy from roof
PASS: searchlight automatically acquires, aims and fires from roof
PASS: The roof searchlight marks the ground enemy
PASS: siren is refused on the roof
PASS: supply is refused on the roof
PASS: flame sees actual ground enemy from roof
PASS: flame automatically acquires, aims and fires from roof
PASS: flame roof weapon damages actual ground enemy
PASS: mortar sees actual ground enemy from roof
PASS: mortar automatically acquires, aims and fires from roof
PASS: mortar roof weapon damages actual ground enemy
PASS: frost sees actual ground enemy from roof
PASS: frost automatically acquires, aims and fires from roof
PASS: frost roof weapon damages actual ground enemy
PASS: mg42 sees actual ground enemy from roof
PASS: mg42 automatically acquires, aims and fires from roof
PASS: mg42 roof weapon damages actual ground enemy
PASS: sniper sees actual ground enemy from roof
PASS: sniper automatically acquires, aims and fires from roof
PASS: sniper roof weapon damages actual ground enemy
PASS: rocket sees actual ground enemy from roof
PASS: rocket automatically acquires, aims and fires from roof
PASS: rocket roof weapon damages actual ground enemy
PASS: tesla sees actual ground enemy from roof
PASS: tesla automatically acquires, aims and fires from roof
PASS: tesla roof weapon damages actual ground enemy
PASS: harpoon sees actual ground enemy from roof
PASS: harpoon automatically acquires, aims and fires from roof
PASS: harpoon roof weapon damages actual ground enemy
PASS: graviton sees actual ground enemy from roof
PASS: graviton automatically acquires, aims and fires from roof
PASS: graviton roof weapon damages actual ground enemy
PASS: standard on the roof hits a zombie 0.6 m from the hut wall
PASS: mg42 on the roof hits a zombie 0.6 m from the hut wall
PASS: flame on the roof hits a zombie 1.3 m from the hut wall
PASS: Roof turret recovers from a barrel dipped below the eaves
PASS: Zombies below a roof turret do not target it
PASS: Titans do not commit to a roof turret
ROOF_DEFENCES_DONE checks=115 failures=0
ERROR: 1 RID allocations of type 'P10JoltBody3D' were leaked at exit.
WARNING: 1 ObjectDB instance was leaked at exit (run with `--verbose` for details).
   at: cleanup (core/object/object.cpp:2536)
