Godot Engine v4.7.2.stable.official.ed1daf0bf - https://godotengine.org

COOP_LOAD BOOT exe=C:/Users/miche/Desktop/Godot.exe
COOP_LOAD NETWORK_INITIALIZED
RENDER_OPTIMIZER { "source_meshes": 666, "batches": 17, "removed_render_nodes": 41 }
COOP_LOAD MAP_READY
PASS: User Goa track is loaded and loops
PASS: At the camp the first note is distant and muffled
PASS: Distance filter is routed through a private music bus
PASS: Wave 5 enters the mandatory sidequest
PASS: Combat and wave event are deferred
PASS: Direct start and cheat cannot bypass the quest
PASS: Time stays at night
PASS: Remote interactions are rejected
PASS: Reaching the party reveals the totems
PASS: Dance floor reveals the loud, clear track
PASS: Walking away makes the same track distant again
PASS: Wrong totem cannot advance progression
PASS: Nearby correct totem activates
PASS: Nearby correct totem activates
PASS: Nearby correct totem activates
PASS: Three totems send the team mushroom picking
PASS: The glowing mushrooms stand ready around the floor
PASS: Glowing mushroom 1 can be picked
PASS: Picked mushroom 1 disappears
PASS: Glowing mushroom 2 can be picked
PASS: Picked mushroom 2 disappears
PASS: Glowing mushroom 3 can be picked
PASS: Picked mushroom 3 disappears
PASS: Three mushrooms unlock the DJ's mushroom at the bar
PASS: The DJ's mushroom starts the colour run and the hallucination
PASS: The first colour is called
PASS: Too slow starts the colour run over
PASS: Four totems reached in time unlock the Clear Head
PASS: Clear-head drink unlocks the finale and ends the trip
PASS: Co-op finale waits for every living teammate
PASS: Co-op finale accepts the gathered team
PASS: Downed teammate does not deadlock finale
PASS: Finale does not progress away from dance floor
PASS: The final dance wakes the ravers
PASS: Clearing the floor begins the last track instead of ending abruptly
PASS: The ending cannot be skipped at the campfire
PASS: Last track and lights fade together
PASS: Party guests dissolve during the farewell
PASS: Solo pause freezes the ending
PASS: Late join restores the current farewell without replaying the opening
PASS: Late join retains the original world time
PASS: Final track reveals the physical quest relic
PASS: Music and rain actually end before the return journey
PASS: Disco lights and guests are gone
PASS: Mushroom haze clears with the farewell
PASS: Returning without the echo cannot complete the quest
PASS: Late join sees the uncollected relic without restarting the party
PASS: E collects the nearby echo for the whole team
PASS: Pickup removes the relic without granting the completion reward early
PASS: Relic cannot be collected twice
PASS: Team possession survives reconnect without spawning another relic
PASS: A player left at the party blocks premature wave release
PASS: Gathered team begins a shared awakening
PASS: Offering puts the echo into the campfire
PASS: Repeated interaction cannot skip awakening
PASS: Wave stays locked throughout awakening
PASS: Offered echo visibly burns away
PASS: Awakening progress survives snapshots
PASS: Awakening waits if a teammate leaves the camp
PASS: Completion releases thirty seconds to prepare
PASS: Every teammate receives the reward exactly once
PASS: Repeated completion or snapshot cannot duplicate rewards
PASS: The quest ends at the next morning
PASS: The morning haze lets the sun shaft through the trees
PASS: A warm wake-up flash fades in
PASS: The wake-up flash fades out again
PASS: The morning haze clears
PASS: No party effects remain after completion
PASS: Completion cannot be replayed
PASS: Original fifth wave resumes once
SECRET_NIGHT_DONE checks=70 failures=0
ERROR: 1 RID allocations of type 'P10JoltBody3D' were leaked at exit.
WARNING: 1 ObjectDB instance was leaked at exit (run with `--verbose` for details).
   at: cleanup (core/object/object.cpp:2536)
EXIT 0
