Godot Engine v4.7.2.stable.official.ed1daf0bf - https://godotengine.org

COOP_LOAD BOOT exe=C:/Users/miche/Desktop/Godot.exe
COOP_LOAD NETWORK_INITIALIZED
RENDER_OPTIMIZER { "source_meshes": 666, "batches": 17, "removed_render_nodes": 41 }
COOP_LOAD MAP_READY
PASS: A field titan rises on the meadow
PASS: It starts whole
PASS: Below 65 %% the right arm comes off
PASS: The arm's bones collapse
PASS: A stump hangs on the shoulder
PASS: The arm loss is announced
PASS: The first tree comes soon
PASS: The titan winds up a throw at a player 40 m away (after 2.8 s)
PASS: A tree leaves its hand
PASS: The tree flies from the hand towards the player
PASS: The tree lands (after 1.6 s)
PASS: The impact hurts the player under it (100 -> 36)
PASS: The titan recovers after the throw
PASS: A tree on a gate crushes it (300 -> 82)
PASS: Below 35 %% the left leg comes off and the titan crawls
PASS: The leg's bones collapse into a stump
PASS: The rig carries the crawl clip and knows its hands and knees
PASS: It plays the crawl on hands and knees after the roar (clip crawl after 0.0 s)
PASS: The model is not tilted into the ground
PASS: The crawl loops like a gait
PASS: Hands and knees stay on the terrain for three seconds (lowest contact 0.03 m above it)
PASS: While moving on all fours it only ever crawls (["crawl"])
PASS: Standing still it keeps crawling slowly instead of standing up to idle
PASS: Its roar is voice only, no standing scream
PASS: The slam becomes a shorter, quicker sweep
PASS: The leg loss is announced
PASS: The boss state carries the lost limbs and the throw count
PASS: A replica loses the same limbs and crawls
PASS: ... with the same collapsed bones
TITAN_PHASES_DONE checks=29 failures=0
ERROR: 1 RID allocations of type 'P10JoltBody3D' were leaked at exit.
WARNING: 1 ObjectDB instance was leaked at exit (run with `--verbose` for details).
   at: cleanup (core/object/object.cpp:2536)
