Godot Engine v4.7.2.stable.official.ed1daf0bf - https://godotengine.org

COOP_LOAD BOOT exe=C:/Users/miche/Desktop/Godot.exe
COOP_LOAD NETWORK_INITIALIZED
RENDER_OPTIMIZER { "source_meshes": 666, "batches": 17, "removed_render_nodes": 41 }
COOP_LOAD MAP_READY
PASS: standard plays the prepared user recording on a real shot
PASS: standard sound comes from the muzzle with distance attenuation
PASS: standard playback is bounded for its firing rate
PASS: standard recoil leaves aiming and operator seat stable
PASS: standard has mechanical recoil
PASS: Bullet streak travels instead of drawing a full-range laser
PASS: standard returns smoothly to its rest position
PASS: standard late join does not replay an old shot
PASS: standard late join stays silent for historical shots
PASS: standard replicated shot starts the same new effects
PASS: standard replicated new shot plays its user recording
PASS: standard repeated snapshot does not replay the sound
PASS: standard destruction removes its sound emitter
PASS: searchlight plays the prepared user recording on a real shot
PASS: searchlight sound comes from the muzzle with distance attenuation
PASS: searchlight playback is bounded for its firing rate
PASS: searchlight recoil leaves aiming and operator seat stable
PASS: searchlight returns smoothly to its rest position
PASS: searchlight late join does not replay an old shot
PASS: searchlight late join stays silent for historical shots
PASS: searchlight replicated shot starts the same new effects
PASS: searchlight replicated new shot plays its user recording
PASS: searchlight repeated snapshot does not replay the sound
PASS: searchlight destruction removes its sound emitter
PASS: siren plays the prepared user recording on a real shot
PASS: siren sound comes from the muzzle with distance attenuation
PASS: siren playback is bounded for its firing rate
PASS: siren recoil leaves aiming and operator seat stable
PASS: siren returns smoothly to its rest position
PASS: siren late join does not replay an old shot
PASS: siren late join stays silent for historical shots
PASS: siren replicated shot starts the same new effects
PASS: siren replicated new shot plays its user recording
PASS: siren repeated snapshot does not replay the sound
PASS: siren destruction removes its sound emitter
PASS: supply plays the prepared user recording on a real shot
PASS: supply sound comes from the muzzle with distance attenuation
PASS: supply playback is bounded for its firing rate
PASS: supply recoil leaves aiming and operator seat stable
PASS: supply returns smoothly to its rest position
PASS: supply late join does not replay an old shot
PASS: supply late join stays silent for historical shots
PASS: supply replicated shot starts the same new effects
PASS: supply replicated new shot plays its user recording
PASS: supply repeated snapshot does not replay the sound
PASS: supply destruction removes its sound emitter
PASS: flame plays the prepared user recording on a real shot
PASS: flame sound comes from the muzzle with distance attenuation
PASS: flame playback is bounded for its firing rate
PASS: flame recoil leaves aiming and operator seat stable
PASS: Flame uses soft world-space sprites, not polygon spheres
PASS: Flame sustains one looping voice across repeated shots
PASS: Upgraded flame travel reaches its actual advertised range
PASS: Flame emission stops after trigger updates cease
PASS: Flame sound fades out after firing stops
PASS: Rotating an upgraded tower previews the upgraded range
PASS: Build hint agrees with upgraded range marker
PASS: Aim readout distinguishes a reachable target from one beyond range
PASS: Aim readout distinguishes a reachable target from one beyond range
PASS: flame returns smoothly to its rest position
PASS: flame late join does not replay an old shot
PASS: flame late join stays silent for historical shots
PASS: flame replicated shot starts the same new effects
PASS: flame replicated new shot plays its user recording
PASS: flame repeated snapshot does not replay the sound
PASS: flame destruction removes its sound emitter
PASS: mortar plays the prepared user recording on a real shot
PASS: mortar sound comes from the muzzle with distance attenuation
PASS: mortar playback is bounded for its firing rate
PASS: mortar recoil leaves aiming and operator seat stable
PASS: mortar has mechanical recoil
PASS: Mortar aim cannot exceed its advertised maximum range
PASS: mortar returns smoothly to its rest position
PASS: mortar late join does not replay an old shot
PASS: mortar late join stays silent for historical shots
PASS: mortar replicated shot starts the same new effects
PASS: mortar replicated new shot plays its user recording
PASS: mortar repeated snapshot does not replay the sound
PASS: mortar destruction removes its sound emitter
PASS: frost plays the prepared user recording on a real shot
PASS: frost sound comes from the muzzle with distance attenuation
PASS: frost playback is bounded for its firing rate
PASS: frost recoil leaves aiming and operator seat stable
PASS: frost returns smoothly to its rest position
PASS: frost late join does not replay an old shot
PASS: frost late join stays silent for historical shots
PASS: frost replicated shot starts the same new effects
PASS: frost replicated new shot plays its user recording
PASS: frost repeated snapshot does not replay the sound
PASS: frost destruction removes its sound emitter
PASS: mg42 plays the prepared user recording on a real shot
PASS: mg42 sound comes from the muzzle with distance attenuation
PASS: mg42 playback is bounded for its firing rate
PASS: mg42 recoil leaves aiming and operator seat stable
PASS: mg42 has mechanical recoil
PASS: mg42 returns smoothly to its rest position
PASS: mg42 late join does not replay an old shot
PASS: mg42 late join stays silent for historical shots
PASS: mg42 replicated shot starts the same new effects
PASS: mg42 replicated new shot plays its user recording
PASS: mg42 repeated snapshot does not replay the sound
PASS: mg42 destruction removes its sound emitter
PASS: sniper plays the prepared user recording on a real shot
PASS: sniper sound comes from the muzzle with distance attenuation
PASS: sniper playback is bounded for its firing rate
PASS: sniper recoil leaves aiming and operator seat stable
PASS: sniper has mechanical recoil
PASS: sniper returns smoothly to its rest position
PASS: sniper late join does not replay an old shot
PASS: sniper late join stays silent for historical shots
PASS: sniper replicated shot starts the same new effects
PASS: sniper replicated new shot plays its user recording
PASS: sniper repeated snapshot does not replay the sound
PASS: sniper destruction removes its sound emitter
PASS: rocket plays the prepared user recording on a real shot
PASS: rocket sound comes from the muzzle with distance attenuation
PASS: rocket playback is bounded for its firing rate
PASS: rocket recoil leaves aiming and operator seat stable
PASS: rocket returns smoothly to its rest position
PASS: rocket late join does not replay an old shot
PASS: rocket late join stays silent for historical shots
PASS: rocket replicated shot starts the same new effects
PASS: rocket replicated new shot plays its user recording
PASS: rocket repeated snapshot does not replay the sound
PASS: rocket destruction removes its sound emitter
PASS: tesla plays the prepared user recording on a real shot
PASS: tesla sound comes from the muzzle with distance attenuation
PASS: tesla playback is bounded for its firing rate
PASS: tesla recoil leaves aiming and operator seat stable
PASS: Tesla lightning buffer draws world-space links
PASS: Lightning buffer preserves full level-three range and all five jumps
PASS: Repeated lightning reuses GPU mesh and material
PASS: Tesla lightning fades and stops processing after its original duration
PASS: tesla returns smoothly to its rest position
PASS: tesla late join does not replay an old shot
PASS: tesla late join stays silent for historical shots
PASS: tesla replicated shot starts the same new effects
PASS: tesla replicated new shot plays its user recording
PASS: tesla repeated snapshot does not replay the sound
PASS: tesla destruction removes its sound emitter
PASS: harpoon plays the prepared user recording on a real shot
PASS: harpoon sound comes from the muzzle with distance attenuation
PASS: harpoon playback is bounded for its firing rate
PASS: harpoon recoil leaves aiming and operator seat stable
PASS: harpoon has mechanical recoil
PASS: harpoon returns smoothly to its rest position
PASS: harpoon late join does not replay an old shot
PASS: harpoon late join stays silent for historical shots
PASS: harpoon replicated shot starts the same new effects
PASS: harpoon replicated new shot plays its user recording
PASS: harpoon repeated snapshot does not replay the sound
PASS: harpoon destruction removes its sound emitter
PASS: graviton plays the prepared user recording on a real shot
PASS: graviton sound comes from the muzzle with distance attenuation
PASS: graviton playback is bounded for its firing rate
PASS: graviton recoil leaves aiming and operator seat stable
PASS: graviton returns smoothly to its rest position
PASS: graviton late join does not replay an old shot
PASS: graviton late join stays silent for historical shots
PASS: graviton replicated shot starts the same new effects
PASS: graviton replicated new shot plays its user recording
PASS: graviton repeated snapshot does not replay the sound
PASS: graviton destruction removes its sound emitter
TOWER_EFFECTS_DONE checks=163 failures=0
ERROR: 1 RID allocations of type 'P10JoltBody3D' were leaked at exit.
WARNING: 1 ObjectDB instance was leaked at exit (run with `--verbose` for details).
   at: cleanup (core/object/object.cpp:2536)
