Godot Engine v4.7.2.stable.official.ed1daf0bf - https://godotengine.org

COOP_LOAD BOOT exe=C:/Users/miche/Desktop/Godot.exe
COOP_LOAD NETWORK_INITIALIZED
RENDER_OPTIMIZER { "source_meshes": 666, "batches": 17, "removed_render_nodes": 41 }
COOP_LOAD MAP_READY
PASS: The planner exists and starts closed
PASS: T opens the planner, pauses the round and takes the player out of the fight
PASS: The planner looks straight down from above the hut
PASS: HUD hidden, six roof markers shown
PASS: The screen centre maps onto the terrain
PASS: A valid site beyond the old 8 m reach exists
PASS: The planner places a tower far beyond arm's reach
PASS: The tower stands where the map was clicked
PASS: Beyond the planner's reach the site is refused
PASS: Dragging relocates the tower for free
PASS: A short drag keeps the tower's own footprint out of the 'too close' rule
PASS: A drop onto another tower is refused and the tower stays
PASS: An operated tower cannot be dragged
PASS: R turns the hovered tower by 15 degree steps
PASS: Without a hovered tower the ghost turns instead
PASS: A roof slot from afar is refused with the reason
PASS: At the hut a roof slot takes the turret
PASS: Roof turrets cannot be dragged off the roof
PASS: Closing restores camera, HUD and the round
PASS: Markers and ghost disappear with the planner
TOWER_PLANNER_DONE checks=20 failures=0
ERROR: 1 RID allocations of type 'P10JoltBody3D' were leaked at exit.
WARNING: 1 ObjectDB instance was leaked at exit (run with `--verbose` for details).
   at: cleanup (core/object/object.cpp:2536)
EXIT 0
