Godot Engine v4.7.2.stable.official.ed1daf0bf - https://godotengine.org

COOP_LOAD BOOT exe=C:/Users/miche/Desktop/Godot.exe
COOP_LOAD NETWORK_INITIALIZED
RENDER_OPTIMIZER { "source_meshes": 666, "batches": 17, "removed_render_nodes": 41 }
COOP_LOAD MAP_READY
PASS: First quest opens the tutorial inside the paused solo conversation
PASS: Opening tutorial neither accepts quest nor spends or awards money
PASS: Closing an unfinished introduction restores gameplay without completing it
PASS: Returning to the first quest resumes the unfinished introduction
PASS: Previous page can be revisited
PASS: Finishing all four pages accepts the quest through the regular shop action
PASS: Tutorial completion leaves the reward for the player to collect
PASS: Reward can be collected exactly once after the introduction
PASS: Replaying the introduction does not repeat a transaction or reward
PASS: Opening the real inventory clears its follow-up hint
PASS: Opening the real build menu clears its hint without requiring a purchase
VENDOR_TUTORIAL_DONE checks=11 failures=0
ERROR: 1 RID allocations of type 'P10JoltBody3D' were leaked at exit.
WARNING: 1 ObjectDB instance was leaked at exit (run with `--verbose` for details).
   at: cleanup (core/object/object.cpp:2536)
