Godot Engine v4.7.2.stable.official.ed1daf0bf - https://godotengine.org

COOP_LOAD BOOT exe=C:/Users/miche/Desktop/Godot.exe
COOP_LOAD NETWORK_INITIALIZED
RENDER_OPTIMIZER { "source_meshes": 666, "batches": 17, "removed_render_nodes": 41 }
COOP_LOAD MAP_READY
PASS: Weather and the radio exist
PASS: Day 0 carries four scripted weather windows (4)
PASS: 07:00 of day 0 is foggy
PASS: Noon of day 0 is clear
PASS: 17:00 of day 0 rains
PASS: 18:30 of day 0 is a thunderstorm
PASS: 20:00 of day 0 rains again
PASS: The round starts dry and clear
PASS: Later days roll their own schedule
PASS: Rain can be pinned
PASS: Rain reaches full strength after the fade (1.00)
PASS: Rain streaks fall around the camera
PASS: The rain loop plays (-17.2 dB)
PASS: The ground is soaking (0.35)
PASS: The wetness global follows (<null>)
PASS: Rain dims the sun and closes the sky (dim 0.55, overcast 0.85)
PASS: Rain thickens the distance fog (0.0055)
PASS: Rain reports itself
PASS: Half a minute of rain soaks the ground fully
PASS: The clock panel shows the weather (Rain)
PASS: Fog reports itself
PASS: Fog banks drift over the land
PASS: No rain in the fog
PASS: Fog hides the stalkers
PASS: The storm reports itself
PASS: A zombie stands in the storm
PASS: The storm throws a bolt
PASS: The bolt lights the sky (0.38)
PASS: The bolt lights the whole forest (sun 3.4)
PASS: The horde glows cold white in the flash
PASS: Thunder follows the bolt after the distance delay
PASS: Every bolt rolled its thunder (count 2, bolts 2)
PASS: The flash is over
PASS: The glow fades with the flash (-0.02)
PASS: The weather snapshot carries state, wind, bolts and wetness
PASS: A snapshot switches the state and announces a bolt
PASS: The announced bolt flashes on this machine too
PASS: Clear weather switches everything off
PASS: The weather is released to its schedule
PASS: The round begins by day with no night begun
PASS: Crossing 20:00 begins the first night
PASS: The first night is an ordinary night
PASS: Every fifth night is a blood night
PASS: Night 1 shows a waxing crescent (0.15)
PASS: The fifth night rises as a blood moon
PASS: The horde runs faster under the blood moon (1.25)
PASS: A blood moon is full
PASS: The moonlight turns red
PASS: The sky's moon is blood red
PASS: The blood moon is announced
PASS: The radio calls the blood moon
PASS: The blood moon sets at daybreak
PASS: A kill under the blood moon pays double (12 vs 6)
PASS: A client follows the host's night count into a blood moon
PASS: ... and out of it
WEATHER_DONE checks=55 failures=0
ERROR: 1 RID allocations of type 'P10JoltBody3D' were leaked at exit.
WARNING: 1 ObjectDB instance was leaked at exit (run with `--verbose` for details).
   at: cleanup (core/object/object.cpp:2536)
