Godot Engine v4.7.2.stable.official.ed1daf0bf - https://godotengine.org

COOP_LOAD BOOT exe=C:/Users/miche/Desktop/Godot.exe
COOP_LOAD NETWORK_INITIALIZED
CLIP_AUDIT zombie_colossus attack len=3.03 drift=0.000 hips_y=0.46..0.87 end_y=0.82 foot_min=0.12 seam=1.2deg(LeftLeg)
PASS: zombie_colossus attack keeps the feet above the floor (lowest 0.12 m)
CLIP_AUDIT zombie_colossus attack2 len=1.87 drift=0.000 hips_y=0.85..1.12 end_y=0.91 foot_min=0.20 seam=111.7deg(LeftUpLeg)
PASS: zombie_colossus attack2 keeps the feet above the floor (lowest 0.20 m)
CLIP_AUDIT zombie_colossus death len=2.27 drift=0.902 hips_y=0.12..0.95 end_y=0.12 foot_min=0.06 seam=91.2deg(Hips)
PASS: zombie_colossus death ends on the ground (hips at 0.12 m)
PASS: zombie_colossus death keeps the feet above the floor (lowest 0.06 m)
CLIP_AUDIT zombie_colossus death2 len=2.23 drift=1.164 hips_y=0.14..0.97 end_y=0.14 foot_min=0.05 seam=129.5deg(Hips)
PASS: zombie_colossus death2 ends on the ground (hips at 0.14 m)
PASS: zombie_colossus death2 keeps the feet above the floor (lowest 0.05 m)
CLIP_AUDIT zombie_colossus idle len=1.43 drift=0.000 hips_y=0.96..1.04 end_y=1.02 foot_min=0.20 seam=0.1deg(RightFoot)
PASS: zombie_colossus idle stays in place (drift 0.00 m)
PASS: zombie_colossus idle loops without a seam (0.1 deg on RightFoot)
PASS: zombie_colossus idle keeps the feet above the floor (lowest 0.20 m)
CLIP_AUDIT zombie_colossus scream len=2.83 drift=0.000 hips_y=0.65..0.95 end_y=0.94 foot_min=0.13 seam=0.7deg(LeftUpLeg)
PASS: zombie_colossus scream keeps the feet above the floor (lowest 0.13 m)
CLIP_AUDIT zombie_colossus walk len=5.53 drift=0.000 hips_y=0.83..1.05 end_y=0.84 foot_min=0.19 seam=0.1deg(LeftLeg)
PASS: zombie_colossus walk stays in place (drift 0.00 m)
PASS: zombie_colossus walk loops without a seam (0.1 deg on LeftLeg)
PASS: zombie_colossus walk keeps the feet above the floor (lowest 0.19 m)
CLIP_AUDIT zombie_colossus walk2 len=4.13 drift=0.000 hips_y=1.00..1.05 end_y=1.01 foot_min=0.20 seam=0.0deg(-)
PASS: zombie_colossus walk2 stays in place (drift 0.00 m)
PASS: zombie_colossus walk2 loops without a seam (0.0 deg on -)
PASS: zombie_colossus walk2 keeps the feet above the floor (lowest 0.20 m)
CLIP_AUDIT zombie_bloater attack len=3.50 drift=0.000 hips_y=0.56..0.66 end_y=0.64 foot_min=0.09 seam=4.3deg(LeftUpLeg)
PASS: zombie_bloater attack keeps the feet above the floor (lowest 0.09 m)
CLIP_AUDIT zombie_bloater attack2 len=1.87 drift=0.000 hips_y=0.59..0.77 end_y=0.64 foot_min=0.16 seam=107.0deg(LeftUpLeg)
PASS: zombie_bloater attack2 keeps the feet above the floor (lowest 0.16 m)
CLIP_AUDIT zombie_bloater death len=2.23 drift=0.853 hips_y=0.14..0.69 end_y=0.14 foot_min=0.09 seam=129.4deg(Hips)
PASS: zombie_bloater death ends on the ground (hips at 0.14 m)
PASS: zombie_bloater death keeps the feet above the floor (lowest 0.09 m)
CLIP_AUDIT zombie_bloater death2 len=2.27 drift=0.653 hips_y=0.13..0.67 end_y=0.13 foot_min=0.01 seam=87.8deg(Hips)
PASS: zombie_bloater death2 ends on the ground (hips at 0.13 m)
PASS: zombie_bloater death2 keeps the feet above the floor (lowest 0.01 m)
CLIP_AUDIT zombie_bloater death3 len=3.53 drift=0.952 hips_y=0.05..0.76 end_y=0.06 foot_min=0.00 seam=94.3deg(LeftArm)
PASS: zombie_bloater death3 ends on the ground (hips at 0.06 m)
PASS: zombie_bloater death3 keeps the feet above the floor (lowest 0.00 m)
CLIP_AUDIT zombie_bloater death4 len=4.47 drift=0.846 hips_y=0.10..0.74 end_y=0.11 foot_min=0.03 seam=95.8deg(Hips)
PASS: zombie_bloater death4 ends on the ground (hips at 0.11 m)
PASS: zombie_bloater death4 keeps the feet above the floor (lowest 0.03 m)
CLIP_AUDIT zombie_bloater death5 len=3.53 drift=0.818 hips_y=0.14..0.78 end_y=0.14 foot_min=0.05 seam=122.6deg(Hips)
PASS: zombie_bloater death5 ends on the ground (hips at 0.14 m)
PASS: zombie_bloater death5 keeps the feet above the floor (lowest 0.05 m)
CLIP_AUDIT zombie_bloater hit len=1.67 drift=0.000 hips_y=0.64..0.69 end_y=0.69 foot_min=0.12 seam=5.6deg(RightLeg)
PASS: zombie_bloater hit keeps the feet above the floor (lowest 0.12 m)
CLIP_AUDIT zombie_bloater hit2 len=3.03 drift=0.000 hips_y=0.74..0.77 end_y=0.77 foot_min=0.18 seam=59.0deg(LeftArm)
PASS: zombie_bloater hit2 keeps the feet above the floor (lowest 0.18 m)
CLIP_AUDIT zombie_bloater idle len=1.43 drift=0.000 hips_y=0.69..0.77 end_y=0.73 foot_min=0.16 seam=0.0deg(LeftToeBase)
PASS: zombie_bloater idle stays in place (drift 0.00 m)
PASS: zombie_bloater idle loops without a seam (0.0 deg on LeftToeBase)
PASS: zombie_bloater idle keeps the feet above the floor (lowest 0.16 m)
CLIP_AUDIT zombie_bloater scream len=2.83 drift=0.000 hips_y=0.47..0.68 end_y=0.66 foot_min=0.10 seam=6.8deg(LeftLeg)
PASS: zombie_bloater scream keeps the feet above the floor (lowest 0.10 m)
CLIP_AUDIT zombie_bloater walk len=5.53 drift=0.000 hips_y=0.61..0.77 end_y=0.62 foot_min=0.16 seam=0.0deg(headfront)
PASS: zombie_bloater walk stays in place (drift 0.00 m)
PASS: zombie_bloater walk loops without a seam (0.0 deg on headfront)
PASS: zombie_bloater walk keeps the feet above the floor (lowest 0.16 m)
CLIP_AUDIT zombie_bloater walk2 len=4.13 drift=0.000 hips_y=0.70..0.74 end_y=0.72 foot_min=0.15 seam=0.0deg(LeftUpLeg)
PASS: zombie_bloater walk2 stays in place (drift 0.00 m)
PASS: zombie_bloater walk2 loops without a seam (0.0 deg on LeftUpLeg)
PASS: zombie_bloater walk2 keeps the feet above the floor (lowest 0.15 m)
CLIP_AUDIT zombie_titan attack len=3.03 drift=0.000 hips_y=0.45..0.85 end_y=0.81 foot_min=0.13 seam=1.1deg(LeftFoot)
PASS: zombie_titan attack keeps the feet above the floor (lowest 0.13 m)
CLIP_AUDIT zombie_titan attack2 len=1.87 drift=0.000 hips_y=0.84..1.08 end_y=0.93 foot_min=0.20 seam=105.1deg(LeftUpLeg)
PASS: zombie_titan attack2 keeps the feet above the floor (lowest 0.20 m)
CLIP_AUDIT zombie_titan death len=2.27 drift=0.824 hips_y=0.06..0.93 end_y=0.06 foot_min=0.04 seam=91.5deg(Hips)
PASS: zombie_titan death ends on the ground (hips at 0.06 m)
PASS: zombie_titan death keeps the feet above the floor (lowest 0.04 m)
CLIP_AUDIT zombie_titan death2 len=2.23 drift=1.200 hips_y=0.19..0.93 end_y=0.19 foot_min=0.03 seam=129.0deg(Hips)
PASS: zombie_titan death2 ends on the ground (hips at 0.19 m)
PASS: zombie_titan death2 keeps the feet above the floor (lowest 0.03 m)
CLIP_AUDIT zombie_titan idle len=1.43 drift=0.000 hips_y=0.95..1.03 end_y=1.01 foot_min=0.20 seam=0.1deg(Head)
PASS: zombie_titan idle stays in place (drift 0.00 m)
PASS: zombie_titan idle loops without a seam (0.1 deg on Head)
PASS: zombie_titan idle keeps the feet above the floor (lowest 0.20 m)
CLIP_AUDIT zombie_titan scream len=2.83 drift=0.000 hips_y=0.67..0.94 end_y=0.93 foot_min=0.12 seam=0.7deg(LeftUpLeg)
PASS: zombie_titan scream keeps the feet above the floor (lowest 0.12 m)
CLIP_AUDIT zombie_titan walk len=5.53 drift=0.000 hips_y=0.84..1.06 end_y=0.85 foot_min=0.20 seam=0.1deg(RightForeArm)
PASS: zombie_titan walk stays in place (drift 0.00 m)
PASS: zombie_titan walk loops without a seam (0.1 deg on RightForeArm)
PASS: zombie_titan walk keeps the feet above the floor (lowest 0.20 m)
CLIP_AUDIT zombie_titan walk2 len=4.13 drift=0.000 hips_y=1.00..1.04 end_y=1.00 foot_min=0.21 seam=0.0deg(RightForeArm)
PASS: zombie_titan walk2 stays in place (drift 0.00 m)
PASS: zombie_titan walk2 loops without a seam (0.0 deg on RightForeArm)
PASS: zombie_titan walk2 keeps the feet above the floor (lowest 0.21 m)
CLIP_AUDIT zombie_shambler attack len=3.50 drift=0.000 hips_y=0.77..0.85 end_y=0.84 foot_min=0.11 seam=2.4deg(LeftUpLeg)
PASS: zombie_shambler attack keeps the feet above the floor (lowest 0.11 m)
CLIP_AUDIT zombie_shambler attack2 len=3.23 drift=0.000 hips_y=0.83..0.92 end_y=0.84 foot_min=0.18 seam=1.0deg(LeftFoot)
PASS: zombie_shambler attack2 keeps the feet above the floor (lowest 0.18 m)
CLIP_AUDIT zombie_shambler death len=2.23 drift=1.087 hips_y=0.16..0.90 end_y=0.16 foot_min=0.06 seam=129.5deg(Hips)
PASS: zombie_shambler death ends on the ground (hips at 0.16 m)
PASS: zombie_shambler death keeps the feet above the floor (lowest 0.06 m)
CLIP_AUDIT zombie_shambler death2 len=2.27 drift=0.838 hips_y=0.13..0.87 end_y=0.13 foot_min=0.05 seam=90.6deg(Hips)
PASS: zombie_shambler death2 ends on the ground (hips at 0.13 m)
PASS: zombie_shambler death2 keeps the feet above the floor (lowest 0.05 m)
CLIP_AUDIT zombie_shambler death3 len=3.53 drift=1.254 hips_y=0.10..0.98 end_y=0.11 foot_min=0.07 seam=102.7deg(LeftArm)
PASS: zombie_shambler death3 ends on the ground (hips at 0.11 m)
PASS: zombie_shambler death3 keeps the feet above the floor (lowest 0.07 m)
CLIP_AUDIT zombie_shambler death4 len=4.47 drift=1.109 hips_y=0.12..0.97 end_y=0.13 foot_min=0.06 seam=95.0deg(Hips)
PASS: zombie_shambler death4 ends on the ground (hips at 0.13 m)
PASS: zombie_shambler death4 keeps the feet above the floor (lowest 0.06 m)
CLIP_AUDIT zombie_shambler death5 len=3.53 drift=1.081 hips_y=0.15..1.02 end_y=0.16 foot_min=0.07 seam=121.7deg(Hips)
PASS: zombie_shambler death5 ends on the ground (hips at 0.16 m)
PASS: zombie_shambler death5 keeps the feet above the floor (lowest 0.07 m)
CLIP_AUDIT zombie_shambler hit len=1.67 drift=0.000 hips_y=0.83..0.89 end_y=0.89 foot_min=0.12 seam=1.2deg(RightUpLeg)
PASS: zombie_shambler hit keeps the feet above the floor (lowest 0.12 m)
CLIP_AUDIT zombie_shambler hit2 len=3.03 drift=0.000 hips_y=0.95..0.99 end_y=0.99 foot_min=0.20 seam=64.8deg(LeftArm)
PASS: zombie_shambler hit2 keeps the feet above the floor (lowest 0.20 m)
CLIP_AUDIT zombie_shambler idle len=4.03 drift=0.000 hips_y=0.91..0.95 end_y=0.94 foot_min=0.11 seam=0.0deg(RightUpLeg)
PASS: zombie_shambler idle stays in place (drift 0.00 m)
PASS: zombie_shambler idle loops without a seam (0.0 deg on RightUpLeg)
PASS: zombie_shambler idle keeps the feet above the floor (lowest 0.11 m)
CLIP_AUDIT zombie_shambler scream len=2.83 drift=0.000 hips_y=0.62..0.88 end_y=0.88 foot_min=0.11 seam=0.7deg(LeftUpLeg)
PASS: zombie_shambler scream keeps the feet above the floor (lowest 0.11 m)
CLIP_AUDIT zombie_shambler walk len=4.13 drift=0.000 hips_y=0.93..0.97 end_y=0.94 foot_min=0.18 seam=0.0deg(LeftLeg)
PASS: zombie_shambler walk stays in place (drift 0.00 m)
PASS: zombie_shambler walk loops without a seam (0.0 deg on LeftLeg)
PASS: zombie_shambler walk keeps the feet above the floor (lowest 0.18 m)
CLIP_AUDIT zombie_shambler walk2 len=1.70 drift=0.000 hips_y=0.80..1.03 end_y=0.87 foot_min=0.11 seam=0.0deg(RightLeg)
PASS: zombie_shambler walk2 stays in place (drift 0.00 m)
PASS: zombie_shambler walk2 loops without a seam (0.0 deg on RightLeg)
PASS: zombie_shambler walk2 keeps the feet above the floor (lowest 0.11 m)
CLIP_AUDIT zombie_farmer attack len=3.50 drift=0.000 hips_y=0.81..0.88 end_y=0.87 foot_min=0.10 seam=2.8deg(LeftUpLeg)
PASS: zombie_farmer attack keeps the feet above the floor (lowest 0.10 m)
CLIP_AUDIT zombie_farmer attack2 len=3.23 drift=0.000 hips_y=0.86..0.94 end_y=0.86 foot_min=0.17 seam=0.9deg(LeftFoot)
PASS: zombie_farmer attack2 keeps the feet above the floor (lowest 0.17 m)
CLIP_AUDIT zombie_farmer death len=2.23 drift=1.112 hips_y=0.15..0.93 end_y=0.15 foot_min=0.03 seam=129.4deg(Hips)
PASS: zombie_farmer death ends on the ground (hips at 0.15 m)
PASS: zombie_farmer death keeps the feet above the floor (lowest 0.03 m)
CLIP_AUDIT zombie_farmer death2 len=2.27 drift=0.873 hips_y=0.13..0.91 end_y=0.13 foot_min=0.06 seam=91.0deg(Hips)
PASS: zombie_farmer death2 ends on the ground (hips at 0.13 m)
PASS: zombie_farmer death2 keeps the feet above the floor (lowest 0.06 m)
CLIP_AUDIT zombie_farmer death3 len=3.53 drift=1.306 hips_y=0.12..1.01 end_y=0.13 foot_min=0.10 seam=104.1deg(LeftArm)
PASS: zombie_farmer death3 ends on the ground (hips at 0.13 m)
PASS: zombie_farmer death3 keeps the feet above the floor (lowest 0.10 m)
CLIP_AUDIT zombie_farmer death4 len=4.47 drift=1.153 hips_y=0.13..1.00 end_y=0.13 foot_min=0.05 seam=94.9deg(Hips)
PASS: zombie_farmer death4 ends on the ground (hips at 0.13 m)
PASS: zombie_farmer death4 keeps the feet above the floor (lowest 0.05 m)
CLIP_AUDIT zombie_farmer death5 len=3.53 drift=1.117 hips_y=0.15..1.06 end_y=0.16 foot_min=0.06 seam=121.4deg(Hips)
PASS: zombie_farmer death5 ends on the ground (hips at 0.16 m)
PASS: zombie_farmer death5 keeps the feet above the floor (lowest 0.06 m)
CLIP_AUDIT zombie_farmer hit len=1.67 drift=0.000 hips_y=0.85..0.92 end_y=0.92 foot_min=0.10 seam=3.3deg(RightLeg)
PASS: zombie_farmer hit keeps the feet above the floor (lowest 0.10 m)
CLIP_AUDIT zombie_farmer hit2 len=3.03 drift=0.000 hips_y=0.98..1.03 end_y=1.02 foot_min=0.19 seam=65.6deg(LeftArm)
PASS: zombie_farmer hit2 keeps the feet above the floor (lowest 0.19 m)
CLIP_AUDIT zombie_farmer idle len=4.03 drift=0.000 hips_y=0.96..0.99 end_y=0.98 foot_min=0.10 seam=0.1deg(LeftUpLeg)
PASS: zombie_farmer idle stays in place (drift 0.00 m)
PASS: zombie_farmer idle loops without a seam (0.1 deg on LeftUpLeg)
PASS: zombie_farmer idle keeps the feet above the floor (lowest 0.10 m)
CLIP_AUDIT zombie_farmer scream len=2.83 drift=0.000 hips_y=0.64..0.92 end_y=0.91 foot_min=0.10 seam=0.7deg(RightHand)
PASS: zombie_farmer scream keeps the feet above the floor (lowest 0.10 m)
CLIP_AUDIT zombie_farmer walk len=4.13 drift=0.000 hips_y=0.96..1.01 end_y=0.97 foot_min=0.18 seam=0.0deg(Hips)
PASS: zombie_farmer walk stays in place (drift 0.00 m)
PASS: zombie_farmer walk loops without a seam (0.0 deg on Hips)
PASS: zombie_farmer walk keeps the feet above the floor (lowest 0.18 m)
CLIP_AUDIT zombie_farmer walk2 len=1.70 drift=0.000 hips_y=0.82..1.06 end_y=0.89 foot_min=0.10 seam=0.1deg(RightArm)
PASS: zombie_farmer walk2 stays in place (drift 0.00 m)
PASS: zombie_farmer walk2 loops without a seam (0.1 deg on RightArm)
PASS: zombie_farmer walk2 keeps the feet above the floor (lowest 0.10 m)
CLIP_AUDIT zombie_hiker attack len=3.50 drift=0.000 hips_y=0.81..0.87 end_y=0.87 foot_min=0.11 seam=2.1deg(LeftFoot)
PASS: zombie_hiker attack keeps the feet above the floor (lowest 0.11 m)
CLIP_AUDIT zombie_hiker attack2 len=3.23 drift=0.000 hips_y=0.85..0.94 end_y=0.85 foot_min=0.16 seam=1.6deg(LeftFoot)
PASS: zombie_hiker attack2 keeps the feet above the floor (lowest 0.16 m)
CLIP_AUDIT zombie_hiker death len=2.23 drift=1.049 hips_y=0.12..0.95 end_y=0.12 foot_min=0.02 seam=129.4deg(Hips)
PASS: zombie_hiker death ends on the ground (hips at 0.12 m)
PASS: zombie_hiker death keeps the feet above the floor (lowest 0.02 m)
CLIP_AUDIT zombie_hiker death2 len=2.27 drift=0.910 hips_y=0.19..0.90 end_y=0.19 foot_min=0.11 seam=91.3deg(Hips)
PASS: zombie_hiker death2 ends on the ground (hips at 0.19 m)
PASS: zombie_hiker death2 keeps the feet above the floor (lowest 0.11 m)
CLIP_AUDIT zombie_hiker death3 len=3.53 drift=1.367 hips_y=0.15..1.01 end_y=0.16 foot_min=0.13 seam=103.3deg(LeftArm)
PASS: zombie_hiker death3 ends on the ground (hips at 0.16 m)
PASS: zombie_hiker death3 keeps the feet above the floor (lowest 0.13 m)
CLIP_AUDIT zombie_hiker death4 len=4.47 drift=1.211 hips_y=0.17..1.00 end_y=0.17 foot_min=0.12 seam=95.8deg(Hips)
PASS: zombie_hiker death4 ends on the ground (hips at 0.17 m)
PASS: zombie_hiker death4 keeps the feet above the floor (lowest 0.12 m)
CLIP_AUDIT zombie_hiker death5 len=3.53 drift=1.046 hips_y=0.17..1.03 end_y=0.17 foot_min=0.02 seam=121.1deg(Hips)
PASS: zombie_hiker death5 ends on the ground (hips at 0.17 m)
PASS: zombie_hiker death5 keeps the feet above the floor (lowest 0.02 m)
CLIP_AUDIT zombie_hiker hit len=1.67 drift=0.000 hips_y=0.85..0.91 end_y=0.91 foot_min=0.11 seam=1.3deg(RightUpLeg)
PASS: zombie_hiker hit keeps the feet above the floor (lowest 0.11 m)
CLIP_AUDIT zombie_hiker hit2 len=3.03 drift=0.000 hips_y=0.97..1.03 end_y=1.01 foot_min=0.20 seam=66.2deg(LeftArm)
PASS: zombie_hiker hit2 keeps the feet above the floor (lowest 0.20 m)
CLIP_AUDIT zombie_hiker idle len=4.03 drift=0.000 hips_y=0.94..0.98 end_y=0.97 foot_min=0.09 seam=0.0deg(-)
PASS: zombie_hiker idle stays in place (drift 0.00 m)
PASS: zombie_hiker idle loops without a seam (0.0 deg on -)
PASS: zombie_hiker idle keeps the feet above the floor (lowest 0.09 m)
CLIP_AUDIT zombie_hiker scream len=2.83 drift=0.000 hips_y=0.62..0.91 end_y=0.90 foot_min=0.10 seam=0.7deg(LeftUpLeg)
PASS: zombie_hiker scream keeps the feet above the floor (lowest 0.10 m)
CLIP_AUDIT zombie_hiker walk len=4.13 drift=0.000 hips_y=0.95..0.99 end_y=0.95 foot_min=0.17 seam=0.0deg(RightLeg)
PASS: zombie_hiker walk stays in place (drift 0.00 m)
PASS: zombie_hiker walk loops without a seam (0.0 deg on RightLeg)
PASS: zombie_hiker walk keeps the feet above the floor (lowest 0.17 m)
CLIP_AUDIT zombie_hiker walk2 len=1.70 drift=0.000 hips_y=0.82..1.02 end_y=0.89 foot_min=0.10 seam=0.0deg(-)
PASS: zombie_hiker walk2 stays in place (drift 0.00 m)
PASS: zombie_hiker walk2 loops without a seam (0.0 deg on -)
PASS: zombie_hiker walk2 keeps the feet above the floor (lowest 0.10 m)
CLIP_AUDIT zombie_grandma attack len=3.50 drift=0.000 hips_y=0.77..0.84 end_y=0.83 foot_min=0.08 seam=1.4deg(LeftFoot)
PASS: zombie_grandma attack keeps the feet above the floor (lowest 0.08 m)
CLIP_AUDIT zombie_grandma attack2 len=3.23 drift=0.000 hips_y=0.82..0.91 end_y=0.83 foot_min=0.14 seam=1.1deg(LeftUpLeg)
PASS: zombie_grandma attack2 keeps the feet above the floor (lowest 0.14 m)
CLIP_AUDIT zombie_grandma death len=2.23 drift=1.096 hips_y=0.16..0.89 end_y=0.16 foot_min=0.03 seam=129.3deg(Hips)
PASS: zombie_grandma death ends on the ground (hips at 0.16 m)
PASS: zombie_grandma death keeps the feet above the floor (lowest 0.03 m)
CLIP_AUDIT zombie_grandma death2 len=2.27 drift=0.804 hips_y=0.11..0.86 end_y=0.11 foot_min=0.07 seam=90.9deg(Hips)
PASS: zombie_grandma death2 ends on the ground (hips at 0.11 m)
PASS: zombie_grandma death2 keeps the feet above the floor (lowest 0.07 m)
CLIP_AUDIT zombie_grandma death3 len=3.53 drift=1.218 hips_y=0.09..0.97 end_y=0.10 foot_min=0.11 seam=102.6deg(LeftArm)
PASS: zombie_grandma death3 ends on the ground (hips at 0.10 m)
PASS: zombie_grandma death3 keeps the feet above the floor (lowest 0.11 m)
CLIP_AUDIT zombie_grandma death4 len=4.47 drift=1.071 hips_y=0.10..0.95 end_y=0.10 foot_min=0.06 seam=95.2deg(Hips)
PASS: zombie_grandma death4 ends on the ground (hips at 0.10 m)
PASS: zombie_grandma death4 keeps the feet above the floor (lowest 0.06 m)
CLIP_AUDIT zombie_grandma death5 len=3.53 drift=1.103 hips_y=0.13..1.02 end_y=0.15 foot_min=0.02 seam=122.1deg(Hips)
PASS: zombie_grandma death5 ends on the ground (hips at 0.15 m)
PASS: zombie_grandma death5 keeps the feet above the floor (lowest 0.02 m)
CLIP_AUDIT zombie_grandma hit len=1.67 drift=0.000 hips_y=0.82..0.88 end_y=0.88 foot_min=0.10 seam=1.1deg(RightUpLeg)
PASS: zombie_grandma hit keeps the feet above the floor (lowest 0.10 m)
CLIP_AUDIT zombie_grandma hit2 len=3.03 drift=0.000 hips_y=0.94..0.98 end_y=0.97 foot_min=0.18 seam=64.7deg(LeftArm)
PASS: zombie_grandma hit2 keeps the feet above the floor (lowest 0.18 m)
CLIP_AUDIT zombie_grandma idle len=4.03 drift=0.000 hips_y=0.90..0.94 end_y=0.93 foot_min=0.08 seam=0.0deg(Spine01)
PASS: zombie_grandma idle stays in place (drift 0.00 m)
PASS: zombie_grandma idle loops without a seam (0.0 deg on Spine01)
PASS: zombie_grandma idle keeps the feet above the floor (lowest 0.08 m)
CLIP_AUDIT zombie_grandma scream len=2.83 drift=0.000 hips_y=0.63..0.87 end_y=0.86 foot_min=0.09 seam=0.7deg(LeftUpLeg)
PASS: zombie_grandma scream keeps the feet above the floor (lowest 0.09 m)
CLIP_AUDIT zombie_grandma walk len=4.13 drift=0.000 hips_y=0.92..0.96 end_y=0.93 foot_min=0.17 seam=0.0deg(-)
PASS: zombie_grandma walk stays in place (drift 0.00 m)
PASS: zombie_grandma walk loops without a seam (0.0 deg on -)
PASS: zombie_grandma walk keeps the feet above the floor (lowest 0.17 m)
CLIP_AUDIT zombie_grandma walk2 len=2.90 drift=0.000 hips_y=0.84..0.88 end_y=0.86 foot_min=0.10 seam=0.1deg(RightToeBase)
PASS: zombie_grandma walk2 stays in place (drift 0.00 m)
PASS: zombie_grandma walk2 loops without a seam (0.1 deg on RightToeBase)
PASS: zombie_grandma walk2 keeps the feet above the floor (lowest 0.10 m)
CLIP_AUDIT zombie_runner attack len=3.50 drift=0.000 hips_y=0.78..0.85 end_y=0.85 foot_min=0.10 seam=2.0deg(LeftUpLeg)
PASS: zombie_runner attack keeps the feet above the floor (lowest 0.10 m)
CLIP_AUDIT zombie_runner attack2 len=2.50 drift=0.000 hips_y=0.76..0.88 end_y=0.86 foot_min=0.12 seam=1.0deg(LeftUpLeg)
PASS: zombie_runner attack2 keeps the feet above the floor (lowest 0.12 m)
CLIP_AUDIT zombie_runner death len=2.23 drift=1.096 hips_y=0.15..0.91 end_y=0.15 foot_min=0.06 seam=129.2deg(Hips)
PASS: zombie_runner death ends on the ground (hips at 0.15 m)
PASS: zombie_runner death keeps the feet above the floor (lowest 0.06 m)
CLIP_AUDIT zombie_runner death2 len=3.53 drift=1.273 hips_y=0.11..0.99 end_y=0.12 foot_min=0.09 seam=103.1deg(LeftArm)
PASS: zombie_runner death2 ends on the ground (hips at 0.12 m)
PASS: zombie_runner death2 keeps the feet above the floor (lowest 0.09 m)
CLIP_AUDIT zombie_runner death3 len=2.27 drift=0.852 hips_y=0.14..0.89 end_y=0.14 foot_min=0.08 seam=90.6deg(Hips)
PASS: zombie_runner death3 ends on the ground (hips at 0.14 m)
PASS: zombie_runner death3 keeps the feet above the floor (lowest 0.08 m)
CLIP_AUDIT zombie_runner death4 len=4.47 drift=1.124 hips_y=0.13..0.98 end_y=0.13 foot_min=0.08 seam=95.0deg(Hips)
PASS: zombie_runner death4 ends on the ground (hips at 0.13 m)
PASS: zombie_runner death4 keeps the feet above the floor (lowest 0.08 m)
CLIP_AUDIT zombie_runner death5 len=3.53 drift=1.101 hips_y=0.14..1.03 end_y=0.16 foot_min=0.05 seam=122.0deg(Hips)
PASS: zombie_runner death5 ends on the ground (hips at 0.16 m)
PASS: zombie_runner death5 keeps the feet above the floor (lowest 0.05 m)
CLIP_AUDIT zombie_runner hit len=3.03 drift=0.000 hips_y=0.96..1.00 end_y=1.00 foot_min=0.20 seam=64.6deg(LeftArm)
PASS: zombie_runner hit keeps the feet above the floor (lowest 0.20 m)
CLIP_AUDIT zombie_runner hit2 len=1.27 drift=0.000 hips_y=0.85..0.90 end_y=0.90 foot_min=0.12 seam=0.5deg(LeftArm)
PASS: zombie_runner hit2 keeps the feet above the floor (lowest 0.12 m)
CLIP_AUDIT zombie_runner idle len=5.37 drift=0.000 hips_y=0.89..0.91 end_y=0.89 foot_min=0.11 seam=0.0deg(RightArm)
PASS: zombie_runner idle stays in place (drift 0.00 m)
PASS: zombie_runner idle loops without a seam (0.0 deg on RightArm)
PASS: zombie_runner idle keeps the feet above the floor (lowest 0.11 m)
CLIP_AUDIT zombie_runner run len=0.50 drift=0.000 hips_y=0.80..0.83 end_y=0.83 foot_min=0.12 seam=0.0deg(-)
PASS: zombie_runner run stays in place (drift 0.00 m)
PASS: zombie_runner run loops without a seam (0.0 deg on -)
PASS: zombie_runner run keeps the feet above the floor (lowest 0.12 m)
CLIP_AUDIT zombie_runner scream len=2.83 drift=0.000 hips_y=0.62..0.89 end_y=0.89 foot_min=0.10 seam=0.7deg(LeftUpLeg)
PASS: zombie_runner scream keeps the feet above the floor (lowest 0.10 m)
CLIP_AUDIT zombie_runner walk len=3.00 drift=0.000 hips_y=0.89..0.95 end_y=0.89 foot_min=0.17 seam=0.0deg(Head)
PASS: zombie_runner walk stays in place (drift 0.00 m)
PASS: zombie_runner walk loops without a seam (0.0 deg on Head)
PASS: zombie_runner walk keeps the feet above the floor (lowest 0.17 m)
CLIP_AUDIT zombie_jogger attack len=3.50 drift=0.000 hips_y=0.82..0.89 end_y=0.88 foot_min=0.12 seam=2.3deg(LeftUpLeg)
PASS: zombie_jogger attack keeps the feet above the floor (lowest 0.12 m)
CLIP_AUDIT zombie_jogger attack2 len=2.50 drift=0.000 hips_y=0.79..0.92 end_y=0.90 foot_min=0.12 seam=1.4deg(LeftUpLeg)
PASS: zombie_jogger attack2 keeps the feet above the floor (lowest 0.12 m)
CLIP_AUDIT zombie_jogger death len=2.23 drift=1.133 hips_y=0.15..0.94 end_y=0.15 foot_min=0.05 seam=129.5deg(Hips)
PASS: zombie_jogger death ends on the ground (hips at 0.15 m)
PASS: zombie_jogger death keeps the feet above the floor (lowest 0.05 m)
CLIP_AUDIT zombie_jogger death2 len=3.53 drift=1.313 hips_y=0.12..1.02 end_y=0.13 foot_min=0.09 seam=103.4deg(LeftArm)
PASS: zombie_jogger death2 ends on the ground (hips at 0.13 m)
PASS: zombie_jogger death2 keeps the feet above the floor (lowest 0.09 m)
CLIP_AUDIT zombie_jogger death3 len=2.27 drift=0.876 hips_y=0.13..0.92 end_y=0.13 foot_min=0.05 seam=90.9deg(Hips)
PASS: zombie_jogger death3 ends on the ground (hips at 0.13 m)
PASS: zombie_jogger death3 keeps the feet above the floor (lowest 0.05 m)
CLIP_AUDIT zombie_jogger death4 len=4.47 drift=1.157 hips_y=0.13..1.02 end_y=0.13 foot_min=0.06 seam=94.9deg(Hips)
PASS: zombie_jogger death4 ends on the ground (hips at 0.13 m)
PASS: zombie_jogger death4 keeps the feet above the floor (lowest 0.06 m)
CLIP_AUDIT zombie_jogger death5 len=3.53 drift=1.136 hips_y=0.15..1.08 end_y=0.16 foot_min=0.07 seam=121.5deg(Hips)
PASS: zombie_jogger death5 ends on the ground (hips at 0.16 m)
PASS: zombie_jogger death5 keeps the feet above the floor (lowest 0.07 m)
CLIP_AUDIT zombie_jogger hit len=3.03 drift=0.000 hips_y=0.99..1.04 end_y=1.03 foot_min=0.21 seam=65.0deg(LeftArm)
PASS: zombie_jogger hit keeps the feet above the floor (lowest 0.21 m)
CLIP_AUDIT zombie_jogger hit2 len=1.27 drift=0.000 hips_y=0.89..0.94 end_y=0.94 foot_min=0.13 seam=0.5deg(LeftArm)
PASS: zombie_jogger hit2 keeps the feet above the floor (lowest 0.13 m)
CLIP_AUDIT zombie_jogger idle len=5.37 drift=0.000 hips_y=0.92..0.94 end_y=0.92 foot_min=0.13 seam=0.0deg(-)
PASS: zombie_jogger idle stays in place (drift 0.00 m)
PASS: zombie_jogger idle loops without a seam (0.0 deg on -)
PASS: zombie_jogger idle keeps the feet above the floor (lowest 0.13 m)
CLIP_AUDIT zombie_jogger run len=0.57 drift=0.000 hips_y=0.91..0.95 end_y=0.92 foot_min=0.17 seam=0.0deg(RightFoot)
PASS: zombie_jogger run stays in place (drift 0.00 m)
PASS: zombie_jogger run loops without a seam (0.0 deg on RightFoot)
PASS: zombie_jogger run keeps the feet above the floor (lowest 0.17 m)
CLIP_AUDIT zombie_jogger scream len=2.83 drift=0.000 hips_y=0.65..0.93 end_y=0.92 foot_min=0.12 seam=0.7deg(LeftUpLeg)
PASS: zombie_jogger scream keeps the feet above the floor (lowest 0.12 m)
CLIP_AUDIT zombie_jogger walk len=3.00 drift=0.000 hips_y=0.92..0.99 end_y=0.92 foot_min=0.19 seam=0.0deg(-)
PASS: zombie_jogger walk stays in place (drift 0.00 m)
PASS: zombie_jogger walk loops without a seam (0.0 deg on -)
PASS: zombie_jogger walk keeps the feet above the floor (lowest 0.19 m)
CLIP_AUDIT zombie_nurse attack len=3.50 drift=0.000 hips_y=0.78..0.85 end_y=0.84 foot_min=0.11 seam=2.2deg(LeftUpLeg)
PASS: zombie_nurse attack keeps the feet above the floor (lowest 0.11 m)
CLIP_AUDIT zombie_nurse attack2 len=2.50 drift=0.000 hips_y=0.76..0.88 end_y=0.86 foot_min=0.11 seam=1.8deg(LeftUpLeg)
PASS: zombie_nurse attack2 keeps the feet above the floor (lowest 0.11 m)
CLIP_AUDIT zombie_nurse death len=2.23 drift=1.089 hips_y=0.14..0.90 end_y=0.14 foot_min=0.01 seam=129.4deg(Hips)
PASS: zombie_nurse death ends on the ground (hips at 0.14 m)
PASS: zombie_nurse death keeps the feet above the floor (lowest 0.01 m)
CLIP_AUDIT zombie_nurse death2 len=3.53 drift=1.247 hips_y=0.13..0.98 end_y=0.13 foot_min=0.11 seam=103.3deg(LeftArm)
PASS: zombie_nurse death2 ends on the ground (hips at 0.13 m)
PASS: zombie_nurse death2 keeps the feet above the floor (lowest 0.11 m)
CLIP_AUDIT zombie_nurse death3 len=2.27 drift=0.844 hips_y=0.13..0.88 end_y=0.13 foot_min=0.05 seam=91.0deg(Hips)
PASS: zombie_nurse death3 ends on the ground (hips at 0.13 m)
PASS: zombie_nurse death3 keeps the feet above the floor (lowest 0.05 m)
CLIP_AUDIT zombie_nurse death4 len=4.47 drift=1.105 hips_y=0.13..0.97 end_y=0.13 foot_min=0.04 seam=94.7deg(Hips)
PASS: zombie_nurse death4 ends on the ground (hips at 0.13 m)
PASS: zombie_nurse death4 keeps the feet above the floor (lowest 0.04 m)
CLIP_AUDIT zombie_nurse death5 len=3.53 drift=1.101 hips_y=0.14..1.03 end_y=0.15 foot_min=0.04 seam=122.2deg(Hips)
PASS: zombie_nurse death5 ends on the ground (hips at 0.15 m)
PASS: zombie_nurse death5 keeps the feet above the floor (lowest 0.04 m)
CLIP_AUDIT zombie_nurse hit len=3.03 drift=0.000 hips_y=0.95..0.99 end_y=0.98 foot_min=0.19 seam=64.9deg(LeftArm)
PASS: zombie_nurse hit keeps the feet above the floor (lowest 0.19 m)
CLIP_AUDIT zombie_nurse hit2 len=1.27 drift=0.000 hips_y=0.86..0.89 end_y=0.89 foot_min=0.12 seam=0.5deg(LeftArm)
PASS: zombie_nurse hit2 keeps the feet above the floor (lowest 0.12 m)
CLIP_AUDIT zombie_nurse idle len=5.37 drift=0.000 hips_y=0.88..0.90 end_y=0.88 foot_min=0.12 seam=0.1deg(RightFoot)
PASS: zombie_nurse idle stays in place (drift 0.00 m)
PASS: zombie_nurse idle loops without a seam (0.1 deg on RightFoot)
PASS: zombie_nurse idle keeps the feet above the floor (lowest 0.12 m)
CLIP_AUDIT zombie_nurse run len=0.67 drift=0.000 hips_y=0.83..0.89 end_y=0.84 foot_min=0.11 seam=0.0deg(-)
PASS: zombie_nurse run stays in place (drift 0.00 m)
PASS: zombie_nurse run loops without a seam (0.0 deg on -)
PASS: zombie_nurse run keeps the feet above the floor (lowest 0.11 m)
CLIP_AUDIT zombie_nurse scream len=2.83 drift=0.000 hips_y=0.63..0.89 end_y=0.88 foot_min=0.11 seam=0.7deg(LeftUpLeg)
PASS: zombie_nurse scream keeps the feet above the floor (lowest 0.11 m)
CLIP_AUDIT zombie_nurse walk len=3.00 drift=0.000 hips_y=0.89..0.95 end_y=0.89 foot_min=0.17 seam=0.1deg(LeftArm)
PASS: zombie_nurse walk stays in place (drift 0.00 m)
PASS: zombie_nurse walk loops without a seam (0.1 deg on LeftArm)
PASS: zombie_nurse walk keeps the feet above the floor (lowest 0.17 m)
CLIP_AUDIT zombie_soldier attack len=3.50 drift=0.000 hips_y=0.80..0.87 end_y=0.87 foot_min=0.12 seam=2.5deg(LeftUpLeg)
PASS: zombie_soldier attack keeps the feet above the floor (lowest 0.12 m)
CLIP_AUDIT zombie_soldier attack2 len=3.23 drift=0.000 hips_y=0.86..0.94 end_y=0.86 foot_min=0.19 seam=0.9deg(LeftFoot)
PASS: zombie_soldier attack2 keeps the feet above the floor (lowest 0.19 m)
CLIP_AUDIT zombie_soldier death len=2.23 drift=1.117 hips_y=0.15..0.93 end_y=0.15 foot_min=0.05 seam=129.4deg(Hips)
PASS: zombie_soldier death ends on the ground (hips at 0.15 m)
PASS: zombie_soldier death keeps the feet above the floor (lowest 0.05 m)
CLIP_AUDIT zombie_soldier death2 len=2.27 drift=0.871 hips_y=0.13..0.90 end_y=0.13 foot_min=0.07 seam=91.0deg(Hips)
PASS: zombie_soldier death2 ends on the ground (hips at 0.13 m)
PASS: zombie_soldier death2 keeps the feet above the floor (lowest 0.07 m)
CLIP_AUDIT zombie_soldier death3 len=3.53 drift=1.296 hips_y=0.12..1.01 end_y=0.13 foot_min=0.11 seam=103.3deg(LeftArm)
PASS: zombie_soldier death3 ends on the ground (hips at 0.13 m)
PASS: zombie_soldier death3 keeps the feet above the floor (lowest 0.11 m)
CLIP_AUDIT zombie_soldier death4 len=4.47 drift=1.145 hips_y=0.13..1.00 end_y=0.14 foot_min=0.07 seam=94.6deg(Hips)
PASS: zombie_soldier death4 ends on the ground (hips at 0.14 m)
PASS: zombie_soldier death4 keeps the feet above the floor (lowest 0.07 m)
CLIP_AUDIT zombie_soldier death5 len=3.53 drift=1.130 hips_y=0.14..1.06 end_y=0.16 foot_min=0.07 seam=122.1deg(Hips)
PASS: zombie_soldier death5 ends on the ground (hips at 0.16 m)
PASS: zombie_soldier death5 keeps the feet above the floor (lowest 0.07 m)
CLIP_AUDIT zombie_soldier hit len=1.67 drift=0.000 hips_y=0.85..0.92 end_y=0.92 foot_min=0.12 seam=2.1deg(RightUpLeg)
PASS: zombie_soldier hit keeps the feet above the floor (lowest 0.12 m)
CLIP_AUDIT zombie_soldier hit2 len=3.03 drift=0.000 hips_y=0.98..1.02 end_y=1.01 foot_min=0.21 seam=65.3deg(LeftArm)
PASS: zombie_soldier hit2 keeps the feet above the floor (lowest 0.21 m)
CLIP_AUDIT zombie_soldier idle len=4.03 drift=0.000 hips_y=0.95..0.99 end_y=0.98 foot_min=0.12 seam=0.0deg(RightLeg)
PASS: zombie_soldier idle stays in place (drift 0.00 m)
PASS: zombie_soldier idle loops without a seam (0.0 deg on RightLeg)
PASS: zombie_soldier idle keeps the feet above the floor (lowest 0.12 m)
CLIP_AUDIT zombie_soldier scream len=2.83 drift=0.000 hips_y=0.64..0.92 end_y=0.91 foot_min=0.11 seam=0.7deg(LeftUpLeg)
PASS: zombie_soldier scream keeps the feet above the floor (lowest 0.11 m)
CLIP_AUDIT zombie_soldier walk len=4.13 drift=0.000 hips_y=0.96..1.01 end_y=0.97 foot_min=0.19 seam=0.1deg(LeftToeBase)
PASS: zombie_soldier walk stays in place (drift 0.00 m)
PASS: zombie_soldier walk loops without a seam (0.1 deg on LeftToeBase)
PASS: zombie_soldier walk keeps the feet above the floor (lowest 0.19 m)
CLIP_AUDIT zombie_soldier walk2 len=1.70 drift=0.000 hips_y=0.82..1.06 end_y=0.90 foot_min=0.12 seam=0.0deg(RightArm)
PASS: zombie_soldier walk2 stays in place (drift 0.00 m)
PASS: zombie_soldier walk2 loops without a seam (0.0 deg on RightArm)
PASS: zombie_soldier walk2 keeps the feet above the floor (lowest 0.12 m)
CLIP_AUDIT zombie_forester attack len=3.50 drift=0.000 hips_y=0.76..0.83 end_y=0.82 foot_min=0.08 seam=1.6deg(LeftUpLeg)
PASS: zombie_forester attack keeps the feet above the floor (lowest 0.08 m)
CLIP_AUDIT zombie_forester attack2 len=3.23 drift=0.000 hips_y=0.81..0.89 end_y=0.82 foot_min=0.15 seam=1.0deg(RightLeg)
PASS: zombie_forester attack2 keeps the feet above the floor (lowest 0.15 m)
CLIP_AUDIT zombie_forester death len=2.23 drift=1.064 hips_y=0.14..0.88 end_y=0.14 foot_min=0.05 seam=129.3deg(Hips)
PASS: zombie_forester death ends on the ground (hips at 0.14 m)
PASS: zombie_forester death keeps the feet above the floor (lowest 0.05 m)
CLIP_AUDIT zombie_forester death2 len=2.27 drift=0.820 hips_y=0.13..0.85 end_y=0.13 foot_min=0.05 seam=91.0deg(Hips)
PASS: zombie_forester death2 ends on the ground (hips at 0.13 m)
PASS: zombie_forester death2 keeps the feet above the floor (lowest 0.05 m)
CLIP_AUDIT zombie_forester death3 len=3.53 drift=1.230 hips_y=0.11..0.96 end_y=0.12 foot_min=0.08 seam=102.8deg(LeftArm)
PASS: zombie_forester death3 ends on the ground (hips at 0.12 m)
PASS: zombie_forester death3 keeps the feet above the floor (lowest 0.08 m)
CLIP_AUDIT zombie_forester death4 len=4.47 drift=1.086 hips_y=0.13..0.94 end_y=0.13 foot_min=0.05 seam=95.1deg(Hips)
PASS: zombie_forester death4 ends on the ground (hips at 0.13 m)
PASS: zombie_forester death4 keeps the feet above the floor (lowest 0.05 m)
CLIP_AUDIT zombie_forester death5 len=3.53 drift=1.072 hips_y=0.14..1.00 end_y=0.15 foot_min=0.03 seam=121.9deg(Hips)
PASS: zombie_forester death5 ends on the ground (hips at 0.15 m)
PASS: zombie_forester death5 keeps the feet above the floor (lowest 0.03 m)
CLIP_AUDIT zombie_forester hit len=1.67 drift=0.000 hips_y=0.81..0.87 end_y=0.87 foot_min=0.10 seam=1.4deg(RightUpLeg)
PASS: zombie_forester hit keeps the feet above the floor (lowest 0.10 m)
CLIP_AUDIT zombie_forester hit2 len=3.03 drift=0.000 hips_y=0.93..0.97 end_y=0.96 foot_min=0.17 seam=65.1deg(LeftArm)
PASS: zombie_forester hit2 keeps the feet above the floor (lowest 0.17 m)
CLIP_AUDIT zombie_forester idle len=4.03 drift=0.000 hips_y=0.89..0.93 end_y=0.92 foot_min=0.08 seam=0.1deg(LeftLeg)
PASS: zombie_forester idle stays in place (drift 0.00 m)
PASS: zombie_forester idle loops without a seam (0.1 deg on LeftLeg)
PASS: zombie_forester idle keeps the feet above the floor (lowest 0.08 m)
CLIP_AUDIT zombie_forester scream len=2.83 drift=0.000 hips_y=0.61..0.86 end_y=0.85 foot_min=0.09 seam=0.7deg(LeftUpLeg)
PASS: zombie_forester scream keeps the feet above the floor (lowest 0.09 m)
CLIP_AUDIT zombie_forester walk len=4.13 drift=0.000 hips_y=0.91..0.95 end_y=0.92 foot_min=0.16 seam=0.0deg(LeftToeBase)
PASS: zombie_forester walk stays in place (drift 0.00 m)
PASS: zombie_forester walk loops without a seam (0.0 deg on LeftToeBase)
PASS: zombie_forester walk keeps the feet above the floor (lowest 0.16 m)
CLIP_AUDIT zombie_forester walk2 len=1.70 drift=0.000 hips_y=0.78..1.00 end_y=0.84 foot_min=0.08 seam=0.0deg(-)
PASS: zombie_forester walk2 stays in place (drift 0.00 m)
PASS: zombie_forester walk2 loops without a seam (0.0 deg on -)
PASS: zombie_forester walk2 keeps the feet above the floor (lowest 0.08 m)
ZOMBIE_CLIP_AUDIT_DONE checks=272 failures=0
EXIT 0
