Godot Engine v4.7.2.stable.official.ed1daf0bf - https://godotengine.org

ERROR: Failed to read the root certificate store.
   at: get_system_ca_certificates (platform/windows/os_windows.cpp:2582)
COOP_LOAD BOOT exe=C:/Users/miche/Desktop/Godot.exe
COOP_LOAD NETWORK_INITIALIZED
RENDER_OPTIMIZER { "source_meshes": 671, "batches": 9, "removed_render_nodes": 24 }
COOP_LOAD MAP_READY
PASS: standard builds on a valid site
PASS: standard charges its advertised price
PASS: standard starts with correct type and health
PASS: standard can be mounted
PASS: standard places operator on platform
PASS: standard does not automatically fire while occupied
PASS: Personal weapons are blocked while operating standard
PASS: Nonfinite aim is rejected for standard
PASS: standard fires using manual controls
PASS: standard stops firing when control packets stop
PASS: standard cannot be rotated while occupied
PASS: standard replicates type and operator
PASS: standard dismounts safely
PASS: standard can be mounted again
PASS: standard destruction releases its operator
PASS: flame builds on a valid site
PASS: flame charges its advertised price
PASS: flame starts with correct type and health
PASS: flame can be mounted
PASS: flame places operator on platform
PASS: flame does not automatically fire while occupied
PASS: Personal weapons are blocked while operating flame
PASS: Nonfinite aim is rejected for flame
PASS: flame fires using manual controls
PASS: flame stops firing when control packets stop
PASS: flame cannot be rotated while occupied
PASS: flame replicates type and operator
PASS: flame dismounts safely
PASS: flame can be mounted again
PASS: flame destruction releases its operator
PASS: mortar builds on a valid site
PASS: mortar charges its advertised price
PASS: mortar starts with correct type and health
PASS: mortar can be mounted
PASS: mortar places operator on platform
PASS: mortar does not automatically fire while occupied
PASS: Personal weapons are blocked while operating mortar
PASS: Nonfinite aim is rejected for mortar
SCRIPT ERROR: Invalid assignment of property or key 'excluded' with value of type 'Array' on a base object of type 'Node3D (tower_shell.gd)'.
   at: DefenceTower.launch_shell (res://scripts/defence_tower.gd:336)
   GDScript backtrace (most recent call first):
       [0] launch_shell (res://scripts/defence_tower.gd:336)
       [1] fire_at (res://scripts/defence_tower.gd:288)
       [2] _physics_process (res://scripts/defence_tower.gd:246)
       [3] run (res://tests/towers.gd:64)
       [4] settle (res://tests/towers.gd:24)
PASS: mortar fires using manual controls
PASS: mortar stops firing when control packets stop
PASS: mortar cannot be rotated while occupied
PASS: mortar replicates type and operator
PASS: mortar dismounts safely
PASS: mortar can be mounted again
PASS: mortar destruction releases its operator
PASS: mg42 builds on a valid site
PASS: mg42 charges its advertised price
PASS: mg42 starts with correct type and health
PASS: mg42 can be mounted
PASS: mg42 places operator on platform
PASS: mg42 does not automatically fire while occupied
PASS: Personal weapons are blocked while operating mg42
PASS: Nonfinite aim is rejected for mg42
PASS: mg42 fires using manual controls
PASS: mg42 stops firing when control packets stop
PASS: mg42 cannot be rotated while occupied
PASS: mg42 replicates type and operator
PASS: mg42 dismounts safely
PASS: mg42 can be mounted again
PASS: mg42 destruction releases its operator
PASS: tesla builds on a valid site
PASS: tesla charges its advertised price
PASS: tesla starts with correct type and health
PASS: tesla can be mounted
PASS: tesla places operator on platform
PASS: tesla does not automatically fire while occupied
PASS: Personal weapons are blocked while operating tesla
PASS: Nonfinite aim is rejected for tesla
PASS: tesla fires using manual controls
PASS: tesla stops firing when control packets stop
PASS: tesla cannot be rotated while occupied
PASS: tesla replicates type and operator
PASS: tesla dismounts safely
PASS: tesla can be mounted again
PASS: tesla destruction releases its operator
PASS: standard deals actual damage
PASS: flame deals actual damage
PASS: flame hits multiple enemies
SCRIPT ERROR: Invalid assignment of property or key 'excluded' with value of type 'Array' on a base object of type 'Node3D (tower_shell.gd)'.
   at: DefenceTower.launch_shell (res://scripts/defence_tower.gd:336)
   GDScript backtrace (most recent call first):
       [0] launch_shell (res://scripts/defence_tower.gd:336)
       [1] fire_at (res://scripts/defence_tower.gd:288)
       [2] run (res://tests/towers.gd:93)
       [3] settle (res://tests/towers.gd:24)
ERROR: FAIL: mortar deals actual damage
   at: push_error (core/variant/variant_utility.cpp:1023)
   GDScript backtrace (most recent call first):
       [0] check (res://tests/towers.gd:20)
       [1] run (res://tests/towers.gd:95)
ERROR: FAIL: mortar hits multiple enemies
   at: push_error (core/variant/variant_utility.cpp:1023)
   GDScript backtrace (most recent call first):
       [0] check (res://tests/towers.gd:20)
       [1] run (res://tests/towers.gd:96)
PASS: mg42 deals actual damage
PASS: tesla deals actual damage
PASS: tesla hits multiple enemies
PASS: Insufficient funds reject expensive tower without charging
PASS: Unknown tower type rejected without charging
TOWERS_DONE checks=85 failures=2
