Godot Engine v4.7.2.stable.official.ed1daf0bf - https://godotengine.org

ERROR: Failed to read the root certificate store.
   at: get_system_ca_certificates (platform/windows/os_windows.cpp:2582)
[   0% ] first_scan_filesystem | Started Projektinitialisierung (5 steps)
[   0% ] first_scan_filesystem | Lese Dateistrucktur …
[  16% ] first_scan_filesystem | Globale Klassennamen laden …
[  33% ] first_scan_filesystem | Verifiziere GDExtensions…
[  50% ] first_scan_filesystem | Autoload-Skripte erzeugen …
[  66% ] first_scan_filesystem | Plugins initialisieren…
[  83% ] first_scan_filesystem | Dateiscan starten …
[ DONE ] first_scan_filesystem

[   0% ] update_scripts_classes | Started Globale Klassen registrieren … (12 steps)
[   0% ] update_scripts_classes | 
[   7% ] update_scripts_classes | DefenceSystem
[  15% ] update_scripts_classes | DefenceTower
[  23% ] update_scripts_classes | 
[  30% ] update_scripts_classes | Player
[  38% ] update_scripts_classes | 
[  46% ] update_scripts_classes | 
[  53% ] update_scripts_classes | 
[  61% ] update_scripts_classes | Weapons
[  69% ] update_scripts_classes | 
[  76% ] update_scripts_classes | 
[  84% ] update_scripts_classes | 
[ DONE ] update_scripts_classes

[   0% ] _update_scan_actions | Started Aktionen scannen … (8 steps)
[   0% ] _update_scan_actions | flame_loop.wav
[  11% ] _update_scan_actions | mg42_shot.wav
[  22% ] _update_scan_actions | mortar_shot.wav
[  33% ] _update_scan_actions | tesla_shot.wav
[  44% ] _update_scan_actions | mara_sfx_good_evening.mp3
[  55% ] _update_scan_actions | mara_sfx_good_morning.mp3
[  66% ] _update_scan_actions | mara_sfx_good_night.mp3
[  77% ] _update_scan_actions | mara_sfx_hello.mp3
[ DONE ] _update_scan_actions

[   0% ] reimport | Started Assets (erneut) importieren (8 steps)
[   0% ] reimport | Dateien zum Neuimport vorbereiten …
[  11% ] reimport | Dateien zum Neuimport vorbereiten …
[  22% ] reimport | Dateien zum Neuimport vorbereiten …
[  33% ] reimport | Dateien zum Neuimport vorbereiten …
[  44% ] reimport | Dateien zum Neuimport vorbereiten …
[  55% ] reimport | Dateien zum Neuimport vorbereiten …
[  66% ] reimport | Dateien zum Neuimport vorbereiten …
[  77% ] reimport | Dateien zum Neuimport vorbereiten …
[   0% ] reimport | Vor-Neuimport-Operationen ausführen …
[   0% ] reimport | mara_sfx_good_evening.mp3
[  11% ] reimport | mara_sfx_good_morning.mp3
[  22% ] reimport | mara_sfx_good_night.mp3
[  33% ] reimport | mara_sfx_hello.mp3
[  44% ] reimport | mara_sfx_good_evening.mp3
[  55% ] reimport | mara_sfx_good_morning.mp3
[  66% ] reimport | mara_sfx_good_night.mp3
[  77% ] reimport | mara_sfx_hello.mp3
[  88% ] reimport | Asset-Import fertigstellen …
[ DONE ] reimport

[   0% ] reimport | Started Assets (erneut) importieren (8 steps)
[   0% ] reimport | Nach-Neuimport-Operationen ausführen …
[ DONE ] reimport

[   0% ] loading_editor_layout | Started Editor laden (5 steps)
[   0% ] loading_editor_layout | Editor-Layout laden …
[  16% ] loading_editor_layout | Docks laden …
[  33% ] loading_editor_layout | Öffne Szenen neu…
[  50% ] loading_editor_layout | Zentrales Editor-Layout laden …
[  66% ] loading_editor_layout | Pluginfensterlayout laden …
[  83% ] loading_editor_layout | Editorlayout bereit.
[ DONE ] loading_editor_layout

ERROR: Cannot save file 'C:/Users/miche/AppData/Roaming/Godot/editor_settings-4.7.tres'.
   at: save (scene/resources/resource_format_text.cpp:1768)
ERROR: Error saving editor settings to C:/Users/miche/AppData/Roaming/Godot/editor_settings-4.7.tres
   at: save (editor/settings/editor_settings.cpp:1525)
