12:43:12 preview tree_leaf
TASK_CREATED: 01a0aef6-9ee5-736f-a889-3d4af157a1bd
  [███░░░░░░░░░░░░░░░░░] 18% — IN_PROGRESS (0s, poll #1)
  [█████░░░░░░░░░░░░░░░] 28% — IN_PROGRESS (5s, poll #2)
  [██████████░░░░░░░░░░] 50% — IN_PROGRESS (12.5s, poll #3)
  [████████████████░░░░] 82% — IN_PROGRESS (23.75s, poll #4)
  [███████████████████░] 99% — IN_PROGRESS (40.625s, poll #5)
  [███████████████████░] 99% — IN_PROGRESS (55.625s, poll #6)
  [███████████████████░] 99% — IN_PROGRESS (70.625s, poll #7)
  [███████████████████░] 99% — IN_PROGRESS (85.625s, poll #8)
  [███████████████████░] 99% — IN_PROGRESS (100.625s, poll #9)
  [███████████████████░] 99% — IN_PROGRESS (115.625s, poll #10)
  [███████████████████░] 99% — IN_PROGRESS (130.625s, poll #11)
  [████████████████████] 100% — SUCCEEDED (145.625s, poll #12)
12:45:42 refine tree_leaf
TASK_CREATED: 01a0aef8-e751-751d-a530-a34271eeba84
  [░░░░░░░░░░░░░░░░░░░░] 0% — IN_PROGRESS (0s, poll #1)
  [░░░░░░░░░░░░░░░░░░░░] 0% — IN_PROGRESS (5s, poll #2)
  [░░░░░░░░░░░░░░░░░░░░] 0% — IN_PROGRESS (12.5s, poll #3)
  [█░░░░░░░░░░░░░░░░░░░] 5% — IN_PROGRESS (23.75s, poll #4)
  [█░░░░░░░░░░░░░░░░░░░] 5% — IN_PROGRESS (40.625s, poll #5)
  [█░░░░░░░░░░░░░░░░░░░] 5% — IN_PROGRESS (65.9375s, poll #6)
  [█░░░░░░░░░░░░░░░░░░░] 5% — IN_PROGRESS (95.9375s, poll #7)
  [█████████░░░░░░░░░░░] 45% — IN_PROGRESS (125.9375s, poll #8)
  [█████████░░░░░░░░░░░] 45% — IN_PROGRESS (155.9375s, poll #9)
  [███████████░░░░░░░░░] 55% — IN_PROGRESS (185.9375s, poll #10)
  [███████████████░░░░░] 75% — IN_PROGRESS (215.9375s, poll #11)
  [███████████████░░░░░] 75% — IN_PROGRESS (245.9375s, poll #12)
  [███████████████████░] 99% — IN_PROGRESS (275.9375s, poll #13)
  [███████████████████░] 99% — IN_PROGRESS (290.9375s, poll #14)
  [███████████████████░] 99% — IN_PROGRESS (305.9375s, poll #15)
  [████████████████████] 100% — SUCCEEDED (320.9375s, poll #16)
Downloading C:\Users\M Konrad\Desktop\Development\RemZ\assets\raw\tree_leaf\model.glb...
DOWNLOADED: C:\Users\M Konrad\Desktop\Development\RemZ\assets\raw\tree_leaf\model.glb (3.4 MB)
Downloading C:\Users\M Konrad\Desktop\Development\RemZ\assets\raw\tree_leaf\thumb.png...
DOWNLOADED: C:\Users\M Konrad\Desktop\Development\RemZ\assets\raw\tree_leaf\thumb.png (0.1 MB)
12:51:11 DONE tree_leaf
