13:59:48 preview tree_autumn_b
TASK_CREATED: 01a0af3c-c2ea-77c9-8f14-a21870119393
  [██░░░░░░░░░░░░░░░░░░] 10% — IN_PROGRESS (0s, poll #1)
  [█████░░░░░░░░░░░░░░░] 28% — IN_PROGRESS (5s, poll #2)
  [██████████░░░░░░░░░░] 50% — IN_PROGRESS (12.5s, poll #3)
  [████████████████░░░░] 82% — IN_PROGRESS (23.75s, poll #4)
  [███████████████████░] 99% — IN_PROGRESS (40.625s, poll #5)
  [███████████████████░] 99% — IN_PROGRESS (55.625s, poll #6)
  [███████████████████░] 99% — IN_PROGRESS (70.625s, poll #7)
  [███████████████████░] 99% — IN_PROGRESS (85.625s, poll #8)
  [███████████████████░] 99% — IN_PROGRESS (100.625s, poll #9)
  [███████████████████░] 99% — IN_PROGRESS (115.625s, poll #10)
  [███████████████████░] 99% — IN_PROGRESS (130.625s, poll #11)
  [████████████████████] 100% — SUCCEEDED (145.625s, poll #12)
14:02:19 refine tree_autumn_b
TASK_CREATED: 01a0af3f-0d0b-7411-a7bb-949cd7ceb2a1
  [░░░░░░░░░░░░░░░░░░░░] 0% — IN_PROGRESS (0s, poll #1)
  [░░░░░░░░░░░░░░░░░░░░] 0% — IN_PROGRESS (5s, poll #2)
  [█░░░░░░░░░░░░░░░░░░░] 5% — IN_PROGRESS (12.5s, poll #3)
  [█░░░░░░░░░░░░░░░░░░░] 5% — IN_PROGRESS (23.75s, poll #4)
  [█░░░░░░░░░░░░░░░░░░░] 5% — IN_PROGRESS (40.625s, poll #5)
  [█████████░░░░░░░░░░░] 45% — IN_PROGRESS (65.9375s, poll #6)
  [███████████████░░░░░] 75% — IN_PROGRESS (95.9375s, poll #7)
  [████████████████████] 100% — SUCCEEDED (125.9375s, poll #8)
Downloading C:\Users\M Konrad\Desktop\Development\RemZ\assets\raw\tree_autumn_b\model.glb...
DOWNLOADED: C:\Users\M Konrad\Desktop\Development\RemZ\assets\raw\tree_autumn_b\model.glb (6.9 MB)
Downloading C:\Users\M Konrad\Desktop\Development\RemZ\assets\raw\tree_autumn_b\thumb.png...
DOWNLOADED: C:\Users\M Konrad\Desktop\Development\RemZ\assets\raw\tree_autumn_b\thumb.png (0.1 MB)
14:04:33 DONE tree_autumn_b
