Godot Engine v4.7.2.stable.official.ed1daf0bf - https://godotengine.org
Vulkan 1.3.277 - Forward+ - Using Device #0: NVIDIA - NVIDIA GeForce RTX 3060 Ti

ERROR: Failed to read the root certificate store.
   at: get_system_ca_certificates (platform/windows/os_windows.cpp:2582)
COOP_LOAD BOOT exe=C:/Users/miche/Desktop/Godot.exe
COOP_LOAD NETWORK_INITIALIZED
RENDER_OPTIMIZER { "source_meshes": 670, "batches": 19, "removed_render_nodes": 45 }
COOP_LOAD MAP_READY
PASS: First quest opens the tutorial inside the paused solo conversation
PASS: Opening tutorial neither accepts quest nor spends or awards money
PASS: Closing an unfinished introduction restores gameplay without completing it
PASS: Returning to the first quest resumes the unfinished introduction
PASS: Previous page can be revisited
PASS: Tutorial navigation fits the 1280x720 viewport
PASS: The longest tutorial page is readable without scrolling
PASS: Finishing all four pages accepts the quest through the regular shop action
PASS: Tutorial completion leaves the reward for the player to collect
PASS: Reward can be collected exactly once after the introduction
PASS: Replaying the introduction does not repeat a transaction or reward
PASS: Opening the real inventory clears its follow-up hint
PASS: Opening the real build menu clears its hint without requiring a purchase
VENDOR_TUTORIAL_DONE checks=13 failures=0
