Godot Engine v4.7.2.stable.official.ed1daf0bf - https://godotengine.org
Vulkan 1.3.277 - Forward+ - Using Device #0: NVIDIA - NVIDIA GeForce RTX 3060 Ti

COOP_LOAD BOOT exe=C:/Users/miche/Desktop/Godot.exe
COOP_LOAD NETWORK_INITIALIZED
RENDER_OPTIMIZER { "source_meshes": 683, "batches": 22, "removed_render_nodes": 48 }
COOP_LOAD MAP_READY
VIEW_FPS 0 75.8 at (-60.0, -0.159073, -120.0)
VIEW_DRAW 0 primitives=6192805 draw_calls=746 objects=772
VIEW_SHADOW 0 primitives=626162 draw_calls=219
VIEW_FPS 1 66.8 at (-40.0, -0.069052, -70.0)
VIEW_DRAW 1 primitives=5070659 draw_calls=852 objects=884
VIEW_SHADOW 1 primitives=863547 draw_calls=348
VIEW_FPS 2 83.6 at (100.0, 6.8234, 28.0)
VIEW_DRAW 2 primitives=3847416 draw_calls=1095 objects=1220
VIEW_SHADOW 2 primitives=2849075 draw_calls=1407
VIEW_FPS 3 87.8 at (-95.0, -1.216681, -175.0)
VIEW_DRAW 3 primitives=5888705 draw_calls=739 objects=769
VIEW_SHADOW 3 primitives=934448 draw_calls=226
SHOT_VIEWS_DONE 4
ERROR: 1 RID allocations of type 'P10JoltBody3D' were leaked at exit.
WARNING: 1 ObjectDB instance was leaked at exit (run with `--verbose` for details).
   at: cleanup (core/object/object.cpp:2536)
