Balance before: 1838
TASK_CREATED: 01a0cafb-0599-732c-a8a8-793c41f005a2
SUBMITTED minigun preview 01a0cafb-0599-732c-a8a8-793c41f005a2
TASK_CREATED: 01a0cafb-03bf-7783-90c9-79ac02a335e0
SUBMITTED plasma_sniper preview 01a0cafb-03bf-7783-90c9-79ac02a335e0
  [███░░░░░░░░░░░░░░░░░] 18% — IN_PROGRESS (0s, poll #1)
  [███░░░░░░░░░░░░░░░░░] 18% — IN_PROGRESS (0s, poll #1)
TASK_CREATED: 01a0cafb-0593-7438-9b12-fc1b16c1d1fb
SUBMITTED graviton_cannon preview 01a0cafb-0593-7438-9b12-fc1b16c1d1fb
  [███░░░░░░░░░░░░░░░░░] 18% — IN_PROGRESS (0s, poll #1)
TASK_CREATED: 01a0cafb-05b5-76bb-a3a9-98ee14d3ba6c
SUBMITTED lever_rifle preview 01a0cafb-05b5-76bb-a3a9-98ee14d3ba6c
  [███░░░░░░░░░░░░░░░░░] 18% — IN_PROGRESS (0s, poll #1)
  [█████░░░░░░░░░░░░░░░] 28% — IN_PROGRESS (5s, poll #2)
  [█████░░░░░░░░░░░░░░░] 28% — IN_PROGRESS (5s, poll #2)
  [█████░░░░░░░░░░░░░░░] 28% — IN_PROGRESS (5s, poll #2)
  [█████░░░░░░░░░░░░░░░] 28% — IN_PROGRESS (5s, poll #2)
  [██████████░░░░░░░░░░] 50% — IN_PROGRESS (12.5s, poll #3)
  [██████████░░░░░░░░░░] 50% — IN_PROGRESS (12.5s, poll #3)
  [██████████░░░░░░░░░░] 50% — IN_PROGRESS (12.5s, poll #3)
  [██████████░░░░░░░░░░] 50% — IN_PROGRESS (12.5s, poll #3)
  [████████████████░░░░] 82% — IN_PROGRESS (23.75s, poll #4)
  [████████████████░░░░] 82% — IN_PROGRESS (23.75s, poll #4)
  [████████████████░░░░] 82% — IN_PROGRESS (23.75s, poll #4)
  [████████████████░░░░] 82% — IN_PROGRESS (23.75s, poll #4)
  [███████████████████░] 99% — IN_PROGRESS (40.625s, poll #5)
  [███████████████████░] 99% — IN_PROGRESS (40.625s, poll #5)
  [███████████████████░] 99% — IN_PROGRESS (40.625s, poll #5)
  [███████████████████░] 99% — IN_PROGRESS (40.625s, poll #5)
  [███████████████████░] 99% — IN_PROGRESS (55.625s, poll #6)
  [████████████████████] 100% — SUCCEEDED (55.625s, poll #6)
  [███████████████████░] 99% — IN_PROGRESS (55.625s, poll #6)
  [████████████████████] 100% — SUCCEEDED (55.625s, poll #6)
TASK_CREATED: 01a0cafb-ea55-71eb-99fb-a6909640d810
SUBMITTED plasma_sniper refine 01a0cafb-ea55-71eb-99fb-a6909640d810
  [░░░░░░░░░░░░░░░░░░░░] 0% — IN_PROGRESS (0s, poll #1)
TASK_CREATED: 01a0cafb-ed2a-700b-bd8d-2afefefaf4aa
SUBMITTED lever_rifle refine 01a0cafb-ed2a-700b-bd8d-2afefefaf4aa
  [░░░░░░░░░░░░░░░░░░░░] 0% — IN_PROGRESS (0s, poll #1)
  [░░░░░░░░░░░░░░░░░░░░] 0% — IN_PROGRESS (5s, poll #2)
  [░░░░░░░░░░░░░░░░░░░░] 0% — IN_PROGRESS (5s, poll #2)
  [░░░░░░░░░░░░░░░░░░░░] 0% — IN_PROGRESS (12.5s, poll #3)
  [████████████████████] 100% — SUCCEEDED (70.625s, poll #7)
  [████████████████████] 100% — SUCCEEDED (70.625s, poll #7)
  [░░░░░░░░░░░░░░░░░░░░] 0% — IN_PROGRESS (12.5s, poll #3)
TASK_CREATED: 01a0cafc-2560-7561-914c-3133c6b69f4f
SUBMITTED minigun refine 01a0cafc-2560-7561-914c-3133c6b69f4f
  [░░░░░░░░░░░░░░░░░░░░] 0% — IN_PROGRESS (0s, poll #1)
TASK_CREATED: 01a0cafc-2671-77f1-af96-21550276b61e
SUBMITTED graviton_cannon refine 01a0cafc-2671-77f1-af96-21550276b61e
  [░░░░░░░░░░░░░░░░░░░░] 0% — IN_PROGRESS (0s, poll #1)
  [░░░░░░░░░░░░░░░░░░░░] 0% — IN_PROGRESS (5s, poll #2)
  [░░░░░░░░░░░░░░░░░░░░] 0% — IN_PROGRESS (5s, poll #2)
  [█░░░░░░░░░░░░░░░░░░░] 5% — IN_PROGRESS (23.75s, poll #4)
  [████████░░░░░░░░░░░░] 40% — IN_PROGRESS (23.75s, poll #4)
  [█░░░░░░░░░░░░░░░░░░░] 5% — IN_PROGRESS (12.5s, poll #3)
  [█░░░░░░░░░░░░░░░░░░░] 5% — IN_PROGRESS (12.5s, poll #3)
  [█░░░░░░░░░░░░░░░░░░░] 5% — IN_PROGRESS (23.75s, poll #4)
  [█░░░░░░░░░░░░░░░░░░░] 5% — IN_PROGRESS (23.75s, poll #4)
  [█████████░░░░░░░░░░░] 45% — IN_PROGRESS (40.625s, poll #5)
  [█████████░░░░░░░░░░░] 45% — IN_PROGRESS (40.625s, poll #5)
  [█████████░░░░░░░░░░░] 45% — IN_PROGRESS (40.625s, poll #5)
  [███████████░░░░░░░░░] 55% — IN_PROGRESS (40.625s, poll #5)
  [███████████████░░░░░] 78% — IN_PROGRESS (65.9375s, poll #6)
  [███████████████░░░░░] 78% — IN_PROGRESS (65.9375s, poll #6)
  [███████████████░░░░░] 78% — IN_PROGRESS (65.9375s, poll #6)
  [███████████████░░░░░] 78% — IN_PROGRESS (65.9375s, poll #6)
  [███████████████████░] 99% — IN_PROGRESS (95.9375s, poll #7)
  [████████████████████] 100% — SUCCEEDED (95.9375s, poll #7)
Downloading C:\Users\miche\Desktop\Developement\RemZ\meshy_output\20260922_231821_lever-rifle_01a0cafb\model.glb...
DOWNLOADED: C:\Users\miche\Desktop\Developement\RemZ\meshy_output\20260922_231821_lever-rifle_01a0cafb\model.glb (8.6 MB)
COMPLETE lever_rifle 8784 KB
  [████████████████████] 100% — SUCCEEDED (95.9375s, poll #7)
Downloading C:\Users\miche\Desktop\Developement\RemZ\meshy_output\20260922_231836_minigun_01a0cafb\model.glb...
  [████████████████████] 100% — SUCCEEDED (110.9375s, poll #8)
Downloading C:\Users\miche\Desktop\Developement\RemZ\meshy_output\20260922_231820_plasma-sniper_01a0cafb\model.glb...
  [████████████████████] 100% — SUCCEEDED (95.9375s, poll #7)
Downloading C:\Users\miche\Desktop\Developement\RemZ\meshy_output\20260922_231836_graviton-cannon_01a0cafb\model.glb...
DOWNLOADED: C:\Users\miche\Desktop\Developement\RemZ\meshy_output\20260922_231836_minigun_01a0cafb\model.glb (7.8 MB)
COMPLETE minigun 7973 KB
DOWNLOADED: C:\Users\miche\Desktop\Developement\RemZ\meshy_output\20260922_231820_plasma-sniper_01a0cafb\model.glb (8.1 MB)
COMPLETE plasma_sniper 8340 KB
DOWNLOADED: C:\Users\miche\Desktop\Developement\RemZ\meshy_output\20260922_231836_graviton-cannon_01a0cafb\model.glb (8.0 MB)
COMPLETE graviton_cannon 8174 KB
Balance after: 1688
DONE 4 of 4 failed: none
