Balance before: 1738
TASK_CREATED: 01a0cafb-fe6b-7743-aa09-30e67d188fe3
SUBMITTED deagle_v2 preview 01a0cafb-fe6b-7743-aa09-30e67d188fe3
  [███░░░░░░░░░░░░░░░░░] 18% — IN_PROGRESS (0s, poll #1)
  [█████░░░░░░░░░░░░░░░] 28% — IN_PROGRESS (5s, poll #2)
  [██████████░░░░░░░░░░] 50% — IN_PROGRESS (12.5s, poll #3)
  [████████████████░░░░] 82% — IN_PROGRESS (23.75s, poll #4)
  [███████████████████░] 99% — IN_PROGRESS (40.625s, poll #5)
  [████████████████████] 100% — SUCCEEDED (55.625s, poll #6)
TASK_CREATED: 01a0cafc-e299-706c-8891-3781252515c2
SUBMITTED deagle_v2 refine 01a0cafc-e299-706c-8891-3781252515c2
  [░░░░░░░░░░░░░░░░░░░░] 0% — IN_PROGRESS (0s, poll #1)
  [░░░░░░░░░░░░░░░░░░░░] 0% — IN_PROGRESS (5s, poll #2)
  [█░░░░░░░░░░░░░░░░░░░] 5% — IN_PROGRESS (12.5s, poll #3)
  [████████░░░░░░░░░░░░] 40% — IN_PROGRESS (23.75s, poll #4)
  [█████████░░░░░░░░░░░] 45% — IN_PROGRESS (40.625s, poll #5)
  [███████████████░░░░░] 78% — IN_PROGRESS (65.9375s, poll #6)
  [████████████████████] 100% — SUCCEEDED (95.9375s, poll #7)
Downloading C:\Users\miche\Desktop\Developement\RemZ\meshy_output\20260922_231924_deagle-v2_01a0cafb\model.glb...
DOWNLOADED: C:\Users\miche\Desktop\Developement\RemZ\meshy_output\20260922_231924_deagle-v2_01a0cafb\model.glb (7.0 MB)
COMPLETE deagle_v2 7205 KB
Balance after: 1688
DONE 1 of 1 failed: none
