Godot Engine v4.7.2.stable.official.ed1daf0bf - https://godotengine.org

[   0% ] [90m[1mfirst_scan_filesystem[22m | Started Projektinitialisierung (5 steps)[39m[0m
[   0% ] [90m[1mfirst_scan_filesystem[22m | Lese Dateistrucktur …[39m[0m
[  16% ] [90m[1mfirst_scan_filesystem[22m | Globale Klassennamen laden …[39m[0m
[  33% ] [90m[1mfirst_scan_filesystem[22m | Verifiziere GDExtensions…[39m[0m
[  50% ] [90m[1mfirst_scan_filesystem[22m | Autoload-Skripte erzeugen …[39m[0m
[  66% ] [90m[1mfirst_scan_filesystem[22m | Plugins initialisieren…[39m[0m
[  83% ] [90m[1mfirst_scan_filesystem[22m | Dateiscan starten …[39m[0m
[92m[ DONE ][39m [1mfirst_scan_filesystem[22m
[0m
[   0% ] [90m[1m_update_scan_actions[22m | Started Aktionen scannen … (15 steps)[39m[0m
[   0% ] [90m[1m_update_scan_actions[22m | ar15.wav[39m[0m
[   6% ] [90m[1m_update_scan_actions[22m | mp5.wav[39m[0m
[  12% ] [90m[1m_update_scan_actions[22m | nighthawk.wav[39m[0m
[  18% ] [90m[1m_update_scan_actions[22m | sawed_off.wav[39m[0m
[  25% ] [90m[1m_update_scan_actions[22m | sig_p226.wav[39m[0m
[  31% ] [90m[1m_update_scan_actions[22m | spas12.wav[39m[0m
[  37% ] [90m[1m_update_scan_actions[22m | titanbreaker.wav[39m[0m
[  43% ] [90m[1m_update_scan_actions[22m | tommy_gun.wav[39m[0m
[  50% ] [90m[1m_update_scan_actions[22m | ar15.glb[39m[0m
[  56% ] [90m[1m_update_scan_actions[22m | knife_real.glb[39m[0m
[  62% ] [90m[1m_update_scan_actions[22m | sawed_off.glb[39m[0m
[  68% ] [90m[1m_update_scan_actions[22m | sig_p226.glb[39m[0m
[  75% ] [90m[1m_update_scan_actions[22m | smg.glb[39m[0m
[  81% ] [90m[1m_update_scan_actions[22m | spas12.glb[39m[0m
[  87% ] [90m[1m_update_scan_actions[22m | tommy_gun.glb[39m[0m
[92m[ DONE ][39m [1m_update_scan_actions[22m
[0m
[   0% ] [90m[1mreimport[22m | Started Assets (erneut) importieren (22 steps)[39m[0m
[   0% ] [90m[1mreimport[22m | Dateien zum Neuimport vorbereiten …[39m[0m
[   4% ] [90m[1mreimport[22m | Dateien zum Neuimport vorbereiten …[39m[0m
[   8% ] [90m[1mreimport[22m | Dateien zum Neuimport vorbereiten …[39m[0m
[  13% ] [90m[1mreimport[22m | Dateien zum Neuimport vorbereiten …[39m[0m
[  17% ] [90m[1mreimport[22m | Dateien zum Neuimport vorbereiten …[39m[0m
[  21% ] [90m[1mreimport[22m | Dateien zum Neuimport vorbereiten …[39m[0m
[  26% ] [90m[1mreimport[22m | Dateien zum Neuimport vorbereiten …[39m[0m
[  30% ] [90m[1mreimport[22m | Dateien zum Neuimport vorbereiten …[39m[0m
[  34% ] [90m[1mreimport[22m | Dateien zum Neuimport vorbereiten …[39m[0m
[  39% ] [90m[1mreimport[22m | Dateien zum Neuimport vorbereiten …[39m[0m
[  43% ] [90m[1mreimport[22m | Dateien zum Neuimport vorbereiten …[39m[0m
[  47% ] [90m[1mreimport[22m | Dateien zum Neuimport vorbereiten …[39m[0m
[  52% ] [90m[1mreimport[22m | Dateien zum Neuimport vorbereiten …[39m[0m
[  56% ] [90m[1mreimport[22m | Dateien zum Neuimport vorbereiten …[39m[0m
[  60% ] [90m[1mreimport[22m | Dateien zum Neuimport vorbereiten …[39m[0m
[  65% ] [90m[1mreimport[22m | Dateien zum Neuimport vorbereiten …[39m[0m
[  69% ] [90m[1mreimport[22m | Dateien zum Neuimport vorbereiten …[39m[0m
[  73% ] [90m[1mreimport[22m | Dateien zum Neuimport vorbereiten …[39m[0m
[  78% ] [90m[1mreimport[22m | Dateien zum Neuimport vorbereiten …[39m[0m
[  82% ] [90m[1mreimport[22m | Dateien zum Neuimport vorbereiten …[39m[0m
[  86% ] [90m[1mreimport[22m | Dateien zum Neuimport vorbereiten …[39m[0m
[  91% ] [90m[1mreimport[22m | Dateien zum Neuimport vorbereiten …[39m[0m
[   0% ] [90m[1mreimport[22m | Vor-Neuimport-Operationen ausführen …[39m[0m
[   0% ] [90m[1mpreload_reimporting_scene[22m | Started Szenen zum Neuladen vorbereiten (1 steps)[39m[0m
[   0% ] [90m[1mpreload_reimporting_scene[22m | Szene [leer] wird analysiert[39m[0m
[  50% ] [90m[1mpreload_reimporting_scene[22m | Vorbereitung abgeschlossen.[39m[0m
[92m[ DONE ][39m [1mpreload_reimporting_scene[22m
[0m
[   0% ] [90m[1mreimport[22m | smg_2.webp[39m[0m
[   4% ] [90m[1mreimport[22m | smg_3.webp[39m[0m
[   8% ] [90m[1mreimport[22m | smg_1.webp[39m[0m
[  13% ] [90m[1mreimport[22m | smg_0.webp[39m[0m
[  17% ] [90m[1mreimport[22m | knife_real_2.webp[39m[0m
[  21% ] [90m[1mreimport[22m | knife_real_1.webp[39m[0m
[  26% ] [90m[1mreimport[22m | knife_real_0.webp[39m[0m
[  30% ] [90m[1mreimport[22m | smg_2.webp[39m[0m
[  34% ] [90m[1mreimport[22m | smg_3.webp[39m[0m
[  39% ] [90m[1mreimport[22m | smg_1.webp[39m[0m
[  43% ] [90m[1mreimport[22m | smg_0.webp[39m[0m
[  47% ] [90m[1mreimport[22m | knife_real_2.webp[39m[0m
[  52% ] [90m[1mreimport[22m | knife_real_1.webp[39m[0m
[  56% ] [90m[1mreimport[22m | knife_real_0.webp[39m[0m
[  60% ] [90m[1mreimport[22m | tommy_gun.wav[39m[0m
[  65% ] [90m[1mreimport[22m | ar15.glb[39m[0m
[   0% ] [90m[1mimport[22m | Started Szene importieren (104 steps)[39m[0m
[   0% ] [90m[1mimport[22m | Importiere Szene…[39m[0m
[   1% ] [90m[1mimport[22m | Eigenes Skript wird ausgeführt …[39m[0m
[  99% ] [90m[1mimport[22m | Speichern …[39m[0m
[92m[ DONE ][39m [1mimport[22m
[0m
[  69% ] [90m[1mreimport[22m | knife_real.glb[39m[0m
[   0% ] [90m[1mimport[22m | Started Szene importieren (104 steps)[39m[0m
[   0% ] [90m[1mimport[22m | Importiere Szene…[39m[0m
[   1% ] [90m[1mimport[22m | Eigenes Skript wird ausgeführt …[39m[0m
[  99% ] [90m[1mimport[22m | Speichern …[39m[0m
[92m[ DONE ][39m [1mimport[22m
[0m
[  73% ] [90m[1mreimport[22m | sawed_off.glb[39m[0m
[   0% ] [90m[1mimport[22m | Started Szene importieren (104 steps)[39m[0m
[   0% ] [90m[1mimport[22m | Importiere Szene…[39m[0m
[   1% ] [90m[1mimport[22m | Eigenes Skript wird ausgeführt …[39m[0m
[  99% ] [90m[1mimport[22m | Speichern …[39m[0m
[92m[ DONE ][39m [1mimport[22m
[0m
[  78% ] [90m[1mreimport[22m | sig_p226.glb[39m[0m
[   0% ] [90m[1mimport[22m | Started Szene importieren (104 steps)[39m[0m
[   0% ] [90m[1mimport[22m | Importiere Szene…[39m[0m
[   1% ] [90m[1mimport[22m | Eigenes Skript wird ausgeführt …[39m[0m
[  99% ] [90m[1mimport[22m | Speichern …[39m[0m
[92m[ DONE ][39m [1mimport[22m
[0m
[  82% ] [90m[1mreimport[22m | smg.glb[39m[0m
[   0% ] [90m[1mimport[22m | Started Szene importieren (104 steps)[39m[0m
[   0% ] [90m[1mimport[22m | Importiere Szene…[39m[0m
[   1% ] [90m[1mimport[22m | Eigenes Skript wird ausgeführt …[39m[0m
[  99% ] [90m[1mimport[22m | Speichern …[39m[0m
[92m[ DONE ][39m [1mimport[22m
[0m
[  86% ] [90m[1mreimport[22m | spas12.glb[39m[0m
[   0% ] [90m[1mimport[22m | Started Szene importieren (104 steps)[39m[0m
[   0% ] [90m[1mimport[22m | Importiere Szene…[39m[0m
[   1% ] [90m[1mimport[22m | Eigenes Skript wird ausgeführt …[39m[0m
[  99% ] [90m[1mimport[22m | Speichern …[39m[0m
[92m[ DONE ][39m [1mimport[22m
[0m
[  91% ] [90m[1mreimport[22m | tommy_gun.glb[39m[0m
[   0% ] [90m[1mimport[22m | Started Szene importieren (104 steps)[39m[0m
[   0% ] [90m[1mimport[22m | Importiere Szene…[39m[0m
[   1% ] [90m[1mimport[22m | Eigenes Skript wird ausgeführt …[39m[0m
[  99% ] [90m[1mimport[22m | Speichern …[39m[0m
[92m[ DONE ][39m [1mimport[22m
[0m
[  95% ] [90m[1mreimport[22m | Asset-Import fertigstellen …[39m[0m
[92m[ DONE ][39m [1mreimport[22m
[0m
[   0% ] [90m[1mreimport[22m | Started Assets (erneut) importieren (22 steps)[39m[0m
[   0% ] [90m[1mreimport[22m | Nach-Neuimport-Operationen ausführen …[39m[0m
[92m[ DONE ][39m [1mreimport[22m
[0m
[   0% ] [90m[1mloading_editor_layout[22m | Started Editor laden (5 steps)[39m[0m
[   0% ] [90m[1mloading_editor_layout[22m | Editor-Layout laden …[39m[0m
[  16% ] [90m[1mloading_editor_layout[22m | Docks laden …[39m[0m
[  33% ] [90m[1mloading_editor_layout[22m | Öffne Szenen neu…[39m[0m
[  50% ] [90m[1mloading_editor_layout[22m | Zentrales Editor-Layout laden …[39m[0m
[  66% ] [90m[1mloading_editor_layout[22m | Pluginfensterlayout laden …[39m[0m
[  83% ] [90m[1mloading_editor_layout[22m | Editorlayout bereit.[39m[0m
[92m[ DONE ][39m [1mloading_editor_layout[22m
[0m

real	0m28.782s
user	0m0.000s
sys	0m0.015s
