Godot Engine v4.7.2.stable.official.ed1daf0bf - https://godotengine.org

[   0% ] [90m[1mfirst_scan_filesystem[22m | Started Projektinitialisierung (5 steps)[39m[0m
[   0% ] [90m[1mfirst_scan_filesystem[22m | Lese Dateistrucktur …[39m[0m
[  16% ] [90m[1mfirst_scan_filesystem[22m | Globale Klassennamen laden …[39m[0m
[  33% ] [90m[1mfirst_scan_filesystem[22m | Verifiziere GDExtensions…[39m[0m
[  50% ] [90m[1mfirst_scan_filesystem[22m | Autoload-Skripte erzeugen …[39m[0m
[  66% ] [90m[1mfirst_scan_filesystem[22m | Plugins initialisieren…[39m[0m
[  83% ] [90m[1mfirst_scan_filesystem[22m | Dateiscan starten …[39m[0m
[92m[ DONE ][39m [1mfirst_scan_filesystem[22m
[0m
[   0% ] [90m[1mupdate_scripts_classes[22m | Started Globale Klassen registrieren … (2 steps)[39m[0m
[   0% ] [90m[1mupdate_scripts_classes[22m | Weapons[39m[0m
[  33% ] [90m[1mupdate_scripts_classes[22m | [39m[0m
[92m[ DONE ][39m [1mupdate_scripts_classes[22m
[0m
[   0% ] [90m[1m_update_scan_actions[22m | Started Aktionen scannen … (9 steps)[39m[0m
[   0% ] [90m[1m_update_scan_actions[22m | ar15.png[39m[0m
[  10% ] [90m[1m_update_scan_actions[22m | deagle.png[39m[0m
[  20% ] [90m[1m_update_scan_actions[22m | nighthawk.png[39m[0m
[  30% ] [90m[1m_update_scan_actions[22m | pistol.png[39m[0m
[  40% ] [90m[1m_update_scan_actions[22m | sawed_off.png[39m[0m
[  50% ] [90m[1m_update_scan_actions[22m | sig_p226.png[39m[0m
[  60% ] [90m[1m_update_scan_actions[22m | smg.png[39m[0m
[  70% ] [90m[1m_update_scan_actions[22m | spas12.png[39m[0m
[  80% ] [90m[1m_update_scan_actions[22m | tommy_gun.png[39m[0m
[92m[ DONE ][39m [1m_update_scan_actions[22m
[0m
[   0% ] [90m[1mreimport[22m | Started Assets (erneut) importieren (9 steps)[39m[0m
[   0% ] [90m[1mreimport[22m | Dateien zum Neuimport vorbereiten …[39m[0m
[  10% ] [90m[1mreimport[22m | Dateien zum Neuimport vorbereiten …[39m[0m
[  20% ] [90m[1mreimport[22m | Dateien zum Neuimport vorbereiten …[39m[0m
[  30% ] [90m[1mreimport[22m | Dateien zum Neuimport vorbereiten …[39m[0m
[  40% ] [90m[1mreimport[22m | Dateien zum Neuimport vorbereiten …[39m[0m
[  50% ] [90m[1mreimport[22m | Dateien zum Neuimport vorbereiten …[39m[0m
[  60% ] [90m[1mreimport[22m | Dateien zum Neuimport vorbereiten …[39m[0m
[  70% ] [90m[1mreimport[22m | Dateien zum Neuimport vorbereiten …[39m[0m
[  80% ] [90m[1mreimport[22m | Dateien zum Neuimport vorbereiten …[39m[0m
[   0% ] [90m[1mreimport[22m | Vor-Neuimport-Operationen ausführen …[39m[0m
[   0% ] [90m[1mreimport[22m | ar15.png[39m[0m
[  10% ] [90m[1mreimport[22m | deagle.png[39m[0m
[  20% ] [90m[1mreimport[22m | nighthawk.png[39m[0m
[  30% ] [90m[1mreimport[22m | pistol.png[39m[0m
[  40% ] [90m[1mreimport[22m | sawed_off.png[39m[0m
[  50% ] [90m[1mreimport[22m | sig_p226.png[39m[0m
[  60% ] [90m[1mreimport[22m | smg.png[39m[0m
[  70% ] [90m[1mreimport[22m | spas12.png[39m[0m
[  80% ] [90m[1mreimport[22m | tommy_gun.png[39m[0m
[  90% ] [90m[1mreimport[22m | Asset-Import fertigstellen …[39m[0m
[92m[ DONE ][39m [1mreimport[22m
[0m
[   0% ] [90m[1mreimport[22m | Started Assets (erneut) importieren (9 steps)[39m[0m
[   0% ] [90m[1mreimport[22m | Nach-Neuimport-Operationen ausführen …[39m[0m
[92m[ DONE ][39m [1mreimport[22m
[0m
[   0% ] [90m[1mloading_editor_layout[22m | Started Editor laden (5 steps)[39m[0m
[   0% ] [90m[1mloading_editor_layout[22m | Editor-Layout laden …[39m[0m
[  16% ] [90m[1mloading_editor_layout[22m | Docks laden …[39m[0m
[  33% ] [90m[1mloading_editor_layout[22m | Öffne Szenen neu…[39m[0m
[  50% ] [90m[1mloading_editor_layout[22m | Zentrales Editor-Layout laden …[39m[0m
[  66% ] [90m[1mloading_editor_layout[22m | Pluginfensterlayout laden …[39m[0m
[  83% ] [90m[1mloading_editor_layout[22m | Editorlayout bereit.[39m[0m
[92m[ DONE ][39m [1mloading_editor_layout[22m
[0m
