Godot Engine v4.7.2.stable.official.ed1daf0bf - https://godotengine.org

[   0% ] [90m[1mfirst_scan_filesystem[22m | Started Projektinitialisierung (5 steps)[39m[0m
[   0% ] [90m[1mfirst_scan_filesystem[22m | Lese Dateistrucktur …[39m[0m
[  16% ] [90m[1mfirst_scan_filesystem[22m | Globale Klassennamen laden …[39m[0m
[  33% ] [90m[1mfirst_scan_filesystem[22m | Verifiziere GDExtensions…[39m[0m
[  50% ] [90m[1mfirst_scan_filesystem[22m | Autoload-Skripte erzeugen …[39m[0m
[  66% ] [90m[1mfirst_scan_filesystem[22m | Plugins initialisieren…[39m[0m
[  83% ] [90m[1mfirst_scan_filesystem[22m | Dateiscan starten …[39m[0m
[92m[ DONE ][39m [1mfirst_scan_filesystem[22m
[0m
[   0% ] [90m[1mupdate_scripts_classes[22m | Started Globale Klassen registrieren … (10 steps)[39m[0m
[   0% ] [90m[1mupdate_scripts_classes[22m | [39m[0m
[   9% ] [90m[1mupdate_scripts_classes[22m | Progression[39m[0m
[  18% ] [90m[1mupdate_scripts_classes[22m | Sfx[39m[0m
[  27% ] [90m[1mupdate_scripts_classes[22m | ViewmodelHands[39m[0m
[  36% ] [90m[1mupdate_scripts_classes[22m | Weapons[39m[0m
[  45% ] [90m[1mupdate_scripts_classes[22m | WeaponAttachments[39m[0m
[  54% ] [90m[1mupdate_scripts_classes[22m | WeaponEffects[39m[0m
[  63% ] [90m[1mupdate_scripts_classes[22m | [39m[0m
[  72% ] [90m[1mupdate_scripts_classes[22m | WeaponMountData[39m[0m
[  81% ] [90m[1mupdate_scripts_classes[22m | [39m[0m
[92m[ DONE ][39m [1mupdate_scripts_classes[22m
[0m
[   0% ] [90m[1m_update_scan_actions[22m | Started Aktionen scannen … (37 steps)[39m[0m
[   0% ] [90m[1m_update_scan_actions[22m | ar15.wav[39m[0m
[   2% ] [90m[1m_update_scan_actions[22m | mp5.wav[39m[0m
[   5% ] [90m[1m_update_scan_actions[22m | nighthawk.wav[39m[0m
[   7% ] [90m[1m_update_scan_actions[22m | sawed_off.wav[39m[0m
[  10% ] [90m[1m_update_scan_actions[22m | sig_p226.wav[39m[0m
[  13% ] [90m[1m_update_scan_actions[22m | spas12.wav[39m[0m
[  15% ] [90m[1m_update_scan_actions[22m | titanbreaker.wav[39m[0m
[  18% ] [90m[1m_update_scan_actions[22m | tommy_gun.wav[39m[0m
[  21% ] [90m[1m_update_scan_actions[22m | ar15_0.webp[39m[0m
[  23% ] [90m[1m_update_scan_actions[22m | ar15_metal_rough.webp[39m[0m
[  26% ] [90m[1m_update_scan_actions[22m | ar15_normal.webp[39m[0m
[  28% ] [90m[1m_update_scan_actions[22m | deagle.glb[39m[0m
[  31% ] [90m[1m_update_scan_actions[22m | deagle_0.webp[39m[0m
[  34% ] [90m[1m_update_scan_actions[22m | knife_real_0.webp[39m[0m
[  36% ] [90m[1m_update_scan_actions[22m | knife_real_1.webp[39m[0m
[  39% ] [90m[1m_update_scan_actions[22m | knife_real_normal.webp[39m[0m
[  42% ] [90m[1m_update_scan_actions[22m | nighthawk.glb[39m[0m
[  44% ] [90m[1m_update_scan_actions[22m | pistol.glb[39m[0m
[  47% ] [90m[1m_update_scan_actions[22m | pistol_0.webp[39m[0m
[  50% ] [90m[1m_update_scan_actions[22m | pistol_1.webp[39m[0m
[  52% ] [90m[1m_update_scan_actions[22m | pistol_2.webp[39m[0m
[  55% ] [90m[1m_update_scan_actions[22m | pistol_3.webp[39m[0m
[  57% ] [90m[1m_update_scan_actions[22m | sawed_off_0.webp[39m[0m
[  60% ] [90m[1m_update_scan_actions[22m | sawed_off_1.webp[39m[0m
[  63% ] [90m[1m_update_scan_actions[22m | sawed_off_normal.webp[39m[0m
[  65% ] [90m[1m_update_scan_actions[22m | sig_p226_0.webp[39m[0m
[  68% ] [90m[1m_update_scan_actions[22m | sig_p226_1.webp[39m[0m
[  71% ] [90m[1m_update_scan_actions[22m | sig_p226_normal.webp[39m[0m
[  73% ] [90m[1m_update_scan_actions[22m | smg_0.webp[39m[0m
[  76% ] [90m[1m_update_scan_actions[22m | smg_1.webp[39m[0m
[  78% ] [90m[1m_update_scan_actions[22m | smg_normal.webp[39m[0m
[  81% ] [90m[1m_update_scan_actions[22m | spas12_0.webp[39m[0m
[  84% ] [90m[1m_update_scan_actions[22m | spas12_metal_rough.webp[39m[0m
[  86% ] [90m[1m_update_scan_actions[22m | spas12_normal.webp[39m[0m
[  89% ] [90m[1m_update_scan_actions[22m | tommy_gun_0.webp[39m[0m
[  92% ] [90m[1m_update_scan_actions[22m | tommy_gun_metal_rough.webp[39m[0m
[  94% ] [90m[1m_update_scan_actions[22m | tommy_gun_normal.webp[39m[0m
[92m[ DONE ][39m [1m_update_scan_actions[22m
[0m
[   0% ] [90m[1mreimport[22m | Started Assets (erneut) importieren (37 steps)[39m[0m
[   0% ] [90m[1mreimport[22m | Dateien zum Neuimport vorbereiten …[39m[0m
[   2% ] [90m[1mreimport[22m | Dateien zum Neuimport vorbereiten …[39m[0m
[   5% ] [90m[1mreimport[22m | Dateien zum Neuimport vorbereiten …[39m[0m
[   7% ] [90m[1mreimport[22m | Dateien zum Neuimport vorbereiten …[39m[0m
[  10% ] [90m[1mreimport[22m | Dateien zum Neuimport vorbereiten …[39m[0m
[  13% ] [90m[1mreimport[22m | Dateien zum Neuimport vorbereiten …[39m[0m
[  15% ] [90m[1mreimport[22m | Dateien zum Neuimport vorbereiten …[39m[0m
[  18% ] [90m[1mreimport[22m | Dateien zum Neuimport vorbereiten …[39m[0m
[  21% ] [90m[1mreimport[22m | Dateien zum Neuimport vorbereiten …[39m[0m
[  23% ] [90m[1mreimport[22m | Dateien zum Neuimport vorbereiten …[39m[0m
[  26% ] [90m[1mreimport[22m | Dateien zum Neuimport vorbereiten …[39m[0m
[  28% ] [90m[1mreimport[22m | Dateien zum Neuimport vorbereiten …[39m[0m
[  31% ] [90m[1mreimport[22m | Dateien zum Neuimport vorbereiten …[39m[0m
[  34% ] [90m[1mreimport[22m | Dateien zum Neuimport vorbereiten …[39m[0m
[  36% ] [90m[1mreimport[22m | Dateien zum Neuimport vorbereiten …[39m[0m
[  39% ] [90m[1mreimport[22m | Dateien zum Neuimport vorbereiten …[39m[0m
[  42% ] [90m[1mreimport[22m | Dateien zum Neuimport vorbereiten …[39m[0m
[  44% ] [90m[1mreimport[22m | Dateien zum Neuimport vorbereiten …[39m[0m
[  47% ] [90m[1mreimport[22m | Dateien zum Neuimport vorbereiten …[39m[0m
[  50% ] [90m[1mreimport[22m | Dateien zum Neuimport vorbereiten …[39m[0m
[  52% ] [90m[1mreimport[22m | Dateien zum Neuimport vorbereiten …[39m[0m
[  55% ] [90m[1mreimport[22m | Dateien zum Neuimport vorbereiten …[39m[0m
[  57% ] [90m[1mreimport[22m | Dateien zum Neuimport vorbereiten …[39m[0m
[  60% ] [90m[1mreimport[22m | Dateien zum Neuimport vorbereiten …[39m[0m
[  63% ] [90m[1mreimport[22m | Dateien zum Neuimport vorbereiten …[39m[0m
[  65% ] [90m[1mreimport[22m | Dateien zum Neuimport vorbereiten …[39m[0m
[  68% ] [90m[1mreimport[22m | Dateien zum Neuimport vorbereiten …[39m[0m
[  71% ] [90m[1mreimport[22m | Dateien zum Neuimport vorbereiten …[39m[0m
[  73% ] [90m[1mreimport[22m | Dateien zum Neuimport vorbereiten …[39m[0m
[  76% ] [90m[1mreimport[22m | Dateien zum Neuimport vorbereiten …[39m[0m
[  78% ] [90m[1mreimport[22m | Dateien zum Neuimport vorbereiten …[39m[0m
[  81% ] [90m[1mreimport[22m | Dateien zum Neuimport vorbereiten …[39m[0m
[  84% ] [90m[1mreimport[22m | Dateien zum Neuimport vorbereiten …[39m[0m
[  86% ] [90m[1mreimport[22m | Dateien zum Neuimport vorbereiten …[39m[0m
[  89% ] [90m[1mreimport[22m | Dateien zum Neuimport vorbereiten …[39m[0m
[  92% ] [90m[1mreimport[22m | Dateien zum Neuimport vorbereiten …[39m[0m
[  94% ] [90m[1mreimport[22m | Dateien zum Neuimport vorbereiten …[39m[0m
[   0% ] [90m[1mreimport[22m | Vor-Neuimport-Operationen ausführen …[39m[0m
[   0% ] [90m[1mpreload_reimporting_scene[22m | Started Szenen zum Neuladen vorbereiten (1 steps)[39m[0m
[   0% ] [90m[1mpreload_reimporting_scene[22m | Szene [leer] wird analysiert[39m[0m
[  50% ] [90m[1mpreload_reimporting_scene[22m | Vorbereitung abgeschlossen.[39m[0m
[92m[ DONE ][39m [1mpreload_reimporting_scene[22m
[0m
[   0% ] [90m[1mreimport[22m | pistol_2.webp[39m[0m
[   2% ] [90m[1mreimport[22m | pistol_0.webp[39m[0m
[   2% ] [90m[1mreimport[22m | pistol_0.webp[39m[0m
[   2% ] [90m[1mreimport[22m | pistol_0.webp[39m[0m
[   2% ] [90m[1mreimport[22m | pistol_0.webp[39m[0m
[   5% ] [90m[1mreimport[22m | pistol_1.webp[39m[0m
[   7% ] [90m[1mreimport[22m | pistol_2.webp[39m[0m
[  10% ] [90m[1mreimport[22m | pistol_3.webp[39m[0m
[  13% ] [90m[1mreimport[22m | sawed_off_0.webp[39m[0m
[  15% ] [90m[1mreimport[22m | sawed_off_1.webp[39m[0m
[  18% ] [90m[1mreimport[22m | sawed_off_normal.webp[39m[0m
[  21% ] [90m[1mreimport[22m | sig_p226_0.webp[39m[0m
[  23% ] [90m[1mreimport[22m | sig_p226_1.webp[39m[0m
[  23% ] [90m[1mreimport[22m | sig_p226_1.webp[39m[0m
[  26% ] [90m[1mreimport[22m | sig_p226_normal.webp[39m[0m
[  26% ] [90m[1mreimport[22m | sig_p226_normal.webp[39m[0m
[  26% ] [90m[1mreimport[22m | sig_p226_normal.webp[39m[0m
[  28% ] [90m[1mreimport[22m | smg_normal.webp[39m[0m
[  31% ] [90m[1mreimport[22m | spas12_0.webp[39m[0m
[  34% ] [90m[1mreimport[22m | spas12_metal_rough.webp[39m[0m
[  36% ] [90m[1mreimport[22m | spas12_normal.webp[39m[0m
[  39% ] [90m[1mreimport[22m | tommy_gun_0.webp[39m[0m
[  42% ] [90m[1mreimport[22m | tommy_gun_metal_rough.webp[39m[0m
[  44% ] [90m[1mreimport[22m | tommy_gun_normal.webp[39m[0m
[  44% ] [90m[1mreimport[22m | tommy_gun_normal.webp[39m[0m
[  44% ] [90m[1mreimport[22m | tommy_gun_normal.webp[39m[0m
[  44% ] [90m[1mreimport[22m | tommy_gun_normal.webp[39m[0m
[  47% ] [90m[1mreimport[22m | ar15_0.webp[39m[0m
[  50% ] [90m[1mreimport[22m | ar15_metal_rough.webp[39m[0m
[  52% ] [90m[1mreimport[22m | ar15_normal.webp[39m[0m
[  55% ] [90m[1mreimport[22m | deagle_0.webp[39m[0m
[  57% ] [90m[1mreimport[22m | deagle_1.webp[39m[0m
[  57% ] [90m[1mreimport[22m | deagle_1.webp[39m[0m
[  57% ] [90m[1mreimport[22m | deagle_1.webp[39m[0m
[  60% ] [90m[1mreimport[22m | deagle_2.webp[39m[0m
[  60% ] [90m[1mreimport[22m | deagle_2.webp[39m[0m
[  63% ] [90m[1mreimport[22m | deagle_0.webp[39m[0m
[  63% ] [90m[1mreimport[22m | deagle_0.webp[39m[0m
[  63% ] [90m[1mreimport[22m | deagle_0.webp[39m[0m
[  63% ] [90m[1mreimport[22m | deagle_0.webp[39m[0m
[  63% ] [90m[1mreimport[22m | deagle_0.webp[39m[0m
[  65% ] [90m[1mreimport[22m | knife_real_normal.webp[39m[0m
[  65% ] [90m[1mreimport[22m | knife_real_normal.webp[39m[0m
[  65% ] [90m[1mreimport[22m | knife_real_normal.webp[39m[0m
[  65% ] [90m[1mreimport[22m | knife_real_normal.webp[39m[0m
[  65% ] [90m[1mreimport[22m | knife_real_normal.webp[39m[0m
[  68% ] [90m[1mreimport[22m | pistol_0.webp[39m[0m
[  71% ] [90m[1mreimport[22m | pistol_1.webp[39m[0m
[  73% ] [90m[1mreimport[22m | pistol_3.webp[39m[0m
[  76% ] [90m[1mreimport[22m | pistol_2.webp[39m[0m
[  78% ] [90m[1mreimport[22m | pistol_0.webp[39m[0m
[  81% ] [90m[1mreimport[22m | pistol_1.webp[39m[0m
[  84% ] [90m[1mreimport[22m | pistol_2.webp[39m[0m
[  86% ] [90m[1mreimport[22m | pistol_3.webp[39m[0m
[  89% ] [90m[1mreimport[22m | nighthawk.glb[39m[0m
[   0% ] [90m[1mimport[22m | Started Szene importieren (104 steps)[39m[0m
[   0% ] [90m[1mimport[22m | Importiere Szene…[39m[0m
[   1% ] [90m[1mimport[22m | Eigenes Skript wird ausgeführt …[39m[0m
[  99% ] [90m[1mimport[22m | Speichern …[39m[0m
[92m[ DONE ][39m [1mimport[22m
[0m
[  92% ] [90m[1mreimport[22m | pistol.glb[39m[0m
[   0% ] [90m[1mimport[22m | Started Szene importieren (104 steps)[39m[0m
[   0% ] [90m[1mimport[22m | Importiere Szene…[39m[0m
[   1% ] [90m[1mimport[22m | Eigenes Skript wird ausgeführt …[39m[0m
[  99% ] [90m[1mimport[22m | Speichern …[39m[0m
[92m[ DONE ][39m [1mimport[22m
[0m
[  94% ] [90m[1mreimport[22m | deagle.glb[39m[0m
[   0% ] [90m[1mimport[22m | Started Szene importieren (104 steps)[39m[0m
[   0% ] [90m[1mimport[22m | Importiere Szene…[39m[0m
[   1% ] [90m[1mimport[22m | Eigenes Skript wird ausgeführt …[39m[0m
[  99% ] [90m[1mimport[22m | Speichern …[39m[0m
[92m[ DONE ][39m [1mimport[22m
[0m
[  97% ] [90m[1mreimport[22m | Asset-Import fertigstellen …[39m[0m
[92m[ DONE ][39m [1mreimport[22m
[0m
[   0% ] [90m[1mreimport[22m | Started Assets (erneut) importieren (37 steps)[39m[0m
[   0% ] [90m[1mreimport[22m | Nach-Neuimport-Operationen ausführen …[39m[0m
[92m[ DONE ][39m [1mreimport[22m
[0m
[   0% ] [90m[1mloading_editor_layout[22m | Started Editor laden (5 steps)[39m[0m
[   0% ] [90m[1mloading_editor_layout[22m | Editor-Layout laden …[39m[0m
[  16% ] [90m[1mloading_editor_layout[22m | Docks laden …[39m[0m
[  33% ] [90m[1mloading_editor_layout[22m | Öffne Szenen neu…[39m[0m
[  50% ] [90m[1mloading_editor_layout[22m | Zentrales Editor-Layout laden …[39m[0m
[  66% ] [90m[1mloading_editor_layout[22m | Pluginfensterlayout laden …[39m[0m
[  83% ] [90m[1mloading_editor_layout[22m | Editorlayout bereit.[39m[0m
[92m[ DONE ][39m [1mloading_editor_layout[22m
[0m

real	0m58.967s
user	0m0.000s
sys	0m0.000s
