Godot Engine v4.7.2.stable.official.ed1daf0bf - https://godotengine.org
Vulkan 1.3.277 - Forward+ - Using Device #0: NVIDIA - NVIDIA GeForce RTX 3060 Ti

ERROR: Failed to read the root certificate store.
   at: get_system_ca_certificates (platform/windows/os_windows.cpp:2582)
COOP_LOAD BOOT exe=C:/Users/miche/Desktop/Developement/RemZ/builds/windows-release-20260921-1938/RemZ.exe
COOP_LOAD NETWORK_INITIALIZED
RENDER_OPTIMIZER { "source_meshes": 673, "batches": 13, "removed_render_nodes": 33 }
COOP_LOAD MAP_READY
FPS_SAMPLE 158.6 flags=["--autotest", "--no-intro", "--no-music"]
VIEW 0 fps=164
VIEW 1 fps=53
VIEW 2 fps=70
VIEW 3 fps=58
VIEW 4 fps=85
VIEW 5 fps=73
VIEW 6 fps=85
VIEW 7 fps=71
VIEW 8 fps=70
ZOMBIE at (19.67068, -0.190087, 49.4465)
ZOMBIE at (19.16777, -0.179916, 44.64692)
ZOMBIE at (20.71597, -0.052268, 47.85788)
ZOMBIE at (-57.66985, -6.796965, 76.51601)
ZOMBIE at (-72.69593, -9.39495, 92.37782)
ZOMBIE at (-22.0034, 0.355472, -47.4867)
ZOMBIE at (-73.93357, -8.698664, 81.24228)
ZOMBIE at (-49.45504, -0.848333, -72.78079)
ZOMBIE at (17.5819, -3.205651, 112.9413)
AUTOTEST_DONE zombies=9 fps=70
