12:51:00 preview woodpile
TASK_CREATED: 01a0aefd-c387-7470-a473-7503be3be999
  [███░░░░░░░░░░░░░░░░░] 18% — IN_PROGRESS (0s, poll #1)
  [█████░░░░░░░░░░░░░░░] 28% — IN_PROGRESS (5s, poll #2)
  [██████████░░░░░░░░░░] 50% — IN_PROGRESS (12.5s, poll #3)
  [████████████████░░░░] 82% — IN_PROGRESS (23.75s, poll #4)
  [███████████████████░] 99% — IN_PROGRESS (40.625s, poll #5)
  [███████████████████░] 99% — IN_PROGRESS (55.625s, poll #6)
  [███████████████████░] 99% — IN_PROGRESS (70.625s, poll #7)
  [███████████████████░] 99% — IN_PROGRESS (85.625s, poll #8)
  [███████████████████░] 99% — IN_PROGRESS (100.625s, poll #9)
  [███████████████████░] 99% — IN_PROGRESS (115.625s, poll #10)
  [███████████████████░] 99% — IN_PROGRESS (130.625s, poll #11)
  [███████████████████░] 99% — IN_PROGRESS (145.625s, poll #12)
  [████████████████████] 100% — SUCCEEDED (160.625s, poll #13)
12:53:46 refine woodpile
TASK_CREATED: 01a0af00-479d-7479-9421-4ac21a6163aa
  [░░░░░░░░░░░░░░░░░░░░] 0% — IN_PROGRESS (0s, poll #1)
  [░░░░░░░░░░░░░░░░░░░░] 0% — IN_PROGRESS (5s, poll #2)
  [█░░░░░░░░░░░░░░░░░░░] 5% — IN_PROGRESS (12.5s, poll #3)
  [█░░░░░░░░░░░░░░░░░░░] 5% — IN_PROGRESS (23.75s, poll #4)
  [█░░░░░░░░░░░░░░░░░░░] 5% — IN_PROGRESS (40.625s, poll #5)
  [█░░░░░░░░░░░░░░░░░░░] 5% — IN_PROGRESS (65.9375s, poll #6)
  [█████████░░░░░░░░░░░] 45% — IN_PROGRESS (95.9375s, poll #7)
  [███████████░░░░░░░░░] 55% — IN_PROGRESS (125.9375s, poll #8)
  [███████████████████░] 99% — IN_PROGRESS (155.9375s, poll #9)
  [████████████████████] 100% — SUCCEEDED (170.9375s, poll #10)
Downloading C:\Users\M Konrad\Desktop\Development\RemZ\assets\raw\woodpile\model.glb...
DOWNLOADED: C:\Users\M Konrad\Desktop\Development\RemZ\assets\raw\woodpile\model.glb (4.4 MB)
Downloading C:\Users\M Konrad\Desktop\Development\RemZ\assets\raw\woodpile\thumb.png...
DOWNLOADED: C:\Users\M Konrad\Desktop\Development\RemZ\assets\raw\woodpile\thumb.png (0.3 MB)
12:56:42 DONE woodpile
