15:36:10 preview zombie_soldier
TASK_CREATED: 01a0af94-fd43-755d-9e52-6b32d7fd9df0
  [██░░░░░░░░░░░░░░░░░░] 10% — IN_PROGRESS (0s, poll #1)
  [████░░░░░░░░░░░░░░░░] 23% — IN_PROGRESS (5s, poll #2)
  [█████████░░░░░░░░░░░] 45% — IN_PROGRESS (12.5s, poll #3)
  [███████████████░░░░░] 77% — IN_PROGRESS (23.75s, poll #4)
  [███████████████████░] 99% — IN_PROGRESS (40.625s, poll #5)
  [███████████████████░] 99% — IN_PROGRESS (55.625s, poll #6)
  [███████████████████░] 99% — IN_PROGRESS (70.625s, poll #7)
  [███████████████████░] 99% — IN_PROGRESS (85.625s, poll #8)
  [████████████████████] 100% — SUCCEEDED (100.625s, poll #9)
15:37:55 refine zombie_soldier
TASK_CREATED: 01a0af96-93f8-7428-8222-7d2d9c16178c
  [░░░░░░░░░░░░░░░░░░░░] 0% — IN_PROGRESS (0s, poll #1)
  [░░░░░░░░░░░░░░░░░░░░] 0% — IN_PROGRESS (5s, poll #2)
  [░░░░░░░░░░░░░░░░░░░░] 0% — IN_PROGRESS (12.5s, poll #3)
  [█░░░░░░░░░░░░░░░░░░░] 5% — IN_PROGRESS (23.75s, poll #4)
  [████████░░░░░░░░░░░░] 40% — IN_PROGRESS (40.625s, poll #5)
  [███████████░░░░░░░░░] 55% — IN_PROGRESS (65.9375s, poll #6)
  [███████████████████░] 99% — IN_PROGRESS (95.9375s, poll #7)
  [████████████████████] 100% — SUCCEEDED (110.9375s, poll #8)
Downloading C:\Users\M Konrad\Desktop\Development\RemZ\assets\raw\zombie_soldier\model.glb...
DOWNLOADED: C:\Users\M Konrad\Desktop\Development\RemZ\assets\raw\zombie_soldier\model.glb (4.1 MB)
Downloading C:\Users\M Konrad\Desktop\Development\RemZ\assets\raw\zombie_soldier\thumb.png...
DOWNLOADED: C:\Users\M Konrad\Desktop\Development\RemZ\assets\raw\zombie_soldier\thumb.png (0.1 MB)
15:39:52 rig zombie_soldier
TASK_CREATED: 01a0af98-59d7-763b-8f31-816a90a21d77
  [░░░░░░░░░░░░░░░░░░░░] 1% — IN_PROGRESS (0s, poll #1)
  [████░░░░░░░░░░░░░░░░] 20% — IN_PROGRESS (5s, poll #2)
  [████████░░░░░░░░░░░░] 42% — IN_PROGRESS (12.5s, poll #3)
  [█████████████░░░░░░░] 68% — IN_PROGRESS (23.75s, poll #4)
  [████████████████████] 100% — SUCCEEDED (40.625s, poll #5)
Downloading C:\Users\M Konrad\Desktop\Development\RemZ\assets\raw\zombie_soldier\rigged.glb...
DOWNLOADED: C:\Users\M Konrad\Desktop\Development\RemZ\assets\raw\zombie_soldier\rigged.glb (8.4 MB)
Downloading C:\Users\M Konrad\Desktop\Development\RemZ\assets\raw\zombie_soldier\anim_walking.glb...
DOWNLOADED: C:\Users\M Konrad\Desktop\Development\RemZ\assets\raw\zombie_soldier\anim_walking.glb (8.4 MB)
Downloading C:\Users\M Konrad\Desktop\Development\RemZ\assets\raw\zombie_soldier\anim_running.glb...
DOWNLOADED: C:\Users\M Konrad\Desktop\Development\RemZ\assets\raw\zombie_soldier\anim_running.glb (8.4 MB)
15:40:38 anim walk
TASK_CREATED: 01a0af99-0e58-75be-90c3-fc289400f39a
15:40:38 anim attack
TASK_CREATED: 01a0af99-1068-723f-831c-4cbb78ba3956
15:40:39 anim death
TASK_CREATED: 01a0af99-11f4-73d4-8d04-bbc7ef673ced
  [██░░░░░░░░░░░░░░░░░░] 10% — IN_PROGRESS (0s, poll #1)
  [████░░░░░░░░░░░░░░░░] 20% — IN_PROGRESS (5s, poll #2)
  [████████████████████] 100% — SUCCEEDED (12.5s, poll #3)
Downloading C:\Users\M Konrad\Desktop\Development\RemZ\assets\raw\zombie_soldier\anim_walk.glb...
DOWNLOADED: C:\Users\M Konrad\Desktop\Development\RemZ\assets\raw\zombie_soldier\anim_walk.glb (8.4 MB)
  [████████████████████] 100% — SUCCEEDED (0s, poll #1)
Downloading C:\Users\M Konrad\Desktop\Development\RemZ\assets\raw\zombie_soldier\anim_attack.glb...
DOWNLOADED: C:\Users\M Konrad\Desktop\Development\RemZ\assets\raw\zombie_soldier\anim_attack.glb (8.4 MB)
  [████████████████████] 100% — SUCCEEDED (0s, poll #1)
Downloading C:\Users\M Konrad\Desktop\Development\RemZ\assets\raw\zombie_soldier\anim_death.glb...
DOWNLOADED: C:\Users\M Konrad\Desktop\Development\RemZ\assets\raw\zombie_soldier\anim_death.glb (8.4 MB)
15:40:54 DONE zombie_soldier
