12:43:11 preview zombie_runner
TASK_CREATED: 01a0aef6-9b28-75be-953a-70807da395c7
  [██░░░░░░░░░░░░░░░░░░] 10% — IN_PROGRESS (0s, poll #1)
  [████░░░░░░░░░░░░░░░░] 23% — IN_PROGRESS (5s, poll #2)
  [█████████░░░░░░░░░░░] 45% — IN_PROGRESS (12.5s, poll #3)
  [███████████████░░░░░] 77% — IN_PROGRESS (23.75s, poll #4)
  [███████████████████░] 99% — IN_PROGRESS (40.625s, poll #5)
  [███████████████████░] 99% — IN_PROGRESS (55.625s, poll #6)
  [███████████████████░] 99% — IN_PROGRESS (70.625s, poll #7)
  [███████████████████░] 99% — IN_PROGRESS (85.625s, poll #8)
  [███████████████████░] 99% — IN_PROGRESS (100.625s, poll #9)
  [███████████████████░] 99% — IN_PROGRESS (115.625s, poll #10)
  [███████████████████░] 99% — IN_PROGRESS (130.625s, poll #11)
  [████████████████████] 100% — SUCCEEDED (145.625s, poll #12)
12:45:42 refine zombie_runner
TASK_CREATED: 01a0aef8-e56e-70c4-aef2-7fab820bb855
  [░░░░░░░░░░░░░░░░░░░░] 0% — IN_PROGRESS (0s, poll #1)
  [░░░░░░░░░░░░░░░░░░░░] 0% — IN_PROGRESS (5s, poll #2)
  [█░░░░░░░░░░░░░░░░░░░] 5% — IN_PROGRESS (12.5s, poll #3)
  [█░░░░░░░░░░░░░░░░░░░] 5% — IN_PROGRESS (23.75s, poll #4)
  [█░░░░░░░░░░░░░░░░░░░] 5% — IN_PROGRESS (40.625s, poll #5)
  [█░░░░░░░░░░░░░░░░░░░] 5% — IN_PROGRESS (65.9375s, poll #6)
  [█░░░░░░░░░░░░░░░░░░░] 5% — IN_PROGRESS (95.9375s, poll #7)
  [█████████░░░░░░░░░░░] 45% — IN_PROGRESS (125.9375s, poll #8)
  [███████████░░░░░░░░░] 55% — IN_PROGRESS (155.9375s, poll #9)
  [███████████░░░░░░░░░] 55% — IN_PROGRESS (185.9375s, poll #10)
  [███████████████░░░░░] 75% — IN_PROGRESS (215.9375s, poll #11)
  [███████████████████░] 99% — IN_PROGRESS (245.9375s, poll #12)
  [███████████████████░] 99% — IN_PROGRESS (260.9375s, poll #13)
  [███████████████████░] 99% — IN_PROGRESS (275.9375s, poll #14)
  [███████████████████░] 99% — IN_PROGRESS (290.9375s, poll #15)
  [███████████████████░] 99% — IN_PROGRESS (305.9375s, poll #16)
  [████████████████████] 100% — SUCCEEDED (320.9375s, poll #17)
Downloading C:\Users\M Konrad\Desktop\Development\RemZ\assets\raw\zombie_runner\model.glb...
DOWNLOADED: C:\Users\M Konrad\Desktop\Development\RemZ\assets\raw\zombie_runner\model.glb (4.2 MB)
Downloading C:\Users\M Konrad\Desktop\Development\RemZ\assets\raw\zombie_runner\thumb.png...
DOWNLOADED: C:\Users\M Konrad\Desktop\Development\RemZ\assets\raw\zombie_runner\thumb.png (0.1 MB)
12:51:10 rig zombie_runner
TASK_CREATED: 01a0aefd-e8b3-735d-9cd6-bc9af6c8f10e
  [░░░░░░░░░░░░░░░░░░░░] 1% — IN_PROGRESS (0s, poll #1)
  [████░░░░░░░░░░░░░░░░] 20% — IN_PROGRESS (5s, poll #2)
  [████████░░░░░░░░░░░░] 42% — IN_PROGRESS (12.5s, poll #3)
  [█████████████░░░░░░░] 68% — IN_PROGRESS (23.75s, poll #4)
  [████████████████████] 100% — SUCCEEDED (40.625s, poll #5)
Downloading C:\Users\M Konrad\Desktop\Development\RemZ\assets\raw\zombie_runner\rigged.glb...
DOWNLOADED: C:\Users\M Konrad\Desktop\Development\RemZ\assets\raw\zombie_runner\rigged.glb (8.7 MB)
Downloading C:\Users\M Konrad\Desktop\Development\RemZ\assets\raw\zombie_runner\anim_walking.glb...
DOWNLOADED: C:\Users\M Konrad\Desktop\Development\RemZ\assets\raw\zombie_runner\anim_walking.glb (8.7 MB)
Downloading C:\Users\M Konrad\Desktop\Development\RemZ\assets\raw\zombie_runner\anim_running.glb...
DOWNLOADED: C:\Users\M Konrad\Desktop\Development\RemZ\assets\raw\zombie_runner\anim_running.glb (8.7 MB)
12:51:56 anim walk
TASK_CREATED: 01a0aefe-9c2f-7673-b4fd-48a809690ef8
12:51:57 anim attack
TASK_CREATED: 01a0aefe-9e4c-76bf-a2ef-0f1c918d2744
12:51:57 anim death
TASK_CREATED: 01a0aefe-9fc1-737c-bc67-ecce9b6bcf41
  [██░░░░░░░░░░░░░░░░░░] 10% — IN_PROGRESS (0s, poll #1)
  [████░░░░░░░░░░░░░░░░] 20% — IN_PROGRESS (5s, poll #2)
  [████████████████████] 100% — SUCCEEDED (12.5s, poll #3)
Downloading C:\Users\M Konrad\Desktop\Development\RemZ\assets\raw\zombie_runner\anim_walk.glb...
DOWNLOADED: C:\Users\M Konrad\Desktop\Development\RemZ\assets\raw\zombie_runner\anim_walk.glb (8.7 MB)
  [████████░░░░░░░░░░░░] 42% — IN_PROGRESS (0s, poll #1)
  [███████████████████░] 95% — IN_PROGRESS (5s, poll #2)
  [████████████████████] 100% — SUCCEEDED (20s, poll #3)
Downloading C:\Users\M Konrad\Desktop\Development\RemZ\assets\raw\zombie_runner\anim_attack.glb...
DOWNLOADED: C:\Users\M Konrad\Desktop\Development\RemZ\assets\raw\zombie_runner\anim_attack.glb (8.8 MB)
  [████████████████████] 100% — SUCCEEDED (0s, poll #1)
Downloading C:\Users\M Konrad\Desktop\Development\RemZ\assets\raw\zombie_runner\anim_death.glb...
DOWNLOADED: C:\Users\M Konrad\Desktop\Development\RemZ\assets\raw\zombie_runner\anim_death.glb (8.8 MB)
12:52:33 DONE zombie_runner
