20:18:12 preview deer_feeder
TASK_CREATED: 01a0bae3-e632-74c8-a9d2-29cc19df71b6
  [███░░░░░░░░░░░░░░░░░] 18% — IN_PROGRESS (0s, poll #1)
  [█████░░░░░░░░░░░░░░░] 28% — IN_PROGRESS (5s, poll #2)
  [██████████░░░░░░░░░░] 50% — IN_PROGRESS (12.5s, poll #3)
  [████████████████░░░░] 82% — IN_PROGRESS (23.75s, poll #4)
  [███████████████████░] 99% — IN_PROGRESS (40.625s, poll #5)
  [███████████████████░] 99% — IN_PROGRESS (55.625s, poll #6)
  [███████████████████░] 99% — IN_PROGRESS (70.625s, poll #7)
  [███████████████████░] 99% — IN_PROGRESS (85.625s, poll #8)
  [███████████████████░] 99% — IN_PROGRESS (100.625s, poll #9)
  [███████████████████░] 99% — IN_PROGRESS (115.625s, poll #10)
  [████████████████████] 100% — SUCCEEDED (130.625s, poll #11)
20:20:27 refine deer_feeder
TASK_CREATED: 01a0bae5-f429-70a4-9c8e-15e826a9a9fa
  [░░░░░░░░░░░░░░░░░░░░] 0% — IN_PROGRESS (0s, poll #1)
  [░░░░░░░░░░░░░░░░░░░░] 0% — IN_PROGRESS (5s, poll #2)
  [█░░░░░░░░░░░░░░░░░░░] 5% — IN_PROGRESS (12.5s, poll #3)
  [█░░░░░░░░░░░░░░░░░░░] 5% — IN_PROGRESS (23.75s, poll #4)
  [█░░░░░░░░░░░░░░░░░░░] 5% — IN_PROGRESS (40.625s, poll #5)
  [████████░░░░░░░░░░░░] 40% — IN_PROGRESS (65.9375s, poll #6)
  [████████░░░░░░░░░░░░] 40% — IN_PROGRESS (95.9375s, poll #7)
  [████████░░░░░░░░░░░░] 40% — IN_PROGRESS (125.9375s, poll #8)
  [█████████░░░░░░░░░░░] 45% — IN_PROGRESS (155.9375s, poll #9)
  [███████████████░░░░░] 75% — IN_PROGRESS (185.9375s, poll #10)
  [██████████████████░░] 90% — IN_PROGRESS (215.9375s, poll #11)
  [████████████████████] 100% — SUCCEEDED (245.9375s, poll #12)
Downloading C:\Users\miche\Desktop\Developement\RemZ\assets\raw\deer_feeder\model.glb...
DOWNLOADED: C:\Users\miche\Desktop\Developement\RemZ\assets\raw\deer_feeder\model.glb (9.3 MB)
Downloading C:\Users\miche\Desktop\Developement\RemZ\assets\raw\deer_feeder\thumb.png...
DOWNLOADED: C:\Users\miche\Desktop\Developement\RemZ\assets\raw\deer_feeder\thumb.png (0.2 MB)
20:24:38 DONE deer_feeder
EXIT 0
