18:10:13 preview fallen_log
TASK_CREATED: 01a0ba6e-bbf6-760e-b3dd-8c93742742f2
  [██░░░░░░░░░░░░░░░░░░] 10% — IN_PROGRESS (0s, poll #1)
  [█████░░░░░░░░░░░░░░░] 28% — IN_PROGRESS (5s, poll #2)
  [██████████░░░░░░░░░░] 50% — IN_PROGRESS (12.5s, poll #3)
  [████████████████░░░░] 82% — IN_PROGRESS (23.75s, poll #4)
  [███████████████████░] 99% — IN_PROGRESS (40.625s, poll #5)
  [███████████████████░] 99% — IN_PROGRESS (55.625s, poll #6)
  [███████████████████░] 99% — IN_PROGRESS (70.625s, poll #7)
  [███████████████████░] 99% — IN_PROGRESS (85.625s, poll #8)
  [███████████████████░] 99% — IN_PROGRESS (100.625s, poll #9)
  [███████████████████░] 99% — IN_PROGRESS (115.625s, poll #10)
  [███████████████████░] 99% — IN_PROGRESS (130.625s, poll #11)
  [███████████████████░] 99% — IN_PROGRESS (145.625s, poll #12)
  [███████████████████░] 99% — IN_PROGRESS (160.625s, poll #13)
  [███████████████████░] 99% — IN_PROGRESS (175.625s, poll #14)
  [███████████████████░] 99% — IN_PROGRESS (190.625s, poll #15)
  [███████████████████░] 99% — IN_PROGRESS (205.625s, poll #16)
  [███████████████████░] 99% — IN_PROGRESS (220.625s, poll #17)
  [███████████████████░] 99% — IN_PROGRESS (235.625s, poll #18)
  [███████████████████░] 99% — IN_PROGRESS (250.625s, poll #19)
  [███████████████████░] 99% — IN_PROGRESS (265.625s, poll #20)
  [████████████████████] 100% — SUCCEEDED (280.625s, poll #21)
18:15:00 refine fallen_log
TASK_CREATED: 01a0ba73-1a8b-70f4-b383-4839c31f6f53
  [░░░░░░░░░░░░░░░░░░░░] 0% — IN_PROGRESS (0s, poll #1)
  [░░░░░░░░░░░░░░░░░░░░] 0% — IN_PROGRESS (5s, poll #2)
  [█░░░░░░░░░░░░░░░░░░░] 5% — IN_PROGRESS (12.5s, poll #3)
  [█░░░░░░░░░░░░░░░░░░░] 5% — IN_PROGRESS (23.75s, poll #4)
  [████████░░░░░░░░░░░░] 40% — IN_PROGRESS (40.625s, poll #5)
  [████████░░░░░░░░░░░░] 40% — IN_PROGRESS (65.9375s, poll #6)
  [████████░░░░░░░░░░░░] 40% — IN_PROGRESS (95.9375s, poll #7)
  [█████████░░░░░░░░░░░] 45% — IN_PROGRESS (125.9375s, poll #8)
  [███████████████░░░░░] 78% — IN_PROGRESS (155.9375s, poll #9)
  [████████████████████] 100% — SUCCEEDED (185.9375s, poll #10)
Downloading C:\Users\miche\Desktop\Developement\RemZ\assets\raw\fallen_log\model.glb...
DOWNLOADED: C:\Users\miche\Desktop\Developement\RemZ\assets\raw\fallen_log\model.glb (9.1 MB)
Downloading C:\Users\miche\Desktop\Developement\RemZ\assets\raw\fallen_log\thumb.png...
DOWNLOADED: C:\Users\miche\Desktop\Developement\RemZ\assets\raw\fallen_log\thumb.png (0.1 MB)
18:18:11 DONE fallen_log
EXIT 0
