18:08:12 preview fire_pit
TASK_CREATED: 01a0ba6c-e46c-76c7-ba74-2a1c4dfb2fad
  [███░░░░░░░░░░░░░░░░░] 18% — IN_PROGRESS (0s, poll #1)
  [█████░░░░░░░░░░░░░░░] 28% — IN_PROGRESS (5s, poll #2)
  [██████████░░░░░░░░░░] 50% — IN_PROGRESS (12.5s, poll #3)
  [████████████████░░░░] 82% — IN_PROGRESS (23.75s, poll #4)
  [███████████████████░] 99% — IN_PROGRESS (40.625s, poll #5)
  [███████████████████░] 99% — IN_PROGRESS (55.625s, poll #6)
  [███████████████████░] 99% — IN_PROGRESS (70.625s, poll #7)
  [███████████████████░] 99% — IN_PROGRESS (85.625s, poll #8)
  [███████████████████░] 99% — IN_PROGRESS (100.625s, poll #9)
  [███████████████████░] 99% — IN_PROGRESS (115.625s, poll #10)
  [███████████████████░] 99% — IN_PROGRESS (130.625s, poll #11)
  [███████████████████░] 99% — IN_PROGRESS (145.625s, poll #12)
  [███████████████████░] 99% — IN_PROGRESS (160.625s, poll #13)
  [███████████████████░] 99% — IN_PROGRESS (175.625s, poll #14)
  [███████████████████░] 99% — IN_PROGRESS (190.625s, poll #15)
  [███████████████████░] 99% — IN_PROGRESS (205.625s, poll #16)
  [███████████████████░] 99% — IN_PROGRESS (220.625s, poll #17)
  [███████████████████░] 99% — IN_PROGRESS (235.625s, poll #18)
  [███████████████████░] 99% — IN_PROGRESS (250.625s, poll #19)
  [███████████████████░] 99% — IN_PROGRESS (265.625s, poll #20)
  [███████████████████░] 99% — IN_PROGRESS (280.625s, poll #21)
  [███████████████████░] 99% — IN_PROGRESS (295.625s, poll #22)
  [███████████████████░] 99% — IN_PROGRESS (310.625s, poll #23)
  [███████████████████░] 99% — IN_PROGRESS (325.625s, poll #24)
  [███████████████████░] 99% — IN_PROGRESS (340.625s, poll #25)
  [███████████████████░] 99% — IN_PROGRESS (355.625s, poll #26)
  [███████████████████░] 99% — IN_PROGRESS (370.625s, poll #27)
  [███████████████████░] 99% — IN_PROGRESS (385.625s, poll #28)
  [████████████████████] 100% — SUCCEEDED (400.625s, poll #29)
18:15:01 refine fire_pit
TASK_CREATED: 01a0ba73-1f83-77e8-9f6a-123cf462ce90
  [░░░░░░░░░░░░░░░░░░░░] 0% — IN_PROGRESS (0s, poll #1)
  [░░░░░░░░░░░░░░░░░░░░] 0% — IN_PROGRESS (5s, poll #2)
  [█░░░░░░░░░░░░░░░░░░░] 5% — IN_PROGRESS (12.5s, poll #3)
  [█░░░░░░░░░░░░░░░░░░░] 5% — IN_PROGRESS (23.75s, poll #4)
  [█░░░░░░░░░░░░░░░░░░░] 5% — IN_PROGRESS (40.625s, poll #5)
  [████████░░░░░░░░░░░░] 40% — IN_PROGRESS (65.9375s, poll #6)
  [████████░░░░░░░░░░░░] 40% — IN_PROGRESS (95.9375s, poll #7)
  [████████░░░░░░░░░░░░] 40% — IN_PROGRESS (125.9375s, poll #8)
  [████████░░░░░░░░░░░░] 40% — IN_PROGRESS (155.9375s, poll #9)
  [████████░░░░░░░░░░░░] 40% — IN_PROGRESS (185.9375s, poll #10)
  [████████░░░░░░░░░░░░] 40% — IN_PROGRESS (215.9375s, poll #11)
  [█████████░░░░░░░░░░░] 45% — IN_PROGRESS (245.9375s, poll #12)
  [███████████████░░░░░] 78% — IN_PROGRESS (275.9375s, poll #13)
  [███████████████████░] 99% — IN_PROGRESS (305.9375s, poll #14)
  [████████████████████] 100% — SUCCEEDED (320.9375s, poll #15)
Downloading C:\Users\miche\Desktop\Developement\RemZ\assets\raw\fire_pit\model.glb...
DOWNLOADED: C:\Users\miche\Desktop\Developement\RemZ\assets\raw\fire_pit\model.glb (10.1 MB)
Downloading C:\Users\miche\Desktop\Developement\RemZ\assets\raw\fire_pit\thumb.png...
DOWNLOADED: C:\Users\miche\Desktop\Developement\RemZ\assets\raw\fire_pit\thumb.png (0.2 MB)
18:20:29 DONE fire_pit
EXIT 0
