18:10:01 preview info_board
TASK_CREATED: 01a0ba6e-8c26-746e-a011-3d7bec05e939
  [███░░░░░░░░░░░░░░░░░] 18% — IN_PROGRESS (0s, poll #1)
  [█████░░░░░░░░░░░░░░░] 28% — IN_PROGRESS (5s, poll #2)
  [██████████░░░░░░░░░░] 50% — IN_PROGRESS (12.5s, poll #3)
  [████████████████░░░░] 82% — IN_PROGRESS (23.75s, poll #4)
  [███████████████████░] 99% — IN_PROGRESS (40.625s, poll #5)
  [███████████████████░] 99% — IN_PROGRESS (55.625s, poll #6)
  [███████████████████░] 99% — IN_PROGRESS (70.625s, poll #7)
  [███████████████████░] 99% — IN_PROGRESS (85.625s, poll #8)
  [███████████████████░] 99% — IN_PROGRESS (100.625s, poll #9)
  [███████████████████░] 99% — IN_PROGRESS (115.625s, poll #10)
  [███████████████████░] 99% — IN_PROGRESS (130.625s, poll #11)
  [███████████████████░] 99% — IN_PROGRESS (145.625s, poll #12)
  [███████████████████░] 99% — IN_PROGRESS (160.625s, poll #13)
  [███████████████████░] 99% — IN_PROGRESS (175.625s, poll #14)
  [███████████████████░] 99% — IN_PROGRESS (190.625s, poll #15)
  [████████████████████] 100% — SUCCEEDED (205.625s, poll #16)
18:13:32 refine info_board
TASK_CREATED: 01a0ba71-c14d-71da-a360-80b7eacdd3df
  [░░░░░░░░░░░░░░░░░░░░] 0% — IN_PROGRESS (0s, poll #1)
  [░░░░░░░░░░░░░░░░░░░░] 0% — IN_PROGRESS (5s, poll #2)
  [█░░░░░░░░░░░░░░░░░░░] 5% — IN_PROGRESS (12.5s, poll #3)
  [█░░░░░░░░░░░░░░░░░░░] 5% — IN_PROGRESS (23.75s, poll #4)
  [████████░░░░░░░░░░░░] 40% — IN_PROGRESS (40.625s, poll #5)
  [████████░░░░░░░░░░░░] 40% — IN_PROGRESS (65.9375s, poll #6)
  [████████░░░░░░░░░░░░] 40% — IN_PROGRESS (95.9375s, poll #7)
  [████████░░░░░░░░░░░░] 40% — IN_PROGRESS (125.9375s, poll #8)
  [████████░░░░░░░░░░░░] 40% — IN_PROGRESS (155.9375s, poll #9)
  [█████████░░░░░░░░░░░] 45% — IN_PROGRESS (185.9375s, poll #10)
  [███████████░░░░░░░░░] 55% — IN_PROGRESS (215.9375s, poll #11)
  [███████████████░░░░░] 78% — IN_PROGRESS (245.9375s, poll #12)
  [████████████████████] 100% — SUCCEEDED (275.9375s, poll #13)
Downloading C:\Users\miche\Desktop\Developement\RemZ\assets\raw\info_board\model.glb...
DOWNLOADED: C:\Users\miche\Desktop\Developement\RemZ\assets\raw\info_board\model.glb (8.1 MB)
Downloading C:\Users\miche\Desktop\Developement\RemZ\assets\raw\info_board\thumb.png...
DOWNLOADED: C:\Users\miche\Desktop\Developement\RemZ\assets\raw\info_board\thumb.png (0.1 MB)
18:18:13 DONE info_board
EXIT 0
