18:08:19 preview log_bench_beam
TASK_CREATED: 01a0ba6c-fc45-714c-b187-99ca1b0e6605
  [███░░░░░░░░░░░░░░░░░] 18% — IN_PROGRESS (0s, poll #1)
  [█████░░░░░░░░░░░░░░░] 28% — IN_PROGRESS (5s, poll #2)
  [██████████░░░░░░░░░░] 50% — IN_PROGRESS (12.5s, poll #3)
  [████████████████░░░░] 82% — IN_PROGRESS (23.75s, poll #4)
  [███████████████████░] 99% — IN_PROGRESS (40.625s, poll #5)
  [███████████████████░] 99% — IN_PROGRESS (55.625s, poll #6)
  [███████████████████░] 99% — IN_PROGRESS (70.625s, poll #7)
  [███████████████████░] 99% — IN_PROGRESS (85.625s, poll #8)
  [███████████████████░] 99% — IN_PROGRESS (100.625s, poll #9)
  [███████████████████░] 99% — IN_PROGRESS (115.625s, poll #10)
  [███████████████████░] 99% — IN_PROGRESS (130.625s, poll #11)
  [███████████████████░] 99% — IN_PROGRESS (145.625s, poll #12)
  [███████████████████░] 99% — IN_PROGRESS (160.625s, poll #13)
  [███████████████████░] 99% — IN_PROGRESS (175.625s, poll #14)
  [███████████████████░] 99% — IN_PROGRESS (190.625s, poll #15)
  [████████████████████] 100% — SUCCEEDED (205.625s, poll #16)
18:11:49 refine log_bench_beam
TASK_CREATED: 01a0ba70-3259-777c-83dd-f3be264d1ceb
  [░░░░░░░░░░░░░░░░░░░░] 0% — IN_PROGRESS (0s, poll #1)
  [░░░░░░░░░░░░░░░░░░░░] 0% — IN_PROGRESS (5s, poll #2)
  [█░░░░░░░░░░░░░░░░░░░] 5% — IN_PROGRESS (12.5s, poll #3)
  [█░░░░░░░░░░░░░░░░░░░] 5% — IN_PROGRESS (23.75s, poll #4)
  [████████░░░░░░░░░░░░] 40% — IN_PROGRESS (40.625s, poll #5)
  [████████░░░░░░░░░░░░] 40% — IN_PROGRESS (65.9375s, poll #6)
  [████████░░░░░░░░░░░░] 40% — IN_PROGRESS (95.9375s, poll #7)
  [████████░░░░░░░░░░░░] 40% — IN_PROGRESS (125.9375s, poll #8)
  [█████████░░░░░░░░░░░] 45% — IN_PROGRESS (155.9375s, poll #9)
  [███████████████░░░░░] 78% — IN_PROGRESS (185.9375s, poll #10)
  [████████████████████] 100% — SUCCEEDED (215.9375s, poll #11)
Downloading C:\Users\miche\Desktop\Developement\RemZ\assets\raw\log_bench_beam\model.glb...
DOWNLOADED: C:\Users\miche\Desktop\Developement\RemZ\assets\raw\log_bench_beam\model.glb (7.6 MB)
Downloading C:\Users\miche\Desktop\Developement\RemZ\assets\raw\log_bench_beam\thumb.png...
DOWNLOADED: C:\Users\miche\Desktop\Developement\RemZ\assets\raw\log_bench_beam\thumb.png (0.1 MB)
18:15:31 DONE log_bench_beam
EXIT 0
