20:02:22 preview tractor
TASK_CREATED: 01a0bad5-6915-769e-b6d0-6feb28d5ae8c
  [███░░░░░░░░░░░░░░░░░] 18% — IN_PROGRESS (0s, poll #1)
  [█████░░░░░░░░░░░░░░░] 28% — IN_PROGRESS (5s, poll #2)
  [██████████░░░░░░░░░░] 50% — IN_PROGRESS (12.5s, poll #3)
  [████████████████░░░░] 82% — IN_PROGRESS (23.75s, poll #4)
  [███████████████████░] 99% — IN_PROGRESS (40.625s, poll #5)
  [███████████████████░] 99% — IN_PROGRESS (55.625s, poll #6)
  [███████████████████░] 99% — IN_PROGRESS (70.625s, poll #7)
  [███████████████████░] 99% — IN_PROGRESS (85.625s, poll #8)
  [███████████████████░] 99% — IN_PROGRESS (100.625s, poll #9)
  [███████████████████░] 99% — IN_PROGRESS (115.625s, poll #10)
  [███████████████████░] 99% — IN_PROGRESS (130.625s, poll #11)
  [███████████████████░] 99% — IN_PROGRESS (145.625s, poll #12)
  [███████████████████░] 99% — IN_PROGRESS (160.625s, poll #13)
  [███████████████████░] 99% — IN_PROGRESS (175.625s, poll #14)
  [████████████████████] 100% — SUCCEEDED (190.625s, poll #15)
20:05:38 refine tractor
TASK_CREATED: 01a0bad8-6364-732c-ae33-5f1ff530c513
  [░░░░░░░░░░░░░░░░░░░░] 0% — IN_PROGRESS (0s, poll #1)
  [░░░░░░░░░░░░░░░░░░░░] 0% — IN_PROGRESS (5s, poll #2)
  [█░░░░░░░░░░░░░░░░░░░] 5% — IN_PROGRESS (12.5s, poll #3)
  [█░░░░░░░░░░░░░░░░░░░] 5% — IN_PROGRESS (23.75s, poll #4)
  [█░░░░░░░░░░░░░░░░░░░] 5% — IN_PROGRESS (40.625s, poll #5)
  [████████░░░░░░░░░░░░] 40% — IN_PROGRESS (65.9375s, poll #6)
  [████████░░░░░░░░░░░░] 40% — IN_PROGRESS (95.9375s, poll #7)
  [████████░░░░░░░░░░░░] 40% — IN_PROGRESS (125.9375s, poll #8)
  [███████████░░░░░░░░░] 55% — IN_PROGRESS (155.9375s, poll #9)
  [███████████████░░░░░] 78% — IN_PROGRESS (185.9375s, poll #10)
  [██████████████████░░] 90% — IN_PROGRESS (215.9375s, poll #11)
  [████████████████████] 100% — SUCCEEDED (245.9375s, poll #12)
Downloading C:\Users\miche\Desktop\Developement\RemZ\assets\raw\tractor\model.glb...
DOWNLOADED: C:\Users\miche\Desktop\Developement\RemZ\assets\raw\tractor\model.glb (8.8 MB)
Downloading C:\Users\miche\Desktop\Developement\RemZ\assets\raw\tractor\thumb.png...
DOWNLOADED: C:\Users\miche\Desktop\Developement\RemZ\assets\raw\tractor\thumb.png (0.1 MB)
20:09:49 DONE tractor
EXIT 0
