18:08:22 preview waste_bin
TASK_CREATED: 01a0ba6d-08d9-71fa-864f-edf6ff1da977
  [███░░░░░░░░░░░░░░░░░] 18% — IN_PROGRESS (0s, poll #1)
  [█████░░░░░░░░░░░░░░░] 28% — IN_PROGRESS (5s, poll #2)
  [██████████░░░░░░░░░░] 50% — IN_PROGRESS (12.5s, poll #3)
  [████████████████░░░░] 82% — IN_PROGRESS (23.75s, poll #4)
  [███████████████████░] 99% — IN_PROGRESS (40.625s, poll #5)
  [███████████████████░] 99% — IN_PROGRESS (55.625s, poll #6)
  [███████████████████░] 99% — IN_PROGRESS (70.625s, poll #7)
  [███████████████████░] 99% — IN_PROGRESS (85.625s, poll #8)
  [███████████████████░] 99% — IN_PROGRESS (100.625s, poll #9)
  [███████████████████░] 99% — IN_PROGRESS (115.625s, poll #10)
  [███████████████████░] 99% — IN_PROGRESS (130.625s, poll #11)
  [███████████████████░] 99% — IN_PROGRESS (145.625s, poll #12)
  [███████████████████░] 99% — IN_PROGRESS (160.625s, poll #13)
  [███████████████████░] 99% — IN_PROGRESS (175.625s, poll #14)
  [███████████████████░] 99% — IN_PROGRESS (190.625s, poll #15)
  [████████████████████] 100% — SUCCEEDED (205.625s, poll #16)
18:11:53 refine waste_bin
TASK_CREATED: 01a0ba70-3f9b-72d5-8ab0-d888058411e4
  [░░░░░░░░░░░░░░░░░░░░] 0% — IN_PROGRESS (0s, poll #1)
  [░░░░░░░░░░░░░░░░░░░░] 0% — IN_PROGRESS (5s, poll #2)
  [█░░░░░░░░░░░░░░░░░░░] 5% — IN_PROGRESS (12.5s, poll #3)
  [█░░░░░░░░░░░░░░░░░░░] 5% — IN_PROGRESS (23.75s, poll #4)
  [█░░░░░░░░░░░░░░░░░░░] 5% — IN_PROGRESS (40.625s, poll #5)
  [████████░░░░░░░░░░░░] 40% — IN_PROGRESS (65.9375s, poll #6)
  [████████░░░░░░░░░░░░] 40% — IN_PROGRESS (95.9375s, poll #7)
  [███████████░░░░░░░░░] 55% — IN_PROGRESS (125.9375s, poll #8)
  [███████████████░░░░░] 78% — IN_PROGRESS (155.9375s, poll #9)
  [████████████████████] 100% — SUCCEEDED (185.9375s, poll #10)
Downloading C:\Users\miche\Desktop\Developement\RemZ\assets\raw\waste_bin\model.glb...
DOWNLOADED: C:\Users\miche\Desktop\Developement\RemZ\assets\raw\waste_bin\model.glb (7.4 MB)
Downloading C:\Users\miche\Desktop\Developement\RemZ\assets\raw\waste_bin\thumb.png...
DOWNLOADED: C:\Users\miche\Desktop\Developement\RemZ\assets\raw\waste_bin\thumb.png (0.2 MB)
18:15:04 DONE waste_bin
EXIT 0
