20:58:38 preview zombie_colossus
TASK_CREATED: 01a0bb08-ed89-77f7-b9e8-0c3fc06da18d
  [██░░░░░░░░░░░░░░░░░░] 10% — IN_PROGRESS (0s, poll #1)
  [████░░░░░░░░░░░░░░░░] 23% — IN_PROGRESS (5s, poll #2)
  [█████████░░░░░░░░░░░] 45% — IN_PROGRESS (12.5s, poll #3)
  [███████████████░░░░░] 77% — IN_PROGRESS (23.75s, poll #4)
  [███████████████████░] 99% — IN_PROGRESS (40.625s, poll #5)
  [███████████████████░] 99% — IN_PROGRESS (55.625s, poll #6)
  [███████████████████░] 99% — IN_PROGRESS (70.625s, poll #7)
  [███████████████████░] 99% — IN_PROGRESS (85.625s, poll #8)
  [███████████████████░] 99% — IN_PROGRESS (100.625s, poll #9)
  [███████████████████░] 99% — IN_PROGRESS (115.625s, poll #10)
  [███████████████████░] 99% — IN_PROGRESS (130.625s, poll #11)
  [████████████████████] 100% — SUCCEEDED (145.625s, poll #12)
21:01:09 refine zombie_colossus
TASK_CREATED: 01a0bb0b-3714-7748-9804-6961814269ca
  [░░░░░░░░░░░░░░░░░░░░] 0% — IN_PROGRESS (0s, poll #1)
  [░░░░░░░░░░░░░░░░░░░░] 0% — IN_PROGRESS (5s, poll #2)
  [░░░░░░░░░░░░░░░░░░░░] 0% — IN_PROGRESS (12.5s, poll #3)
  [█░░░░░░░░░░░░░░░░░░░] 5% — IN_PROGRESS (23.75s, poll #4)
  [████████░░░░░░░░░░░░] 40% — IN_PROGRESS (40.625s, poll #5)
  [████████░░░░░░░░░░░░] 40% — IN_PROGRESS (65.9375s, poll #6)
  [████████░░░░░░░░░░░░] 40% — IN_PROGRESS (95.9375s, poll #7)
  [███████████░░░░░░░░░] 55% — IN_PROGRESS (125.9375s, poll #8)
  [███████████████░░░░░] 78% — IN_PROGRESS (155.9375s, poll #9)
  [███████████████████░] 99% — IN_PROGRESS (185.9375s, poll #10)
  [████████████████████] 100% — SUCCEEDED (200.9375s, poll #11)
Downloading C:\Users\miche\Desktop\Developement\RemZ\assets\raw\zombie_colossus\model.glb...
DOWNLOADED: C:\Users\miche\Desktop\Developement\RemZ\assets\raw\zombie_colossus\model.glb (9.6 MB)
Downloading C:\Users\miche\Desktop\Developement\RemZ\assets\raw\zombie_colossus\thumb.png...
DOWNLOADED: C:\Users\miche\Desktop\Developement\RemZ\assets\raw\zombie_colossus\thumb.png (0.1 MB)
21:04:35 rig zombie_colossus
TASK_CREATED: 01a0bb0e-5ded-7124-9c2b-16a5387c5970
  [░░░░░░░░░░░░░░░░░░░░] 1% — IN_PROGRESS (0s, poll #1)
  [████░░░░░░░░░░░░░░░░] 20% — IN_PROGRESS (5s, poll #2)
  [████████░░░░░░░░░░░░] 42% — IN_PROGRESS (12.5s, poll #3)
  [█████████████░░░░░░░] 68% — IN_PROGRESS (23.75s, poll #4)
  [███████████████████░] 95% — IN_PROGRESS (40.625s, poll #5)
  [████████████████████] 100% — SUCCEEDED (55.625s, poll #6)
Downloading C:\Users\miche\Desktop\Developement\RemZ\assets\raw\zombie_colossus\rigged.glb...
DOWNLOADED: C:\Users\miche\Desktop\Developement\RemZ\assets\raw\zombie_colossus\rigged.glb (9.9 MB)
Downloading C:\Users\miche\Desktop\Developement\RemZ\assets\raw\zombie_colossus\anim_walking.glb...
DOWNLOADED: C:\Users\miche\Desktop\Developement\RemZ\assets\raw\zombie_colossus\anim_walking.glb (9.9 MB)
Downloading C:\Users\miche\Desktop\Developement\RemZ\assets\raw\zombie_colossus\anim_running.glb...
DOWNLOADED: C:\Users\miche\Desktop\Developement\RemZ\assets\raw\zombie_colossus\anim_running.glb (9.9 MB)
21:05:48 anim walk
TASK_CREATED: 01a0bb0f-797b-76bc-87eb-083e65027f55
21:05:48 anim attack
TASK_CREATED: 01a0bb0f-7bcd-76a1-9b22-70f775a74b10
21:05:49 anim death
TASK_CREATED: 01a0bb0f-7e0d-711a-a37a-803cade77893
  [██░░░░░░░░░░░░░░░░░░] 10% — IN_PROGRESS (0s, poll #1)
  [████░░░░░░░░░░░░░░░░] 20% — IN_PROGRESS (5s, poll #2)
  [████████████████████] 100% — SUCCEEDED (12.5s, poll #3)
Downloading C:\Users\miche\Desktop\Developement\RemZ\assets\raw\zombie_colossus\anim_walk.glb...
DOWNLOADED: C:\Users\miche\Desktop\Developement\RemZ\assets\raw\zombie_colossus\anim_walk.glb (9.9 MB)
  [████████████████████] 100% — SUCCEEDED (0s, poll #1)
Downloading C:\Users\miche\Desktop\Developement\RemZ\assets\raw\zombie_colossus\anim_attack.glb...
DOWNLOADED: C:\Users\miche\Desktop\Developement\RemZ\assets\raw\zombie_colossus\anim_attack.glb (9.9 MB)
  [████████████████████] 100% — SUCCEEDED (0s, poll #1)
Downloading C:\Users\miche\Desktop\Developement\RemZ\assets\raw\zombie_colossus\anim_death.glb...
DOWNLOADED: C:\Users\miche\Desktop\Developement\RemZ\assets\raw\zombie_colossus\anim_death.glb (9.9 MB)
21:06:06 DONE zombie_colossus
