20:51:18 preview zombie_forester
TASK_CREATED: 01a0bb02-3640-735c-a1f1-ddd02ede383c
  [██░░░░░░░░░░░░░░░░░░] 10% — IN_PROGRESS (0s, poll #1)
  [████░░░░░░░░░░░░░░░░] 23% — IN_PROGRESS (5s, poll #2)
  [█████████░░░░░░░░░░░] 45% — IN_PROGRESS (12.5s, poll #3)
  [███████████████░░░░░] 77% — IN_PROGRESS (23.75s, poll #4)
  [███████████████████░] 99% — IN_PROGRESS (40.625s, poll #5)
  [███████████████████░] 99% — IN_PROGRESS (55.625s, poll #6)
  [███████████████████░] 99% — IN_PROGRESS (70.625s, poll #7)
  [███████████████████░] 99% — IN_PROGRESS (85.625s, poll #8)
  [███████████████████░] 99% — IN_PROGRESS (100.625s, poll #9)
  [███████████████████░] 99% — IN_PROGRESS (115.625s, poll #10)
  [███████████████████░] 99% — IN_PROGRESS (130.625s, poll #11)
  [████████████████████] 100% — SUCCEEDED (145.625s, poll #12)
20:53:51 refine zombie_forester
TASK_CREATED: 01a0bb04-87ec-7221-8eb6-c78a2a340e91
  [░░░░░░░░░░░░░░░░░░░░] 0% — IN_PROGRESS (0s, poll #1)
  [░░░░░░░░░░░░░░░░░░░░] 0% — IN_PROGRESS (5s, poll #2)
  [█░░░░░░░░░░░░░░░░░░░] 5% — IN_PROGRESS (12.5s, poll #3)
  [█░░░░░░░░░░░░░░░░░░░] 5% — IN_PROGRESS (23.75s, poll #4)
  [█████████░░░░░░░░░░░] 45% — IN_PROGRESS (40.625s, poll #5)
  [███████████░░░░░░░░░] 55% — IN_PROGRESS (65.9375s, poll #6)
  [███████████████████░] 99% — IN_PROGRESS (95.9375s, poll #7)
  [███████████████████░] 99% — IN_PROGRESS (110.9375s, poll #8)
  [████████████████████] 100% — SUCCEEDED (125.9375s, poll #9)
Downloading C:\Users\miche\Desktop\Developement\RemZ\assets\raw\zombie_forester\model.glb...
DOWNLOADED: C:\Users\miche\Desktop\Developement\RemZ\assets\raw\zombie_forester\model.glb (9.6 MB)
Downloading C:\Users\miche\Desktop\Developement\RemZ\assets\raw\zombie_forester\thumb.png...
DOWNLOADED: C:\Users\miche\Desktop\Developement\RemZ\assets\raw\zombie_forester\thumb.png (0.1 MB)
20:56:02 rig zombie_forester
TASK_CREATED: 01a0bb06-88dd-704f-9728-9dcb310f5789
  [░░░░░░░░░░░░░░░░░░░░] 1% — IN_PROGRESS (0s, poll #1)
  [████░░░░░░░░░░░░░░░░] 20% — IN_PROGRESS (5s, poll #2)
  [████████░░░░░░░░░░░░] 42% — IN_PROGRESS (12.5s, poll #3)
  [█████████████░░░░░░░] 68% — IN_PROGRESS (23.75s, poll #4)
  [████████████████████] 100% — SUCCEEDED (40.625s, poll #5)
Downloading C:\Users\miche\Desktop\Developement\RemZ\assets\raw\zombie_forester\rigged.glb...
DOWNLOADED: C:\Users\miche\Desktop\Developement\RemZ\assets\raw\zombie_forester\rigged.glb (9.7 MB)
Downloading C:\Users\miche\Desktop\Developement\RemZ\assets\raw\zombie_forester\anim_walking.glb...
DOWNLOADED: C:\Users\miche\Desktop\Developement\RemZ\assets\raw\zombie_forester\anim_walking.glb (9.7 MB)
Downloading C:\Users\miche\Desktop\Developement\RemZ\assets\raw\zombie_forester\anim_running.glb...
DOWNLOADED: C:\Users\miche\Desktop\Developement\RemZ\assets\raw\zombie_forester\anim_running.glb (9.7 MB)
20:56:55 anim walk
TASK_CREATED: 01a0bb07-56ff-73c7-abf5-a6e538247e39
20:56:55 anim attack
TASK_CREATED: 01a0bb07-58fe-71d6-9123-0b0badc9aef9
20:56:56 anim death
TASK_CREATED: 01a0bb07-5a95-751c-8251-fe5cd1535f10
  [██░░░░░░░░░░░░░░░░░░] 10% — IN_PROGRESS (0s, poll #1)
  [████░░░░░░░░░░░░░░░░] 20% — IN_PROGRESS (5s, poll #2)
  [███████████████████░] 95% — IN_PROGRESS (12.5s, poll #3)
  [████████████████████] 100% — SUCCEEDED (27.5s, poll #4)
Downloading C:\Users\miche\Desktop\Developement\RemZ\assets\raw\zombie_forester\anim_walk.glb...
DOWNLOADED: C:\Users\miche\Desktop\Developement\RemZ\assets\raw\zombie_forester\anim_walk.glb (9.7 MB)
  [████████████████████] 100% — SUCCEEDED (0s, poll #1)
Downloading C:\Users\miche\Desktop\Developement\RemZ\assets\raw\zombie_forester\anim_attack.glb...
DOWNLOADED: C:\Users\miche\Desktop\Developement\RemZ\assets\raw\zombie_forester\anim_attack.glb (9.7 MB)
  [████████████████████] 100% — SUCCEEDED (0s, poll #1)
Downloading C:\Users\miche\Desktop\Developement\RemZ\assets\raw\zombie_forester\anim_death.glb...
DOWNLOADED: C:\Users\miche\Desktop\Developement\RemZ\assets\raw\zombie_forester\anim_death.glb (9.7 MB)
20:57:31 DONE zombie_forester
EXIT 0
